2021-12-17 11:28:08,154 - Main.MLEngine - INFO - smoke
2021-12-17 11:28:15,779 - Main.MLEngine - INFO - smoke
2021-12-17 11:28:17,636 - Main.MLEngine - INFO - smoke
2021-12-17 11:28:17,652 - Main.MLEngine - INFO - smoke
2021-12-17 11:28:17,989 - Main.MLEngine - INFO - smoke
2021-12-17 11:28:18,529 - Main.MLEngine - INFO - smoke
2021-12-17 11:28:18,645 - Main.MLEngine - INFO - smoke
2021-12-17 11:28:18,761 - Main.MLEngine - INFO - smoke
2021-12-17 11:28:18,876 - Main.MLEngine - INFO - smoke
2021-12-17 11:28:18,998 - Main.MLEngine - INFO - smoke
2021-12-17 11:28:19,114 - Main.MLEngine - INFO - smoke
2021-12-17 11:28:19,228 - Main.MLEngine - INFO - smoke
2021-12-17 11:28:19,341 - Main.MLEngine - INFO - smoke
2021-12-17 11:28:19,457 - Main.MLEngine - INFO - smoke
2021-12-17 11:28:19,575 - Main.MLEngine - INFO - smoke
2021-12-17 11:28:19,698 - Main.MLEngine - INFO - smoke
2021-12-17 11:28:19,818 - Main.MLEngine - INFO - smoke
2021-12-17 11:28:19,835 - Main.MLEngine - INFO - smoke
2021-12-17 11:28:20,178 - Main.MLEngine - INFO - smoke
2021-12-17 11:28:20,306 - Main.MLEngine - INFO - smoke
2021-12-17 11:28:20,323 - Main.MLEngine - INFO - smoke
2021-12-17 11:28:20,440 - Main.MLEngine - INFO - smoke
2021-12-17 11:28:20,457 - Main.MLEngine - INFO - smoke
2021-12-17 11:28:20,474 - Main.MLEngine - INFO - smoke
2021-12-17 11:28:20,592 - Main.MLEngine - INFO - smoke
2021-12-17 11:28:20,609 - Main.MLEngine - INFO - smoke
2021-12-17 11:28:20,737 - Main.MLEngine - INFO - smoke
2021-12-17 11:28:20,753 - Main.MLEngine - INFO - smoke
2021-12-17 11:28:20,770 - Main.MLEngine - INFO - smoke
2021-12-17 11:28:20,788 - Main.MLEngine - INFO - smoke
2021-12-17 11:28:20,915 - Main.MLEngine - INFO - smoke
2021-12-17 11:28:20,933 - Main.MLEngine - INFO - smoke
2021-12-17 11:28:20,952 - Main.MLEngine - INFO - smoke
2021-12-17 11:28:21,073 - Main.MLEngine - INFO - smoke
2021-12-17 11:28:21,091 - Main.MLEngine - INFO - smoke
2021-12-17 11:28:21,213 - Main.MLEngine - INFO - smoke
2021-12-17 11:28:21,231 - Main.MLEngine - INFO - smoke
2021-12-17 11:28:21,350 - Main.MLEngine - INFO - smoke
2021-12-17 11:28:21,470 - Main.MLEngine - INFO - smoke
2021-12-17 11:28:21,599 - Main.MLEngine - INFO - smoke
2021-12-17 11:28:21,733 - Main.MLEngine - INFO - smoke
2021-12-17 11:28:21,749 - Main.MLEngine - INFO - smoke
2021-12-17 11:28:21,865 - Main.MLEngine - INFO - smoke
2021-12-17 11:28:21,883 - Main.MLEngine - INFO - smoke
2021-12-17 11:28:22,016 - Main.MLEngine - INFO - smoke
2021-12-17 11:28:22,136 - Main.MLEngine - INFO - smoke
2021-12-17 11:28:22,358 - Main.MLEngine - INFO - smoke
2021-12-17 11:28:22,484 - Main.MLEngine - INFO - smoke
2021-12-17 11:28:22,749 - Main.MLEngine - INFO - smoke
2021-12-17 11:28:22,781 - Main.MLEngine - INFO - smoke
2021-12-17 11:28:22,797 - Main.MLEngine - INFO - smoke
2021-12-17 11:28:22,926 - Main.MLEngine - INFO - smoke
2021-12-17 11:28:22,943 - Main.MLEngine - INFO - smoke
2021-12-17 11:28:22,962 - Main.MLEngine - INFO - smoke
2021-12-17 11:28:23,122 - Main.MLEngine - INFO - smoke
2021-12-17 11:28:23,247 - Main.MLEngine - INFO - smoke
2021-12-17 11:28:23,371 - Main.MLEngine - INFO - smoke
2021-12-17 11:28:23,386 - Main.MLEngine - INFO - smoke
2021-12-17 11:28:23,405 - Main.MLEngine - INFO - smoke
2021-12-17 11:28:23,542 - Main.MLEngine - INFO - smoke
2021-12-17 11:28:23,797 - Main.MLEngine - INFO - smoke
2021-12-17 11:28:23,814 - Main.MLEngine - INFO - smoke
2021-12-17 11:28:23,946 - Main.MLEngine - INFO - smoke
2021-12-17 11:28:23,962 - Main.MLEngine - INFO - smoke
2021-12-17 11:28:23,982 - Main.MLEngine - INFO - smoke
2021-12-17 11:28:24,103 - Main.MLEngine - INFO - smoke
2021-12-17 11:28:24,119 - Main.MLEngine - INFO - smoke
2021-12-17 11:28:24,150 - Main.MLEngine - INFO - smoke
2021-12-17 11:28:24,390 - Main.MLEngine - INFO - smoke
2021-12-17 11:28:24,406 - Main.MLEngine - INFO - smoke
2021-12-17 11:28:24,523 - Main.MLEngine - INFO - smoke
2021-12-17 11:28:24,538 - Main.MLEngine - INFO - smoke
2021-12-17 11:28:24,657 - Main.MLEngine - INFO - smoke
2021-12-17 11:28:24,907 - Main.MLEngine - INFO - smoke
2021-12-17 11:28:25,053 - Main.MLEngine - INFO - smoke
2021-12-17 11:28:25,194 - Main.MLEngine - INFO - smoke
2021-12-17 11:28:25,340 - Main.MLEngine - INFO - smoke
2021-12-17 11:28:25,500 - Main.MLEngine - INFO - smoke
2021-12-17 11:28:25,639 - Main.MLEngine - INFO - smoke
2021-12-17 11:28:25,802 - Main.MLEngine - INFO - smoke
2021-12-17 11:28:25,955 - Main.MLEngine - INFO - smoke
2021-12-17 11:28:26,098 - Main.MLEngine - INFO - smoke
2021-12-17 11:28:26,244 - Main.MLEngine - INFO - smoke
2021-12-17 11:28:26,396 - Main.MLEngine - INFO - smoke
2021-12-17 11:28:26,587 - Main.MLEngine - INFO - smoke
2021-12-17 11:28:26,623 - Main.MLEngine - INFO - smoke
2021-12-17 11:28:26,648 - Main.MLEngine - INFO - smoke
2021-12-17 11:28:26,680 - Main.MLEngine - INFO - smoke
2021-12-17 11:28:26,875 - Main.MLEngine - INFO - smoke
2021-12-17 11:28:27,057 - Main.MLEngine - INFO - smoke
2021-12-17 11:28:27,217 - Main.MLEngine - INFO - smoke
2021-12-17 11:28:27,373 - Main.MLEngine - INFO - smoke
2021-12-17 11:28:27,395 - Main.MLEngine - INFO - smoke
2021-12-17 11:28:27,548 - Main.MLEngine - INFO - smoke
2021-12-17 11:28:27,574 - Main.MLEngine - INFO - smoke
2021-12-17 11:28:27,722 - Main.MLEngine - INFO - smoke
2021-12-17 11:28:27,744 - Main.MLEngine - INFO - smoke
2021-12-17 11:28:27,890 - Main.MLEngine - INFO - smoke
2021-12-17 11:28:27,912 - Main.MLEngine - INFO - smoke
2021-12-17 11:28:28,063 - Main.MLEngine - INFO - smoke
2021-12-17 11:28:28,087 - Main.MLEngine - INFO - smoke
2021-12-17 11:28:28,226 - Main.MLEngine - INFO - smoke
2021-12-17 11:28:28,249 - Main.MLEngine - INFO - smoke
2021-12-17 11:29:08,121 - Main.MLEngine - INFO - smoke
2021-12-17 11:29:15,230 - Main.MLEngine - INFO - smoke
2021-12-17 11:29:17,049 - Main.MLEngine - INFO - smoke
2021-12-17 11:29:17,066 - Main.MLEngine - INFO - smoke
2021-12-17 11:29:17,396 - Main.MLEngine - INFO - smoke
2021-12-17 11:29:17,927 - Main.MLEngine - INFO - smoke
2021-12-17 11:29:18,040 - Main.MLEngine - INFO - smoke
2021-12-17 11:29:18,153 - Main.MLEngine - INFO - smoke
2021-12-17 11:29:18,269 - Main.MLEngine - INFO - smoke
2021-12-17 11:29:18,389 - Main.MLEngine - INFO - smoke
2021-12-17 11:29:18,502 - Main.MLEngine - INFO - smoke
2021-12-17 11:29:18,613 - Main.MLEngine - INFO - smoke
2021-12-17 11:29:18,727 - Main.MLEngine - INFO - smoke
2021-12-17 11:29:18,838 - Main.MLEngine - INFO - smoke
2021-12-17 11:29:18,957 - Main.MLEngine - INFO - smoke
2021-12-17 11:29:19,075 - Main.MLEngine - INFO - smoke
2021-12-17 11:29:19,204 - Main.MLEngine - INFO - smoke
2021-12-17 11:29:19,222 - Main.MLEngine - INFO - smoke
2021-12-17 11:29:19,573 - Main.MLEngine - INFO - smoke
2021-12-17 11:29:19,706 - Main.MLEngine - INFO - smoke
2021-12-17 11:29:19,723 - Main.MLEngine - INFO - smoke
2021-12-17 11:29:19,852 - Main.MLEngine - INFO - smoke
2021-12-17 11:29:19,867 - Main.MLEngine - INFO - smoke
2021-12-17 11:29:19,885 - Main.MLEngine - INFO - smoke
2021-12-17 11:29:20,009 - Main.MLEngine - INFO - smoke
2021-12-17 11:29:20,025 - Main.MLEngine - INFO - smoke
2021-12-17 11:29:20,146 - Main.MLEngine - INFO - smoke
2021-12-17 11:29:20,162 - Main.MLEngine - INFO - smoke
2021-12-17 11:29:20,181 - Main.MLEngine - INFO - smoke
2021-12-17 11:29:20,199 - Main.MLEngine - INFO - smoke
2021-12-17 11:29:20,322 - Main.MLEngine - INFO - smoke
2021-12-17 11:29:20,339 - Main.MLEngine - INFO - smoke
2021-12-17 11:29:20,360 - Main.MLEngine - INFO - smoke
2021-12-17 11:29:20,495 - Main.MLEngine - INFO - smoke
2021-12-17 11:29:20,512 - Main.MLEngine - INFO - smoke
2021-12-17 11:29:20,635 - Main.MLEngine - INFO - smoke
2021-12-17 11:29:20,652 - Main.MLEngine - INFO - smoke
2021-12-17 11:29:20,776 - Main.MLEngine - INFO - smoke
2021-12-17 11:29:20,896 - Main.MLEngine - INFO - smoke
2021-12-17 11:29:21,020 - Main.MLEngine - INFO - smoke
2021-12-17 11:29:21,154 - Main.MLEngine - INFO - smoke
2021-12-17 11:29:21,170 - Main.MLEngine - INFO - smoke
2021-12-17 11:29:21,289 - Main.MLEngine - INFO - smoke
2021-12-17 11:29:21,306 - Main.MLEngine - INFO - smoke
2021-12-17 11:29:21,445 - Main.MLEngine - INFO - smoke
2021-12-17 11:29:21,560 - Main.MLEngine - INFO - smoke
2021-12-17 11:29:21,776 - Main.MLEngine - INFO - smoke
2021-12-17 11:29:21,904 - Main.MLEngine - INFO - smoke
2021-12-17 11:29:22,150 - Main.MLEngine - INFO - smoke
2021-12-17 11:29:22,184 - Main.MLEngine - INFO - smoke
2021-12-17 11:29:22,202 - Main.MLEngine - INFO - smoke
2021-12-17 11:29:22,328 - Main.MLEngine - INFO - smoke
2021-12-17 11:29:22,345 - Main.MLEngine - INFO - smoke
2021-12-17 11:29:22,364 - Main.MLEngine - INFO - smoke
2021-12-17 11:29:22,532 - Main.MLEngine - INFO - smoke
2021-12-17 11:29:22,654 - Main.MLEngine - INFO - smoke
2021-12-17 11:29:22,781 - Main.MLEngine - INFO - smoke
2021-12-17 11:29:22,797 - Main.MLEngine - INFO - smoke
2021-12-17 11:29:22,816 - Main.MLEngine - INFO - smoke
2021-12-17 11:29:22,953 - Main.MLEngine - INFO - smoke
2021-12-17 11:29:23,201 - Main.MLEngine - INFO - smoke
2021-12-17 11:29:23,218 - Main.MLEngine - INFO - smoke
2021-12-17 11:29:23,357 - Main.MLEngine - INFO - smoke
2021-12-17 11:29:23,375 - Main.MLEngine - INFO - smoke
2021-12-17 11:29:23,399 - Main.MLEngine - INFO - smoke
2021-12-17 11:29:23,522 - Main.MLEngine - INFO - smoke
2021-12-17 11:29:23,537 - Main.MLEngine - INFO - smoke
2021-12-17 11:29:23,569 - Main.MLEngine - INFO - smoke
2021-12-17 11:29:23,806 - Main.MLEngine - INFO - smoke
2021-12-17 11:29:23,822 - Main.MLEngine - INFO - smoke
2021-12-17 11:29:23,940 - Main.MLEngine - INFO - smoke
2021-12-17 11:29:23,957 - Main.MLEngine - INFO - smoke
2021-12-17 11:29:24,080 - Main.MLEngine - INFO - smoke
2021-12-17 11:29:24,326 - Main.MLEngine - INFO - smoke
2021-12-17 11:29:24,470 - Main.MLEngine - INFO - smoke
2021-12-17 11:29:24,611 - Main.MLEngine - INFO - smoke
2021-12-17 11:29:24,775 - Main.MLEngine - INFO - smoke
2021-12-17 11:29:24,934 - Main.MLEngine - INFO - smoke
2021-12-17 11:29:25,076 - Main.MLEngine - INFO - smoke
2021-12-17 11:29:25,227 - Main.MLEngine - INFO - smoke
2021-12-17 11:29:25,380 - Main.MLEngine - INFO - smoke
2021-12-17 11:29:25,526 - Main.MLEngine - INFO - smoke
2021-12-17 11:29:25,661 - Main.MLEngine - INFO - smoke
2021-12-17 11:29:25,799 - Main.MLEngine - INFO - smoke
2021-12-17 11:29:25,993 - Main.MLEngine - INFO - smoke
2021-12-17 11:29:26,032 - Main.MLEngine - INFO - smoke
2021-12-17 11:29:26,057 - Main.MLEngine - INFO - smoke
2021-12-17 11:29:26,092 - Main.MLEngine - INFO - smoke
2021-12-17 11:29:26,281 - Main.MLEngine - INFO - smoke
2021-12-17 11:29:26,460 - Main.MLEngine - INFO - smoke
2021-12-17 11:29:26,620 - Main.MLEngine - INFO - smoke
2021-12-17 11:29:26,775 - Main.MLEngine - INFO - smoke
2021-12-17 11:29:26,796 - Main.MLEngine - INFO - smoke
2021-12-17 11:29:26,957 - Main.MLEngine - INFO - smoke
2021-12-17 11:29:26,980 - Main.MLEngine - INFO - smoke
2021-12-17 11:29:27,133 - Main.MLEngine - INFO - smoke
2021-12-17 11:29:27,155 - Main.MLEngine - INFO - smoke
2021-12-17 11:29:27,310 - Main.MLEngine - INFO - smoke
2021-12-17 11:29:27,335 - Main.MLEngine - INFO - smoke
2021-12-17 11:29:27,484 - Main.MLEngine - INFO - smoke
2021-12-17 11:29:27,506 - Main.MLEngine - INFO - smoke
2021-12-17 11:29:27,658 - Main.MLEngine - INFO - smoke
2021-12-17 11:29:27,679 - Main.MLEngine - INFO - smoke
2021-12-17 11:29:27,845 - Main.MLEngine - INFO - smoke
2021-12-17 11:29:27,862 - Main.MLEngine - INFO - smoke
2021-12-17 11:29:27,881 - Main.MLEngine - INFO - smoke
2021-12-17 11:29:27,904 - Main.MLEngine - INFO - smoke
2021-12-17 11:29:28,070 - Main.MLEngine - INFO - smoke
2021-12-17 11:29:28,089 - Main.MLEngine - INFO - smoke
2021-12-17 11:29:28,107 - Main.MLEngine - INFO - smoke
2021-12-17 11:29:28,131 - Main.MLEngine - INFO - smoke
2021-12-17 11:29:28,300 - Main.MLEngine - INFO - smoke
2021-12-17 11:29:28,317 - Main.MLEngine - INFO - smoke
2021-12-17 11:29:28,361 - Main.MLEngine - INFO - smoke
2021-12-17 11:29:28,563 - Main.MLEngine - INFO - smoke
2021-12-17 11:29:28,581 - Main.MLEngine - INFO - smoke
2021-12-17 11:29:28,608 - Main.MLEngine - INFO - smoke
2021-12-17 11:29:28,629 - Main.MLEngine - INFO - smoke
2021-12-17 11:29:28,667 - Main.MLEngine - INFO - smoke
2021-12-17 11:29:28,843 - Main.MLEngine - INFO - smoke
2021-12-17 11:29:28,863 - Main.MLEngine - INFO - smoke
2021-12-17 11:29:28,881 - Main.MLEngine - INFO - smoke
2021-12-17 11:29:28,927 - Main.MLEngine - INFO - smoke
2021-12-17 11:29:29,077 - Main.MLEngine - INFO - smoke
2021-12-17 11:29:29,097 - Main.MLEngine - INFO - smoke
2021-12-17 11:29:29,123 - Main.MLEngine - INFO - smoke
2021-12-17 11:29:29,160 - Main.MLEngine - INFO - smoke
2021-12-17 11:29:29,295 - Main.MLEngine - INFO - smoke
2021-12-17 11:29:29,314 - Main.MLEngine - INFO - smoke
2021-12-17 11:29:29,335 - Main.MLEngine - INFO - smoke
2021-12-17 11:29:29,362 - Main.MLEngine - INFO - smoke
2021-12-17 11:29:29,398 - Main.MLEngine - INFO - smoke
2021-12-17 11:29:29,557 - Main.MLEngine - INFO - smoke
2021-12-17 11:29:29,581 - Main.MLEngine - INFO - smoke
2021-12-17 11:29:29,598 - Main.MLEngine - INFO - smoke
2021-12-17 11:29:29,620 - Main.MLEngine - INFO - smoke
2021-12-17 11:29:29,762 - Main.MLEngine - INFO - smoke
2021-12-17 11:29:29,786 - Main.MLEngine - INFO - smoke
2021-12-17 11:29:29,824 - Main.MLEngine - INFO - smoke
2021-12-17 11:29:29,966 - Main.MLEngine - INFO - smoke
2021-12-17 11:29:29,990 - Main.MLEngine - INFO - smoke
2021-12-17 11:29:30,031 - Main.MLEngine - INFO - smoke
2021-12-17 11:29:30,171 - Main.MLEngine - INFO - smoke
2021-12-17 11:29:30,200 - Main.MLEngine - INFO - smoke
2021-12-17 11:29:30,338 - Main.MLEngine - INFO - smoke
2021-12-17 11:29:30,366 - Main.MLEngine - INFO - smoke
2021-12-17 11:29:30,383 - Main.MLEngine - INFO - smoke
2021-12-17 11:29:30,524 - Main.MLEngine - INFO - smoke
2021-12-17 11:29:30,548 - Main.MLEngine - INFO - smoke
2021-12-17 11:29:30,570 - Main.MLEngine - INFO - smoke
2021-12-17 11:29:30,704 - Main.MLEngine - INFO - smoke
2021-12-17 11:29:30,846 - Main.MLEngine - INFO - smoke
2021-12-17 11:29:30,867 - Main.MLEngine - INFO - smoke
2021-12-17 11:29:30,892 - Main.MLEngine - INFO - smoke
2021-12-17 11:29:30,912 - Main.MLEngine - INFO - smoke
2021-12-17 11:29:31,042 - Main.MLEngine - INFO - smoke
2021-12-17 11:29:31,063 - Main.MLEngine - INFO - smoke
2021-12-17 11:29:31,084 - Main.MLEngine - INFO - smoke
2021-12-17 11:29:31,102 - Main.MLEngine - INFO - smoke
2021-12-17 11:29:31,228 - Main.MLEngine - INFO - smoke
2021-12-17 11:29:31,248 - Main.MLEngine - INFO - smoke
2021-12-17 11:29:31,269 - Main.MLEngine - INFO - smoke
2021-12-17 11:29:31,304 - Main.MLEngine - INFO - smoke
2021-12-17 11:29:31,438 - Main.MLEngine - INFO - smoke
2021-12-17 11:29:31,460 - Main.MLEngine - INFO - smoke
2021-12-17 11:29:31,480 - Main.MLEngine - INFO - smoke
2021-12-17 11:29:31,514 - Main.MLEngine - INFO - smoke
2021-12-17 11:29:31,639 - Main.MLEngine - INFO - smoke
2021-12-17 11:29:31,677 - Main.MLEngine - INFO - smoke
2021-12-17 11:29:31,711 - Main.MLEngine - INFO - smoke
2021-12-17 11:29:31,839 - Main.MLEngine - INFO - smoke
2021-12-17 11:29:31,860 - Main.MLEngine - INFO - smoke
2021-12-17 11:29:31,896 - Main.MLEngine - INFO - smoke
2021-12-17 11:29:31,913 - Main.MLEngine - INFO - smoke
2021-12-17 11:29:32,033 - Main.MLEngine - INFO - smoke
2021-12-17 11:29:32,053 - Main.MLEngine - INFO - smoke
2021-12-17 11:29:32,095 - Main.MLEngine - INFO - smoke
2021-12-17 11:29:32,114 - Main.MLEngine - INFO - smoke
2021-12-17 11:29:32,240 - Main.MLEngine - INFO - smoke
2021-12-17 11:29:32,262 - Main.MLEngine - INFO - smoke
2021-12-17 11:29:32,299 - Main.MLEngine - INFO - smoke
2021-12-17 11:29:32,425 - Main.MLEngine - INFO - smoke
2021-12-17 11:29:32,460 - Main.MLEngine - INFO - smoke
2021-12-17 11:29:32,497 - Main.MLEngine - INFO - smoke
2021-12-17 11:29:32,620 - Main.MLEngine - INFO - smoke
2021-12-17 11:29:32,640 - Main.MLEngine - INFO - smoke
2021-12-17 11:29:32,678 - Main.MLEngine - INFO - smoke
2021-12-17 11:29:32,820 - Main.MLEngine - INFO - smoke
2021-12-17 11:29:32,838 - Main.MLEngine - INFO - smoke
2021-12-17 11:29:32,856 - Main.MLEngine - INFO - smoke
2021-12-17 11:29:32,876 - Main.MLEngine - INFO - smoke
2021-12-17 11:29:32,895 - Main.MLEngine - INFO - smoke
2021-12-17 11:29:33,026 - Main.MLEngine - INFO - smoke
2021-12-17 11:29:33,045 - Main.MLEngine - INFO - smoke
2021-12-17 11:29:33,063 - Main.MLEngine - INFO - smoke
2021-12-17 11:29:33,082 - Main.MLEngine - INFO - smoke
2021-12-17 11:29:33,132 - Main.MLEngine - INFO - smoke
2021-12-17 11:29:33,267 - Main.MLEngine - INFO - smoke
2021-12-17 11:29:33,284 - Main.MLEngine - INFO - smoke
2021-12-17 11:29:33,301 - Main.MLEngine - INFO - smoke
2021-12-17 11:29:33,319 - Main.MLEngine - INFO - smoke
2021-12-17 11:29:33,337 - Main.MLEngine - INFO - smoke
2021-12-17 11:29:33,373 - Main.MLEngine - INFO - smoke
2021-12-17 11:29:33,395 - Main.MLEngine - INFO - smoke
2021-12-17 11:29:33,544 - Main.MLEngine - INFO - smoke
2021-12-17 11:29:33,561 - Main.MLEngine - INFO - smoke
2021-12-17 11:29:33,598 - Main.MLEngine - INFO - smoke
2021-12-17 11:29:33,770 - Main.MLEngine - INFO - smoke
2021-12-17 11:29:33,786 - Main.MLEngine - INFO - smoke
2021-12-17 11:29:33,828 - Main.MLEngine - INFO - smoke
2021-12-17 11:29:33,957 - Main.MLEngine - INFO - smoke
2021-12-17 11:29:33,989 - Main.MLEngine - INFO - smoke
2021-12-17 11:29:34,006 - Main.MLEngine - INFO - smoke
2021-12-17 11:29:34,030 - Main.MLEngine - INFO - smoke
2021-12-17 11:29:34,047 - Main.MLEngine - INFO - smoke
2021-12-17 11:29:34,199 - Main.MLEngine - INFO - smoke
2021-12-17 11:29:34,215 - Main.MLEngine - INFO - smoke
2021-12-17 11:29:34,239 - Main.MLEngine - INFO - smoke
2021-12-17 11:29:34,256 - Main.MLEngine - INFO - smoke
2021-12-17 11:29:34,391 - Main.MLEngine - INFO - smoke
2021-12-17 11:29:34,408 - Main.MLEngine - INFO - smoke
2021-12-17 11:29:34,447 - Main.MLEngine - INFO - smoke
2021-12-17 11:29:34,464 - Main.MLEngine - INFO - smoke
2021-12-17 11:29:34,581 - Main.MLEngine - INFO - smoke
2021-12-17 11:29:34,596 - Main.MLEngine - INFO - smoke
2021-12-17 11:29:34,630 - Main.MLEngine - INFO - smoke
2021-12-17 11:29:34,760 - Main.MLEngine - INFO - smoke
2021-12-17 11:29:34,777 - Main.MLEngine - INFO - smoke
2021-12-17 11:29:34,815 - Main.MLEngine - INFO - smoke
2021-12-17 11:29:34,831 - Main.MLEngine - INFO - smoke
2021-12-17 11:29:34,947 - Main.MLEngine - INFO - smoke
2021-12-17 11:29:34,963 - Main.MLEngine - INFO - smoke
2021-12-17 11:29:35,000 - Main.MLEngine - INFO - smoke
2021-12-17 11:29:35,018 - Main.MLEngine - INFO - smoke
2021-12-17 11:29:35,143 - Main.MLEngine - INFO - smoke
2021-12-17 11:29:35,160 - Main.MLEngine - INFO - smoke
2021-12-17 11:29:35,199 - Main.MLEngine - INFO - smoke
2021-12-17 11:29:35,217 - Main.MLEngine - INFO - smoke
2021-12-17 11:29:35,336 - Main.MLEngine - INFO - smoke
2021-12-17 11:29:35,354 - Main.MLEngine - INFO - smoke
2021-12-17 11:29:35,417 - Main.MLEngine - INFO - smoke
2021-12-17 11:29:35,438 - Main.MLEngine - INFO - smoke
2021-12-17 11:29:35,458 - Main.MLEngine - INFO - smoke
2021-12-17 11:29:35,593 - Main.MLEngine - INFO - smoke
2021-12-17 11:29:35,649 - Main.MLEngine - INFO - smoke
2021-12-17 11:29:35,670 - Main.MLEngine - INFO - smoke
2021-12-17 11:29:35,798 - Main.MLEngine - INFO - smoke
2021-12-17 11:29:35,818 - Main.MLEngine - INFO - smoke
2021-12-17 11:29:35,875 - Main.MLEngine - INFO - smoke
2021-12-17 11:29:35,899 - Main.MLEngine - INFO - smoke
2021-12-17 11:29:36,025 - Main.MLEngine - INFO - smoke
2021-12-17 11:29:36,065 - Main.MLEngine - INFO - smoke
2021-12-17 11:29:36,084 - Main.MLEngine - INFO - smoke
2021-12-17 11:29:36,118 - Main.MLEngine - INFO - smoke
2021-12-17 11:29:36,136 - Main.MLEngine - INFO - smoke
2021-12-17 11:29:36,311 - Main.MLEngine - INFO - smoke
2021-12-17 11:29:36,398 - Main.MLEngine - INFO - smoke
2021-12-17 11:29:36,450 - Main.MLEngine - INFO - smoke
2021-12-17 11:29:36,747 - Main.MLEngine - INFO - smoke
2021-12-17 11:29:36,934 - Main.MLEngine - INFO - smoke
2021-12-17 11:29:37,113 - Main.MLEngine - INFO - smoke
2021-12-17 11:29:37,159 - Main.MLEngine - INFO - smoke
2021-12-17 11:29:37,334 - Main.MLEngine - INFO - smoke
2021-12-17 11:29:37,376 - Main.MLEngine - INFO - smoke
2021-12-17 11:29:37,548 - Main.MLEngine - INFO - smoke
2021-12-17 11:29:37,590 - Main.MLEngine - INFO - smoke
2021-12-17 11:29:37,759 - Main.MLEngine - INFO - smoke
2021-12-17 11:29:37,801 - Main.MLEngine - INFO - smoke
2021-12-17 11:29:38,109 - Main.MLEngine - INFO - smoke
2021-12-17 11:29:38,301 - Main.MLEngine - INFO - smoke
2021-12-17 11:29:38,335 - Main.MLEngine - INFO - smoke
2021-12-17 11:29:38,575 - Main.MLEngine - INFO - smoke
2021-12-17 11:29:38,599 - Main.MLEngine - INFO - smoke
2021-12-17 11:29:38,787 - Main.MLEngine - INFO - smoke
2021-12-17 11:29:38,827 - Main.MLEngine - INFO - smoke
2021-12-17 11:29:38,930 - Main.MLEngine - INFO - smoke
2021-12-17 11:29:39,160 - Main.MLEngine - INFO - smoke
2021-12-17 11:29:39,373 - Main.MLEngine - INFO - smoke
2021-12-17 11:29:39,409 - Main.MLEngine - INFO - smoke
2021-12-17 11:29:39,625 - Main.MLEngine - INFO - smoke
2021-12-17 11:29:39,655 - Main.MLEngine - INFO - smoke
2021-12-17 11:29:39,832 - Main.MLEngine - INFO - smoke
2021-12-17 11:29:39,858 - Main.MLEngine - INFO - smoke
2021-12-17 11:29:40,026 - Main.MLEngine - INFO - smoke
2021-12-17 11:29:40,060 - Main.MLEngine - INFO - smoke
2021-12-17 11:29:40,222 - Main.MLEngine - INFO - smoke
2021-12-17 11:29:40,248 - Main.MLEngine - INFO - smoke
2021-12-17 11:29:40,452 - Main.MLEngine - INFO - smoke
2021-12-17 11:29:40,557 - Main.MLEngine - INFO - smoke
2021-12-17 11:29:40,820 - Main.MLEngine - INFO - smoke
2021-12-17 11:29:40,843 - Main.MLEngine - INFO - smoke
2021-12-17 11:29:41,030 - Main.MLEngine - INFO - smoke
2021-12-17 11:29:41,059 - Main.MLEngine - INFO - smoke
2021-12-17 11:29:41,080 - Main.MLEngine - INFO - smoke
2021-12-17 11:29:41,250 - Main.MLEngine - INFO - smoke
2021-12-17 11:29:41,276 - Main.MLEngine - INFO - smoke
2021-12-17 11:29:41,296 - Main.MLEngine - INFO - smoke
2021-12-17 11:29:41,468 - Main.MLEngine - INFO - smoke
2021-12-17 11:29:41,511 - Main.MLEngine - INFO - smoke
2021-12-17 11:29:41,695 - Main.MLEngine - INFO - smoke
2021-12-17 11:29:41,863 - Main.MLEngine - INFO - smoke
2021-12-17 11:29:41,884 - Main.MLEngine - INFO - smoke
2021-12-17 11:29:42,017 - Main.MLEngine - INFO - smoke
2021-12-17 11:29:42,036 - Main.MLEngine - INFO - smoke
2021-12-17 11:29:42,055 - Main.MLEngine - INFO - smoke
2021-12-17 11:29:42,184 - Main.MLEngine - INFO - smoke
2021-12-17 11:29:42,314 - Main.MLEngine - INFO - smoke
2021-12-17 11:29:42,461 - Main.MLEngine - INFO - smoke
2021-12-17 11:29:42,481 - Main.MLEngine - INFO - smoke
2021-12-17 11:29:42,613 - Main.MLEngine - INFO - smoke
2021-12-17 11:29:42,767 - Main.MLEngine - INFO - smoke
2021-12-17 11:29:42,918 - Main.MLEngine - INFO - smoke
2021-12-17 11:29:42,942 - Main.MLEngine - INFO - smoke
2021-12-17 11:29:42,959 - Main.MLEngine - INFO - smoke
2021-12-17 11:29:43,099 - Main.MLEngine - INFO - smoke
2021-12-17 11:29:43,124 - Main.MLEngine - INFO - smoke
2021-12-17 11:29:43,145 - Main.MLEngine - INFO - smoke
2021-12-17 11:29:43,291 - Main.MLEngine - INFO - smoke
2021-12-17 11:29:43,314 - Main.MLEngine - INFO - smoke
2021-12-17 11:29:43,333 - Main.MLEngine - INFO - smoke
2021-12-17 11:29:43,352 - Main.MLEngine - INFO - smoke
2021-12-17 11:29:43,508 - Main.MLEngine - INFO - smoke
2021-12-17 11:29:43,532 - Main.MLEngine - INFO - smoke
2021-12-17 11:29:43,680 - Main.MLEngine - INFO - smoke
2021-12-17 11:29:43,701 - Main.MLEngine - INFO - smoke
2021-12-17 11:29:43,837 - Main.MLEngine - INFO - smoke
2021-12-17 11:29:43,859 - Main.MLEngine - INFO - smoke
2021-12-17 11:29:43,878 - Main.MLEngine - INFO - smoke
2021-12-17 11:29:43,896 - Main.MLEngine - INFO - smoke
2021-12-17 11:29:44,040 - Main.MLEngine - INFO - smoke
2021-12-17 11:29:44,062 - Main.MLEngine - INFO - smoke
2021-12-17 11:29:44,079 - Main.MLEngine - INFO - smoke
2021-12-17 11:29:44,097 - Main.MLEngine - INFO - smoke
2021-12-17 11:29:44,243 - Main.MLEngine - INFO - smoke
2021-12-17 11:29:44,264 - Main.MLEngine - INFO - smoke
2021-12-17 11:29:44,286 - Main.MLEngine - INFO - smoke
2021-12-17 11:29:44,421 - Main.MLEngine - INFO - smoke
2021-12-17 11:29:44,462 - Main.MLEngine - INFO - smoke
2021-12-17 11:29:44,600 - Main.MLEngine - INFO - smoke
2021-12-17 11:29:44,620 - Main.MLEngine - INFO - smoke
2021-12-17 11:29:44,648 - Main.MLEngine - INFO - smoke
2021-12-17 11:29:44,784 - Main.MLEngine - INFO - smoke
2021-12-17 11:29:44,921 - Main.MLEngine - INFO - smoke
2021-12-17 11:29:45,059 - Main.MLEngine - INFO - smoke
2021-12-17 11:29:45,099 - Main.MLEngine - INFO - smoke
2021-12-17 11:29:45,235 - Main.MLEngine - INFO - smoke
2021-12-17 11:29:45,276 - Main.MLEngine - INFO - smoke
2021-12-17 11:29:45,407 - Main.MLEngine - INFO - smoke
2021-12-17 11:29:45,451 - Main.MLEngine - INFO - smoke
2021-12-17 11:29:45,667 - Main.MLEngine - INFO - smoke
2021-12-17 11:29:45,699 - Main.MLEngine - INFO - smoke
2021-12-17 11:29:45,742 - Main.MLEngine - INFO - smoke
2021-12-17 11:29:45,812 - Main.MLEngine - INFO - smoke
2021-12-17 11:29:45,847 - Main.MLEngine - INFO - smoke
2021-12-17 11:29:46,011 - Main.MLEngine - INFO - smoke
2021-12-17 11:29:46,032 - Main.MLEngine - INFO - smoke
2021-12-17 11:29:46,202 - Main.MLEngine - INFO - smoke
2021-12-17 11:29:46,249 - Main.MLEngine - INFO - smoke
2021-12-17 11:29:46,281 - Main.MLEngine - INFO - smoke
2021-12-17 11:29:46,428 - Main.MLEngine - INFO - smoke
2021-12-17 11:29:46,494 - Main.MLEngine - INFO - smoke
2021-12-17 11:29:46,664 - Main.MLEngine - INFO - smoke
2021-12-17 11:29:46,682 - Main.MLEngine - INFO - smoke
2021-12-17 11:29:46,846 - Main.MLEngine - INFO - smoke
2021-12-17 11:29:46,862 - Main.MLEngine - INFO - smoke
2021-12-17 11:29:46,901 - Main.MLEngine - INFO - smoke
2021-12-17 11:29:47,069 - Main.MLEngine - INFO - smoke
2021-12-17 11:29:47,087 - Main.MLEngine - INFO - smoke
2021-12-17 11:29:47,237 - Main.MLEngine - INFO - smoke
2021-12-17 11:29:47,253 - Main.MLEngine - INFO - smoke
2021-12-17 11:29:47,274 - Main.MLEngine - INFO - smoke
2021-12-17 11:29:47,297 - Main.MLEngine - INFO - smoke
2021-12-17 11:29:47,453 - Main.MLEngine - INFO - smoke
2021-12-17 11:29:47,470 - Main.MLEngine - INFO - smoke
2021-12-17 11:29:47,533 - Main.MLEngine - INFO - smoke
2021-12-17 11:29:47,687 - Main.MLEngine - INFO - smoke
2021-12-17 11:29:47,703 - Main.MLEngine - INFO - smoke
2021-12-17 11:29:47,747 - Main.MLEngine - INFO - smoke
2021-12-17 11:29:47,766 - Main.MLEngine - INFO - smoke
2021-12-17 11:29:47,917 - Main.MLEngine - INFO - smoke
2021-12-17 11:29:47,961 - Main.MLEngine - INFO - smoke
2021-12-17 11:29:48,114 - Main.MLEngine - INFO - smoke
2021-12-17 11:29:48,136 - Main.MLEngine - INFO - smoke
2021-12-17 11:29:48,154 - Main.MLEngine - INFO - smoke
2021-12-17 11:29:48,333 - Main.MLEngine - INFO - smoke
2021-12-17 11:29:48,352 - Main.MLEngine - INFO - smoke
2021-12-17 11:29:48,378 - Main.MLEngine - INFO - smoke
2021-12-17 11:29:48,401 - Main.MLEngine - INFO - smoke
2021-12-17 11:29:48,561 - Main.MLEngine - INFO - smoke
2021-12-17 11:29:48,598 - Main.MLEngine - INFO - smoke
2021-12-17 11:29:48,619 - Main.MLEngine - INFO - smoke
2021-12-17 11:29:48,650 - Main.MLEngine - INFO - smoke
2021-12-17 11:29:48,672 - Main.MLEngine - INFO - smoke
2021-12-17 11:29:48,879 - Main.MLEngine - INFO - smoke
2021-12-17 11:29:48,907 - Main.MLEngine - INFO - smoke
2021-12-17 11:29:48,931 - Main.MLEngine - INFO - smoke
2021-12-17 11:29:48,952 - Main.MLEngine - INFO - smoke
2021-12-17 11:29:48,985 - Main.MLEngine - INFO - smoke
2021-12-17 11:29:49,241 - Main.MLEngine - INFO - smoke
2021-12-17 11:29:49,269 - Main.MLEngine - INFO - smoke
2021-12-17 11:29:49,301 - Main.MLEngine - INFO - smoke
2021-12-17 11:29:49,487 - Main.MLEngine - INFO - smoke
2021-12-17 11:29:49,539 - Main.MLEngine - INFO - smoke
2021-12-17 11:29:49,726 - Main.MLEngine - INFO - smoke
2021-12-17 11:29:49,754 - Main.MLEngine - INFO - smoke
2021-12-17 11:29:49,929 - Main.MLEngine - INFO - smoke
2021-12-17 11:29:49,971 - Main.MLEngine - INFO - smoke
2021-12-17 11:29:50,157 - Main.MLEngine - INFO - smoke
2021-12-17 11:29:50,202 - Main.MLEngine - INFO - smoke
2021-12-17 11:29:50,430 - Main.MLEngine - INFO - smoke
2021-12-17 11:29:50,477 - Main.MLEngine - INFO - smoke
2021-12-17 11:29:50,719 - Main.MLEngine - INFO - smoke
2021-12-17 11:29:50,769 - Main.MLEngine - INFO - smoke
2021-12-17 11:29:51,045 - Main.MLEngine - INFO - smoke
2021-12-17 11:29:51,071 - Main.MLEngine - INFO - smoke
2021-12-17 11:29:51,244 - Main.MLEngine - INFO - smoke
2021-12-17 11:29:51,275 - Main.MLEngine - INFO - smoke
2021-12-17 11:29:51,467 - Main.MLEngine - INFO - smoke
2021-12-17 11:29:51,493 - Main.MLEngine - INFO - smoke
2021-12-17 11:29:51,672 - Main.MLEngine - INFO - smoke
2021-12-17 11:29:51,703 - Main.MLEngine - INFO - smoke
2021-12-17 11:29:51,872 - Main.MLEngine - INFO - smoke
2021-12-17 11:29:51,902 - Main.MLEngine - INFO - smoke
2021-12-17 11:29:51,944 - Main.MLEngine - INFO - smoke
2021-12-17 11:29:52,099 - Main.MLEngine - INFO - smoke
2021-12-17 11:29:52,124 - Main.MLEngine - INFO - smoke
2021-12-17 11:29:52,285 - Main.MLEngine - INFO - smoke
2021-12-17 11:29:52,312 - Main.MLEngine - INFO - smoke
2021-12-17 11:29:52,469 - Main.MLEngine - INFO - smoke
2021-12-17 11:29:52,517 - Main.MLEngine - INFO - smoke
2021-12-17 11:29:52,667 - Main.MLEngine - INFO - smoke
2021-12-17 11:29:52,710 - Main.MLEngine - INFO - smoke
2021-12-17 11:29:52,867 - Main.MLEngine - INFO - smoke
2021-12-17 11:29:52,887 - Main.MLEngine - INFO - smoke
2021-12-17 11:29:52,912 - Main.MLEngine - INFO - smoke
2021-12-17 11:29:53,056 - Main.MLEngine - INFO - smoke
2021-12-17 11:29:53,081 - Main.MLEngine - INFO - smoke
2021-12-17 11:29:53,255 - Main.MLEngine - INFO - smoke
2021-12-17 11:29:53,275 - Main.MLEngine - INFO - smoke
2021-12-17 11:29:53,308 - Main.MLEngine - INFO - smoke
2021-12-17 11:29:53,498 - Main.MLEngine - INFO - smoke
2021-12-17 11:29:53,517 - Main.MLEngine - INFO - smoke
2021-12-17 11:29:53,546 - Main.MLEngine - INFO - smoke
2021-12-17 11:29:53,700 - Main.MLEngine - INFO - smoke
2021-12-17 11:29:53,746 - Main.MLEngine - INFO - smoke
2021-12-17 11:29:53,909 - Main.MLEngine - INFO - smoke
2021-12-17 11:29:53,958 - Main.MLEngine - INFO - smoke
2021-12-17 11:29:54,120 - Main.MLEngine - INFO - smoke
2021-12-17 11:29:54,169 - Main.MLEngine - INFO - smoke
2021-12-17 11:29:54,316 - Main.MLEngine - INFO - smoke
2021-12-17 11:29:54,524 - Main.MLEngine - INFO - smoke
2021-12-17 11:29:54,548 - Main.MLEngine - INFO - smoke
2021-12-17 11:29:54,732 - Main.MLEngine - INFO - smoke
2021-12-17 11:29:54,752 - Main.MLEngine - INFO - smoke
2021-12-17 11:29:54,775 - Main.MLEngine - INFO - smoke
2021-12-17 11:29:54,806 - Main.MLEngine - INFO - smoke
2021-12-17 11:29:54,972 - Main.MLEngine - INFO - smoke
2021-12-17 11:29:54,991 - Main.MLEngine - INFO - smoke
2021-12-17 11:29:55,014 - Main.MLEngine - INFO - smoke
2021-12-17 11:29:55,055 - Main.MLEngine - INFO - smoke
2021-12-17 11:29:55,229 - Main.MLEngine - INFO - smoke
2021-12-17 11:29:55,254 - Main.MLEngine - INFO - smoke
2021-12-17 11:29:55,276 - Main.MLEngine - INFO - smoke
2021-12-17 11:29:55,315 - Main.MLEngine - INFO - smoke
2021-12-17 11:29:55,502 - Main.MLEngine - INFO - smoke
2021-12-17 11:29:55,565 - Main.MLEngine - INFO - smoke
2021-12-17 11:29:55,720 - Main.MLEngine - INFO - smoke
2021-12-17 11:29:55,737 - Main.MLEngine - INFO - smoke
2021-12-17 11:29:55,759 - Main.MLEngine - INFO - smoke
2021-12-17 11:29:55,806 - Main.MLEngine - INFO - smoke
2021-12-17 11:29:55,982 - Main.MLEngine - INFO - smoke
2021-12-17 11:29:56,008 - Main.MLEngine - INFO - smoke
2021-12-17 11:29:56,027 - Main.MLEngine - INFO - smoke
2021-12-17 11:29:56,073 - Main.MLEngine - INFO - smoke
2021-12-17 11:29:56,227 - Main.MLEngine - INFO - smoke
2021-12-17 11:29:56,253 - Main.MLEngine - INFO - smoke
2021-12-17 11:29:56,273 - Main.MLEngine - INFO - smoke
2021-12-17 11:29:56,321 - Main.MLEngine - INFO - smoke
2021-12-17 11:29:56,471 - Main.MLEngine - INFO - smoke
2021-12-17 11:29:56,488 - Main.MLEngine - INFO - smoke
2021-12-17 11:29:56,518 - Main.MLEngine - INFO - smoke
2021-12-17 11:29:56,546 - Main.MLEngine - INFO - smoke
2021-12-17 11:29:56,612 - Main.MLEngine - INFO - smoke
2021-12-17 11:29:56,771 - Main.MLEngine - INFO - smoke
2021-12-17 11:29:56,794 - Main.MLEngine - INFO - smoke
2021-12-17 11:29:56,862 - Main.MLEngine - INFO - smoke
2021-12-17 11:29:56,887 - Main.MLEngine - INFO - smoke
2021-12-17 11:29:57,045 - Main.MLEngine - INFO - smoke
2021-12-17 11:29:57,067 - Main.MLEngine - INFO - smoke
2021-12-17 11:29:57,085 - Main.MLEngine - INFO - smoke
2021-12-17 11:29:57,111 - Main.MLEngine - INFO - smoke
2021-12-17 11:29:57,138 - Main.MLEngine - INFO - smoke
2021-12-17 11:29:57,289 - Main.MLEngine - INFO - smoke
2021-12-17 11:29:57,311 - Main.MLEngine - INFO - smoke
2021-12-17 11:29:57,333 - Main.MLEngine - INFO - smoke
2021-12-17 11:29:57,360 - Main.MLEngine - INFO - smoke
2021-12-17 11:29:57,390 - Main.MLEngine - INFO - smoke
2021-12-17 11:29:57,416 - Main.MLEngine - INFO - smoke
2021-12-17 11:29:57,563 - Main.MLEngine - INFO - smoke
2021-12-17 11:29:57,589 - Main.MLEngine - INFO - smoke
2021-12-17 11:29:57,617 - Main.MLEngine - INFO - smoke
2021-12-17 11:29:57,643 - Main.MLEngine - INFO - smoke
2021-12-17 11:29:57,801 - Main.MLEngine - INFO - smoke
2021-12-17 11:29:57,842 - Main.MLEngine - INFO - smoke
2021-12-17 11:29:57,864 - Main.MLEngine - INFO - smoke
2021-12-17 11:29:57,892 - Main.MLEngine - INFO - smoke
2021-12-17 11:29:57,918 - Main.MLEngine - INFO - smoke
2021-12-17 11:29:58,068 - Main.MLEngine - INFO - smoke
2021-12-17 11:29:58,112 - Main.MLEngine - INFO - smoke
2021-12-17 11:29:58,136 - Main.MLEngine - INFO - smoke
2021-12-17 11:29:58,200 - Main.MLEngine - INFO - smoke
2021-12-17 11:29:58,351 - Main.MLEngine - INFO - smoke
2021-12-17 11:29:58,374 - Main.MLEngine - INFO - smoke
2021-12-17 11:29:58,421 - Main.MLEngine - INFO - smoke
2021-12-17 11:29:58,446 - Main.MLEngine - INFO - smoke
2021-12-17 11:29:58,470 - Main.MLEngine - INFO - smoke
2021-12-17 11:29:58,494 - Main.MLEngine - INFO - smoke
2021-12-17 11:29:58,646 - Main.MLEngine - INFO - smoke
2021-12-17 11:29:58,697 - Main.MLEngine - INFO - smoke
2021-12-17 11:29:58,751 - Main.MLEngine - INFO - smoke
2021-12-17 11:29:58,911 - Main.MLEngine - INFO - smoke
2021-12-17 11:29:58,961 - Main.MLEngine - INFO - smoke
2021-12-17 11:29:58,990 - Main.MLEngine - INFO - smoke
2021-12-17 11:29:59,040 - Main.MLEngine - INFO - smoke
2021-12-17 11:29:59,189 - Main.MLEngine - INFO - smoke
2021-12-17 11:29:59,244 - Main.MLEngine - INFO - smoke
2021-12-17 11:29:59,295 - Main.MLEngine - INFO - smoke
2021-12-17 11:29:59,456 - Main.MLEngine - INFO - smoke
2021-12-17 11:29:59,507 - Main.MLEngine - INFO - smoke
2021-12-17 11:29:59,538 - Main.MLEngine - INFO - smoke
2021-12-17 11:29:59,564 - Main.MLEngine - INFO - smoke
2021-12-17 11:29:59,777 - Main.MLEngine - INFO - smoke
2021-12-17 11:29:59,848 - Main.MLEngine - INFO - smoke
2021-12-17 11:30:00,086 - Main.MLEngine - INFO - smoke
2021-12-17 11:30:00,117 - Main.MLEngine - INFO - smoke
2021-12-17 11:30:00,175 - Main.MLEngine - INFO - smoke
2021-12-17 11:30:00,351 - Main.MLEngine - INFO - smoke
2021-12-17 11:30:00,378 - Main.MLEngine - INFO - smoke
2021-12-17 11:30:00,550 - Main.MLEngine - INFO - smoke
2021-12-17 11:30:00,570 - Main.MLEngine - INFO - smoke
2021-12-17 11:30:00,592 - Main.MLEngine - INFO - smoke
2021-12-17 11:30:00,619 - Main.MLEngine - INFO - smoke
2021-12-17 11:30:00,667 - Main.MLEngine - INFO - smoke
2021-12-17 11:30:00,844 - Main.MLEngine - INFO - smoke
2021-12-17 11:30:00,880 - Main.MLEngine - INFO - smoke
2021-12-17 11:30:00,914 - Main.MLEngine - INFO - smoke
2021-12-17 11:30:01,139 - Main.MLEngine - INFO - smoke
2021-12-17 11:30:01,180 - Main.MLEngine - INFO - smoke
2021-12-17 11:30:01,208 - Main.MLEngine - INFO - smoke
2021-12-17 11:30:01,233 - Main.MLEngine - INFO - smoke
2021-12-17 11:30:01,292 - Main.MLEngine - INFO - smoke
2021-12-17 11:30:01,476 - Main.MLEngine - INFO - smoke
2021-12-17 11:30:01,548 - Main.MLEngine - INFO - smoke
2021-12-17 11:30:01,579 - Main.MLEngine - INFO - smoke
2021-12-17 11:30:01,749 - Main.MLEngine - INFO - smoke
2021-12-17 11:30:01,790 - Main.MLEngine - INFO - smoke
2021-12-17 11:30:01,815 - Main.MLEngine - INFO - smoke
2021-12-17 11:30:01,851 - Main.MLEngine - INFO - smoke
2021-12-17 11:30:01,901 - Main.MLEngine - INFO - smoke
2021-12-17 11:30:02,118 - Main.MLEngine - INFO - smoke
2021-12-17 11:30:02,160 - Main.MLEngine - INFO - smoke
2021-12-17 11:30:02,205 - Main.MLEngine - INFO - smoke
2021-12-17 11:30:02,360 - Main.MLEngine - INFO - smoke
2021-12-17 11:30:02,397 - Main.MLEngine - INFO - smoke
2021-12-17 11:30:02,424 - Main.MLEngine - INFO - smoke
2021-12-17 11:30:02,447 - Main.MLEngine - INFO - smoke
2021-12-17 11:30:02,595 - Main.MLEngine - INFO - smoke
2021-12-17 11:30:02,614 - Main.MLEngine - INFO - smoke
2021-12-17 11:30:02,679 - Main.MLEngine - INFO - smoke
2021-12-17 11:30:02,831 - Main.MLEngine - INFO - smoke
2021-12-17 11:30:02,847 - Main.MLEngine - INFO - smoke
2021-12-17 11:30:02,875 - Main.MLEngine - INFO - smoke
2021-12-17 11:30:02,900 - Main.MLEngine - INFO - smoke
2021-12-17 11:30:03,094 - Main.MLEngine - INFO - smoke
2021-12-17 11:30:03,126 - Main.MLEngine - INFO - smoke
2021-12-17 11:30:03,181 - Main.MLEngine - INFO - smoke
2021-12-17 11:30:03,353 - Main.MLEngine - INFO - smoke
2021-12-17 11:30:03,396 - Main.MLEngine - INFO - smoke
2021-12-17 11:30:03,555 - Main.MLEngine - INFO - smoke
2021-12-17 11:30:03,739 - Main.MLEngine - INFO - smoke
2021-12-17 11:30:03,900 - Main.MLEngine - INFO - smoke
2021-12-17 11:30:03,917 - Main.MLEngine - INFO - smoke
2021-12-17 11:30:03,946 - Main.MLEngine - INFO - smoke
2021-12-17 11:30:04,102 - Main.MLEngine - INFO - smoke
2021-12-17 11:30:04,137 - Main.MLEngine - INFO - smoke
2021-12-17 11:30:04,289 - Main.MLEngine - INFO - smoke
2021-12-17 11:30:04,306 - Main.MLEngine - INFO - smoke
2021-12-17 11:30:04,343 - Main.MLEngine - INFO - smoke
2021-12-17 11:30:04,503 - Main.MLEngine - INFO - smoke
2021-12-17 11:30:04,549 - Main.MLEngine - INFO - smoke
2021-12-17 11:30:04,713 - Main.MLEngine - INFO - smoke
2021-12-17 11:30:04,751 - Main.MLEngine - INFO - smoke
2021-12-17 11:30:04,898 - Main.MLEngine - INFO - smoke
2021-12-17 11:30:05,047 - Main.MLEngine - INFO - smoke
2021-12-17 11:30:05,200 - Main.MLEngine - INFO - smoke
2021-12-17 11:30:05,365 - Main.MLEngine - INFO - smoke
2021-12-17 11:30:05,391 - Main.MLEngine - INFO - smoke
2021-12-17 11:30:05,420 - Main.MLEngine - INFO - smoke
2021-12-17 11:30:05,452 - Main.MLEngine - INFO - smoke
2021-12-17 11:30:05,636 - Main.MLEngine - INFO - smoke
2021-12-17 11:30:05,687 - Main.MLEngine - INFO - smoke
2021-12-17 11:30:05,872 - Main.MLEngine - INFO - smoke
2021-12-17 11:30:06,022 - Main.MLEngine - INFO - smoke
2021-12-17 11:30:06,049 - Main.MLEngine - INFO - smoke
2021-12-17 11:30:06,068 - Main.MLEngine - INFO - smoke
2021-12-17 11:30:06,212 - Main.MLEngine - INFO - smoke
2021-12-17 11:30:06,253 - Main.MLEngine - INFO - smoke
2021-12-17 11:30:06,428 - Main.MLEngine - INFO - smoke
2021-12-17 11:30:06,452 - Main.MLEngine - INFO - smoke
2021-12-17 11:30:06,589 - Main.MLEngine - INFO - smoke
2021-12-17 11:30:06,615 - Main.MLEngine - INFO - smoke
2021-12-17 11:30:06,768 - Main.MLEngine - INFO - smoke
2021-12-17 11:30:06,808 - Main.MLEngine - INFO - smoke
2021-12-17 11:30:06,950 - Main.MLEngine - INFO - smoke
2021-12-17 11:30:06,978 - Main.MLEngine - INFO - smoke
2021-12-17 11:30:07,121 - Main.MLEngine - INFO - smoke
2021-12-17 11:30:07,147 - Main.MLEngine - INFO - smoke
2021-12-17 11:30:07,311 - Main.MLEngine - INFO - smoke
2021-12-17 11:30:07,338 - Main.MLEngine - INFO - smoke
2021-12-17 11:30:07,366 - Main.MLEngine - INFO - smoke
2021-12-17 11:30:07,574 - Main.MLEngine - INFO - smoke
2021-12-17 11:30:07,601 - Main.MLEngine - INFO - smoke
2021-12-17 11:30:07,634 - Main.MLEngine - INFO - smoke
2021-12-17 11:30:07,824 - Main.MLEngine - INFO - smoke
2021-12-17 11:30:07,859 - Main.MLEngine - INFO - smoke
2021-12-17 11:30:07,965 - Main.MLEngine - INFO - smoke
2021-12-17 11:30:08,169 - Main.MLEngine - INFO - smoke
2021-12-17 11:30:08,189 - Main.MLEngine - INFO - smoke
2021-12-17 11:30:08,220 - Main.MLEngine - INFO - smoke
2021-12-17 11:30:08,457 - Main.MLEngine - INFO - smoke
2021-12-17 11:30:08,488 - Main.MLEngine - INFO - smoke
2021-12-17 11:30:08,669 - Main.MLEngine - INFO - smoke
2021-12-17 11:30:08,692 - Main.MLEngine - INFO - smoke
2021-12-17 11:30:08,845 - Main.MLEngine - INFO - smoke
2021-12-17 11:30:08,871 - Main.MLEngine - INFO - smoke
2021-12-17 11:30:09,036 - Main.MLEngine - INFO - smoke
2021-12-17 11:30:09,057 - Main.MLEngine - INFO - smoke
2021-12-17 11:30:09,250 - Main.MLEngine - INFO - smoke
2021-12-17 11:30:09,278 - Main.MLEngine - INFO - smoke
2021-12-17 11:30:09,324 - Main.MLEngine - INFO - smoke
2021-12-17 11:30:09,569 - Main.MLEngine - INFO - smoke
2021-12-17 11:30:44,695 - Main.MLEngine - INFO - smoke
2021-12-17 11:30:46,241 - Main.MLEngine - INFO - smoke
2021-12-17 11:30:46,386 - Main.MLEngine - INFO - smoke
2021-12-17 11:30:46,542 - Main.MLEngine - INFO - smoke
2021-12-17 11:30:46,557 - Main.MLEngine - INFO - smoke
2021-12-17 11:30:46,976 - Main.MLEngine - INFO - smoke
2021-12-17 11:30:47,101 - Main.MLEngine - INFO - smoke
2021-12-17 11:30:47,229 - Main.MLEngine - INFO - smoke
2021-12-17 11:30:47,354 - Main.MLEngine - INFO - smoke
2021-12-17 11:30:48,403 - Main.MLEngine - INFO - smoke
2021-12-17 11:30:48,894 - Main.MLEngine - INFO - smoke
2021-12-17 11:30:49,062 - Main.MLEngine - INFO - smoke
2021-12-17 11:30:50,100 - Main.MLEngine - INFO - smoke
2021-12-17 11:30:50,251 - Main.MLEngine - INFO - smoke
2021-12-17 11:30:51,041 - Main.MLEngine - INFO - smoke
2021-12-17 11:30:51,203 - Main.MLEngine - INFO - smoke
2021-12-17 11:30:51,349 - Main.MLEngine - INFO - smoke
2021-12-17 11:30:51,502 - Main.MLEngine - INFO - smoke
2021-12-17 11:30:51,656 - Main.MLEngine - INFO - smoke
2021-12-17 11:30:51,791 - Main.MLEngine - INFO - smoke
2021-12-17 11:30:51,934 - Main.MLEngine - INFO - smoke
2021-12-17 11:30:52,079 - Main.MLEngine - INFO - smoke
2021-12-17 11:30:52,299 - Main.MLEngine - INFO - smoke
2021-12-17 11:30:52,319 - Main.MLEngine - INFO - smoke
2021-12-17 11:30:52,349 - Main.MLEngine - INFO - smoke
2021-12-17 11:30:52,541 - Main.MLEngine - INFO - smoke
2021-12-17 11:30:52,731 - Main.MLEngine - INFO - smoke
2021-12-17 11:30:52,902 - Main.MLEngine - INFO - smoke
2021-12-17 11:30:53,068 - Main.MLEngine - INFO - smoke
2021-12-17 11:31:18,128 - Main.MLEngine - INFO - smoke
2021-12-17 11:31:18,252 - Main.MLEngine - INFO - smoke
2021-12-17 11:31:18,376 - Main.MLEngine - INFO - smoke
2021-12-17 11:31:18,493 - Main.MLEngine - INFO - smoke
2021-12-17 11:31:18,713 - Main.MLEngine - INFO - smoke
2021-12-17 11:31:18,843 - Main.MLEngine - INFO - smoke
2021-12-17 11:31:19,184 - Main.MLEngine - INFO - smoke
2021-12-17 11:31:19,325 - Main.MLEngine - INFO - smoke
2021-12-17 11:31:19,670 - Main.MLEngine - INFO - smoke
2021-12-17 11:31:19,818 - Main.MLEngine - INFO - smoke
2021-12-17 11:31:19,975 - Main.MLEngine - INFO - smoke
2021-12-17 11:31:20,106 - Main.MLEngine - INFO - smoke
2021-12-17 11:31:20,124 - Main.MLEngine - INFO - smoke
2021-12-17 11:31:20,272 - Main.MLEngine - INFO - smoke
2021-12-17 11:31:20,288 - Main.MLEngine - INFO - smoke
2021-12-17 11:31:20,306 - Main.MLEngine - INFO - smoke
2021-12-17 11:31:20,438 - Main.MLEngine - INFO - smoke
2021-12-17 11:31:20,728 - Main.MLEngine - INFO - smoke
2021-12-17 11:31:20,857 - Main.MLEngine - INFO - smoke
2021-12-17 11:31:20,988 - Main.MLEngine - INFO - smoke
2021-12-17 11:31:21,112 - Main.MLEngine - INFO - smoke
2021-12-17 11:31:21,373 - Main.MLEngine - INFO - smoke
2021-12-17 11:31:22,155 - Main.MLEngine - INFO - smoke
2021-12-17 11:31:22,325 - Main.MLEngine - INFO - smoke
2021-12-17 11:31:22,340 - Main.MLEngine - INFO - smoke
2021-12-17 11:31:22,360 - Main.MLEngine - INFO - smoke
2021-12-17 11:31:22,579 - Main.MLEngine - INFO - smoke
2021-12-17 11:31:22,729 - Main.MLEngine - INFO - smoke
2021-12-17 11:31:22,913 - Main.MLEngine - INFO - smoke
2021-12-17 11:31:23,479 - Main.MLEngine - INFO - smoke
2021-12-17 11:31:23,645 - Main.MLEngine - INFO - smoke
2021-12-17 11:31:23,664 - Main.MLEngine - INFO - smoke
2021-12-17 11:31:23,815 - Main.MLEngine - INFO - smoke
2021-12-17 11:31:23,834 - Main.MLEngine - INFO - smoke
2021-12-17 11:31:24,099 - Main.MLEngine - INFO - smoke
2021-12-17 11:31:24,114 - Main.MLEngine - INFO - smoke
2021-12-17 11:31:24,256 - Main.MLEngine - INFO - smoke
2021-12-17 11:31:24,381 - Main.MLEngine - INFO - smoke
2021-12-17 11:31:24,631 - Main.MLEngine - INFO - smoke
2021-12-17 11:31:24,780 - Main.MLEngine - INFO - smoke
2021-12-17 11:31:24,948 - Main.MLEngine - INFO - smoke
2021-12-17 11:31:25,115 - Main.MLEngine - INFO - smoke
2021-12-17 11:31:25,273 - Main.MLEngine - INFO - smoke
2021-12-17 11:31:25,425 - Main.MLEngine - INFO - smoke
2021-12-17 11:31:25,589 - Main.MLEngine - INFO - smoke
2021-12-17 11:31:25,737 - Main.MLEngine - INFO - smoke
2021-12-17 11:31:25,894 - Main.MLEngine - INFO - smoke
2021-12-17 11:31:26,046 - Main.MLEngine - INFO - smoke
2021-12-17 11:31:26,197 - Main.MLEngine - INFO - smoke
2021-12-17 11:31:26,387 - Main.MLEngine - INFO - smoke
2021-12-17 11:31:26,425 - Main.MLEngine - INFO - smoke
2021-12-17 11:31:26,449 - Main.MLEngine - INFO - smoke
2021-12-17 11:31:26,481 - Main.MLEngine - INFO - smoke
2021-12-17 11:31:26,706 - Main.MLEngine - INFO - smoke
2021-12-17 11:31:26,934 - Main.MLEngine - INFO - smoke
2021-12-17 11:31:27,166 - Main.MLEngine - INFO - smoke
2021-12-17 11:31:27,383 - Main.MLEngine - INFO - smoke
2021-12-17 11:31:27,413 - Main.MLEngine - INFO - smoke
2021-12-17 11:31:27,597 - Main.MLEngine - INFO - smoke
2021-12-17 11:31:27,620 - Main.MLEngine - INFO - smoke
2021-12-17 11:31:27,805 - Main.MLEngine - INFO - smoke
2021-12-17 11:31:27,987 - Main.MLEngine - INFO - smoke
2021-12-17 11:31:28,143 - Main.MLEngine - INFO - smoke
2021-12-17 11:31:28,168 - Main.MLEngine - INFO - smoke
2021-12-17 11:31:28,345 - Main.MLEngine - INFO - smoke
2021-12-17 11:31:28,527 - Main.MLEngine - INFO - smoke
2021-12-17 11:31:28,550 - Main.MLEngine - INFO - smoke
2021-12-17 11:31:28,575 - Main.MLEngine - INFO - smoke
2021-12-17 11:31:28,778 - Main.MLEngine - INFO - smoke
2021-12-17 11:31:28,798 - Main.MLEngine - INFO - smoke
2021-12-17 11:31:29,003 - Main.MLEngine - INFO - smoke
2021-12-17 11:31:29,050 - Main.MLEngine - INFO - smoke
2021-12-17 11:31:29,262 - Main.MLEngine - INFO - smoke
2021-12-17 11:31:29,285 - Main.MLEngine - INFO - smoke
2021-12-17 11:31:29,337 - Main.MLEngine - INFO - smoke
2021-12-17 11:31:29,537 - Main.MLEngine - INFO - smoke
2021-12-17 11:31:29,581 - Main.MLEngine - INFO - smoke
2021-12-17 11:31:29,768 - Main.MLEngine - INFO - smoke
2021-12-17 11:31:29,828 - Main.MLEngine - INFO - smoke
2021-12-17 11:31:30,008 - Main.MLEngine - INFO - smoke
2021-12-17 11:31:30,033 - Main.MLEngine - INFO - smoke
2021-12-17 11:31:30,070 - Main.MLEngine - INFO - smoke
2021-12-17 11:31:30,232 - Main.MLEngine - INFO - smoke
2021-12-17 11:31:30,288 - Main.MLEngine - INFO - smoke
2021-12-17 11:31:30,442 - Main.MLEngine - INFO - smoke
2021-12-17 11:31:30,468 - Main.MLEngine - INFO - smoke
2021-12-17 11:31:30,506 - Main.MLEngine - INFO - smoke
2021-12-17 11:31:30,656 - Main.MLEngine - INFO - smoke
2021-12-17 11:31:30,677 - Main.MLEngine - INFO - smoke
2021-12-17 11:31:30,717 - Main.MLEngine - INFO - smoke
2021-12-17 11:31:30,871 - Main.MLEngine - INFO - smoke
2021-12-17 11:31:30,898 - Main.MLEngine - INFO - smoke
2021-12-17 11:31:31,045 - Main.MLEngine - INFO - smoke
2021-12-17 11:31:31,072 - Main.MLEngine - INFO - smoke
2021-12-17 11:31:31,236 - Main.MLEngine - INFO - smoke
2021-12-17 11:31:31,257 - Main.MLEngine - INFO - smoke
2021-12-17 11:31:31,280 - Main.MLEngine - INFO - smoke
2021-12-17 11:31:31,427 - Main.MLEngine - INFO - smoke
2021-12-17 11:31:31,578 - Main.MLEngine - INFO - smoke
2021-12-17 11:31:31,619 - Main.MLEngine - INFO - smoke
2021-12-17 11:31:31,637 - Main.MLEngine - INFO - smoke
2021-12-17 11:31:31,780 - Main.MLEngine - INFO - smoke
2021-12-17 11:31:31,821 - Main.MLEngine - INFO - smoke
2021-12-17 11:31:31,840 - Main.MLEngine - INFO - smoke
2021-12-17 11:31:31,982 - Main.MLEngine - INFO - smoke
2021-12-17 11:31:32,004 - Main.MLEngine - INFO - smoke
2021-12-17 11:31:32,027 - Main.MLEngine - INFO - smoke
2021-12-17 11:31:32,065 - Main.MLEngine - INFO - smoke
2021-12-17 11:31:32,201 - Main.MLEngine - INFO - smoke
2021-12-17 11:31:32,239 - Main.MLEngine - INFO - smoke
2021-12-17 11:31:32,272 - Main.MLEngine - INFO - smoke
2021-12-17 11:31:32,409 - Main.MLEngine - INFO - smoke
2021-12-17 11:31:32,449 - Main.MLEngine - INFO - smoke
2021-12-17 11:31:32,486 - Main.MLEngine - INFO - smoke
2021-12-17 11:31:32,628 - Main.MLEngine - INFO - smoke
2021-12-17 11:31:32,650 - Main.MLEngine - INFO - smoke
2021-12-17 11:31:32,687 - Main.MLEngine - INFO - smoke
2021-12-17 11:31:32,705 - Main.MLEngine - INFO - smoke
2021-12-17 11:31:32,843 - Main.MLEngine - INFO - smoke
2021-12-17 11:31:32,863 - Main.MLEngine - INFO - smoke
2021-12-17 11:31:32,920 - Main.MLEngine - INFO - smoke
2021-12-17 11:31:33,048 - Main.MLEngine - INFO - smoke
2021-12-17 11:31:33,066 - Main.MLEngine - INFO - smoke
2021-12-17 11:31:33,134 - Main.MLEngine - INFO - smoke
2021-12-17 11:31:33,288 - Main.MLEngine - INFO - smoke
2021-12-17 11:31:33,323 - Main.MLEngine - INFO - smoke
2021-12-17 11:31:33,485 - Main.MLEngine - INFO - smoke
2021-12-17 11:31:33,522 - Main.MLEngine - INFO - smoke
2021-12-17 11:31:33,691 - Main.MLEngine - INFO - smoke
2021-12-17 11:31:33,706 - Main.MLEngine - INFO - smoke
2021-12-17 11:31:33,743 - Main.MLEngine - INFO - smoke
2021-12-17 11:31:33,895 - Main.MLEngine - INFO - smoke
2021-12-17 11:31:33,912 - Main.MLEngine - INFO - smoke
2021-12-17 11:31:33,929 - Main.MLEngine - INFO - smoke
2021-12-17 11:31:33,970 - Main.MLEngine - INFO - smoke
2021-12-17 11:31:34,155 - Main.MLEngine - INFO - smoke
2021-12-17 11:31:34,301 - Main.MLEngine - INFO - smoke
2021-12-17 11:31:34,327 - Main.MLEngine - INFO - smoke
2021-12-17 11:31:34,415 - Main.MLEngine - INFO - smoke
2021-12-17 11:31:34,632 - Main.MLEngine - INFO - smoke
2021-12-17 11:31:34,648 - Main.MLEngine - INFO - smoke
2021-12-17 11:31:34,690 - Main.MLEngine - INFO - smoke
2021-12-17 11:31:34,921 - Main.MLEngine - INFO - smoke
2021-12-17 11:31:34,939 - Main.MLEngine - INFO - smoke
2021-12-17 11:31:34,993 - Main.MLEngine - INFO - smoke
2021-12-17 11:31:35,189 - Main.MLEngine - INFO - smoke
2021-12-17 11:31:35,205 - Main.MLEngine - INFO - smoke
2021-12-17 11:31:35,231 - Main.MLEngine - INFO - smoke
2021-12-17 11:31:35,256 - Main.MLEngine - INFO - smoke
2021-12-17 11:31:35,429 - Main.MLEngine - INFO - smoke
2021-12-17 11:31:35,444 - Main.MLEngine - INFO - smoke
2021-12-17 11:31:35,471 - Main.MLEngine - INFO - smoke
2021-12-17 11:31:35,489 - Main.MLEngine - INFO - smoke
2021-12-17 11:31:35,620 - Main.MLEngine - INFO - smoke
2021-12-17 11:31:35,635 - Main.MLEngine - INFO - smoke
2021-12-17 11:31:35,674 - Main.MLEngine - INFO - smoke
2021-12-17 11:31:35,694 - Main.MLEngine - INFO - smoke
2021-12-17 11:31:35,830 - Main.MLEngine - INFO - smoke
2021-12-17 11:31:35,845 - Main.MLEngine - INFO - smoke
2021-12-17 11:31:35,884 - Main.MLEngine - INFO - smoke
2021-12-17 11:31:36,028 - Main.MLEngine - INFO - smoke
2021-12-17 11:31:36,042 - Main.MLEngine - INFO - smoke
2021-12-17 11:31:36,076 - Main.MLEngine - INFO - smoke
2021-12-17 11:31:36,230 - Main.MLEngine - INFO - smoke
2021-12-17 11:31:36,244 - Main.MLEngine - INFO - smoke
2021-12-17 11:31:36,282 - Main.MLEngine - INFO - smoke
2021-12-17 11:31:36,445 - Main.MLEngine - INFO - smoke
2021-12-17 11:31:36,509 - Main.MLEngine - INFO - smoke
2021-12-17 11:31:36,528 - Main.MLEngine - INFO - smoke
2021-12-17 11:31:36,663 - Main.MLEngine - INFO - smoke
2021-12-17 11:31:36,724 - Main.MLEngine - INFO - smoke
2021-12-17 11:31:36,741 - Main.MLEngine - INFO - smoke
2021-12-17 11:31:36,758 - Main.MLEngine - INFO - smoke
2021-12-17 11:31:36,921 - Main.MLEngine - INFO - smoke
2021-12-17 11:31:36,974 - Main.MLEngine - INFO - smoke
2021-12-17 11:31:36,992 - Main.MLEngine - INFO - smoke
2021-12-17 11:31:37,133 - Main.MLEngine - INFO - smoke
2021-12-17 11:31:37,195 - Main.MLEngine - INFO - smoke
2021-12-17 11:31:37,357 - Main.MLEngine - INFO - smoke
2021-12-17 11:31:37,420 - Main.MLEngine - INFO - smoke
2021-12-17 11:31:37,445 - Main.MLEngine - INFO - smoke
2021-12-17 11:31:37,616 - Main.MLEngine - INFO - smoke
2021-12-17 11:31:37,632 - Main.MLEngine - INFO - smoke
2021-12-17 11:31:37,770 - Main.MLEngine - INFO - smoke
2021-12-17 11:31:37,924 - Main.MLEngine - INFO - smoke
2021-12-17 11:31:38,103 - Main.MLEngine - INFO - smoke
2021-12-17 11:31:38,233 - Main.MLEngine - INFO - smoke
2021-12-17 11:31:38,267 - Main.MLEngine - INFO - smoke
2021-12-17 11:31:38,399 - Main.MLEngine - INFO - smoke
2021-12-17 11:31:38,435 - Main.MLEngine - INFO - smoke
2021-12-17 11:31:38,598 - Main.MLEngine - INFO - smoke
2021-12-17 11:31:39,414 - Main.MLEngine - INFO - smoke
2021-12-17 11:31:39,622 - Main.MLEngine - INFO - smoke
2021-12-17 11:31:39,660 - Main.MLEngine - INFO - smoke
2021-12-17 11:31:39,683 - Main.MLEngine - INFO - smoke
2021-12-17 11:31:39,897 - Main.MLEngine - INFO - smoke
2021-12-17 11:31:40,146 - Main.MLEngine - INFO - smoke
2021-12-17 11:31:40,169 - Main.MLEngine - INFO - smoke
2021-12-17 11:31:40,343 - Main.MLEngine - INFO - smoke
2021-12-17 11:31:40,364 - Main.MLEngine - INFO - smoke
2021-12-17 11:31:40,517 - Main.MLEngine - INFO - smoke
2021-12-17 11:31:40,537 - Main.MLEngine - INFO - smoke
2021-12-17 11:31:40,682 - Main.MLEngine - INFO - smoke
2021-12-17 11:31:40,703 - Main.MLEngine - INFO - smoke
2021-12-17 11:31:40,837 - Main.MLEngine - INFO - smoke
2021-12-17 11:31:40,859 - Main.MLEngine - INFO - smoke
2021-12-17 11:31:41,013 - Main.MLEngine - INFO - smoke
2021-12-17 11:31:41,048 - Main.MLEngine - INFO - smoke
2021-12-17 11:31:41,189 - Main.MLEngine - INFO - smoke
2021-12-17 11:31:41,212 - Main.MLEngine - INFO - smoke
2021-12-17 11:31:41,340 - Main.MLEngine - INFO - smoke
2021-12-17 11:31:41,379 - Main.MLEngine - INFO - smoke
2021-12-17 11:31:41,526 - Main.MLEngine - INFO - smoke
2021-12-17 11:31:41,561 - Main.MLEngine - INFO - smoke
2021-12-17 11:31:41,721 - Main.MLEngine - INFO - smoke
2021-12-17 11:31:41,768 - Main.MLEngine - INFO - smoke
2021-12-17 11:31:41,913 - Main.MLEngine - INFO - smoke
2021-12-17 11:31:42,072 - Main.MLEngine - INFO - smoke
2021-12-17 11:31:42,094 - Main.MLEngine - INFO - smoke
2021-12-17 11:31:42,224 - Main.MLEngine - INFO - smoke
2021-12-17 11:31:42,258 - Main.MLEngine - INFO - smoke
2021-12-17 11:31:42,397 - Main.MLEngine - INFO - smoke
2021-12-17 11:31:42,533 - Main.MLEngine - INFO - smoke
2021-12-17 11:31:42,686 - Main.MLEngine - INFO - smoke
2021-12-17 11:31:42,842 - Main.MLEngine - INFO - smoke
2021-12-17 11:31:42,999 - Main.MLEngine - INFO - smoke
2021-12-17 11:31:43,153 - Main.MLEngine - INFO - smoke
2021-12-17 11:31:43,175 - Main.MLEngine - INFO - smoke
2021-12-17 11:31:43,193 - Main.MLEngine - INFO - smoke
2021-12-17 11:31:43,326 - Main.MLEngine - INFO - smoke
2021-12-17 11:31:43,347 - Main.MLEngine - INFO - smoke
2021-12-17 11:31:43,365 - Main.MLEngine - INFO - smoke
2021-12-17 11:31:43,490 - Main.MLEngine - INFO - smoke
2021-12-17 11:31:43,513 - Main.MLEngine - INFO - smoke
2021-12-17 11:31:43,549 - Main.MLEngine - INFO - smoke
2021-12-17 11:31:43,690 - Main.MLEngine - INFO - smoke
2021-12-17 11:31:43,719 - Main.MLEngine - INFO - smoke
2021-12-17 11:31:43,847 - Main.MLEngine - INFO - smoke
2021-12-17 11:31:43,869 - Main.MLEngine - INFO - smoke
2021-12-17 11:31:44,021 - Main.MLEngine - INFO - smoke
2021-12-17 11:31:44,041 - Main.MLEngine - INFO - smoke
2021-12-17 11:31:44,063 - Main.MLEngine - INFO - smoke
2021-12-17 11:31:44,082 - Main.MLEngine - INFO - smoke
2021-12-17 11:31:44,210 - Main.MLEngine - INFO - smoke
2021-12-17 11:31:44,231 - Main.MLEngine - INFO - smoke
2021-12-17 11:31:44,265 - Main.MLEngine - INFO - smoke
2021-12-17 11:31:44,387 - Main.MLEngine - INFO - smoke
2021-12-17 11:31:44,404 - Main.MLEngine - INFO - smoke
2021-12-17 11:31:44,427 - Main.MLEngine - INFO - smoke
2021-12-17 11:31:44,577 - Main.MLEngine - INFO - smoke
2021-12-17 11:31:44,725 - Main.MLEngine - INFO - smoke
2021-12-17 11:31:44,744 - Main.MLEngine - INFO - smoke
2021-12-17 11:31:44,765 - Main.MLEngine - INFO - smoke
2021-12-17 11:31:44,928 - Main.MLEngine - INFO - smoke
2021-12-17 11:31:45,054 - Main.MLEngine - INFO - smoke
2021-12-17 11:31:45,180 - Main.MLEngine - INFO - smoke
2021-12-17 11:31:45,219 - Main.MLEngine - INFO - smoke
2021-12-17 11:31:45,344 - Main.MLEngine - INFO - smoke
2021-12-17 11:31:45,392 - Main.MLEngine - INFO - smoke
2021-12-17 11:31:45,514 - Main.MLEngine - INFO - smoke
2021-12-17 11:31:45,557 - Main.MLEngine - INFO - smoke
2021-12-17 11:31:45,776 - Main.MLEngine - INFO - smoke
2021-12-17 11:31:45,812 - Main.MLEngine - INFO - smoke
2021-12-17 11:31:45,856 - Main.MLEngine - INFO - smoke
2021-12-17 11:31:45,883 - Main.MLEngine - INFO - smoke
2021-12-17 11:31:46,034 - Main.MLEngine - INFO - smoke
2021-12-17 11:31:46,053 - Main.MLEngine - INFO - smoke
2021-12-17 11:31:46,243 - Main.MLEngine - INFO - smoke
2021-12-17 11:31:46,321 - Main.MLEngine - INFO - smoke
2021-12-17 11:31:46,454 - Main.MLEngine - INFO - smoke
2021-12-17 11:31:46,643 - Main.MLEngine - INFO - smoke
2021-12-17 11:31:46,811 - Main.MLEngine - INFO - smoke
2021-12-17 11:31:46,833 - Main.MLEngine - INFO - smoke
2021-12-17 11:31:46,877 - Main.MLEngine - INFO - smoke
2021-12-17 11:31:47,037 - Main.MLEngine - INFO - smoke
2021-12-17 11:31:47,215 - Main.MLEngine - INFO - smoke
2021-12-17 11:31:47,384 - Main.MLEngine - INFO - smoke
2021-12-17 11:31:47,403 - Main.MLEngine - INFO - smoke
2021-12-17 11:31:47,458 - Main.MLEngine - INFO - smoke
2021-12-17 11:31:47,593 - Main.MLEngine - INFO - smoke
2021-12-17 11:31:47,607 - Main.MLEngine - INFO - smoke
2021-12-17 11:31:47,641 - Main.MLEngine - INFO - smoke
2021-12-17 11:31:47,663 - Main.MLEngine - INFO - smoke
2021-12-17 11:31:47,833 - Main.MLEngine - INFO - smoke
2021-12-17 11:31:47,871 - Main.MLEngine - INFO - smoke
2021-12-17 11:31:48,010 - Main.MLEngine - INFO - smoke
2021-12-17 11:31:48,035 - Main.MLEngine - INFO - smoke
2021-12-17 11:31:48,054 - Main.MLEngine - INFO - smoke
2021-12-17 11:31:48,192 - Main.MLEngine - INFO - smoke
2021-12-17 11:31:48,210 - Main.MLEngine - INFO - smoke
2021-12-17 11:31:48,234 - Main.MLEngine - INFO - smoke
2021-12-17 11:31:48,252 - Main.MLEngine - INFO - smoke
2021-12-17 11:31:48,395 - Main.MLEngine - INFO - smoke
2021-12-17 11:31:48,418 - Main.MLEngine - INFO - smoke
2021-12-17 11:31:48,452 - Main.MLEngine - INFO - smoke
2021-12-17 11:31:48,471 - Main.MLEngine - INFO - smoke
2021-12-17 11:31:48,610 - Main.MLEngine - INFO - smoke
2021-12-17 11:31:48,629 - Main.MLEngine - INFO - smoke
2021-12-17 11:31:48,649 - Main.MLEngine - INFO - smoke
2021-12-17 11:31:48,668 - Main.MLEngine - INFO - smoke
2021-12-17 11:31:48,687 - Main.MLEngine - INFO - smoke
2021-12-17 11:31:48,850 - Main.MLEngine - INFO - smoke
2021-12-17 11:31:48,875 - Main.MLEngine - INFO - smoke
2021-12-17 11:31:49,016 - Main.MLEngine - INFO - smoke
2021-12-17 11:31:49,056 - Main.MLEngine - INFO - smoke
2021-12-17 11:31:49,209 - Main.MLEngine - INFO - smoke
2021-12-17 11:31:49,236 - Main.MLEngine - INFO - smoke
2021-12-17 11:31:49,394 - Main.MLEngine - INFO - smoke
2021-12-17 11:31:49,432 - Main.MLEngine - INFO - smoke
2021-12-17 11:31:49,586 - Main.MLEngine - INFO - smoke
2021-12-17 11:31:49,624 - Main.MLEngine - INFO - smoke
2021-12-17 11:31:49,793 - Main.MLEngine - INFO - smoke
2021-12-17 11:31:49,832 - Main.MLEngine - INFO - smoke
2021-12-17 11:31:49,998 - Main.MLEngine - INFO - smoke
2021-12-17 11:31:50,022 - Main.MLEngine - INFO - smoke
2021-12-17 11:31:50,203 - Main.MLEngine - INFO - smoke
2021-12-17 11:31:50,229 - Main.MLEngine - INFO - smoke
2021-12-17 11:31:50,497 - Main.MLEngine - INFO - smoke
2021-12-17 11:31:50,529 - Main.MLEngine - INFO - smoke
2021-12-17 11:31:50,794 - Main.MLEngine - INFO - smoke
2021-12-17 11:31:50,827 - Main.MLEngine - INFO - smoke
2021-12-17 11:31:51,076 - Main.MLEngine - INFO - smoke
2021-12-17 11:31:51,105 - Main.MLEngine - INFO - smoke
2021-12-17 11:31:51,256 - Main.MLEngine - INFO - smoke
2021-12-17 11:31:51,279 - Main.MLEngine - INFO - smoke
2021-12-17 11:31:51,309 - Main.MLEngine - INFO - smoke
2021-12-17 11:31:51,441 - Main.MLEngine - INFO - smoke
2021-12-17 11:31:51,591 - Main.MLEngine - INFO - smoke
2021-12-17 11:31:51,740 - Main.MLEngine - INFO - smoke
2021-12-17 11:31:51,900 - Main.MLEngine - INFO - smoke
2021-12-17 11:31:51,939 - Main.MLEngine - INFO - smoke
2021-12-17 11:31:52,083 - Main.MLEngine - INFO - smoke
2021-12-17 11:31:52,122 - Main.MLEngine - INFO - smoke
2021-12-17 11:31:52,251 - Main.MLEngine - INFO - smoke
2021-12-17 11:31:52,276 - Main.MLEngine - INFO - smoke
2021-12-17 11:31:52,419 - Main.MLEngine - INFO - smoke
2021-12-17 11:31:52,594 - Main.MLEngine - INFO - smoke
2021-12-17 11:31:52,769 - Main.MLEngine - INFO - smoke
2021-12-17 11:31:52,930 - Main.MLEngine - INFO - smoke
2021-12-17 11:37:57,744 - Main.MLEngine - INFO - fire
2021-12-17 11:37:57,943 - Main.MLEngine - INFO - smoke
2021-12-17 11:37:57,984 - Main.MLEngine - INFO - smoke
2021-12-17 11:37:58,002 - Main.MLEngine - INFO - smoke
2021-12-17 11:37:58,053 - Main.MLEngine - INFO - smoke
2021-12-17 11:37:58,069 - Main.MLEngine - INFO - smoke
2021-12-17 11:37:58,086 - Main.MLEngine - INFO - smoke
2021-12-17 11:37:58,120 - Main.MLEngine - INFO - smoke
2021-12-17 11:37:58,138 - Main.MLEngine - INFO - smoke
2021-12-17 11:37:58,155 - Main.MLEngine - INFO - smoke
2021-12-17 11:37:58,190 - Main.MLEngine - INFO - smoke
2021-12-17 11:37:58,319 - Main.MLEngine - INFO - smoke
2021-12-17 11:37:58,336 - Main.MLEngine - INFO - smoke
2021-12-17 11:37:58,370 - Main.MLEngine - INFO - smoke
2021-12-17 11:37:58,419 - Main.MLEngine - INFO - smoke
2021-12-17 11:37:58,518 - Main.MLEngine - INFO - smoke
2021-12-17 11:37:58,551 - Main.MLEngine - INFO - smoke
2021-12-17 11:37:58,621 - Main.MLEngine - INFO - fire
2021-12-17 11:37:58,657 - Main.MLEngine - INFO - fire
2021-12-17 11:37:58,693 - Main.MLEngine - INFO - smoke
2021-12-17 11:37:58,741 - Main.MLEngine - INFO - smoke
2021-12-17 11:37:58,890 - Main.MLEngine - INFO - smoke
2021-12-17 11:37:58,917 - Main.MLEngine - INFO - smoke
2021-12-17 11:37:58,951 - Main.MLEngine - INFO - smoke
2021-12-17 11:37:58,986 - Main.MLEngine - INFO - smoke
2021-12-17 11:37:59,004 - Main.MLEngine - INFO - smoke
2021-12-17 11:37:59,020 - Main.MLEngine - INFO - smoke
2021-12-17 11:37:59,039 - Main.MLEngine - INFO - smoke
2021-12-17 11:37:59,088 - Main.MLEngine - INFO - smoke
2021-12-17 11:37:59,105 - Main.MLEngine - INFO - smoke
2021-12-17 11:37:59,138 - Main.MLEngine - INFO - smoke
2021-12-17 11:37:59,156 - Main.MLEngine - INFO - smoke
2021-12-17 11:37:59,217 - Main.MLEngine - INFO - fire
2021-12-17 11:37:59,265 - Main.MLEngine - INFO - fire
2021-12-17 11:37:59,286 - Main.MLEngine - INFO - fire
2021-12-17 11:37:59,305 - Main.MLEngine - INFO - fire
2021-12-17 11:37:59,322 - Main.MLEngine - INFO - fire
2021-12-17 11:37:59,340 - Main.MLEngine - INFO - smoke
2021-12-17 11:37:59,368 - Main.MLEngine - INFO - smoke
2021-12-17 11:37:59,406 - Main.MLEngine - INFO - smoke
2021-12-17 11:37:59,527 - Main.MLEngine - INFO - smoke
2021-12-17 11:37:59,542 - Main.MLEngine - INFO - smoke
2021-12-17 11:37:59,574 - Main.MLEngine - INFO - smoke
2021-12-17 11:37:59,590 - Main.MLEngine - INFO - smoke
2021-12-17 11:37:59,624 - Main.MLEngine - INFO - smoke
2021-12-17 11:37:59,641 - Main.MLEngine - INFO - smoke
2021-12-17 11:37:59,691 - Main.MLEngine - INFO - smoke
2021-12-17 11:37:59,706 - Main.MLEngine - INFO - smoke
2021-12-17 11:37:59,722 - Main.MLEngine - INFO - smoke
2021-12-17 11:37:59,739 - Main.MLEngine - INFO - smoke
2021-12-17 11:37:59,760 - Main.MLEngine - INFO - smoke
2021-12-17 11:37:59,797 - Main.MLEngine - INFO - smoke
2021-12-17 11:37:59,840 - Main.MLEngine - INFO - fire
2021-12-17 11:37:59,884 - Main.MLEngine - INFO - fire
2021-12-17 11:37:59,906 - Main.MLEngine - INFO - fire
2021-12-17 11:37:59,936 - Main.MLEngine - INFO - smoke
2021-12-17 11:38:00,080 - Main.MLEngine - INFO - smoke
2021-12-17 11:38:00,134 - Main.MLEngine - INFO - smoke
2021-12-17 11:38:00,149 - Main.MLEngine - INFO - smoke
2021-12-17 11:38:00,166 - Main.MLEngine - INFO - smoke
2021-12-17 11:38:00,185 - Main.MLEngine - INFO - smoke
2021-12-17 11:38:00,205 - Main.MLEngine - INFO - smoke
2021-12-17 11:38:00,239 - Main.MLEngine - INFO - smoke
2021-12-17 11:38:00,288 - Main.MLEngine - INFO - smoke
2021-12-17 11:38:00,318 - Main.MLEngine - INFO - smoke
2021-12-17 11:38:00,334 - Main.MLEngine - INFO - fire
2021-12-17 11:38:00,353 - Main.MLEngine - INFO - fire
2021-12-17 11:38:00,388 - Main.MLEngine - INFO - fire
2021-12-17 11:38:00,433 - Main.MLEngine - INFO - fire
2021-12-17 11:38:00,450 - Main.MLEngine - INFO - fire
2021-12-17 11:38:00,467 - Main.MLEngine - INFO - fire
2021-12-17 11:38:00,487 - Main.MLEngine - INFO - fire
2021-12-17 11:38:00,506 - Main.MLEngine - INFO - fire
2021-12-17 11:38:00,525 - Main.MLEngine - INFO - smoke
2021-12-17 11:38:00,744 - Main.MLEngine - INFO - smoke
2021-12-17 11:38:00,760 - Main.MLEngine - INFO - smoke
2021-12-17 11:38:00,779 - Main.MLEngine - INFO - smoke
2021-12-17 11:38:00,832 - Main.MLEngine - INFO - smoke
2021-12-17 11:38:00,851 - Main.MLEngine - INFO - smoke
2021-12-17 11:38:00,883 - Main.MLEngine - INFO - smoke
2021-12-17 11:38:00,914 - Main.MLEngine - INFO - fire
2021-12-17 11:38:00,937 - Main.MLEngine - INFO - smoke
2021-12-17 11:38:00,972 - Main.MLEngine - INFO - fire
2021-12-17 11:38:00,990 - Main.MLEngine - INFO - fire
2021-12-17 11:38:01,023 - Main.MLEngine - INFO - fire
2021-12-17 11:38:01,040 - Main.MLEngine - INFO - fire
2021-12-17 11:38:01,163 - Main.MLEngine - INFO - smoke
2021-12-17 11:38:01,192 - Main.MLEngine - INFO - smoke
2021-12-17 11:38:01,208 - Main.MLEngine - INFO - smoke
2021-12-17 11:38:01,241 - Main.MLEngine - INFO - smoke
2021-12-17 11:38:01,258 - Main.MLEngine - INFO - fire
2021-12-17 11:38:01,275 - Main.MLEngine - INFO - fire
2021-12-17 11:38:01,307 - Main.MLEngine - INFO - fire
2021-12-17 11:38:01,325 - Main.MLEngine - INFO - fire
2021-12-17 11:38:01,342 - Main.MLEngine - INFO - fire
2021-12-17 11:38:01,359 - Main.MLEngine - INFO - fire
2021-12-17 11:38:01,512 - Main.MLEngine - INFO - fire
2021-12-17 11:38:01,548 - Main.MLEngine - INFO - fire
2021-12-17 11:38:01,586 - Main.MLEngine - INFO - fire
2021-12-17 11:38:01,605 - Main.MLEngine - INFO - fire
2021-12-17 11:38:01,624 - Main.MLEngine - INFO - fire
2021-12-17 11:38:01,662 - Main.MLEngine - INFO - smoke
2021-12-17 11:38:01,781 - Main.MLEngine - INFO - smoke
2021-12-17 11:38:01,796 - Main.MLEngine - INFO - smoke
2021-12-17 11:38:01,829 - Main.MLEngine - INFO - smoke
2021-12-17 11:38:01,861 - Main.MLEngine - INFO - smoke
2021-12-17 11:38:01,878 - Main.MLEngine - INFO - smoke
2021-12-17 11:38:01,897 - Main.MLEngine - INFO - fire
2021-12-17 11:38:01,916 - Main.MLEngine - INFO - smoke
2021-12-17 11:38:01,937 - Main.MLEngine - INFO - fire
2021-12-17 11:38:01,974 - Main.MLEngine - INFO - fire
2021-12-17 11:38:01,992 - Main.MLEngine - INFO - fire
2021-12-17 11:38:02,009 - Main.MLEngine - INFO - fire
2021-12-17 11:38:02,028 - Main.MLEngine - INFO - smoke
2021-12-17 11:38:02,046 - Main.MLEngine - INFO - fire
2021-12-17 11:38:02,172 - Main.MLEngine - INFO - smoke
2021-12-17 11:38:02,189 - Main.MLEngine - INFO - smoke
2021-12-17 11:38:02,208 - Main.MLEngine - INFO - smoke
2021-12-17 11:38:02,226 - Main.MLEngine - INFO - smoke
2021-12-17 11:38:02,245 - Main.MLEngine - INFO - smoke
2021-12-17 11:38:02,279 - Main.MLEngine - INFO - smoke
2021-12-17 11:38:02,366 - Main.MLEngine - INFO - fire
2021-12-17 11:38:02,390 - Main.MLEngine - INFO - fire
2021-12-17 11:38:02,407 - Main.MLEngine - INFO - fire
2021-12-17 11:38:02,427 - Main.MLEngine - INFO - smoke
2021-12-17 11:38:02,444 - Main.MLEngine - INFO - fire
2021-12-17 11:38:02,566 - Main.MLEngine - INFO - smoke
2021-12-17 11:38:02,645 - Main.MLEngine - INFO - smoke
2021-12-17 11:38:02,790 - Main.MLEngine - INFO - smoke
2021-12-17 11:38:02,809 - Main.MLEngine - INFO - smoke
2021-12-17 11:38:02,828 - Main.MLEngine - INFO - smoke
2021-12-17 11:38:02,845 - Main.MLEngine - INFO - smoke
2021-12-17 11:38:02,864 - Main.MLEngine - INFO - smoke
2021-12-17 11:38:02,884 - Main.MLEngine - INFO - smoke
2021-12-17 11:38:02,921 - Main.MLEngine - INFO - smoke
2021-12-17 11:38:02,941 - Main.MLEngine - INFO - fire
2021-12-17 11:38:02,961 - Main.MLEngine - INFO - fire
2021-12-17 11:38:02,977 - Main.MLEngine - INFO - fire
2021-12-17 11:38:02,994 - Main.MLEngine - INFO - fire
2021-12-17 11:38:03,010 - Main.MLEngine - INFO - smoke
2021-12-17 11:38:03,028 - Main.MLEngine - INFO - fire
2021-12-17 11:38:03,048 - Main.MLEngine - INFO - smoke
2021-12-17 11:38:03,174 - Main.MLEngine - INFO - smoke
2021-12-17 11:38:03,188 - Main.MLEngine - INFO - smoke
2021-12-17 11:38:03,279 - Main.MLEngine - INFO - smoke
2021-12-17 11:38:03,309 - Main.MLEngine - INFO - smoke
2021-12-17 11:38:03,329 - Main.MLEngine - INFO - smoke
2021-12-17 11:38:03,361 - Main.MLEngine - INFO - fire
2021-12-17 11:38:03,393 - Main.MLEngine - INFO - fire
2021-12-17 11:38:03,413 - Main.MLEngine - INFO - fire
2021-12-17 11:38:03,432 - Main.MLEngine - INFO - smoke
2021-12-17 11:38:03,453 - Main.MLEngine - INFO - fire
2021-12-17 11:38:03,472 - Main.MLEngine - INFO - smoke
2021-12-17 11:38:03,500 - Main.MLEngine - INFO - smoke
2021-12-17 11:38:03,638 - Main.MLEngine - INFO - smoke
2021-12-17 11:38:03,669 - Main.MLEngine - INFO - smoke
2021-12-17 11:38:03,703 - Main.MLEngine - INFO - smoke
2021-12-17 11:38:03,724 - Main.MLEngine - INFO - smoke
2021-12-17 11:38:03,760 - Main.MLEngine - INFO - smoke
2021-12-17 11:38:03,777 - Main.MLEngine - INFO - smoke
2021-12-17 11:38:03,812 - Main.MLEngine - INFO - smoke
2021-12-17 11:38:03,844 - Main.MLEngine - INFO - smoke
2021-12-17 11:38:03,864 - Main.MLEngine - INFO - fire
2021-12-17 11:38:03,924 - Main.MLEngine - INFO - fire
2021-12-17 11:38:03,950 - Main.MLEngine - INFO - fire
2021-12-17 11:38:03,985 - Main.MLEngine - INFO - fire
2021-12-17 11:38:04,023 - Main.MLEngine - INFO - fire
2021-12-17 11:38:04,061 - Main.MLEngine - INFO - fire
2021-12-17 11:38:04,083 - Main.MLEngine - INFO - fire
2021-12-17 11:38:04,105 - Main.MLEngine - INFO - fire
2021-12-17 11:38:04,125 - Main.MLEngine - INFO - fire
2021-12-17 11:38:04,324 - Main.MLEngine - INFO - smoke
2021-12-17 11:38:04,378 - Main.MLEngine - INFO - smoke
2021-12-17 11:38:04,405 - Main.MLEngine - INFO - smoke
2021-12-17 11:38:04,433 - Main.MLEngine - INFO - smoke
2021-12-17 11:38:04,464 - Main.MLEngine - INFO - smoke
2021-12-17 11:38:04,632 - Main.MLEngine - INFO - smoke
2021-12-17 11:38:04,694 - Main.MLEngine - INFO - fire
2021-12-17 11:38:04,757 - Main.MLEngine - INFO - fire
2021-12-17 11:38:04,796 - Main.MLEngine - INFO - fire
2021-12-17 11:38:04,822 - Main.MLEngine - INFO - fire
2021-12-17 11:38:04,855 - Main.MLEngine - INFO - fire
2021-12-17 11:38:05,106 - Main.MLEngine - INFO - smoke
2021-12-17 11:38:05,130 - Main.MLEngine - INFO - smoke
2021-12-17 11:38:05,152 - Main.MLEngine - INFO - smoke
2021-12-17 11:38:05,180 - Main.MLEngine - INFO - smoke
2021-12-17 11:38:05,200 - Main.MLEngine - INFO - smoke
2021-12-17 11:38:05,232 - Main.MLEngine - INFO - smoke
2021-12-17 11:38:05,261 - Main.MLEngine - INFO - smoke
2021-12-17 11:38:05,304 - Main.MLEngine - INFO - fire
2021-12-17 11:38:05,326 - Main.MLEngine - INFO - fire
2021-12-17 11:38:05,347 - Main.MLEngine - INFO - fire
2021-12-17 11:38:05,381 - Main.MLEngine - INFO - fire
2021-12-17 11:38:05,427 - Main.MLEngine - INFO - fire
2021-12-17 11:38:05,447 - Main.MLEngine - INFO - fire
2021-12-17 11:38:05,470 - Main.MLEngine - INFO - fire
2021-12-17 11:38:05,533 - Main.MLEngine - INFO - smoke
2021-12-17 11:38:05,684 - Main.MLEngine - INFO - smoke
2021-12-17 11:38:05,704 - Main.MLEngine - INFO - smoke
2021-12-17 11:38:05,741 - Main.MLEngine - INFO - smoke
2021-12-17 11:38:05,761 - Main.MLEngine - INFO - smoke
2021-12-17 11:38:05,796 - Main.MLEngine - INFO - fire
2021-12-17 11:38:05,813 - Main.MLEngine - INFO - fire
2021-12-17 11:38:05,830 - Main.MLEngine - INFO - fire
2021-12-17 11:38:05,879 - Main.MLEngine - INFO - fire
2021-12-17 11:38:05,900 - Main.MLEngine - INFO - fire
2021-12-17 11:38:05,918 - Main.MLEngine - INFO - fire
2021-12-17 11:38:05,936 - Main.MLEngine - INFO - fire
2021-12-17 11:38:06,074 - Main.MLEngine - INFO - smoke
2021-12-17 11:38:06,091 - Main.MLEngine - INFO - smoke
2021-12-17 11:38:06,143 - Main.MLEngine - INFO - smoke
2021-12-17 11:38:06,189 - Main.MLEngine - INFO - smoke
2021-12-17 11:38:06,224 - Main.MLEngine - INFO - smoke
2021-12-17 11:38:06,246 - Main.MLEngine - INFO - smoke
2021-12-17 11:38:06,264 - Main.MLEngine - INFO - smoke
2021-12-17 11:38:06,288 - Main.MLEngine - INFO - fire
2021-12-17 11:38:06,347 - Main.MLEngine - INFO - fire
2021-12-17 11:38:06,361 - Main.MLEngine - INFO - fire
2021-12-17 11:38:06,380 - Main.MLEngine - INFO - fire
2021-12-17 11:38:06,401 - Main.MLEngine - INFO - fire
2021-12-17 11:38:06,614 - Main.MLEngine - INFO - smoke
2021-12-17 11:38:06,630 - Main.MLEngine - INFO - smoke
2021-12-17 11:38:06,647 - Main.MLEngine - INFO - smoke
2021-12-17 11:38:06,664 - Main.MLEngine - INFO - smoke
2021-12-17 11:38:06,684 - Main.MLEngine - INFO - smoke
2021-12-17 11:38:06,734 - Main.MLEngine - INFO - fire
2021-12-17 11:38:06,751 - Main.MLEngine - INFO - fire
2021-12-17 11:38:06,768 - Main.MLEngine - INFO - fire
2021-12-17 11:38:06,796 - Main.MLEngine - INFO - fire
2021-12-17 11:38:06,815 - Main.MLEngine - INFO - fire
2021-12-17 11:38:06,872 - Main.MLEngine - INFO - smoke
2021-12-17 11:38:07,024 - Main.MLEngine - INFO - smoke
2021-12-17 11:38:07,042 - Main.MLEngine - INFO - smoke
2021-12-17 11:38:07,065 - Main.MLEngine - INFO - smoke
2021-12-17 11:38:07,084 - Main.MLEngine - INFO - smoke
2021-12-17 11:38:07,101 - Main.MLEngine - INFO - smoke
2021-12-17 11:38:07,144 - Main.MLEngine - INFO - smoke
2021-12-17 11:38:07,174 - Main.MLEngine - INFO - fire
2021-12-17 11:38:07,238 - Main.MLEngine - INFO - fire
2021-12-17 11:38:07,252 - Main.MLEngine - INFO - fire
2021-12-17 11:38:07,285 - Main.MLEngine - INFO - fire
2021-12-17 11:38:07,309 - Main.MLEngine - INFO - fire
2021-12-17 11:38:07,458 - Main.MLEngine - INFO - smoke
2021-12-17 11:38:07,492 - Main.MLEngine - INFO - smoke
2021-12-17 11:38:07,514 - Main.MLEngine - INFO - smoke
2021-12-17 11:38:07,532 - Main.MLEngine - INFO - smoke
2021-12-17 11:38:07,551 - Main.MLEngine - INFO - smoke
2021-12-17 11:38:07,571 - Main.MLEngine - INFO - smoke
2021-12-17 11:38:07,611 - Main.MLEngine - INFO - smoke
2021-12-17 11:38:07,648 - Main.MLEngine - INFO - smoke
2021-12-17 11:38:07,667 - Main.MLEngine - INFO - smoke
2021-12-17 11:38:07,699 - Main.MLEngine - INFO - smoke
2021-12-17 11:38:07,717 - Main.MLEngine - INFO - smoke
2021-12-17 11:38:07,736 - Main.MLEngine - INFO - smoke
2021-12-17 11:38:07,762 - Main.MLEngine - INFO - fire
2021-12-17 11:38:07,795 - Main.MLEngine - INFO - smoke
2021-12-17 11:38:07,816 - Main.MLEngine - INFO - smoke
2021-12-17 11:38:07,859 - Main.MLEngine - INFO - fire
2021-12-17 11:38:07,879 - Main.MLEngine - INFO - smoke
2021-12-17 11:38:07,896 - Main.MLEngine - INFO - smoke
2021-12-17 11:38:07,931 - Main.MLEngine - INFO - fire
2021-12-17 11:38:07,948 - Main.MLEngine - INFO - smoke
2021-12-17 11:38:07,967 - Main.MLEngine - INFO - fire
2021-12-17 11:38:08,014 - Main.MLEngine - INFO - smoke
2021-12-17 11:38:08,083 - Main.MLEngine - INFO - smoke
2021-12-17 11:38:08,214 - Main.MLEngine - INFO - smoke
2021-12-17 11:38:08,234 - Main.MLEngine - INFO - smoke
2021-12-17 11:38:08,265 - Main.MLEngine - INFO - smoke
2021-12-17 11:38:08,310 - Main.MLEngine - INFO - smoke
2021-12-17 11:38:08,329 - Main.MLEngine - INFO - smoke
2021-12-17 11:38:08,349 - Main.MLEngine - INFO - smoke
2021-12-17 11:38:08,375 - Main.MLEngine - INFO - smoke
2021-12-17 11:38:08,395 - Main.MLEngine - INFO - smoke
2021-12-17 11:38:08,413 - Main.MLEngine - INFO - smoke
2021-12-17 11:38:08,431 - Main.MLEngine - INFO - smoke
2021-12-17 11:38:08,464 - Main.MLEngine - INFO - smoke
2021-12-17 11:38:08,483 - Main.MLEngine - INFO - smoke
2021-12-17 11:38:08,516 - Main.MLEngine - INFO - smoke
2021-12-17 11:38:08,536 - Main.MLEngine - INFO - smoke
2021-12-17 11:38:08,561 - Main.MLEngine - INFO - fire
2021-12-17 11:38:08,631 - Main.MLEngine - INFO - fire
2021-12-17 11:38:08,680 - Main.MLEngine - INFO - fire
2021-12-17 11:38:08,698 - Main.MLEngine - INFO - smoke
2021-12-17 11:38:08,717 - Main.MLEngine - INFO - fire
2021-12-17 11:38:08,736 - Main.MLEngine - INFO - fire
2021-12-17 11:38:08,782 - Main.MLEngine - INFO - smoke
2021-12-17 11:38:08,815 - Main.MLEngine - INFO - smoke
2021-12-17 11:38:08,948 - Main.MLEngine - INFO - smoke
2021-12-17 11:38:08,985 - Main.MLEngine - INFO - smoke
2021-12-17 11:38:09,018 - Main.MLEngine - INFO - smoke
2021-12-17 11:38:09,064 - Main.MLEngine - INFO - smoke
2021-12-17 11:38:09,079 - Main.MLEngine - INFO - smoke
2021-12-17 11:38:09,097 - Main.MLEngine - INFO - smoke
2021-12-17 11:38:09,115 - Main.MLEngine - INFO - smoke
2021-12-17 11:38:09,133 - Main.MLEngine - INFO - smoke
2021-12-17 11:38:09,151 - Main.MLEngine - INFO - smoke
2021-12-17 11:38:09,170 - Main.MLEngine - INFO - smoke
2021-12-17 11:38:09,191 - Main.MLEngine - INFO - smoke
2021-12-17 11:38:09,229 - Main.MLEngine - INFO - smoke
2021-12-17 11:38:09,265 - Main.MLEngine - INFO - fire
2021-12-17 11:38:09,333 - Main.MLEngine - INFO - fire
2021-12-17 11:38:09,352 - Main.MLEngine - INFO - smoke
2021-12-17 11:38:09,368 - Main.MLEngine - INFO - smoke
2021-12-17 11:38:09,386 - Main.MLEngine - INFO - fire
2021-12-17 11:38:09,411 - Main.MLEngine - INFO - fire
2021-12-17 11:38:09,453 - Main.MLEngine - INFO - fire
2021-12-17 11:38:09,679 - Main.MLEngine - INFO - smoke
2021-12-17 11:38:09,703 - Main.MLEngine - INFO - smoke
2021-12-17 11:38:09,732 - Main.MLEngine - INFO - smoke
2021-12-17 11:38:09,767 - Main.MLEngine - INFO - smoke
2021-12-17 11:38:09,801 - Main.MLEngine - INFO - smoke
2021-12-17 11:38:09,820 - Main.MLEngine - INFO - smoke
2021-12-17 11:38:09,865 - Main.MLEngine - INFO - smoke
2021-12-17 11:38:09,884 - Main.MLEngine - INFO - smoke
2021-12-17 11:38:09,900 - Main.MLEngine - INFO - smoke
2021-12-17 11:38:09,918 - Main.MLEngine - INFO - smoke
2021-12-17 11:38:09,957 - Main.MLEngine - INFO - smoke
2021-12-17 11:38:09,996 - Main.MLEngine - INFO - smoke
2021-12-17 11:38:10,051 - Main.MLEngine - INFO - fire
2021-12-17 11:38:10,113 - Main.MLEngine - INFO - fire
2021-12-17 11:38:10,133 - Main.MLEngine - INFO - fire
2021-12-17 11:38:10,168 - Main.MLEngine - INFO - fire
2021-12-17 11:38:10,192 - Main.MLEngine - INFO - fire
2021-12-17 11:38:10,234 - Main.MLEngine - INFO - fire
2021-12-17 11:38:10,405 - Main.MLEngine - INFO - smoke
2021-12-17 11:38:10,446 - Main.MLEngine - INFO - smoke
2021-12-17 11:38:10,465 - Main.MLEngine - INFO - smoke
2021-12-17 11:38:10,520 - Main.MLEngine - INFO - smoke
2021-12-17 11:38:10,538 - Main.MLEngine - INFO - smoke
2021-12-17 11:38:10,564 - Main.MLEngine - INFO - smoke
2021-12-17 11:38:10,585 - Main.MLEngine - INFO - smoke
2021-12-17 11:38:10,668 - Main.MLEngine - INFO - smoke
2021-12-17 11:38:10,710 - Main.MLEngine - INFO - fire
2021-12-17 11:38:10,750 - Main.MLEngine - INFO - fire
2021-12-17 11:38:10,781 - Main.MLEngine - INFO - fire
2021-12-17 11:38:10,800 - Main.MLEngine - INFO - fire
2021-12-17 11:38:10,984 - Main.MLEngine - INFO - smoke
2021-12-17 11:38:11,018 - Main.MLEngine - INFO - smoke
2021-12-17 11:38:11,036 - Main.MLEngine - INFO - smoke
2021-12-17 11:38:11,112 - Main.MLEngine - INFO - smoke
2021-12-17 11:38:11,130 - Main.MLEngine - INFO - smoke
2021-12-17 11:38:11,196 - Main.MLEngine - INFO - smoke
2021-12-17 11:38:11,220 - Main.MLEngine - INFO - fire
2021-12-17 11:38:11,252 - Main.MLEngine - INFO - fire
2021-12-17 11:38:11,269 - Main.MLEngine - INFO - fire
2021-12-17 11:38:11,288 - Main.MLEngine - INFO - fire
2021-12-17 11:38:11,318 - Main.MLEngine - INFO - fire
2021-12-17 11:38:11,339 - Main.MLEngine - INFO - fire
2021-12-17 11:38:11,489 - Main.MLEngine - INFO - smoke
2021-12-17 11:38:11,522 - Main.MLEngine - INFO - smoke
2021-12-17 11:38:11,563 - Main.MLEngine - INFO - smoke
2021-12-17 11:38:11,616 - Main.MLEngine - INFO - fire
2021-12-17 11:38:11,636 - Main.MLEngine - INFO - fire
2021-12-17 11:38:11,668 - Main.MLEngine - INFO - fire
2021-12-17 11:38:11,703 - Main.MLEngine - INFO - fire
2021-12-17 11:38:11,726 - Main.MLEngine - INFO - fire
2021-12-17 11:38:11,751 - Main.MLEngine - INFO - fire
2021-12-17 11:38:11,895 - Main.MLEngine - INFO - smoke
2021-12-17 11:38:11,918 - Main.MLEngine - INFO - smoke
2021-12-17 11:38:11,934 - Main.MLEngine - INFO - smoke
2021-12-17 11:38:11,954 - Main.MLEngine - INFO - smoke
2021-12-17 11:38:12,009 - Main.MLEngine - INFO - smoke
2021-12-17 11:38:12,048 - Main.MLEngine - INFO - fire
2021-12-17 11:38:12,118 - Main.MLEngine - INFO - fire
2021-12-17 11:38:12,138 - Main.MLEngine - INFO - fire
2021-12-17 11:38:12,156 - Main.MLEngine - INFO - fire
2021-12-17 11:38:12,177 - Main.MLEngine - INFO - fire
2021-12-17 11:38:12,198 - Main.MLEngine - INFO - fire
2021-12-17 11:38:12,352 - Main.MLEngine - INFO - smoke
2021-12-17 11:38:12,376 - Main.MLEngine - INFO - smoke
2021-12-17 11:38:12,395 - Main.MLEngine - INFO - smoke
2021-12-17 11:38:12,419 - Main.MLEngine - INFO - smoke
2021-12-17 11:38:12,466 - Main.MLEngine - INFO - smoke
2021-12-17 11:38:12,514 - Main.MLEngine - INFO - fire
2021-12-17 11:38:12,578 - Main.MLEngine - INFO - fire
2021-12-17 11:38:12,594 - Main.MLEngine - INFO - fire
2021-12-17 11:38:12,614 - Main.MLEngine - INFO - fire
2021-12-17 11:38:12,636 - Main.MLEngine - INFO - fire
2021-12-17 11:38:12,655 - Main.MLEngine - INFO - fire
2021-12-17 11:38:12,802 - Main.MLEngine - INFO - smoke
2021-12-17 11:38:12,819 - Main.MLEngine - INFO - smoke
2021-12-17 11:38:12,838 - Main.MLEngine - INFO - smoke
2021-12-17 11:38:12,953 - Main.MLEngine - INFO - smoke
2021-12-17 11:38:13,004 - Main.MLEngine - INFO - fire
2021-12-17 11:38:13,061 - Main.MLEngine - INFO - fire
2021-12-17 11:38:13,115 - Main.MLEngine - INFO - fire
2021-12-17 11:38:13,133 - Main.MLEngine - INFO - fire
2021-12-17 11:38:13,153 - Main.MLEngine - INFO - fire
2021-12-17 11:38:13,171 - Main.MLEngine - INFO - fire
2021-12-17 11:38:13,189 - Main.MLEngine - INFO - fire
2021-12-17 11:38:13,372 - Main.MLEngine - INFO - smoke
2021-12-17 11:38:13,392 - Main.MLEngine - INFO - smoke
2021-12-17 11:38:13,450 - Main.MLEngine - INFO - fire
2021-12-17 11:38:13,508 - Main.MLEngine - INFO - fire
2021-12-17 11:38:13,527 - Main.MLEngine - INFO - fire
2021-12-17 11:38:13,695 - Main.MLEngine - INFO - smoke
2021-12-17 11:38:13,746 - Main.MLEngine - INFO - smoke
2021-12-17 11:38:13,803 - Main.MLEngine - INFO - fire
2021-12-17 11:38:13,828 - Main.MLEngine - INFO - fire
2021-12-17 11:38:13,851 - Main.MLEngine - INFO - fire
2021-12-17 11:38:13,870 - Main.MLEngine - INFO - fire
2021-12-17 11:38:13,905 - Main.MLEngine - INFO - fire
2021-12-17 11:38:14,107 - Main.MLEngine - INFO - smoke
2021-12-17 11:38:14,130 - Main.MLEngine - INFO - smoke
2021-12-17 11:38:14,152 - Main.MLEngine - INFO - smoke
2021-12-17 11:38:14,170 - Main.MLEngine - INFO - smoke
2021-12-17 11:38:14,213 - Main.MLEngine - INFO - fire
2021-12-17 11:38:14,268 - Main.MLEngine - INFO - smoke
2021-12-17 11:38:14,316 - Main.MLEngine - INFO - fire
2021-12-17 11:38:14,336 - Main.MLEngine - INFO - fire
2021-12-17 11:38:14,357 - Main.MLEngine - INFO - fire
2021-12-17 11:38:14,418 - Main.MLEngine - INFO - fire
2021-12-17 11:38:14,576 - Main.MLEngine - INFO - smoke
2021-12-17 11:38:14,592 - Main.MLEngine - INFO - smoke
2021-12-17 11:38:14,617 - Main.MLEngine - INFO - smoke
2021-12-17 11:38:14,638 - Main.MLEngine - INFO - smoke
2021-12-17 11:38:14,673 - Main.MLEngine - INFO - fire
2021-12-17 11:38:14,691 - Main.MLEngine - INFO - smoke
2021-12-17 11:38:14,750 - Main.MLEngine - INFO - smoke
2021-12-17 11:38:14,775 - Main.MLEngine - INFO - fire
2021-12-17 11:38:14,790 - Main.MLEngine - INFO - fire
2021-12-17 11:38:14,823 - Main.MLEngine - INFO - fire
2021-12-17 11:38:14,908 - Main.MLEngine - INFO - smoke
2021-12-17 11:38:14,953 - Main.MLEngine - INFO - smoke
2021-12-17 11:38:14,975 - Main.MLEngine - INFO - smoke
2021-12-17 11:38:14,993 - Main.MLEngine - INFO - smoke
2021-12-17 11:38:15,018 - Main.MLEngine - INFO - smoke
2021-12-17 11:38:15,229 - Main.MLEngine - INFO - smoke
2021-12-17 11:38:15,249 - Main.MLEngine - INFO - smoke
2021-12-17 11:38:15,272 - Main.MLEngine - INFO - smoke
2021-12-17 11:38:15,290 - Main.MLEngine - INFO - smoke
2021-12-17 11:38:15,310 - Main.MLEngine - INFO - smoke
2021-12-17 11:38:15,336 - Main.MLEngine - INFO - smoke
2021-12-17 11:38:15,356 - Main.MLEngine - INFO - smoke
2021-12-17 11:38:15,389 - Main.MLEngine - INFO - fire
2021-12-17 11:38:15,448 - Main.MLEngine - INFO - smoke
2021-12-17 11:38:15,473 - Main.MLEngine - INFO - fire
2021-12-17 11:38:15,490 - Main.MLEngine - INFO - fire
2021-12-17 11:38:15,510 - Main.MLEngine - INFO - fire
2021-12-17 11:38:15,607 - Main.MLEngine - INFO - smoke
2021-12-17 11:38:15,628 - Main.MLEngine - INFO - smoke
2021-12-17 11:38:15,836 - Main.MLEngine - INFO - smoke
2021-12-17 11:38:15,871 - Main.MLEngine - INFO - smoke
2021-12-17 11:38:15,927 - Main.MLEngine - INFO - fire
2021-12-17 11:38:15,947 - Main.MLEngine - INFO - smoke
2021-12-17 11:38:15,990 - Main.MLEngine - INFO - smoke
2021-12-17 11:38:16,067 - Main.MLEngine - INFO - smoke
2021-12-17 11:38:16,087 - Main.MLEngine - INFO - fire
2021-12-17 11:38:16,108 - Main.MLEngine - INFO - fire
2021-12-17 11:38:16,185 - Main.MLEngine - INFO - smoke
2021-12-17 11:38:16,206 - Main.MLEngine - INFO - smoke
2021-12-17 11:38:16,225 - Main.MLEngine - INFO - smoke
2021-12-17 11:38:16,250 - Main.MLEngine - INFO - smoke
2021-12-17 11:38:16,406 - Main.MLEngine - INFO - smoke
2021-12-17 11:38:16,427 - Main.MLEngine - INFO - smoke
2021-12-17 11:38:16,467 - Main.MLEngine - INFO - smoke
2021-12-17 11:38:16,523 - Main.MLEngine - INFO - smoke
2021-12-17 11:38:16,576 - Main.MLEngine - INFO - smoke
2021-12-17 11:38:16,658 - Main.MLEngine - INFO - smoke
2021-12-17 11:38:16,703 - Main.MLEngine - INFO - smoke
2021-12-17 11:38:16,725 - Main.MLEngine - INFO - fire
2021-12-17 11:38:16,761 - Main.MLEngine - INFO - fire
2021-12-17 11:38:16,797 - Main.MLEngine - INFO - fire
2021-12-17 11:38:16,876 - Main.MLEngine - INFO - smoke
2021-12-17 11:38:16,907 - Main.MLEngine - INFO - smoke
2021-12-17 11:38:16,944 - Main.MLEngine - INFO - smoke
2021-12-17 11:38:16,974 - Main.MLEngine - INFO - smoke
2021-12-17 11:38:17,243 - Main.MLEngine - INFO - smoke
2021-12-17 11:38:17,277 - Main.MLEngine - INFO - smoke
2021-12-17 11:38:17,339 - Main.MLEngine - INFO - smoke
2021-12-17 11:38:17,368 - Main.MLEngine - INFO - smoke
2021-12-17 11:38:17,460 - Main.MLEngine - INFO - smoke
2021-12-17 11:38:17,485 - Main.MLEngine - INFO - smoke
2021-12-17 11:38:17,526 - Main.MLEngine - INFO - smoke
2021-12-17 11:38:17,624 - Main.MLEngine - INFO - fire
2021-12-17 11:38:17,806 - Main.MLEngine - INFO - fire
2021-12-17 11:38:17,848 - Main.MLEngine - INFO - smoke
2021-12-17 11:39:21,814 - Main.MLEngine - INFO - fire
2021-12-17 11:39:22,012 - Main.MLEngine - INFO - smoke
2021-12-17 11:39:22,053 - Main.MLEngine - INFO - smoke
2021-12-17 11:39:22,068 - Main.MLEngine - INFO - smoke
2021-12-17 11:39:22,120 - Main.MLEngine - INFO - smoke
2021-12-17 11:39:22,135 - Main.MLEngine - INFO - smoke
2021-12-17 11:39:22,153 - Main.MLEngine - INFO - smoke
2021-12-17 11:39:22,187 - Main.MLEngine - INFO - smoke
2021-12-17 11:39:22,205 - Main.MLEngine - INFO - smoke
2021-12-17 11:39:22,253 - Main.MLEngine - INFO - smoke
2021-12-17 11:39:22,391 - Main.MLEngine - INFO - smoke
2021-12-17 11:39:22,464 - Main.MLEngine - INFO - smoke
2021-12-17 11:39:22,567 - Main.MLEngine - INFO - smoke
2021-12-17 11:39:22,603 - Main.MLEngine - INFO - smoke
2021-12-17 11:39:22,680 - Main.MLEngine - INFO - fire
2021-12-17 11:39:22,716 - Main.MLEngine - INFO - fire
2021-12-17 11:39:22,753 - Main.MLEngine - INFO - smoke
2021-12-17 11:39:22,802 - Main.MLEngine - INFO - smoke
2021-12-17 11:39:22,945 - Main.MLEngine - INFO - smoke
2021-12-17 11:39:23,001 - Main.MLEngine - INFO - smoke
2021-12-17 11:39:23,033 - Main.MLEngine - INFO - smoke
2021-12-17 11:39:23,052 - Main.MLEngine - INFO - smoke
2021-12-17 11:39:23,070 - Main.MLEngine - INFO - smoke
2021-12-17 11:39:23,132 - Main.MLEngine - INFO - smoke
2021-12-17 11:39:23,242 - Main.MLEngine - INFO - fire
2021-12-17 11:39:23,289 - Main.MLEngine - INFO - fire
2021-12-17 11:39:23,305 - Main.MLEngine - INFO - fire
2021-12-17 11:39:23,324 - Main.MLEngine - INFO - fire
2021-12-17 11:39:23,341 - Main.MLEngine - INFO - fire
2021-12-17 11:39:23,381 - Main.MLEngine - INFO - smoke
2021-12-17 11:39:23,417 - Main.MLEngine - INFO - smoke
2021-12-17 11:39:23,551 - Main.MLEngine - INFO - smoke
2021-12-17 11:39:23,584 - Main.MLEngine - INFO - smoke
2021-12-17 11:39:23,604 - Main.MLEngine - INFO - smoke
2021-12-17 11:39:23,638 - Main.MLEngine - INFO - smoke
2021-12-17 11:39:23,655 - Main.MLEngine - INFO - smoke
2021-12-17 11:39:23,704 - Main.MLEngine - INFO - smoke
2021-12-17 11:39:23,722 - Main.MLEngine - INFO - smoke
2021-12-17 11:39:23,770 - Main.MLEngine - INFO - smoke
2021-12-17 11:39:23,801 - Main.MLEngine - INFO - smoke
2021-12-17 11:39:23,834 - Main.MLEngine - INFO - fire
2021-12-17 11:39:23,879 - Main.MLEngine - INFO - fire
2021-12-17 11:39:23,900 - Main.MLEngine - INFO - fire
2021-12-17 11:39:24,048 - Main.MLEngine - INFO - smoke
2021-12-17 11:39:24,092 - Main.MLEngine - INFO - smoke
2021-12-17 11:39:24,107 - Main.MLEngine - INFO - smoke
2021-12-17 11:39:24,140 - Main.MLEngine - INFO - smoke
2021-12-17 11:39:24,157 - Main.MLEngine - INFO - smoke
2021-12-17 11:39:24,188 - Main.MLEngine - INFO - smoke
2021-12-17 11:39:24,230 - Main.MLEngine - INFO - smoke
2021-12-17 11:39:24,260 - Main.MLEngine - INFO - smoke
2021-12-17 11:39:24,277 - Main.MLEngine - INFO - fire
2021-12-17 11:39:24,294 - Main.MLEngine - INFO - fire
2021-12-17 11:39:24,328 - Main.MLEngine - INFO - fire
2021-12-17 11:39:24,377 - Main.MLEngine - INFO - fire
2021-12-17 11:39:24,394 - Main.MLEngine - INFO - fire
2021-12-17 11:39:24,411 - Main.MLEngine - INFO - fire
2021-12-17 11:39:24,429 - Main.MLEngine - INFO - fire
2021-12-17 11:39:24,447 - Main.MLEngine - INFO - fire
2021-12-17 11:39:24,711 - Main.MLEngine - INFO - smoke
2021-12-17 11:39:24,756 - Main.MLEngine - INFO - smoke
2021-12-17 11:39:24,833 - Main.MLEngine - INFO - fire
2021-12-17 11:39:24,847 - Main.MLEngine - INFO - smoke
2021-12-17 11:39:24,878 - Main.MLEngine - INFO - fire
2021-12-17 11:39:24,896 - Main.MLEngine - INFO - fire
2021-12-17 11:39:24,929 - Main.MLEngine - INFO - fire
2021-12-17 11:39:24,947 - Main.MLEngine - INFO - fire
2021-12-17 11:39:25,065 - Main.MLEngine - INFO - smoke
2021-12-17 11:39:25,094 - Main.MLEngine - INFO - smoke
2021-12-17 11:39:25,112 - Main.MLEngine - INFO - smoke
2021-12-17 11:39:25,164 - Main.MLEngine - INFO - fire
2021-12-17 11:39:25,183 - Main.MLEngine - INFO - fire
2021-12-17 11:39:25,218 - Main.MLEngine - INFO - fire
2021-12-17 11:39:25,238 - Main.MLEngine - INFO - fire
2021-12-17 11:39:25,256 - Main.MLEngine - INFO - fire
2021-12-17 11:39:25,273 - Main.MLEngine - INFO - fire
2021-12-17 11:39:25,422 - Main.MLEngine - INFO - fire
2021-12-17 11:39:25,459 - Main.MLEngine - INFO - fire
2021-12-17 11:39:25,492 - Main.MLEngine - INFO - fire
2021-12-17 11:39:25,509 - Main.MLEngine - INFO - fire
2021-12-17 11:39:25,527 - Main.MLEngine - INFO - fire
2021-12-17 11:39:25,569 - Main.MLEngine - INFO - smoke
2021-12-17 11:39:25,687 - Main.MLEngine - INFO - smoke
2021-12-17 11:39:25,734 - Main.MLEngine - INFO - smoke
2021-12-17 11:39:25,764 - Main.MLEngine - INFO - smoke
2021-12-17 11:39:25,783 - Main.MLEngine - INFO - smoke
2021-12-17 11:39:25,807 - Main.MLEngine - INFO - fire
2021-12-17 11:39:25,842 - Main.MLEngine - INFO - fire
2021-12-17 11:39:25,877 - Main.MLEngine - INFO - fire
2021-12-17 11:39:25,894 - Main.MLEngine - INFO - fire
2021-12-17 11:39:25,911 - Main.MLEngine - INFO - fire
2021-12-17 11:39:25,928 - Main.MLEngine - INFO - smoke
2021-12-17 11:39:25,946 - Main.MLEngine - INFO - fire
2021-12-17 11:39:26,072 - Main.MLEngine - INFO - smoke
2021-12-17 11:39:26,089 - Main.MLEngine - INFO - smoke
2021-12-17 11:39:26,108 - Main.MLEngine - INFO - smoke
2021-12-17 11:39:26,126 - Main.MLEngine - INFO - smoke
2021-12-17 11:39:26,254 - Main.MLEngine - INFO - fire
2021-12-17 11:39:26,277 - Main.MLEngine - INFO - fire
2021-12-17 11:39:26,294 - Main.MLEngine - INFO - fire
2021-12-17 11:39:26,316 - Main.MLEngine - INFO - smoke
2021-12-17 11:39:26,344 - Main.MLEngine - INFO - fire
2021-12-17 11:39:26,474 - Main.MLEngine - INFO - smoke
2021-12-17 11:39:26,744 - Main.MLEngine - INFO - smoke
2021-12-17 11:39:26,765 - Main.MLEngine - INFO - smoke
2021-12-17 11:39:26,814 - Main.MLEngine - INFO - smoke
2021-12-17 11:39:26,837 - Main.MLEngine - INFO - smoke
2021-12-17 11:39:26,861 - Main.MLEngine - INFO - smoke
2021-12-17 11:39:26,926 - Main.MLEngine - INFO - fire
2021-12-17 11:39:26,947 - Main.MLEngine - INFO - fire
2021-12-17 11:39:26,967 - Main.MLEngine - INFO - fire
2021-12-17 11:39:26,991 - Main.MLEngine - INFO - fire
2021-12-17 11:39:27,011 - Main.MLEngine - INFO - smoke
2021-12-17 11:39:27,029 - Main.MLEngine - INFO - fire
2021-12-17 11:39:27,198 - Main.MLEngine - INFO - smoke
2021-12-17 11:39:27,295 - Main.MLEngine - INFO - smoke
2021-12-17 11:39:27,344 - Main.MLEngine - INFO - smoke
2021-12-17 11:39:27,363 - Main.MLEngine - INFO - fire
2021-12-17 11:39:27,390 - Main.MLEngine - INFO - fire
2021-12-17 11:39:27,410 - Main.MLEngine - INFO - fire
2021-12-17 11:39:27,446 - Main.MLEngine - INFO - fire
2021-12-17 11:39:27,494 - Main.MLEngine - INFO - smoke
2021-12-17 11:39:27,642 - Main.MLEngine - INFO - smoke
2021-12-17 11:39:27,717 - Main.MLEngine - INFO - smoke
2021-12-17 11:39:27,748 - Main.MLEngine - INFO - smoke
2021-12-17 11:39:27,771 - Main.MLEngine - INFO - smoke
2021-12-17 11:39:27,860 - Main.MLEngine - INFO - fire
2021-12-17 11:39:27,893 - Main.MLEngine - INFO - fire
2021-12-17 11:39:27,913 - Main.MLEngine - INFO - fire
2021-12-17 11:39:27,932 - Main.MLEngine - INFO - fire
2021-12-17 11:39:27,954 - Main.MLEngine - INFO - fire
2021-12-17 11:39:27,977 - Main.MLEngine - INFO - fire
2021-12-17 11:39:28,001 - Main.MLEngine - INFO - fire
2021-12-17 11:39:28,029 - Main.MLEngine - INFO - fire
2021-12-17 11:39:28,058 - Main.MLEngine - INFO - fire
2021-12-17 11:39:28,257 - Main.MLEngine - INFO - smoke
2021-12-17 11:39:28,278 - Main.MLEngine - INFO - smoke
2021-12-17 11:39:28,298 - Main.MLEngine - INFO - smoke
2021-12-17 11:39:28,327 - Main.MLEngine - INFO - smoke
2021-12-17 11:39:28,392 - Main.MLEngine - INFO - smoke
2021-12-17 11:39:28,431 - Main.MLEngine - INFO - fire
2021-12-17 11:39:28,480 - Main.MLEngine - INFO - fire
2021-12-17 11:39:28,508 - Main.MLEngine - INFO - fire
2021-12-17 11:39:28,531 - Main.MLEngine - INFO - fire
2021-12-17 11:39:28,564 - Main.MLEngine - INFO - fire
2021-12-17 11:39:28,772 - Main.MLEngine - INFO - smoke
2021-12-17 11:39:28,811 - Main.MLEngine - INFO - smoke
2021-12-17 11:39:28,849 - Main.MLEngine - INFO - smoke
2021-12-17 11:39:28,869 - Main.MLEngine - INFO - smoke
2021-12-17 11:39:28,889 - Main.MLEngine - INFO - smoke
2021-12-17 11:39:28,931 - Main.MLEngine - INFO - fire
2021-12-17 11:39:28,952 - Main.MLEngine - INFO - fire
2021-12-17 11:39:28,974 - Main.MLEngine - INFO - fire
2021-12-17 11:39:29,010 - Main.MLEngine - INFO - fire
2021-12-17 11:39:29,055 - Main.MLEngine - INFO - fire
2021-12-17 11:39:29,077 - Main.MLEngine - INFO - fire
2021-12-17 11:39:29,098 - Main.MLEngine - INFO - fire
2021-12-17 11:39:29,356 - Main.MLEngine - INFO - smoke
2021-12-17 11:39:29,392 - Main.MLEngine - INFO - smoke
2021-12-17 11:39:29,414 - Main.MLEngine - INFO - smoke
2021-12-17 11:39:29,448 - Main.MLEngine - INFO - fire
2021-12-17 11:39:29,501 - Main.MLEngine - INFO - fire
2021-12-17 11:39:29,531 - Main.MLEngine - INFO - fire
2021-12-17 11:39:29,590 - Main.MLEngine - INFO - fire
2021-12-17 11:39:29,611 - Main.MLEngine - INFO - fire
2021-12-17 11:39:29,632 - Main.MLEngine - INFO - fire
2021-12-17 11:39:29,656 - Main.MLEngine - INFO - fire
2021-12-17 11:39:29,818 - Main.MLEngine - INFO - smoke
2021-12-17 11:39:29,959 - Main.MLEngine - INFO - smoke
2021-12-17 11:39:29,983 - Main.MLEngine - INFO - fire
2021-12-17 11:39:30,053 - Main.MLEngine - INFO - fire
2021-12-17 11:39:30,074 - Main.MLEngine - INFO - fire
2021-12-17 11:39:30,101 - Main.MLEngine - INFO - fire
2021-12-17 11:39:30,133 - Main.MLEngine - INFO - fire
2021-12-17 11:39:30,492 - Main.MLEngine - INFO - smoke
2021-12-17 11:39:30,516 - Main.MLEngine - INFO - smoke
2021-12-17 11:39:30,546 - Main.MLEngine - INFO - smoke
2021-12-17 11:39:30,631 - Main.MLEngine - INFO - fire
2021-12-17 11:39:30,646 - Main.MLEngine - INFO - fire
2021-12-17 11:39:30,664 - Main.MLEngine - INFO - fire
2021-12-17 11:39:30,693 - Main.MLEngine - INFO - fire
2021-12-17 11:39:30,714 - Main.MLEngine - INFO - fire
2021-12-17 11:39:30,937 - Main.MLEngine - INFO - smoke
2021-12-17 11:39:30,976 - Main.MLEngine - INFO - smoke
2021-12-17 11:39:31,044 - Main.MLEngine - INFO - smoke
2021-12-17 11:39:31,069 - Main.MLEngine - INFO - fire
2021-12-17 11:39:31,132 - Main.MLEngine - INFO - fire
2021-12-17 11:39:31,147 - Main.MLEngine - INFO - fire
2021-12-17 11:39:31,181 - Main.MLEngine - INFO - fire
2021-12-17 11:39:31,201 - Main.MLEngine - INFO - fire
2021-12-17 11:39:31,352 - Main.MLEngine - INFO - smoke
2021-12-17 11:39:31,388 - Main.MLEngine - INFO - smoke
2021-12-17 11:39:31,427 - Main.MLEngine - INFO - smoke
2021-12-17 11:39:31,446 - Main.MLEngine - INFO - smoke
2021-12-17 11:39:31,463 - Main.MLEngine - INFO - smoke
2021-12-17 11:39:31,499 - Main.MLEngine - INFO - smoke
2021-12-17 11:39:31,533 - Main.MLEngine - INFO - smoke
2021-12-17 11:39:31,552 - Main.MLEngine - INFO - smoke
2021-12-17 11:39:31,601 - Main.MLEngine - INFO - smoke
2021-12-17 11:39:31,618 - Main.MLEngine - INFO - smoke
2021-12-17 11:39:31,638 - Main.MLEngine - INFO - fire
2021-12-17 11:39:31,669 - Main.MLEngine - INFO - smoke
2021-12-17 11:39:31,692 - Main.MLEngine - INFO - smoke
2021-12-17 11:39:31,732 - Main.MLEngine - INFO - fire
2021-12-17 11:39:31,796 - Main.MLEngine - INFO - fire
2021-12-17 11:39:31,810 - Main.MLEngine - INFO - smoke
2021-12-17 11:39:31,863 - Main.MLEngine - INFO - fire
2021-12-17 11:39:31,906 - Main.MLEngine - INFO - smoke
2021-12-17 11:39:31,976 - Main.MLEngine - INFO - smoke
2021-12-17 11:39:32,105 - Main.MLEngine - INFO - smoke
2021-12-17 11:39:32,155 - Main.MLEngine - INFO - smoke
2021-12-17 11:39:32,214 - Main.MLEngine - INFO - smoke
2021-12-17 11:39:32,230 - Main.MLEngine - INFO - smoke
2021-12-17 11:39:32,281 - Main.MLEngine - INFO - smoke
2021-12-17 11:39:32,327 - Main.MLEngine - INFO - smoke
2021-12-17 11:39:32,431 - Main.MLEngine - INFO - smoke
2021-12-17 11:39:32,462 - Main.MLEngine - INFO - smoke
2021-12-17 11:39:32,486 - Main.MLEngine - INFO - fire
2021-12-17 11:39:32,583 - Main.MLEngine - INFO - fire
2021-12-17 11:39:32,652 - Main.MLEngine - INFO - fire
2021-12-17 11:39:32,691 - Main.MLEngine - INFO - fire
2021-12-17 11:39:32,716 - Main.MLEngine - INFO - fire
2021-12-17 11:39:32,765 - Main.MLEngine - INFO - smoke
2021-12-17 11:39:32,959 - Main.MLEngine - INFO - smoke
2021-12-17 11:39:33,098 - Main.MLEngine - INFO - smoke
2021-12-17 11:39:33,132 - Main.MLEngine - INFO - smoke
2021-12-17 11:39:33,149 - Main.MLEngine - INFO - smoke
2021-12-17 11:39:33,204 - Main.MLEngine - INFO - smoke
2021-12-17 11:39:33,235 - Main.MLEngine - INFO - smoke
2021-12-17 11:39:33,274 - Main.MLEngine - INFO - fire
2021-12-17 11:39:33,349 - Main.MLEngine - INFO - fire
2021-12-17 11:39:33,389 - Main.MLEngine - INFO - smoke
2021-12-17 11:39:33,406 - Main.MLEngine - INFO - fire
2021-12-17 11:39:33,427 - Main.MLEngine - INFO - fire
2021-12-17 11:39:33,464 - Main.MLEngine - INFO - fire
2021-12-17 11:39:33,665 - Main.MLEngine - INFO - smoke
2021-12-17 11:39:33,735 - Main.MLEngine - INFO - smoke
2021-12-17 11:39:33,768 - Main.MLEngine - INFO - smoke
2021-12-17 11:39:33,821 - Main.MLEngine - INFO - smoke
2021-12-17 11:39:33,836 - Main.MLEngine - INFO - smoke
2021-12-17 11:39:33,867 - Main.MLEngine - INFO - smoke
2021-12-17 11:39:33,907 - Main.MLEngine - INFO - smoke
2021-12-17 11:39:33,944 - Main.MLEngine - INFO - smoke
2021-12-17 11:39:33,994 - Main.MLEngine - INFO - fire
2021-12-17 11:39:34,049 - Main.MLEngine - INFO - fire
2021-12-17 11:39:34,064 - Main.MLEngine - INFO - fire
2021-12-17 11:39:34,100 - Main.MLEngine - INFO - fire
2021-12-17 11:39:34,123 - Main.MLEngine - INFO - fire
2021-12-17 11:39:34,161 - Main.MLEngine - INFO - fire
2021-12-17 11:39:34,364 - Main.MLEngine - INFO - smoke
2021-12-17 11:39:34,385 - Main.MLEngine - INFO - smoke
2021-12-17 11:39:34,441 - Main.MLEngine - INFO - smoke
2021-12-17 11:39:34,480 - Main.MLEngine - INFO - smoke
2021-12-17 11:39:34,502 - Main.MLEngine - INFO - smoke
2021-12-17 11:39:34,616 - Main.MLEngine - INFO - smoke
2021-12-17 11:39:34,673 - Main.MLEngine - INFO - fire
2021-12-17 11:39:34,720 - Main.MLEngine - INFO - fire
2021-12-17 11:39:34,748 - Main.MLEngine - INFO - fire
2021-12-17 11:39:34,765 - Main.MLEngine - INFO - fire
2021-12-17 11:39:34,954 - Main.MLEngine - INFO - smoke
2021-12-17 11:39:34,968 - Main.MLEngine - INFO - smoke
2021-12-17 11:39:35,041 - Main.MLEngine - INFO - smoke
2021-12-17 11:39:35,059 - Main.MLEngine - INFO - smoke
2021-12-17 11:39:35,149 - Main.MLEngine - INFO - fire
2021-12-17 11:39:35,180 - Main.MLEngine - INFO - fire
2021-12-17 11:39:35,198 - Main.MLEngine - INFO - fire
2021-12-17 11:39:35,218 - Main.MLEngine - INFO - fire
2021-12-17 11:39:35,239 - Main.MLEngine - INFO - fire
2021-12-17 11:39:35,258 - Main.MLEngine - INFO - fire
2021-12-17 11:39:35,435 - Main.MLEngine - INFO - smoke
2021-12-17 11:39:35,466 - Main.MLEngine - INFO - smoke
2021-12-17 11:39:35,500 - Main.MLEngine - INFO - smoke
2021-12-17 11:39:35,547 - Main.MLEngine - INFO - fire
2021-12-17 11:39:35,568 - Main.MLEngine - INFO - fire
2021-12-17 11:39:35,603 - Main.MLEngine - INFO - fire
2021-12-17 11:39:35,643 - Main.MLEngine - INFO - fire
2021-12-17 11:39:35,668 - Main.MLEngine - INFO - fire
2021-12-17 11:39:35,699 - Main.MLEngine - INFO - fire
2021-12-17 11:39:35,847 - Main.MLEngine - INFO - smoke
2021-12-17 11:39:35,873 - Main.MLEngine - INFO - smoke
2021-12-17 11:39:35,892 - Main.MLEngine - INFO - smoke
2021-12-17 11:39:35,916 - Main.MLEngine - INFO - smoke
2021-12-17 11:39:35,972 - Main.MLEngine - INFO - smoke
2021-12-17 11:39:35,997 - Main.MLEngine - INFO - fire
2021-12-17 11:39:36,056 - Main.MLEngine - INFO - fire
2021-12-17 11:39:36,070 - Main.MLEngine - INFO - fire
2021-12-17 11:39:36,085 - Main.MLEngine - INFO - fire
2021-12-17 11:39:36,105 - Main.MLEngine - INFO - fire
2021-12-17 11:39:36,122 - Main.MLEngine - INFO - fire
2021-12-17 11:39:36,288 - Main.MLEngine - INFO - smoke
2021-12-17 11:39:36,350 - Main.MLEngine - INFO - smoke
2021-12-17 11:39:36,388 - Main.MLEngine - INFO - smoke
2021-12-17 11:39:36,433 - Main.MLEngine - INFO - fire
2021-12-17 11:39:36,492 - Main.MLEngine - INFO - fire
2021-12-17 11:39:36,507 - Main.MLEngine - INFO - fire
2021-12-17 11:39:36,524 - Main.MLEngine - INFO - fire
2021-12-17 11:39:36,551 - Main.MLEngine - INFO - fire
2021-12-17 11:39:36,569 - Main.MLEngine - INFO - fire
2021-12-17 11:39:36,718 - Main.MLEngine - INFO - smoke
2021-12-17 11:39:36,734 - Main.MLEngine - INFO - smoke
2021-12-17 11:39:36,834 - Main.MLEngine - INFO - smoke
2021-12-17 11:39:36,883 - Main.MLEngine - INFO - fire
2021-12-17 11:39:36,943 - Main.MLEngine - INFO - fire
2021-12-17 11:39:36,987 - Main.MLEngine - INFO - fire
2021-12-17 11:39:37,005 - Main.MLEngine - INFO - fire
2021-12-17 11:39:37,022 - Main.MLEngine - INFO - fire
2021-12-17 11:39:37,038 - Main.MLEngine - INFO - fire
2021-12-17 11:39:37,057 - Main.MLEngine - INFO - fire
2021-12-17 11:39:37,285 - Main.MLEngine - INFO - smoke
2021-12-17 11:39:37,348 - Main.MLEngine - INFO - fire
2021-12-17 11:39:37,419 - Main.MLEngine - INFO - fire
2021-12-17 11:39:37,452 - Main.MLEngine - INFO - fire
2021-12-17 11:39:37,724 - Main.MLEngine - INFO - smoke
2021-12-17 11:39:37,802 - Main.MLEngine - INFO - fire
2021-12-17 11:39:37,832 - Main.MLEngine - INFO - fire
2021-12-17 11:39:37,857 - Main.MLEngine - INFO - fire
2021-12-17 11:39:37,883 - Main.MLEngine - INFO - fire
2021-12-17 11:39:37,941 - Main.MLEngine - INFO - fire
2021-12-17 11:39:38,240 - Main.MLEngine - INFO - smoke
2021-12-17 11:39:38,267 - Main.MLEngine - INFO - smoke
2021-12-17 11:39:38,287 - Main.MLEngine - INFO - smoke
2021-12-17 11:39:38,306 - Main.MLEngine - INFO - smoke
2021-12-17 11:39:38,354 - Main.MLEngine - INFO - fire
2021-12-17 11:39:38,452 - Main.MLEngine - INFO - fire
2021-12-17 11:39:38,468 - Main.MLEngine - INFO - fire
2021-12-17 11:39:38,487 - Main.MLEngine - INFO - fire
2021-12-17 11:39:38,543 - Main.MLEngine - INFO - fire
2021-12-17 11:39:56,957 - Main.MLEngine - INFO - smoke
2021-12-17 11:39:57,037 - Main.MLEngine - INFO - smoke
2021-12-17 11:39:57,182 - Main.MLEngine - INFO - fire
2021-12-17 11:39:57,233 - Main.MLEngine - INFO - fire
2021-12-17 11:39:57,249 - Main.MLEngine - INFO - fire
2021-12-17 11:39:57,420 - Main.MLEngine - INFO - smoke
2021-12-17 11:39:57,466 - Main.MLEngine - INFO - smoke
2021-12-17 11:39:57,501 - Main.MLEngine - INFO - smoke
2021-12-17 11:39:57,607 - Main.MLEngine - INFO - fire
2021-12-17 11:39:57,680 - Main.MLEngine - INFO - fire
2021-12-17 11:39:57,725 - Main.MLEngine - INFO - smoke
2021-12-17 11:39:57,875 - Main.MLEngine - INFO - smoke
2021-12-17 11:39:57,890 - Main.MLEngine - INFO - smoke
2021-12-17 11:39:57,905 - Main.MLEngine - INFO - smoke
2021-12-17 11:39:57,924 - Main.MLEngine - INFO - smoke
2021-12-17 11:39:57,945 - Main.MLEngine - INFO - smoke
2021-12-17 11:39:58,055 - Main.MLEngine - INFO - smoke
2021-12-17 11:39:58,072 - Main.MLEngine - INFO - fire
2021-12-17 11:39:58,136 - Main.MLEngine - INFO - fire
2021-12-17 11:39:58,288 - Main.MLEngine - INFO - smoke
2021-12-17 11:39:58,333 - Main.MLEngine - INFO - smoke
2021-12-17 11:39:58,397 - Main.MLEngine - INFO - smoke
2021-12-17 11:39:58,429 - Main.MLEngine - INFO - fire
2021-12-17 11:39:58,555 - Main.MLEngine - INFO - smoke
2021-12-17 11:39:58,735 - Main.MLEngine - INFO - smoke
2021-12-17 11:39:58,781 - Main.MLEngine - INFO - smoke
2021-12-17 11:39:58,842 - Main.MLEngine - INFO - smoke
2021-12-17 11:39:58,857 - Main.MLEngine - INFO - smoke
2021-12-17 11:39:59,009 - Main.MLEngine - INFO - smoke
2021-12-17 11:39:59,025 - Main.MLEngine - INFO - fire
2021-12-17 11:39:59,045 - Main.MLEngine - INFO - fire
2021-12-17 11:39:59,261 - Main.MLEngine - INFO - smoke
2021-12-17 11:39:59,309 - Main.MLEngine - INFO - smoke
2021-12-17 11:39:59,342 - Main.MLEngine - INFO - smoke
2021-12-17 11:39:59,362 - Main.MLEngine - INFO - smoke
2021-12-17 11:39:59,447 - Main.MLEngine - INFO - fire
2021-12-17 11:39:59,625 - Main.MLEngine - INFO - smoke
2021-12-17 11:39:59,655 - Main.MLEngine - INFO - smoke
2021-12-17 11:39:59,690 - Main.MLEngine - INFO - smoke
2021-12-17 11:39:59,708 - Main.MLEngine - INFO - smoke
2021-12-17 11:39:59,754 - Main.MLEngine - INFO - smoke
2021-12-17 11:39:59,823 - Main.MLEngine - INFO - fire
2021-12-17 11:39:59,888 - Main.MLEngine - INFO - smoke
2021-12-17 11:40:00,012 - Main.MLEngine - INFO - smoke
2021-12-17 11:40:00,031 - Main.MLEngine - INFO - smoke
2021-12-17 11:40:00,054 - Main.MLEngine - INFO - smoke
2021-12-17 11:40:00,108 - Main.MLEngine - INFO - smoke
2021-12-17 11:40:00,137 - Main.MLEngine - INFO - fire
2021-12-17 11:40:00,175 - Main.MLEngine - INFO - fire
2021-12-17 11:40:00,320 - Main.MLEngine - INFO - smoke
2021-12-17 11:40:00,407 - Main.MLEngine - INFO - fire
2021-12-17 11:40:00,453 - Main.MLEngine - INFO - fire
2021-12-17 11:40:00,470 - Main.MLEngine - INFO - fire
2021-12-17 11:40:00,588 - Main.MLEngine - INFO - smoke
2021-12-17 11:40:00,749 - Main.MLEngine - INFO - fire
2021-12-17 11:40:01,113 - Main.MLEngine - INFO - smoke
2021-12-17 11:40:01,128 - Main.MLEngine - INFO - smoke
2021-12-17 11:40:01,199 - Main.MLEngine - INFO - fire
2021-12-17 11:40:01,244 - Main.MLEngine - INFO - fire
2021-12-17 11:40:01,365 - Main.MLEngine - INFO - smoke
2021-12-17 11:40:01,423 - Main.MLEngine - INFO - smoke
2021-12-17 11:40:01,471 - Main.MLEngine - INFO - fire
2021-12-17 11:40:01,641 - Main.MLEngine - INFO - smoke
2021-12-17 11:40:01,674 - Main.MLEngine - INFO - smoke
2021-12-17 11:40:01,760 - Main.MLEngine - INFO - fire
2021-12-17 11:40:01,943 - Main.MLEngine - INFO - smoke
2021-12-17 11:40:02,018 - Main.MLEngine - INFO - smoke
2021-12-17 11:40:02,050 - Main.MLEngine - INFO - fire
2021-12-17 11:40:02,137 - Main.MLEngine - INFO - fire
2021-12-17 11:40:02,265 - Main.MLEngine - INFO - smoke
2021-12-17 11:40:02,366 - Main.MLEngine - INFO - fire
2021-12-17 11:40:02,432 - Main.MLEngine - INFO - fire
2021-12-17 11:40:02,450 - Main.MLEngine - INFO - smoke
2021-12-17 11:40:02,625 - Main.MLEngine - INFO - smoke
2021-12-17 11:40:02,643 - Main.MLEngine - INFO - fire
2021-12-17 11:40:02,681 - Main.MLEngine - INFO - fire
2021-12-17 11:40:02,816 - Main.MLEngine - INFO - smoke
2021-12-17 11:40:02,831 - Main.MLEngine - INFO - smoke
2021-12-17 11:40:02,982 - Main.MLEngine - INFO - fire
2021-12-17 11:40:03,141 - Main.MLEngine - INFO - smoke
2021-12-17 11:40:03,245 - Main.MLEngine - INFO - fire
2021-12-17 11:40:03,267 - Main.MLEngine - INFO - fire
2021-12-17 11:40:03,424 - Main.MLEngine - INFO - smoke
2021-12-17 11:40:03,475 - Main.MLEngine - INFO - smoke
2021-12-17 11:40:03,564 - Main.MLEngine - INFO - fire
2021-12-17 11:40:03,578 - Main.MLEngine - INFO - fire
2021-12-17 11:40:03,613 - Main.MLEngine - INFO - fire
2021-12-17 11:40:03,784 - Main.MLEngine - INFO - smoke
2021-12-17 11:40:03,799 - Main.MLEngine - INFO - smoke
2021-12-17 11:40:03,868 - Main.MLEngine - INFO - smoke
2021-12-17 11:40:03,898 - Main.MLEngine - INFO - smoke
2021-12-17 11:40:03,990 - Main.MLEngine - INFO - fire
2021-12-17 11:40:04,039 - Main.MLEngine - INFO - fire
2021-12-17 11:40:04,066 - Main.MLEngine - INFO - fire
2021-12-17 11:40:04,208 - Main.MLEngine - INFO - smoke
2021-12-17 11:40:04,224 - Main.MLEngine - INFO - smoke
2021-12-17 11:40:04,261 - Main.MLEngine - INFO - smoke
2021-12-17 11:40:04,278 - Main.MLEngine - INFO - smoke
2021-12-17 11:40:04,342 - Main.MLEngine - INFO - fire
2021-12-17 11:40:04,563 - Main.MLEngine - INFO - smoke
2021-12-17 11:40:04,579 - Main.MLEngine - INFO - smoke
2021-12-17 11:40:04,642 - Main.MLEngine - INFO - fire
2021-12-17 11:40:04,728 - Main.MLEngine - INFO - fire
2021-12-17 11:40:04,862 - Main.MLEngine - INFO - smoke
2021-12-17 11:40:04,997 - Main.MLEngine - INFO - fire
2021-12-17 11:40:05,015 - Main.MLEngine - INFO - fire
2021-12-17 11:40:05,032 - Main.MLEngine - INFO - fire
2021-12-17 11:40:05,181 - Main.MLEngine - INFO - smoke
2021-12-17 11:40:05,237 - Main.MLEngine - INFO - smoke
2021-12-17 11:40:05,281 - Main.MLEngine - INFO - fire
2021-12-17 11:40:05,420 - Main.MLEngine - INFO - smoke
2021-12-17 11:40:05,448 - Main.MLEngine - INFO - smoke
2021-12-17 11:40:05,475 - Main.MLEngine - INFO - fire
2021-12-17 11:40:05,496 - Main.MLEngine - INFO - fire
2021-12-17 11:40:05,514 - Main.MLEngine - INFO - fire
2021-12-17 11:40:05,675 - Main.MLEngine - INFO - smoke
2021-12-17 11:40:05,693 - Main.MLEngine - INFO - smoke
2021-12-17 11:40:05,731 - Main.MLEngine - INFO - smoke
2021-12-17 11:40:05,783 - Main.MLEngine - INFO - fire
2021-12-17 11:40:05,801 - Main.MLEngine - INFO - smoke
2021-12-17 11:40:05,951 - Main.MLEngine - INFO - smoke
2021-12-17 11:40:05,975 - Main.MLEngine - INFO - fire
2021-12-17 11:40:06,132 - Main.MLEngine - INFO - smoke
2021-12-17 11:40:06,169 - Main.MLEngine - INFO - fire
2021-12-17 11:40:06,307 - Main.MLEngine - INFO - smoke
2021-12-17 11:40:06,322 - Main.MLEngine - INFO - smoke
2021-12-17 11:40:06,381 - Main.MLEngine - INFO - fire
2021-12-17 11:40:06,428 - Main.MLEngine - INFO - fire
2021-12-17 11:40:06,648 - Main.MLEngine - INFO - fire
2021-12-17 11:40:06,681 - Main.MLEngine - INFO - fire
2021-12-17 11:40:06,812 - Main.MLEngine - INFO - smoke
2021-12-17 11:40:06,829 - Main.MLEngine - INFO - smoke
2021-12-17 11:40:06,889 - Main.MLEngine - INFO - smoke
2021-12-17 11:40:06,941 - Main.MLEngine - INFO - fire
2021-12-17 11:40:07,103 - Main.MLEngine - INFO - smoke
2021-12-17 11:40:07,126 - Main.MLEngine - INFO - fire
2021-12-17 11:40:07,161 - Main.MLEngine - INFO - fire
2021-12-17 11:40:07,292 - Main.MLEngine - INFO - smoke
2021-12-17 11:40:07,334 - Main.MLEngine - INFO - fire
2021-12-17 11:40:07,349 - Main.MLEngine - INFO - fire
2021-12-17 11:40:07,367 - Main.MLEngine - INFO - fire
2021-12-17 11:40:07,505 - Main.MLEngine - INFO - smoke
2021-12-17 11:40:07,524 - Main.MLEngine - INFO - smoke
2021-12-17 11:40:07,565 - Main.MLEngine - INFO - fire
2021-12-17 11:40:07,583 - Main.MLEngine - INFO - fire
2021-12-17 11:40:07,600 - Main.MLEngine - INFO - fire
2021-12-17 11:40:07,744 - Main.MLEngine - INFO - smoke
2021-12-17 11:40:07,768 - Main.MLEngine - INFO - smoke
2021-12-17 11:40:07,826 - Main.MLEngine - INFO - fire
2021-12-17 11:40:07,843 - Main.MLEngine - INFO - fire
2021-12-17 11:40:08,068 - Main.MLEngine - INFO - fire
2021-12-17 11:40:08,083 - Main.MLEngine - INFO - fire
2021-12-17 11:40:08,230 - Main.MLEngine - INFO - smoke
2021-12-17 11:40:08,321 - Main.MLEngine - INFO - smoke
2021-12-17 11:40:08,339 - Main.MLEngine - INFO - fire
2021-12-17 11:40:08,467 - Main.MLEngine - INFO - smoke
2021-12-17 11:40:08,500 - Main.MLEngine - INFO - smoke
2021-12-17 11:40:08,542 - Main.MLEngine - INFO - fire
2021-12-17 11:40:08,699 - Main.MLEngine - INFO - smoke
2021-12-17 11:40:08,750 - Main.MLEngine - INFO - smoke
2021-12-17 11:40:08,787 - Main.MLEngine - INFO - fire
2021-12-17 11:40:09,008 - Main.MLEngine - INFO - fire
2021-12-17 11:40:09,053 - Main.MLEngine - INFO - fire
2021-12-17 11:40:09,213 - Main.MLEngine - INFO - smoke
2021-12-17 11:40:09,244 - Main.MLEngine - INFO - smoke
2021-12-17 11:40:09,336 - Main.MLEngine - INFO - fire
2021-12-17 11:40:09,381 - Main.MLEngine - INFO - fire
2021-12-17 11:40:09,537 - Main.MLEngine - INFO - smoke
2021-12-17 11:40:09,555 - Main.MLEngine - INFO - smoke
2021-12-17 11:40:09,590 - Main.MLEngine - INFO - smoke
2021-12-17 11:40:09,629 - Main.MLEngine - INFO - smoke
2021-12-17 11:40:09,664 - Main.MLEngine - INFO - fire
2021-12-17 11:40:09,702 - Main.MLEngine - INFO - fire
2021-12-17 11:40:09,860 - Main.MLEngine - INFO - smoke
2021-12-17 11:40:09,884 - Main.MLEngine - INFO - smoke
2021-12-17 11:40:09,935 - Main.MLEngine - INFO - fire
2021-12-17 11:40:09,984 - Main.MLEngine - INFO - fire
2021-12-17 11:40:10,130 - Main.MLEngine - INFO - smoke
2021-12-17 11:40:10,154 - Main.MLEngine - INFO - smoke
2021-12-17 11:40:10,215 - Main.MLEngine - INFO - fire
2021-12-17 11:40:10,274 - Main.MLEngine - INFO - fire
2021-12-17 11:40:10,399 - Main.MLEngine - INFO - smoke
2021-12-17 11:40:10,417 - Main.MLEngine - INFO - smoke
2021-12-17 11:40:10,466 - Main.MLEngine - INFO - smoke
2021-12-17 11:40:10,543 - Main.MLEngine - INFO - smoke
2021-12-17 11:40:10,560 - Main.MLEngine - INFO - fire
2021-12-17 11:40:10,702 - Main.MLEngine - INFO - smoke
2021-12-17 11:40:10,718 - Main.MLEngine - INFO - smoke
2021-12-17 11:40:10,770 - Main.MLEngine - INFO - smoke
2021-12-17 11:40:10,822 - Main.MLEngine - INFO - fire
2021-12-17 11:40:10,836 - Main.MLEngine - INFO - smoke
2021-12-17 11:40:11,013 - Main.MLEngine - INFO - smoke
2021-12-17 11:40:11,035 - Main.MLEngine - INFO - smoke
2021-12-17 11:40:11,091 - Main.MLEngine - INFO - smoke
2021-12-17 11:40:11,106 - Main.MLEngine - INFO - smoke
2021-12-17 11:40:11,183 - Main.MLEngine - INFO - fire
2021-12-17 11:40:11,199 - Main.MLEngine - INFO - fire
2021-12-17 11:40:11,236 - Main.MLEngine - INFO - fire
2021-12-17 11:40:11,434 - Main.MLEngine - INFO - smoke
2021-12-17 11:40:11,481 - Main.MLEngine - INFO - fire
2021-12-17 11:40:11,501 - Main.MLEngine - INFO - fire
2021-12-17 11:40:11,635 - Main.MLEngine - INFO - smoke
2021-12-17 11:40:11,739 - Main.MLEngine - INFO - fire
2021-12-17 11:40:11,866 - Main.MLEngine - INFO - smoke
2021-12-17 11:40:11,902 - Main.MLEngine - INFO - smoke
2021-12-17 11:40:11,936 - Main.MLEngine - INFO - smoke
2021-12-17 11:40:11,969 - Main.MLEngine - INFO - smoke
2021-12-17 11:40:12,016 - Main.MLEngine - INFO - smoke
2021-12-17 11:40:12,037 - Main.MLEngine - INFO - fire
2021-12-17 11:40:12,084 - Main.MLEngine - INFO - fire
2021-12-17 11:40:12,209 - Main.MLEngine - INFO - smoke
2021-12-17 11:40:12,279 - Main.MLEngine - INFO - smoke
2021-12-17 11:40:12,295 - Main.MLEngine - INFO - smoke
2021-12-17 11:40:12,348 - Main.MLEngine - INFO - fire
2021-12-17 11:40:12,366 - Main.MLEngine - INFO - fire
2021-12-17 11:40:12,499 - Main.MLEngine - INFO - smoke
2021-12-17 11:40:12,568 - Main.MLEngine - INFO - smoke
2021-12-17 11:40:12,586 - Main.MLEngine - INFO - smoke
2021-12-17 11:40:12,623 - Main.MLEngine - INFO - fire
2021-12-17 11:40:12,641 - Main.MLEngine - INFO - fire
2021-12-17 11:40:12,789 - Main.MLEngine - INFO - smoke
2021-12-17 11:40:12,804 - Main.MLEngine - INFO - smoke
2021-12-17 11:40:12,825 - Main.MLEngine - INFO - smoke
2021-12-17 11:40:12,842 - Main.MLEngine - INFO - smoke
2021-12-17 11:40:12,860 - Main.MLEngine - INFO - smoke
2021-12-17 11:40:12,876 - Main.MLEngine - INFO - smoke
2021-12-17 11:40:12,959 - Main.MLEngine - INFO - fire
2021-12-17 11:40:12,991 - Main.MLEngine - INFO - fire
2021-12-17 11:40:13,040 - Main.MLEngine - INFO - fire
2021-12-17 11:40:13,204 - Main.MLEngine - INFO - smoke
2021-12-17 11:40:13,226 - Main.MLEngine - INFO - smoke
2021-12-17 11:40:13,246 - Main.MLEngine - INFO - fire
2021-12-17 11:40:13,268 - Main.MLEngine - INFO - fire
2021-12-17 11:40:13,396 - Main.MLEngine - INFO - smoke
2021-12-17 11:40:13,466 - Main.MLEngine - INFO - fire
2021-12-17 11:40:13,486 - Main.MLEngine - INFO - fire
2021-12-17 11:40:13,615 - Main.MLEngine - INFO - smoke
2021-12-17 11:40:13,671 - Main.MLEngine - INFO - fire
2021-12-17 11:40:13,688 - Main.MLEngine - INFO - fire
2021-12-17 11:40:13,821 - Main.MLEngine - INFO - smoke
2021-12-17 11:40:13,845 - Main.MLEngine - INFO - smoke
2021-12-17 11:40:13,868 - Main.MLEngine - INFO - smoke
2021-12-17 11:40:13,908 - Main.MLEngine - INFO - fire
2021-12-17 11:40:13,926 - Main.MLEngine - INFO - fire
2021-12-17 11:40:14,078 - Main.MLEngine - INFO - smoke
2021-12-17 11:40:14,103 - Main.MLEngine - INFO - smoke
2021-12-17 11:40:14,123 - Main.MLEngine - INFO - smoke
2021-12-17 11:40:14,158 - Main.MLEngine - INFO - fire
2021-12-17 11:40:14,177 - Main.MLEngine - INFO - fire
2021-12-17 11:40:14,320 - Main.MLEngine - INFO - smoke
2021-12-17 11:40:14,343 - Main.MLEngine - INFO - smoke
2021-12-17 11:40:14,364 - Main.MLEngine - INFO - smoke
2021-12-17 11:40:14,414 - Main.MLEngine - INFO - smoke
2021-12-17 11:40:14,434 - Main.MLEngine - INFO - smoke
2021-12-17 11:40:14,455 - Main.MLEngine - INFO - fire
2021-12-17 11:40:14,505 - Main.MLEngine - INFO - fire
2021-12-17 11:40:14,523 - Main.MLEngine - INFO - fire
2021-12-17 11:40:14,648 - Main.MLEngine - INFO - smoke
2021-12-17 11:40:14,668 - Main.MLEngine - INFO - smoke
2021-12-17 11:40:14,719 - Main.MLEngine - INFO - fire
2021-12-17 11:40:14,755 - Main.MLEngine - INFO - fire
2021-12-17 11:40:14,789 - Main.MLEngine - INFO - fire
2021-12-17 11:40:14,924 - Main.MLEngine - INFO - smoke
2021-12-17 11:40:15,017 - Main.MLEngine - INFO - fire
2021-12-17 11:40:15,036 - Main.MLEngine - INFO - fire
2021-12-17 11:40:15,056 - Main.MLEngine - INFO - fire
2021-12-17 11:40:15,179 - Main.MLEngine - INFO - smoke
2021-12-17 11:40:15,194 - Main.MLEngine - INFO - smoke
2021-12-17 11:40:15,227 - Main.MLEngine - INFO - smoke
2021-12-17 11:40:15,245 - Main.MLEngine - INFO - fire
2021-12-17 11:40:15,277 - Main.MLEngine - INFO - fire
2021-12-17 11:40:15,410 - Main.MLEngine - INFO - smoke
2021-12-17 11:40:15,424 - Main.MLEngine - INFO - smoke
2021-12-17 11:40:15,438 - Main.MLEngine - INFO - smoke
2021-12-17 11:40:15,458 - Main.MLEngine - INFO - smoke
2021-12-17 11:40:15,496 - Main.MLEngine - INFO - fire
2021-12-17 11:40:15,530 - Main.MLEngine - INFO - fire
2021-12-17 11:40:15,694 - Main.MLEngine - INFO - smoke
2021-12-17 11:40:15,709 - Main.MLEngine - INFO - smoke
2021-12-17 11:40:15,726 - Main.MLEngine - INFO - smoke
2021-12-17 11:40:15,743 - Main.MLEngine - INFO - smoke
2021-12-17 11:40:15,795 - Main.MLEngine - INFO - fire
2021-12-17 11:40:15,823 - Main.MLEngine - INFO - fire
2021-12-17 11:40:15,986 - Main.MLEngine - INFO - smoke
2021-12-17 11:40:16,069 - Main.MLEngine - INFO - fire
2021-12-17 11:40:16,102 - Main.MLEngine - INFO - smoke
2021-12-17 11:40:16,121 - Main.MLEngine - INFO - fire
2021-12-17 11:40:16,311 - Main.MLEngine - INFO - fire
2021-12-17 11:40:16,346 - Main.MLEngine - INFO - fire
2021-12-17 11:40:16,518 - Main.MLEngine - INFO - smoke
2021-12-17 11:40:16,533 - Main.MLEngine - INFO - smoke
2021-12-17 11:40:16,592 - Main.MLEngine - INFO - fire
2021-12-17 11:40:16,611 - Main.MLEngine - INFO - fire
2021-12-17 11:40:16,760 - Main.MLEngine - INFO - smoke
2021-12-17 11:40:16,807 - Main.MLEngine - INFO - smoke
2021-12-17 11:40:16,844 - Main.MLEngine - INFO - fire
2021-12-17 11:40:16,998 - Main.MLEngine - INFO - smoke
2021-12-17 11:40:17,033 - Main.MLEngine - INFO - smoke
2021-12-17 11:40:17,057 - Main.MLEngine - INFO - smoke
2021-12-17 11:40:17,077 - Main.MLEngine - INFO - fire
2021-12-17 11:40:17,116 - Main.MLEngine - INFO - fire
2021-12-17 11:40:17,263 - Main.MLEngine - INFO - smoke
2021-12-17 11:40:17,297 - Main.MLEngine - INFO - smoke
2021-12-17 11:40:17,320 - Main.MLEngine - INFO - smoke
2021-12-17 11:40:17,341 - Main.MLEngine - INFO - fire
2021-12-17 11:40:17,391 - Main.MLEngine - INFO - fire
2021-12-17 11:40:17,518 - Main.MLEngine - INFO - smoke
2021-12-17 11:40:17,549 - Main.MLEngine - INFO - smoke
2021-12-17 11:40:17,602 - Main.MLEngine - INFO - smoke
2021-12-17 11:40:17,647 - Main.MLEngine - INFO - smoke
2021-12-17 11:40:17,672 - Main.MLEngine - INFO - fire
2021-12-17 11:40:17,724 - Main.MLEngine - INFO - fire
2021-12-17 11:40:17,871 - Main.MLEngine - INFO - smoke
2021-12-17 11:40:17,920 - Main.MLEngine - INFO - smoke
2021-12-17 11:40:17,959 - Main.MLEngine - INFO - fire
2021-12-17 11:40:17,998 - Main.MLEngine - INFO - fire
2021-12-17 11:40:18,161 - Main.MLEngine - INFO - smoke
2021-12-17 11:40:18,175 - Main.MLEngine - INFO - smoke
2021-12-17 11:40:18,208 - Main.MLEngine - INFO - smoke
2021-12-17 11:40:18,272 - Main.MLEngine - INFO - fire
2021-12-17 11:40:18,396 - Main.MLEngine - INFO - smoke
2021-12-17 11:40:18,426 - Main.MLEngine - INFO - smoke
2021-12-17 11:40:18,444 - Main.MLEngine - INFO - smoke
2021-12-17 11:40:18,519 - Main.MLEngine - INFO - fire
2021-12-17 11:40:18,535 - Main.MLEngine - INFO - fire
2021-12-17 11:40:18,732 - Main.MLEngine - INFO - smoke
2021-12-17 11:40:18,763 - Main.MLEngine - INFO - smoke
2021-12-17 11:40:18,780 - Main.MLEngine - INFO - smoke
2021-12-17 11:40:18,796 - Main.MLEngine - INFO - smoke
2021-12-17 11:40:18,858 - Main.MLEngine - INFO - fire
2021-12-17 11:40:18,874 - Main.MLEngine - INFO - fire
2021-12-17 11:40:18,912 - Main.MLEngine - INFO - fire
2021-12-17 11:40:19,052 - Main.MLEngine - INFO - smoke
2021-12-17 11:40:19,105 - Main.MLEngine - INFO - smoke
2021-12-17 11:40:19,133 - Main.MLEngine - INFO - smoke
2021-12-17 11:40:19,152 - Main.MLEngine - INFO - smoke
2021-12-17 11:40:19,172 - Main.MLEngine - INFO - smoke
2021-12-17 11:40:19,238 - Main.MLEngine - INFO - fire
2021-12-17 11:40:19,254 - Main.MLEngine - INFO - fire
2021-12-17 11:40:19,287 - Main.MLEngine - INFO - fire
2021-12-17 11:40:19,425 - Main.MLEngine - INFO - smoke
2021-12-17 11:40:19,442 - Main.MLEngine - INFO - smoke
2021-12-17 11:40:19,479 - Main.MLEngine - INFO - smoke
2021-12-17 11:40:19,496 - Main.MLEngine - INFO - smoke
2021-12-17 11:40:19,521 - Main.MLEngine - INFO - fire
2021-12-17 11:40:19,557 - Main.MLEngine - INFO - fire
2021-12-17 11:40:19,577 - Main.MLEngine - INFO - fire
2021-12-17 11:40:19,696 - Main.MLEngine - INFO - smoke
2021-12-17 11:40:19,713 - Main.MLEngine - INFO - smoke
2021-12-17 11:40:19,762 - Main.MLEngine - INFO - smoke
2021-12-17 11:40:19,792 - Main.MLEngine - INFO - smoke
2021-12-17 11:40:19,815 - Main.MLEngine - INFO - fire
2021-12-17 11:40:19,848 - Main.MLEngine - INFO - fire
2021-12-17 11:40:19,982 - Main.MLEngine - INFO - smoke
2021-12-17 11:40:20,014 - Main.MLEngine - INFO - smoke
2021-12-17 11:40:20,036 - Main.MLEngine - INFO - smoke
2021-12-17 11:40:20,090 - Main.MLEngine - INFO - smoke
2021-12-17 11:40:20,109 - Main.MLEngine - INFO - smoke
2021-12-17 11:40:20,147 - Main.MLEngine - INFO - fire
2021-12-17 11:40:20,165 - Main.MLEngine - INFO - fire
2021-12-17 11:40:20,322 - Main.MLEngine - INFO - smoke
2021-12-17 11:40:20,339 - Main.MLEngine - INFO - smoke
2021-12-17 11:40:20,359 - Main.MLEngine - INFO - smoke
2021-12-17 11:40:20,378 - Main.MLEngine - INFO - smoke
2021-12-17 11:40:20,420 - Main.MLEngine - INFO - smoke
2021-12-17 11:40:20,445 - Main.MLEngine - INFO - fire
2021-12-17 11:40:20,464 - Main.MLEngine - INFO - fire
2021-12-17 11:40:20,597 - Main.MLEngine - INFO - smoke
2021-12-17 11:40:20,628 - Main.MLEngine - INFO - smoke
2021-12-17 11:40:20,752 - Main.MLEngine - INFO - fire
2021-12-17 11:40:20,770 - Main.MLEngine - INFO - fire
2021-12-17 11:40:20,808 - Main.MLEngine - INFO - fire
2021-12-17 11:40:20,828 - Main.MLEngine - INFO - fire
2021-12-17 11:40:20,963 - Main.MLEngine - INFO - smoke
2021-12-17 11:40:20,996 - Main.MLEngine - INFO - smoke
2021-12-17 11:40:21,078 - Main.MLEngine - INFO - fire
2021-12-17 11:40:21,095 - Main.MLEngine - INFO - fire
2021-12-17 11:40:21,127 - Main.MLEngine - INFO - fire
2021-12-17 11:40:21,145 - Main.MLEngine - INFO - fire
2021-12-17 11:40:21,291 - Main.MLEngine - INFO - smoke
2021-12-17 11:40:21,325 - Main.MLEngine - INFO - smoke
2021-12-17 11:40:21,363 - Main.MLEngine - INFO - fire
2021-12-17 11:40:21,500 - Main.MLEngine - INFO - smoke
2021-12-17 11:40:21,515 - Main.MLEngine - INFO - smoke
2021-12-17 11:40:21,544 - Main.MLEngine - INFO - fire
2021-12-17 11:40:21,563 - Main.MLEngine - INFO - fire
2021-12-17 11:40:21,680 - Main.MLEngine - INFO - smoke
2021-12-17 11:40:21,705 - Main.MLEngine - INFO - fire
2021-12-17 11:40:21,754 - Main.MLEngine - INFO - fire
2021-12-17 11:40:21,771 - Main.MLEngine - INFO - fire
2021-12-17 11:40:21,893 - Main.MLEngine - INFO - smoke
2021-12-17 11:40:21,931 - Main.MLEngine - INFO - smoke
2021-12-17 11:40:21,947 - Main.MLEngine - INFO - smoke
2021-12-17 11:40:21,966 - Main.MLEngine - INFO - smoke
2021-12-17 11:40:21,985 - Main.MLEngine - INFO - fire
2021-12-17 11:40:22,005 - Main.MLEngine - INFO - fire
2021-12-17 11:40:22,140 - Main.MLEngine - INFO - smoke
2021-12-17 11:40:22,161 - Main.MLEngine - INFO - smoke
2021-12-17 11:40:22,181 - Main.MLEngine - INFO - smoke
2021-12-17 11:40:22,196 - Main.MLEngine - INFO - smoke
2021-12-17 11:40:22,214 - Main.MLEngine - INFO - smoke
2021-12-17 11:40:22,234 - Main.MLEngine - INFO - fire
2021-12-17 11:40:22,252 - Main.MLEngine - INFO - fire
2021-12-17 11:40:22,272 - Main.MLEngine - INFO - fire
2021-12-17 11:40:22,394 - Main.MLEngine - INFO - smoke
2021-12-17 11:40:22,413 - Main.MLEngine - INFO - smoke
2021-12-17 11:40:22,433 - Main.MLEngine - INFO - smoke
2021-12-17 11:40:22,453 - Main.MLEngine - INFO - smoke
2021-12-17 11:40:22,506 - Main.MLEngine - INFO - smoke
2021-12-17 11:40:22,529 - Main.MLEngine - INFO - fire
2021-12-17 11:40:22,548 - Main.MLEngine - INFO - fire
2021-12-17 11:40:22,567 - Main.MLEngine - INFO - fire
2021-12-17 11:40:22,691 - Main.MLEngine - INFO - smoke
2021-12-17 11:40:22,709 - Main.MLEngine - INFO - smoke
2021-12-17 11:40:22,732 - Main.MLEngine - INFO - smoke
2021-12-17 11:40:22,749 - Main.MLEngine - INFO - smoke
2021-12-17 11:40:22,767 - Main.MLEngine - INFO - smoke
2021-12-17 11:40:22,785 - Main.MLEngine - INFO - smoke
2021-12-17 11:40:22,806 - Main.MLEngine - INFO - fire
2021-12-17 11:40:22,844 - Main.MLEngine - INFO - fire
2021-12-17 11:40:22,967 - Main.MLEngine - INFO - smoke
2021-12-17 11:40:22,981 - Main.MLEngine - INFO - smoke
2021-12-17 11:40:23,006 - Main.MLEngine - INFO - smoke
2021-12-17 11:40:23,028 - Main.MLEngine - INFO - fire
2021-12-17 11:40:23,047 - Main.MLEngine - INFO - fire
2021-12-17 11:40:23,164 - Main.MLEngine - INFO - smoke
2021-12-17 11:40:23,204 - Main.MLEngine - INFO - smoke
2021-12-17 11:40:23,223 - Main.MLEngine - INFO - smoke
2021-12-17 11:40:23,245 - Main.MLEngine - INFO - fire
2021-12-17 11:40:23,264 - Main.MLEngine - INFO - fire
2021-12-17 11:40:23,397 - Main.MLEngine - INFO - smoke
2021-12-17 11:40:23,436 - Main.MLEngine - INFO - smoke
2021-12-17 11:40:23,454 - Main.MLEngine - INFO - fire
2021-12-17 11:40:23,473 - Main.MLEngine - INFO - fire
2021-12-17 11:40:23,510 - Main.MLEngine - INFO - fire
2021-12-17 11:40:23,646 - Main.MLEngine - INFO - smoke
2021-12-17 11:40:23,670 - Main.MLEngine - INFO - fire
2021-12-17 11:40:23,687 - Main.MLEngine - INFO - fire
2021-12-17 11:40:23,706 - Main.MLEngine - INFO - fire
2021-12-17 11:40:23,841 - Main.MLEngine - INFO - smoke
2021-12-17 11:40:23,858 - Main.MLEngine - INFO - smoke
2021-12-17 11:40:23,883 - Main.MLEngine - INFO - fire
2021-12-17 11:40:23,901 - Main.MLEngine - INFO - fire
2021-12-17 11:40:23,918 - Main.MLEngine - INFO - fire
2021-12-17 11:40:24,050 - Main.MLEngine - INFO - smoke
2021-12-17 11:40:24,082 - Main.MLEngine - INFO - smoke
2021-12-17 11:40:24,099 - Main.MLEngine - INFO - smoke
2021-12-17 11:40:24,174 - Main.MLEngine - INFO - fire
2021-12-17 11:40:24,221 - Main.MLEngine - INFO - fire
2021-12-17 11:40:24,403 - Main.MLEngine - INFO - smoke
2021-12-17 11:40:24,478 - Main.MLEngine - INFO - fire
2021-12-17 11:40:24,496 - Main.MLEngine - INFO - fire
2021-12-17 11:40:24,516 - Main.MLEngine - INFO - fire
2021-12-17 11:40:24,533 - Main.MLEngine - INFO - fire
2021-12-17 11:40:24,666 - Main.MLEngine - INFO - smoke
2021-12-17 11:40:24,734 - Main.MLEngine - INFO - fire
2021-12-17 11:40:24,751 - Main.MLEngine - INFO - fire
2021-12-17 11:40:24,887 - Main.MLEngine - INFO - smoke
2021-12-17 11:40:24,902 - Main.MLEngine - INFO - smoke
2021-12-17 11:40:24,941 - Main.MLEngine - INFO - smoke
2021-12-17 11:40:24,966 - Main.MLEngine - INFO - fire
2021-12-17 11:40:24,984 - Main.MLEngine - INFO - fire
2021-12-17 11:40:25,001 - Main.MLEngine - INFO - fire
2021-12-17 11:40:25,164 - Main.MLEngine - INFO - smoke
2021-12-17 11:40:25,199 - Main.MLEngine - INFO - fire
2021-12-17 11:40:25,217 - Main.MLEngine - INFO - fire
2021-12-17 11:40:25,235 - Main.MLEngine - INFO - fire
2021-12-17 11:40:25,386 - Main.MLEngine - INFO - smoke
2021-12-17 11:40:25,402 - Main.MLEngine - INFO - smoke
2021-12-17 11:40:25,433 - Main.MLEngine - INFO - fire
2021-12-17 11:40:25,452 - Main.MLEngine - INFO - fire
2021-12-17 11:40:25,485 - Main.MLEngine - INFO - fire
2021-12-17 11:40:25,681 - Main.MLEngine - INFO - fire
2021-12-17 11:40:25,698 - Main.MLEngine - INFO - fire
2021-12-17 11:40:25,824 - Main.MLEngine - INFO - smoke
2021-12-17 11:40:25,877 - Main.MLEngine - INFO - smoke
2021-12-17 11:40:25,893 - Main.MLEngine - INFO - fire
2021-12-17 11:40:25,911 - Main.MLEngine - INFO - fire
2021-12-17 11:40:26,045 - Main.MLEngine - INFO - smoke
2021-12-17 11:40:26,081 - Main.MLEngine - INFO - smoke
2021-12-17 11:40:26,099 - Main.MLEngine - INFO - smoke
2021-12-17 11:40:26,134 - Main.MLEngine - INFO - fire
2021-12-17 11:40:26,166 - Main.MLEngine - INFO - fire
2021-12-17 11:40:26,187 - Main.MLEngine - INFO - fire
2021-12-17 11:40:26,321 - Main.MLEngine - INFO - smoke
2021-12-17 11:40:26,340 - Main.MLEngine - INFO - smoke
2021-12-17 11:40:26,378 - Main.MLEngine - INFO - fire
2021-12-17 11:40:26,398 - Main.MLEngine - INFO - fire
2021-12-17 11:40:26,418 - Main.MLEngine - INFO - fire
2021-12-17 11:40:26,545 - Main.MLEngine - INFO - smoke
2021-12-17 11:40:26,599 - Main.MLEngine - INFO - fire
2021-12-17 11:40:26,614 - Main.MLEngine - INFO - fire
2021-12-17 11:40:26,633 - Main.MLEngine - INFO - fire
2021-12-17 11:40:26,652 - Main.MLEngine - INFO - fire
2021-12-17 11:40:26,776 - Main.MLEngine - INFO - smoke
2021-12-17 11:40:26,829 - Main.MLEngine - INFO - fire
2021-12-17 11:40:26,844 - Main.MLEngine - INFO - fire
2021-12-17 11:40:26,860 - Main.MLEngine - INFO - fire
2021-12-17 11:40:26,882 - Main.MLEngine - INFO - fire
2021-12-17 11:40:27,017 - Main.MLEngine - INFO - smoke
2021-12-17 11:40:27,034 - Main.MLEngine - INFO - smoke
2021-12-17 11:40:27,053 - Main.MLEngine - INFO - smoke
2021-12-17 11:40:27,087 - Main.MLEngine - INFO - smoke
2021-12-17 11:40:27,123 - Main.MLEngine - INFO - fire
2021-12-17 11:40:27,142 - Main.MLEngine - INFO - fire
2021-12-17 11:40:27,162 - Main.MLEngine - INFO - fire
2021-12-17 11:40:27,283 - Main.MLEngine - INFO - smoke
2021-12-17 11:40:27,301 - Main.MLEngine - INFO - smoke
2021-12-17 11:40:27,319 - Main.MLEngine - INFO - smoke
2021-12-17 11:40:27,381 - Main.MLEngine - INFO - fire
2021-12-17 11:40:27,398 - Main.MLEngine - INFO - fire
2021-12-17 11:40:27,430 - Main.MLEngine - INFO - fire
2021-12-17 11:40:27,543 - Main.MLEngine - INFO - smoke
2021-12-17 11:40:27,558 - Main.MLEngine - INFO - smoke
2021-12-17 11:40:27,575 - Main.MLEngine - INFO - smoke
2021-12-17 11:40:27,659 - Main.MLEngine - INFO - fire
2021-12-17 11:40:27,675 - Main.MLEngine - INFO - fire
2021-12-17 11:40:27,822 - Main.MLEngine - INFO - smoke
2021-12-17 11:40:27,838 - Main.MLEngine - INFO - smoke
2021-12-17 11:40:27,855 - Main.MLEngine - INFO - smoke
2021-12-17 11:40:27,872 - Main.MLEngine - INFO - smoke
2021-12-17 11:40:27,911 - Main.MLEngine - INFO - fire
2021-12-17 11:40:27,947 - Main.MLEngine - INFO - fire
2021-12-17 11:40:27,967 - Main.MLEngine - INFO - fire
2021-12-17 11:40:27,988 - Main.MLEngine - INFO - fire
2021-12-17 11:40:28,110 - Main.MLEngine - INFO - smoke
2021-12-17 11:40:28,141 - Main.MLEngine - INFO - smoke
2021-12-17 11:40:28,160 - Main.MLEngine - INFO - smoke
2021-12-17 11:40:28,213 - Main.MLEngine - INFO - smoke
2021-12-17 11:40:28,256 - Main.MLEngine - INFO - fire
2021-12-17 11:40:28,288 - Main.MLEngine - INFO - fire
2021-12-17 11:40:28,306 - Main.MLEngine - INFO - fire
2021-12-17 11:40:28,426 - Main.MLEngine - INFO - smoke
2021-12-17 11:40:28,443 - Main.MLEngine - INFO - smoke
2021-12-17 11:40:28,465 - Main.MLEngine - INFO - smoke
2021-12-17 11:40:28,502 - Main.MLEngine - INFO - smoke
2021-12-17 11:40:28,542 - Main.MLEngine - INFO - fire
2021-12-17 11:40:28,559 - Main.MLEngine - INFO - smoke
2021-12-17 11:40:28,582 - Main.MLEngine - INFO - fire
2021-12-17 11:40:28,603 - Main.MLEngine - INFO - fire
2021-12-17 11:40:28,724 - Main.MLEngine - INFO - smoke
2021-12-17 11:40:28,741 - Main.MLEngine - INFO - smoke
2021-12-17 11:40:28,761 - Main.MLEngine - INFO - smoke
2021-12-17 11:40:28,781 - Main.MLEngine - INFO - smoke
2021-12-17 11:40:28,800 - Main.MLEngine - INFO - smoke
2021-12-17 11:40:28,854 - Main.MLEngine - INFO - smoke
2021-12-17 11:40:28,889 - Main.MLEngine - INFO - fire
2021-12-17 11:40:28,906 - Main.MLEngine - INFO - fire
2021-12-17 11:40:28,927 - Main.MLEngine - INFO - fire
2021-12-17 11:40:29,065 - Main.MLEngine - INFO - smoke
2021-12-17 11:40:29,098 - Main.MLEngine - INFO - smoke
2021-12-17 11:40:29,148 - Main.MLEngine - INFO - smoke
2021-12-17 11:40:29,197 - Main.MLEngine - INFO - fire
2021-12-17 11:40:29,270 - Main.MLEngine - INFO - fire
2021-12-17 11:40:29,286 - Main.MLEngine - INFO - fire
2021-12-17 11:40:29,438 - Main.MLEngine - INFO - smoke
2021-12-17 11:40:29,473 - Main.MLEngine - INFO - smoke
2021-12-17 11:40:29,523 - Main.MLEngine - INFO - fire
2021-12-17 11:40:29,554 - Main.MLEngine - INFO - fire
2021-12-17 11:40:29,573 - Main.MLEngine - INFO - fire
2021-12-17 11:40:29,694 - Main.MLEngine - INFO - smoke
2021-12-17 11:40:29,710 - Main.MLEngine - INFO - smoke
2021-12-17 11:40:29,793 - Main.MLEngine - INFO - fire
2021-12-17 11:40:29,809 - Main.MLEngine - INFO - fire
2021-12-17 11:40:29,827 - Main.MLEngine - INFO - fire
2021-12-17 11:40:29,970 - Main.MLEngine - INFO - smoke
2021-12-17 11:40:29,987 - Main.MLEngine - INFO - smoke
2021-12-17 11:40:30,047 - Main.MLEngine - INFO - smoke
2021-12-17 11:40:30,068 - Main.MLEngine - INFO - smoke
2021-12-17 11:40:30,121 - Main.MLEngine - INFO - fire
2021-12-17 11:40:30,136 - Main.MLEngine - INFO - fire
2021-12-17 11:40:30,156 - Main.MLEngine - INFO - fire
2021-12-17 11:40:30,283 - Main.MLEngine - INFO - smoke
2021-12-17 11:40:30,301 - Main.MLEngine - INFO - smoke
2021-12-17 11:40:30,355 - Main.MLEngine - INFO - smoke
2021-12-17 11:40:30,369 - Main.MLEngine - INFO - smoke
2021-12-17 11:40:30,388 - Main.MLEngine - INFO - smoke
2021-12-17 11:40:30,408 - Main.MLEngine - INFO - smoke
2021-12-17 11:40:30,459 - Main.MLEngine - INFO - fire
2021-12-17 11:40:30,476 - Main.MLEngine - INFO - fire
2021-12-17 11:40:30,497 - Main.MLEngine - INFO - fire
2021-12-17 11:40:30,649 - Main.MLEngine - INFO - smoke
2021-12-17 11:40:30,685 - Main.MLEngine - INFO - smoke
2021-12-17 11:40:30,706 - Main.MLEngine - INFO - smoke
2021-12-17 11:40:30,725 - Main.MLEngine - INFO - fire
2021-12-17 11:40:30,744 - Main.MLEngine - INFO - fire
2021-12-17 11:40:30,883 - Main.MLEngine - INFO - smoke
2021-12-17 11:40:30,918 - Main.MLEngine - INFO - smoke
2021-12-17 11:40:30,938 - Main.MLEngine - INFO - smoke
2021-12-17 11:40:30,957 - Main.MLEngine - INFO - smoke
2021-12-17 11:40:30,977 - Main.MLEngine - INFO - smoke
2021-12-17 11:40:30,997 - Main.MLEngine - INFO - fire
2021-12-17 11:40:31,019 - Main.MLEngine - INFO - fire
2021-12-17 11:40:31,038 - Main.MLEngine - INFO - fire
2021-12-17 11:40:31,183 - Main.MLEngine - INFO - smoke
2021-12-17 11:40:31,201 - Main.MLEngine - INFO - smoke
2021-12-17 11:40:31,221 - Main.MLEngine - INFO - smoke
2021-12-17 11:40:31,255 - Main.MLEngine - INFO - smoke
2021-12-17 11:40:31,273 - Main.MLEngine - INFO - smoke
2021-12-17 11:40:31,336 - Main.MLEngine - INFO - fire
2021-12-17 11:40:31,353 - Main.MLEngine - INFO - fire
2021-12-17 11:40:31,372 - Main.MLEngine - INFO - fire
2021-12-17 11:40:31,489 - Main.MLEngine - INFO - smoke
2021-12-17 11:40:31,523 - Main.MLEngine - INFO - smoke
2021-12-17 11:40:31,541 - Main.MLEngine - INFO - smoke
2021-12-17 11:40:31,574 - Main.MLEngine - INFO - fire
2021-12-17 11:40:31,593 - Main.MLEngine - INFO - fire
2021-12-17 11:40:31,611 - Main.MLEngine - INFO - fire
2021-12-17 11:40:31,738 - Main.MLEngine - INFO - smoke
2021-12-17 11:40:31,757 - Main.MLEngine - INFO - smoke
2021-12-17 11:40:31,773 - Main.MLEngine - INFO - smoke
2021-12-17 11:40:31,793 - Main.MLEngine - INFO - smoke
2021-12-17 11:40:31,827 - Main.MLEngine - INFO - smoke
2021-12-17 11:40:31,852 - Main.MLEngine - INFO - fire
2021-12-17 11:40:31,872 - Main.MLEngine - INFO - fire
2021-12-17 11:40:31,892 - Main.MLEngine - INFO - fire
2021-12-17 11:40:32,025 - Main.MLEngine - INFO - smoke
2021-12-17 11:40:32,043 - Main.MLEngine - INFO - smoke
2021-12-17 11:40:32,062 - Main.MLEngine - INFO - smoke
2021-12-17 11:40:32,085 - Main.MLEngine - INFO - smoke
2021-12-17 11:40:32,121 - Main.MLEngine - INFO - smoke
2021-12-17 11:40:32,146 - Main.MLEngine - INFO - fire
2021-12-17 11:40:32,167 - Main.MLEngine - INFO - fire
2021-12-17 11:40:32,187 - Main.MLEngine - INFO - fire
2021-12-17 11:40:32,208 - Main.MLEngine - INFO - fire
2021-12-17 11:40:32,405 - Main.MLEngine - INFO - smoke
2021-12-17 11:40:32,423 - Main.MLEngine - INFO - smoke
2021-12-17 11:40:32,441 - Main.MLEngine - INFO - smoke
2021-12-17 11:40:32,491 - Main.MLEngine - INFO - smoke
2021-12-17 11:40:32,523 - Main.MLEngine - INFO - smoke
2021-12-17 11:40:32,544 - Main.MLEngine - INFO - fire
2021-12-17 11:40:32,563 - Main.MLEngine - INFO - fire
2021-12-17 11:40:32,585 - Main.MLEngine - INFO - fire
2021-12-17 11:40:32,749 - Main.MLEngine - INFO - smoke
2021-12-17 11:40:32,766 - Main.MLEngine - INFO - smoke
2021-12-17 11:40:32,808 - Main.MLEngine - INFO - smoke
2021-12-17 11:40:32,825 - Main.MLEngine - INFO - smoke
2021-12-17 11:40:32,859 - Main.MLEngine - INFO - fire
2021-12-17 11:40:32,877 - Main.MLEngine - INFO - fire
2021-12-17 11:40:32,895 - Main.MLEngine - INFO - fire
2021-12-17 11:40:33,050 - Main.MLEngine - INFO - smoke
2021-12-17 11:40:33,126 - Main.MLEngine - INFO - smoke
2021-12-17 11:40:33,146 - Main.MLEngine - INFO - fire
2021-12-17 11:40:33,164 - Main.MLEngine - INFO - fire
2021-12-17 11:40:33,181 - Main.MLEngine - INFO - fire
2021-12-17 11:40:33,335 - Main.MLEngine - INFO - smoke
2021-12-17 11:40:33,355 - Main.MLEngine - INFO - smoke
2021-12-17 11:40:33,375 - Main.MLEngine - INFO - smoke
2021-12-17 11:40:33,394 - Main.MLEngine - INFO - smoke
2021-12-17 11:40:33,411 - Main.MLEngine - INFO - fire
2021-12-17 11:40:33,443 - Main.MLEngine - INFO - fire
2021-12-17 11:40:33,462 - Main.MLEngine - INFO - fire
2021-12-17 11:40:33,626 - Main.MLEngine - INFO - smoke
2021-12-17 11:40:33,659 - Main.MLEngine - INFO - smoke
2021-12-17 11:40:33,677 - Main.MLEngine - INFO - smoke
2021-12-17 11:40:33,704 - Main.MLEngine - INFO - fire
2021-12-17 11:40:33,741 - Main.MLEngine - INFO - fire
2021-12-17 11:40:33,760 - Main.MLEngine - INFO - fire
2021-12-17 11:40:33,939 - Main.MLEngine - INFO - smoke
2021-12-17 11:40:33,975 - Main.MLEngine - INFO - smoke
2021-12-17 11:40:33,992 - Main.MLEngine - INFO - smoke
2021-12-17 11:40:34,012 - Main.MLEngine - INFO - fire
2021-12-17 11:40:34,042 - Main.MLEngine - INFO - fire
2021-12-17 11:40:34,060 - Main.MLEngine - INFO - fire
2021-12-17 11:40:34,251 - Main.MLEngine - INFO - smoke
2021-12-17 11:40:34,269 - Main.MLEngine - INFO - smoke
2021-12-17 11:40:34,288 - Main.MLEngine - INFO - smoke
2021-12-17 11:40:34,325 - Main.MLEngine - INFO - smoke
2021-12-17 11:40:34,377 - Main.MLEngine - INFO - smoke
2021-12-17 11:40:34,392 - Main.MLEngine - INFO - smoke
2021-12-17 11:40:34,410 - Main.MLEngine - INFO - smoke
2021-12-17 11:40:34,431 - Main.MLEngine - INFO - fire
2021-12-17 11:40:34,451 - Main.MLEngine - INFO - fire
2021-12-17 11:40:34,472 - Main.MLEngine - INFO - fire
2021-12-17 11:40:34,608 - Main.MLEngine - INFO - smoke
2021-12-17 11:40:34,640 - Main.MLEngine - INFO - smoke
2021-12-17 11:40:34,659 - Main.MLEngine - INFO - smoke
2021-12-17 11:40:34,679 - Main.MLEngine - INFO - smoke
2021-12-17 11:40:34,696 - Main.MLEngine - INFO - smoke
2021-12-17 11:40:34,756 - Main.MLEngine - INFO - fire
2021-12-17 11:40:34,772 - Main.MLEngine - INFO - fire
2021-12-17 11:40:34,791 - Main.MLEngine - INFO - fire
2021-12-17 11:40:34,810 - Main.MLEngine - INFO - fire
2021-12-17 11:40:34,957 - Main.MLEngine - INFO - smoke
2021-12-17 11:40:34,973 - Main.MLEngine - INFO - smoke
2021-12-17 11:40:34,992 - Main.MLEngine - INFO - smoke
2021-12-17 11:40:35,043 - Main.MLEngine - INFO - smoke
2021-12-17 11:40:35,069 - Main.MLEngine - INFO - fire
2021-12-17 11:40:35,108 - Main.MLEngine - INFO - fire
2021-12-17 11:40:35,127 - Main.MLEngine - INFO - fire
2021-12-17 11:40:35,245 - Main.MLEngine - INFO - smoke
2021-12-17 11:40:35,291 - Main.MLEngine - INFO - smoke
2021-12-17 11:40:35,325 - Main.MLEngine - INFO - smoke
2021-12-17 11:40:35,361 - Main.MLEngine - INFO - smoke
2021-12-17 11:40:35,379 - Main.MLEngine - INFO - smoke
2021-12-17 11:40:35,411 - Main.MLEngine - INFO - smoke
2021-12-17 11:40:35,431 - Main.MLEngine - INFO - fire
2021-12-17 11:40:35,465 - Main.MLEngine - INFO - fire
2021-12-17 11:40:35,485 - Main.MLEngine - INFO - fire
2021-12-17 11:40:35,607 - Main.MLEngine - INFO - smoke
2021-12-17 11:40:35,642 - Main.MLEngine - INFO - smoke
2021-12-17 11:40:35,677 - Main.MLEngine - INFO - smoke
2021-12-17 11:40:35,712 - Main.MLEngine - INFO - smoke
2021-12-17 11:40:35,729 - Main.MLEngine - INFO - smoke
2021-12-17 11:40:35,746 - Main.MLEngine - INFO - smoke
2021-12-17 11:40:35,804 - Main.MLEngine - INFO - fire
2021-12-17 11:40:35,821 - Main.MLEngine - INFO - fire
2021-12-17 11:40:35,841 - Main.MLEngine - INFO - fire
2021-12-17 11:40:35,966 - Main.MLEngine - INFO - smoke
2021-12-17 11:40:36,000 - Main.MLEngine - INFO - smoke
2021-12-17 11:40:36,035 - Main.MLEngine - INFO - smoke
2021-12-17 11:40:36,070 - Main.MLEngine - INFO - smoke
2021-12-17 11:40:36,087 - Main.MLEngine - INFO - smoke
2021-12-17 11:40:36,108 - Main.MLEngine - INFO - smoke
2021-12-17 11:40:36,161 - Main.MLEngine - INFO - fire
2021-12-17 11:40:36,179 - Main.MLEngine - INFO - fire
2021-12-17 11:40:36,199 - Main.MLEngine - INFO - fire
2021-12-17 11:40:36,372 - Main.MLEngine - INFO - smoke
2021-12-17 11:40:36,389 - Main.MLEngine - INFO - smoke
2021-12-17 11:40:36,429 - Main.MLEngine - INFO - smoke
2021-12-17 11:40:36,443 - Main.MLEngine - INFO - smoke
2021-12-17 11:40:36,522 - Main.MLEngine - INFO - fire
2021-12-17 11:40:36,543 - Main.MLEngine - INFO - fire
2021-12-17 11:40:36,562 - Main.MLEngine - INFO - fire
2021-12-17 11:40:36,686 - Main.MLEngine - INFO - smoke
2021-12-17 11:40:36,701 - Main.MLEngine - INFO - smoke
2021-12-17 11:40:36,721 - Main.MLEngine - INFO - smoke
2021-12-17 11:40:36,744 - Main.MLEngine - INFO - smoke
2021-12-17 11:40:36,763 - Main.MLEngine - INFO - smoke
2021-12-17 11:40:36,785 - Main.MLEngine - INFO - smoke
2021-12-17 11:40:36,808 - Main.MLEngine - INFO - smoke
2021-12-17 11:40:36,831 - Main.MLEngine - INFO - fire
2021-12-17 11:40:36,851 - Main.MLEngine - INFO - fire
2021-12-17 11:40:36,872 - Main.MLEngine - INFO - fire
2021-12-17 11:40:36,999 - Main.MLEngine - INFO - smoke
2021-12-17 11:40:37,018 - Main.MLEngine - INFO - smoke
2021-12-17 11:40:37,034 - Main.MLEngine - INFO - smoke
2021-12-17 11:40:37,057 - Main.MLEngine - INFO - smoke
2021-12-17 11:40:37,091 - Main.MLEngine - INFO - smoke
2021-12-17 11:40:37,113 - Main.MLEngine - INFO - fire
2021-12-17 11:40:37,131 - Main.MLEngine - INFO - fire
2021-12-17 11:40:37,150 - Main.MLEngine - INFO - fire
2021-12-17 11:40:37,274 - Main.MLEngine - INFO - smoke
2021-12-17 11:40:37,291 - Main.MLEngine - INFO - smoke
2021-12-17 11:40:37,310 - Main.MLEngine - INFO - smoke
2021-12-17 11:40:37,327 - Main.MLEngine - INFO - smoke
2021-12-17 11:40:37,438 - Main.MLEngine - INFO - fire
2021-12-17 11:40:37,456 - Main.MLEngine - INFO - fire
2021-12-17 11:40:37,475 - Main.MLEngine - INFO - fire
2021-12-17 11:40:37,638 - Main.MLEngine - INFO - smoke
2021-12-17 11:40:37,673 - Main.MLEngine - INFO - smoke
2021-12-17 11:40:37,697 - Main.MLEngine - INFO - fire
2021-12-17 11:40:37,714 - Main.MLEngine - INFO - fire
2021-12-17 11:40:37,891 - Main.MLEngine - INFO - smoke
2021-12-17 11:40:37,914 - Main.MLEngine - INFO - smoke
2021-12-17 11:40:37,938 - Main.MLEngine - INFO - fire
2021-12-17 11:40:37,959 - Main.MLEngine - INFO - fire
2021-12-17 11:40:38,095 - Main.MLEngine - INFO - smoke
2021-12-17 11:40:38,110 - Main.MLEngine - INFO - smoke
2021-12-17 11:40:38,175 - Main.MLEngine - INFO - smoke
2021-12-17 11:40:38,190 - Main.MLEngine - INFO - smoke
2021-12-17 11:40:38,207 - Main.MLEngine - INFO - smoke
2021-12-17 11:40:38,229 - Main.MLEngine - INFO - fire
2021-12-17 11:40:38,247 - Main.MLEngine - INFO - fire
2021-12-17 11:40:38,264 - Main.MLEngine - INFO - fire
2021-12-17 11:40:38,386 - Main.MLEngine - INFO - smoke
2021-12-17 11:40:38,409 - Main.MLEngine - INFO - smoke
2021-12-17 11:40:38,498 - Main.MLEngine - INFO - smoke
2021-12-17 11:40:38,513 - Main.MLEngine - INFO - fire
2021-12-17 11:40:38,529 - Main.MLEngine - INFO - fire
2021-12-17 11:40:38,695 - Main.MLEngine - INFO - smoke
2021-12-17 11:40:38,714 - Main.MLEngine - INFO - smoke
2021-12-17 11:40:38,752 - Main.MLEngine - INFO - smoke
2021-12-17 11:40:38,772 - Main.MLEngine - INFO - smoke
2021-12-17 11:40:38,803 - Main.MLEngine - INFO - smoke
2021-12-17 11:40:38,820 - Main.MLEngine - INFO - smoke
2021-12-17 11:40:38,843 - Main.MLEngine - INFO - fire
2021-12-17 11:40:38,863 - Main.MLEngine - INFO - fire
2021-12-17 11:40:38,881 - Main.MLEngine - INFO - fire
2021-12-17 11:40:38,900 - Main.MLEngine - INFO - fire
2021-12-17 11:40:39,036 - Main.MLEngine - INFO - smoke
2021-12-17 11:40:39,052 - Main.MLEngine - INFO - smoke
2021-12-17 11:40:39,070 - Main.MLEngine - INFO - smoke
2021-12-17 11:40:39,091 - Main.MLEngine - INFO - smoke
2021-12-17 11:40:39,143 - Main.MLEngine - INFO - smoke
2021-12-17 11:40:39,181 - Main.MLEngine - INFO - fire
2021-12-17 11:40:39,305 - Main.MLEngine - INFO - smoke
2021-12-17 11:40:39,319 - Main.MLEngine - INFO - smoke
2021-12-17 11:40:39,352 - Main.MLEngine - INFO - smoke
2021-12-17 11:40:39,369 - Main.MLEngine - INFO - smoke
2021-12-17 11:40:39,386 - Main.MLEngine - INFO - smoke
2021-12-17 11:40:39,406 - Main.MLEngine - INFO - smoke
2021-12-17 11:40:39,427 - Main.MLEngine - INFO - smoke
2021-12-17 11:40:39,480 - Main.MLEngine - INFO - smoke
2021-12-17 11:40:39,497 - Main.MLEngine - INFO - fire
2021-12-17 11:40:39,530 - Main.MLEngine - INFO - fire
2021-12-17 11:40:39,549 - Main.MLEngine - INFO - fire
2021-12-17 11:40:39,566 - Main.MLEngine - INFO - fire
2021-12-17 11:40:39,583 - Main.MLEngine - INFO - fire
2021-12-17 11:40:39,704 - Main.MLEngine - INFO - smoke
2021-12-17 11:40:39,719 - Main.MLEngine - INFO - smoke
2021-12-17 11:40:39,751 - Main.MLEngine - INFO - smoke
2021-12-17 11:40:39,767 - Main.MLEngine - INFO - smoke
2021-12-17 11:40:39,787 - Main.MLEngine - INFO - smoke
2021-12-17 11:40:39,810 - Main.MLEngine - INFO - smoke
2021-12-17 11:40:39,866 - Main.MLEngine - INFO - smoke
2021-12-17 11:40:39,883 - Main.MLEngine - INFO - fire
2021-12-17 11:40:39,915 - Main.MLEngine - INFO - fire
2021-12-17 11:40:39,931 - Main.MLEngine - INFO - fire
2021-12-17 11:40:39,948 - Main.MLEngine - INFO - fire
2021-12-17 11:40:39,965 - Main.MLEngine - INFO - fire
2021-12-17 11:40:40,101 - Main.MLEngine - INFO - smoke
2021-12-17 11:40:40,131 - Main.MLEngine - INFO - smoke
2021-12-17 11:40:40,149 - Main.MLEngine - INFO - smoke
2021-12-17 11:40:40,166 - Main.MLEngine - INFO - smoke
2021-12-17 11:40:40,202 - Main.MLEngine - INFO - smoke
2021-12-17 11:40:40,219 - Main.MLEngine - INFO - smoke
2021-12-17 11:40:40,256 - Main.MLEngine - INFO - fire
2021-12-17 11:40:40,277 - Main.MLEngine - INFO - fire
2021-12-17 11:40:40,297 - Main.MLEngine - INFO - fire
2021-12-17 11:40:40,414 - Main.MLEngine - INFO - smoke
2021-12-17 11:40:40,444 - Main.MLEngine - INFO - smoke
2021-12-17 11:40:40,499 - Main.MLEngine - INFO - smoke
2021-12-17 11:40:40,515 - Main.MLEngine - INFO - smoke
2021-12-17 11:40:40,532 - Main.MLEngine - INFO - smoke
2021-12-17 11:40:40,550 - Main.MLEngine - INFO - smoke
2021-12-17 11:40:40,569 - Main.MLEngine - INFO - smoke
2021-12-17 11:40:40,620 - Main.MLEngine - INFO - fire
2021-12-17 11:40:40,636 - Main.MLEngine - INFO - fire
2021-12-17 11:40:40,651 - Main.MLEngine - INFO - fire
2021-12-17 11:40:40,771 - Main.MLEngine - INFO - smoke
2021-12-17 11:40:40,816 - Main.MLEngine - INFO - smoke
2021-12-17 11:40:40,835 - Main.MLEngine - INFO - smoke
2021-12-17 11:40:40,871 - Main.MLEngine - INFO - smoke
2021-12-17 11:40:40,888 - Main.MLEngine - INFO - smoke
2021-12-17 11:40:40,936 - Main.MLEngine - INFO - smoke
2021-12-17 11:40:40,953 - Main.MLEngine - INFO - fire
2021-12-17 11:40:40,969 - Main.MLEngine - INFO - fire
2021-12-17 11:40:40,986 - Main.MLEngine - INFO - fire
2021-12-17 11:40:41,140 - Main.MLEngine - INFO - smoke
2021-12-17 11:40:41,186 - Main.MLEngine - INFO - smoke
2021-12-17 11:40:41,236 - Main.MLEngine - INFO - fire
2021-12-17 11:40:41,254 - Main.MLEngine - INFO - fire
2021-12-17 11:40:41,273 - Main.MLEngine - INFO - fire
2021-12-17 11:40:41,294 - Main.MLEngine - INFO - fire
2021-12-17 11:40:41,409 - Main.MLEngine - INFO - smoke
2021-12-17 11:40:41,461 - Main.MLEngine - INFO - smoke
2021-12-17 11:40:41,477 - Main.MLEngine - INFO - smoke
2021-12-17 11:40:41,494 - Main.MLEngine - INFO - smoke
2021-12-17 11:40:41,515 - Main.MLEngine - INFO - smoke
2021-12-17 11:40:41,533 - Main.MLEngine - INFO - smoke
2021-12-17 11:40:41,569 - Main.MLEngine - INFO - fire
2021-12-17 11:40:41,616 - Main.MLEngine - INFO - fire
2021-12-17 11:40:41,650 - Main.MLEngine - INFO - fire
2021-12-17 11:40:41,765 - Main.MLEngine - INFO - smoke
2021-12-17 11:40:41,814 - Main.MLEngine - INFO - smoke
2021-12-17 11:40:41,829 - Main.MLEngine - INFO - smoke
2021-12-17 11:40:41,847 - Main.MLEngine - INFO - smoke
2021-12-17 11:40:41,866 - Main.MLEngine - INFO - smoke
2021-12-17 11:40:41,884 - Main.MLEngine - INFO - smoke
2021-12-17 11:40:41,912 - Main.MLEngine - INFO - fire
2021-12-17 11:40:41,949 - Main.MLEngine - INFO - fire
2021-12-17 11:40:41,984 - Main.MLEngine - INFO - fire
2021-12-17 11:40:42,123 - Main.MLEngine - INFO - smoke
2021-12-17 11:40:42,139 - Main.MLEngine - INFO - smoke
2021-12-17 11:40:42,154 - Main.MLEngine - INFO - smoke
2021-12-17 11:40:42,187 - Main.MLEngine - INFO - smoke
2021-12-17 11:40:42,218 - Main.MLEngine - INFO - smoke
2021-12-17 11:40:42,235 - Main.MLEngine - INFO - smoke
2021-12-17 11:40:42,269 - Main.MLEngine - INFO - smoke
2021-12-17 11:40:42,286 - Main.MLEngine - INFO - smoke
2021-12-17 11:40:42,325 - Main.MLEngine - INFO - fire
2021-12-17 11:40:42,376 - Main.MLEngine - INFO - fire
2021-12-17 11:40:42,393 - Main.MLEngine - INFO - fire
2021-12-17 11:40:42,410 - Main.MLEngine - INFO - fire
2021-12-17 11:40:42,551 - Main.MLEngine - INFO - smoke
2021-12-17 11:40:42,568 - Main.MLEngine - INFO - smoke
2021-12-17 11:40:42,586 - Main.MLEngine - INFO - smoke
2021-12-17 11:40:42,622 - Main.MLEngine - INFO - smoke
2021-12-17 11:40:42,638 - Main.MLEngine - INFO - smoke
2021-12-17 11:40:42,698 - Main.MLEngine - INFO - fire
2021-12-17 11:40:42,716 - Main.MLEngine - INFO - fire
2021-12-17 11:40:42,739 - Main.MLEngine - INFO - fire
2021-12-17 11:40:42,883 - Main.MLEngine - INFO - smoke
2021-12-17 11:40:42,929 - Main.MLEngine - INFO - smoke
2021-12-17 11:40:42,949 - Main.MLEngine - INFO - smoke
2021-12-17 11:40:42,967 - Main.MLEngine - INFO - smoke
2021-12-17 11:40:42,985 - Main.MLEngine - INFO - smoke
2021-12-17 11:40:43,019 - Main.MLEngine - INFO - smoke
2021-12-17 11:40:43,057 - Main.MLEngine - INFO - fire
2021-12-17 11:40:43,092 - Main.MLEngine - INFO - fire
2021-12-17 11:40:43,144 - Main.MLEngine - INFO - fire
2021-12-17 11:40:43,163 - Main.MLEngine - INFO - fire
2021-12-17 11:40:43,283 - Main.MLEngine - INFO - smoke
2021-12-17 11:40:43,320 - Main.MLEngine - INFO - smoke
2021-12-17 11:40:43,336 - Main.MLEngine - INFO - smoke
2021-12-17 11:40:43,353 - Main.MLEngine - INFO - smoke
2021-12-17 11:40:43,375 - Main.MLEngine - INFO - smoke
2021-12-17 11:40:43,439 - Main.MLEngine - INFO - smoke
2021-12-17 11:40:43,460 - Main.MLEngine - INFO - fire
2021-12-17 11:40:43,527 - Main.MLEngine - INFO - fire
2021-12-17 11:40:43,566 - Main.MLEngine - INFO - fire
2021-12-17 11:40:43,826 - Main.MLEngine - INFO - smoke
2021-12-17 11:40:43,904 - Main.MLEngine - INFO - smoke
2021-12-17 11:40:43,936 - Main.MLEngine - INFO - smoke
2021-12-17 11:40:43,962 - Main.MLEngine - INFO - smoke
2021-12-17 11:40:43,989 - Main.MLEngine - INFO - smoke
2021-12-17 11:40:44,024 - Main.MLEngine - INFO - fire
2021-12-17 11:40:44,053 - Main.MLEngine - INFO - smoke
2021-12-17 11:40:44,077 - Main.MLEngine - INFO - smoke
2021-12-17 11:40:44,110 - Main.MLEngine - INFO - fire
2021-12-17 11:40:44,307 - Main.MLEngine - INFO - smoke
2021-12-17 11:40:44,347 - Main.MLEngine - INFO - smoke
2021-12-17 11:40:44,387 - Main.MLEngine - INFO - smoke
2021-12-17 11:40:44,406 - Main.MLEngine - INFO - smoke
2021-12-17 11:40:44,426 - Main.MLEngine - INFO - smoke
2021-12-17 11:40:44,450 - Main.MLEngine - INFO - smoke
2021-12-17 11:40:44,471 - Main.MLEngine - INFO - smoke
2021-12-17 11:40:44,495 - Main.MLEngine - INFO - smoke
2021-12-17 11:40:44,522 - Main.MLEngine - INFO - fire
2021-12-17 11:40:44,539 - Main.MLEngine - INFO - smoke
2021-12-17 11:40:44,557 - Main.MLEngine - INFO - smoke
2021-12-17 11:40:44,587 - Main.MLEngine - INFO - fire
2021-12-17 11:41:00,933 - Main.MLEngine - INFO - smoke
2021-12-17 11:41:01,005 - Main.MLEngine - INFO - fire
2021-12-17 11:41:01,075 - Main.MLEngine - INFO - smoke
2021-12-17 11:41:01,090 - Main.MLEngine - INFO - smoke
2021-12-17 11:41:01,199 - Main.MLEngine - INFO - fire
2021-12-17 11:41:01,257 - Main.MLEngine - INFO - smoke
2021-12-17 11:41:01,302 - Main.MLEngine - INFO - smoke
2021-12-17 11:41:01,319 - Main.MLEngine - INFO - smoke
2021-12-17 11:41:01,335 - Main.MLEngine - INFO - fire
2021-12-17 11:41:01,407 - Main.MLEngine - INFO - smoke
2021-12-17 11:41:01,421 - Main.MLEngine - INFO - smoke
2021-12-17 11:41:01,470 - Main.MLEngine - INFO - fire
2021-12-17 11:41:01,577 - Main.MLEngine - INFO - smoke
2021-12-17 11:41:01,608 - Main.MLEngine - INFO - fire
2021-12-17 11:41:01,648 - Main.MLEngine - INFO - smoke
2021-12-17 11:41:01,667 - Main.MLEngine - INFO - fire
2021-12-17 11:41:01,823 - Main.MLEngine - INFO - fire
2021-12-17 11:41:01,901 - Main.MLEngine - INFO - smoke
2021-12-17 11:41:01,918 - Main.MLEngine - INFO - fire
2021-12-17 11:41:01,979 - Main.MLEngine - INFO - fire
2021-12-17 11:41:02,028 - Main.MLEngine - INFO - fire
2021-12-17 11:41:02,112 - Main.MLEngine - INFO - smoke
2021-12-17 11:41:02,129 - Main.MLEngine - INFO - fire
2021-12-17 11:41:02,207 - Main.MLEngine - INFO - fire
2021-12-17 11:41:02,269 - Main.MLEngine - INFO - smoke
2021-12-17 11:41:02,299 - Main.MLEngine - INFO - fire
2021-12-17 11:41:02,364 - Main.MLEngine - INFO - smoke
2021-12-17 11:41:02,423 - Main.MLEngine - INFO - smoke
2021-12-17 11:41:02,477 - Main.MLEngine - INFO - smoke
2021-12-17 11:41:02,504 - Main.MLEngine - INFO - smoke
2021-12-17 11:41:02,564 - Main.MLEngine - INFO - smoke
2021-12-17 11:41:02,592 - Main.MLEngine - INFO - smoke
2021-12-17 11:41:02,608 - Main.MLEngine - INFO - fire
2021-12-17 11:41:02,658 - Main.MLEngine - INFO - smoke
2021-12-17 11:41:02,693 - Main.MLEngine - INFO - fire
2021-12-17 11:41:02,750 - Main.MLEngine - INFO - smoke
2021-12-17 11:41:02,811 - Main.MLEngine - INFO - fire
2021-12-17 11:41:02,864 - Main.MLEngine - INFO - smoke
2021-12-17 11:41:02,918 - Main.MLEngine - INFO - fire
2021-12-17 11:41:02,978 - Main.MLEngine - INFO - smoke
2021-12-17 11:41:02,992 - Main.MLEngine - INFO - smoke
2021-12-17 11:41:03,066 - Main.MLEngine - INFO - smoke
2021-12-17 11:41:03,150 - Main.MLEngine - INFO - fire
2021-12-17 11:41:03,209 - Main.MLEngine - INFO - smoke
2021-12-17 11:41:03,282 - Main.MLEngine - INFO - fire
2021-12-17 11:41:03,316 - Main.MLEngine - INFO - fire
2021-12-17 11:41:03,364 - Main.MLEngine - INFO - smoke
2021-12-17 11:41:03,448 - Main.MLEngine - INFO - fire
2021-12-17 11:41:03,569 - Main.MLEngine - INFO - smoke
2021-12-17 11:41:03,601 - Main.MLEngine - INFO - fire
2021-12-17 11:41:03,676 - Main.MLEngine - INFO - smoke
2021-12-17 11:41:03,690 - Main.MLEngine - INFO - smoke
2021-12-17 11:41:03,755 - Main.MLEngine - INFO - smoke
2021-12-17 11:41:03,771 - Main.MLEngine - INFO - smoke
2021-12-17 11:41:03,788 - Main.MLEngine - INFO - fire
2021-12-17 11:41:03,848 - Main.MLEngine - INFO - smoke
2021-12-17 11:41:03,922 - Main.MLEngine - INFO - fire
2021-12-17 11:41:04,012 - Main.MLEngine - INFO - smoke
2021-12-17 11:41:04,072 - Main.MLEngine - INFO - fire
2021-12-17 11:41:04,152 - Main.MLEngine - INFO - fire
2021-12-17 11:41:04,197 - Main.MLEngine - INFO - smoke
2021-12-17 11:41:04,261 - Main.MLEngine - INFO - fire
2021-12-17 11:41:04,336 - Main.MLEngine - INFO - fire
2021-12-17 11:41:04,412 - Main.MLEngine - INFO - fire
2021-12-17 11:41:04,464 - Main.MLEngine - INFO - smoke
2021-12-17 11:41:04,493 - Main.MLEngine - INFO - fire
2021-12-17 11:41:04,509 - Main.MLEngine - INFO - smoke
2021-12-17 11:41:04,569 - Main.MLEngine - INFO - fire
2021-12-17 11:41:04,631 - Main.MLEngine - INFO - fire
2021-12-17 11:41:04,673 - Main.MLEngine - INFO - smoke
2021-12-17 11:41:04,691 - Main.MLEngine - INFO - smoke
2021-12-17 11:41:04,738 - Main.MLEngine - INFO - fire
2021-12-17 11:41:04,798 - Main.MLEngine - INFO - fire
2021-12-17 11:41:04,876 - Main.MLEngine - INFO - fire
2021-12-17 11:41:04,890 - Main.MLEngine - INFO - fire
2021-12-17 11:41:04,952 - Main.MLEngine - INFO - fire
2021-12-17 11:41:04,967 - Main.MLEngine - INFO - fire
2021-12-17 11:41:05,023 - Main.MLEngine - INFO - fire
2021-12-17 11:41:05,037 - Main.MLEngine - INFO - fire
2021-12-17 11:41:05,093 - Main.MLEngine - INFO - fire
2021-12-17 11:41:05,133 - Main.MLEngine - INFO - smoke
2021-12-17 11:41:05,170 - Main.MLEngine - INFO - fire
2021-12-17 11:41:05,225 - Main.MLEngine - INFO - smoke
2021-12-17 11:41:05,241 - Main.MLEngine - INFO - smoke
2021-12-17 11:41:05,274 - Main.MLEngine - INFO - fire
2021-12-17 11:41:05,324 - Main.MLEngine - INFO - smoke
2021-12-17 11:41:05,383 - Main.MLEngine - INFO - fire
2021-12-17 11:41:05,428 - Main.MLEngine - INFO - smoke
2021-12-17 11:41:05,491 - Main.MLEngine - INFO - fire
2021-12-17 11:41:05,537 - Main.MLEngine - INFO - smoke
2021-12-17 11:41:05,611 - Main.MLEngine - INFO - fire
2021-12-17 11:41:05,664 - Main.MLEngine - INFO - smoke
2021-12-17 11:41:05,737 - Main.MLEngine - INFO - fire
2021-12-17 11:41:05,784 - Main.MLEngine - INFO - smoke
2021-12-17 11:41:05,885 - Main.MLEngine - INFO - smoke
2021-12-17 11:41:05,921 - Main.MLEngine - INFO - fire
2021-12-17 11:41:05,974 - Main.MLEngine - INFO - smoke
2021-12-17 11:41:06,008 - Main.MLEngine - INFO - fire
2021-12-17 11:41:06,048 - Main.MLEngine - INFO - smoke
2021-12-17 11:41:06,084 - Main.MLEngine - INFO - fire
2021-12-17 11:41:06,123 - Main.MLEngine - INFO - smoke
2021-12-17 11:41:06,158 - Main.MLEngine - INFO - fire
2021-12-17 11:41:06,204 - Main.MLEngine - INFO - smoke
2021-12-17 11:41:06,237 - Main.MLEngine - INFO - fire
2021-12-17 11:41:06,280 - Main.MLEngine - INFO - smoke
2021-12-17 11:41:06,330 - Main.MLEngine - INFO - fire
2021-12-17 11:41:06,365 - Main.MLEngine - INFO - smoke
2021-12-17 11:41:06,420 - Main.MLEngine - INFO - fire
2021-12-17 11:41:06,507 - Main.MLEngine - INFO - fire
2021-12-17 11:41:06,553 - Main.MLEngine - INFO - fire
2021-12-17 11:41:06,630 - Main.MLEngine - INFO - fire
2021-12-17 11:41:06,730 - Main.MLEngine - INFO - fire
2021-12-17 11:41:06,796 - Main.MLEngine - INFO - fire
2021-12-17 11:41:06,888 - Main.MLEngine - INFO - fire
2021-12-17 11:41:06,973 - Main.MLEngine - INFO - fire
2021-12-17 11:41:07,014 - Main.MLEngine - INFO - smoke
2021-12-17 11:41:07,037 - Main.MLEngine - INFO - fire
2021-12-17 11:41:07,075 - Main.MLEngine - INFO - smoke
2021-12-17 11:41:07,094 - Main.MLEngine - INFO - fire
2021-12-17 11:41:07,139 - Main.MLEngine - INFO - smoke
2021-12-17 11:41:07,173 - Main.MLEngine - INFO - fire
2021-12-17 11:41:07,242 - Main.MLEngine - INFO - fire
2021-12-17 11:41:07,329 - Main.MLEngine - INFO - smoke
2021-12-17 11:41:07,358 - Main.MLEngine - INFO - fire
2021-12-17 11:41:07,400 - Main.MLEngine - INFO - smoke
2021-12-17 11:41:07,435 - Main.MLEngine - INFO - fire
2021-12-17 11:41:07,554 - Main.MLEngine - INFO - fire
2021-12-17 11:41:07,597 - Main.MLEngine - INFO - smoke
2021-12-17 11:41:07,670 - Main.MLEngine - INFO - fire
2021-12-17 11:41:07,741 - Main.MLEngine - INFO - fire
2021-12-17 11:41:07,819 - Main.MLEngine - INFO - smoke
2021-12-17 11:41:07,863 - Main.MLEngine - INFO - fire
2021-12-17 11:41:07,897 - Main.MLEngine - INFO - smoke
2021-12-17 11:41:07,944 - Main.MLEngine - INFO - fire
2021-12-17 11:41:07,990 - Main.MLEngine - INFO - smoke
2021-12-17 11:41:08,005 - Main.MLEngine - INFO - fire
2021-12-17 11:41:08,218 - Main.MLEngine - INFO - smoke
2021-12-17 11:41:08,282 - Main.MLEngine - INFO - smoke
2021-12-17 11:41:08,297 - Main.MLEngine - INFO - fire
2021-12-17 11:41:08,360 - Main.MLEngine - INFO - smoke
2021-12-17 11:41:08,376 - Main.MLEngine - INFO - fire
2021-12-17 11:41:08,423 - Main.MLEngine - INFO - smoke
2021-12-17 11:41:08,458 - Main.MLEngine - INFO - fire
2021-12-17 11:41:08,498 - Main.MLEngine - INFO - smoke
2021-12-17 11:41:08,515 - Main.MLEngine - INFO - fire
2021-12-17 11:41:08,559 - Main.MLEngine - INFO - smoke
2021-12-17 11:41:08,593 - Main.MLEngine - INFO - fire
2021-12-17 11:41:08,640 - Main.MLEngine - INFO - smoke
2021-12-17 11:41:08,698 - Main.MLEngine - INFO - smoke
2021-12-17 11:41:08,869 - Main.MLEngine - INFO - fire
2021-12-17 11:41:08,961 - Main.MLEngine - INFO - fire
2021-12-17 11:41:09,054 - Main.MLEngine - INFO - fire
2021-12-17 11:41:09,110 - Main.MLEngine - INFO - fire
2021-12-17 11:41:09,195 - Main.MLEngine - INFO - fire
2021-12-17 11:41:09,481 - Main.MLEngine - INFO - fire
2021-12-17 11:41:09,703 - Main.MLEngine - INFO - smoke
2021-12-17 11:41:09,816 - Main.MLEngine - INFO - smoke
2021-12-17 11:41:09,869 - Main.MLEngine - INFO - smoke
2021-12-17 11:41:09,909 - Main.MLEngine - INFO - smoke
2021-12-17 11:41:09,962 - Main.MLEngine - INFO - smoke
2021-12-17 11:41:10,032 - Main.MLEngine - INFO - smoke
2021-12-17 11:41:10,171 - Main.MLEngine - INFO - smoke
2021-12-17 11:41:10,234 - Main.MLEngine - INFO - smoke
2021-12-17 11:41:10,249 - Main.MLEngine - INFO - smoke
2021-12-17 11:41:10,327 - Main.MLEngine - INFO - fire
2021-12-17 11:41:10,397 - Main.MLEngine - INFO - fire
2021-12-17 11:41:10,460 - Main.MLEngine - INFO - fire
2021-12-17 11:41:10,491 - Main.MLEngine - INFO - smoke
2021-12-17 11:41:10,598 - Main.MLEngine - INFO - smoke
2021-12-17 11:41:10,629 - Main.MLEngine - INFO - fire
2021-12-17 11:41:10,668 - Main.MLEngine - INFO - smoke
2021-12-17 11:41:10,713 - Main.MLEngine - INFO - fire
2021-12-17 11:41:10,753 - Main.MLEngine - INFO - smoke
2021-12-17 11:41:10,799 - Main.MLEngine - INFO - fire
2021-12-17 11:41:10,856 - Main.MLEngine - INFO - fire
2021-12-17 11:41:10,895 - Main.MLEngine - INFO - smoke
2021-12-17 11:41:10,913 - Main.MLEngine - INFO - fire
2021-12-17 11:41:10,958 - Main.MLEngine - INFO - smoke
2021-12-17 11:41:10,976 - Main.MLEngine - INFO - fire
2021-12-17 11:41:11,034 - Main.MLEngine - INFO - smoke
2021-12-17 11:41:11,080 - Main.MLEngine - INFO - smoke
2021-12-17 11:41:11,144 - Main.MLEngine - INFO - smoke
2021-12-17 11:41:11,161 - Main.MLEngine - INFO - fire
2021-12-17 11:41:11,211 - Main.MLEngine - INFO - smoke
2021-12-17 11:41:11,280 - Main.MLEngine - INFO - smoke
2021-12-17 11:41:11,295 - Main.MLEngine - INFO - fire
2021-12-17 11:41:11,369 - Main.MLEngine - INFO - fire
2021-12-17 11:41:11,431 - Main.MLEngine - INFO - smoke
2021-12-17 11:41:11,467 - Main.MLEngine - INFO - smoke
2021-12-17 11:41:11,554 - Main.MLEngine - INFO - smoke
2021-12-17 11:41:11,569 - Main.MLEngine - INFO - fire
2021-12-17 11:41:11,586 - Main.MLEngine - INFO - fire
2021-12-17 11:41:11,631 - Main.MLEngine - INFO - smoke
2021-12-17 11:41:11,649 - Main.MLEngine - INFO - smoke
2021-12-17 11:41:11,667 - Main.MLEngine - INFO - fire
2021-12-17 11:41:11,684 - Main.MLEngine - INFO - fire
2021-12-17 11:41:11,734 - Main.MLEngine - INFO - smoke
2021-12-17 11:41:11,751 - Main.MLEngine - INFO - fire
2021-12-17 11:41:11,795 - Main.MLEngine - INFO - smoke
2021-12-17 11:41:11,828 - Main.MLEngine - INFO - fire
2021-12-17 11:41:11,889 - Main.MLEngine - INFO - fire
2021-12-17 11:41:11,949 - Main.MLEngine - INFO - fire
2021-12-17 11:41:12,038 - Main.MLEngine - INFO - smoke
2021-12-17 11:41:12,083 - Main.MLEngine - INFO - fire
2021-12-17 11:41:12,113 - Main.MLEngine - INFO - smoke
2021-12-17 11:41:12,162 - Main.MLEngine - INFO - fire
2021-12-17 11:41:12,236 - Main.MLEngine - INFO - fire
2021-12-17 11:41:12,314 - Main.MLEngine - INFO - fire
2021-12-17 11:41:12,386 - Main.MLEngine - INFO - fire
2021-12-17 11:41:12,432 - Main.MLEngine - INFO - smoke
2021-12-17 11:41:12,463 - Main.MLEngine - INFO - fire
2021-12-17 11:41:12,517 - Main.MLEngine - INFO - smoke
2021-12-17 11:41:12,547 - Main.MLEngine - INFO - fire
2021-12-17 11:41:12,608 - Main.MLEngine - INFO - smoke
2021-12-17 11:41:12,624 - Main.MLEngine - INFO - fire
2021-12-17 11:41:12,684 - Main.MLEngine - INFO - smoke
2021-12-17 11:41:12,740 - Main.MLEngine - INFO - fire
2021-12-17 11:41:12,801 - Main.MLEngine - INFO - fire
2021-12-17 11:41:12,876 - Main.MLEngine - INFO - fire
2021-12-17 11:41:12,913 - Main.MLEngine - INFO - smoke
2021-12-17 11:41:12,931 - Main.MLEngine - INFO - fire
2021-12-17 11:41:12,976 - Main.MLEngine - INFO - smoke
2021-12-17 11:41:13,011 - Main.MLEngine - INFO - fire
2021-12-17 11:41:13,102 - Main.MLEngine - INFO - fire
2021-12-17 11:41:13,195 - Main.MLEngine - INFO - fire
2021-12-17 11:41:13,253 - Main.MLEngine - INFO - fire
2021-12-17 11:41:13,313 - Main.MLEngine - INFO - fire
2021-12-17 11:41:13,374 - Main.MLEngine - INFO - fire
2021-12-17 11:41:13,434 - Main.MLEngine - INFO - fire
2021-12-17 11:41:13,468 - Main.MLEngine - INFO - smoke
2021-12-17 11:41:13,500 - Main.MLEngine - INFO - fire
2021-12-17 11:41:13,574 - Main.MLEngine - INFO - fire
2021-12-17 11:41:13,648 - Main.MLEngine - INFO - fire
2021-12-17 11:41:13,700 - Main.MLEngine - INFO - fire
2021-12-17 11:41:13,794 - Main.MLEngine - INFO - fire
2021-12-17 11:41:13,850 - Main.MLEngine - INFO - fire
2021-12-17 11:41:13,909 - Main.MLEngine - INFO - fire
2021-12-17 11:41:13,953 - Main.MLEngine - INFO - fire
2021-12-17 11:41:13,996 - Main.MLEngine - INFO - fire
2021-12-17 11:41:14,048 - Main.MLEngine - INFO - fire
2021-12-17 11:41:14,108 - Main.MLEngine - INFO - fire
2021-12-17 11:41:14,167 - Main.MLEngine - INFO - fire
2021-12-17 11:41:14,229 - Main.MLEngine - INFO - fire
2021-12-17 11:41:14,274 - Main.MLEngine - INFO - fire
2021-12-17 11:41:14,327 - Main.MLEngine - INFO - fire
2021-12-17 11:41:14,382 - Main.MLEngine - INFO - fire
2021-12-17 11:41:14,427 - Main.MLEngine - INFO - fire
2021-12-17 11:41:14,461 - Main.MLEngine - INFO - fire
2021-12-17 11:41:14,515 - Main.MLEngine - INFO - fire
2021-12-17 11:41:14,553 - Main.MLEngine - INFO - fire
2021-12-17 11:41:14,601 - Main.MLEngine - INFO - fire
2021-12-17 11:41:14,615 - Main.MLEngine - INFO - fire
2021-12-17 11:41:14,675 - Main.MLEngine - INFO - fire
2021-12-17 11:41:14,749 - Main.MLEngine - INFO - fire
2021-12-17 11:41:14,802 - Main.MLEngine - INFO - fire
2021-12-17 11:41:14,849 - Main.MLEngine - INFO - smoke
2021-12-17 11:41:14,883 - Main.MLEngine - INFO - fire
2021-12-17 11:41:14,924 - Main.MLEngine - INFO - smoke
2021-12-17 11:41:14,954 - Main.MLEngine - INFO - fire
2021-12-17 11:41:15,023 - Main.MLEngine - INFO - fire
2021-12-17 11:41:15,081 - Main.MLEngine - INFO - fire
2021-12-17 11:41:15,128 - Main.MLEngine - INFO - smoke
2021-12-17 11:41:15,150 - Main.MLEngine - INFO - fire
2021-12-17 11:41:15,200 - Main.MLEngine - INFO - fire
2021-12-17 11:41:15,240 - Main.MLEngine - INFO - fire
2021-12-17 11:41:15,287 - Main.MLEngine - INFO - fire
2021-12-17 11:41:15,333 - Main.MLEngine - INFO - fire
2021-12-17 11:41:15,373 - Main.MLEngine - INFO - fire
2021-12-17 11:41:15,434 - Main.MLEngine - INFO - fire
2021-12-17 11:41:15,509 - Main.MLEngine - INFO - fire
2021-12-17 11:41:15,630 - Main.MLEngine - INFO - smoke
2021-12-17 11:41:15,718 - Main.MLEngine - INFO - fire
2021-12-17 11:41:15,793 - Main.MLEngine - INFO - fire
2021-12-17 11:41:15,869 - Main.MLEngine - INFO - fire
2021-12-17 11:41:15,931 - Main.MLEngine - INFO - fire
2021-12-17 11:41:15,983 - Main.MLEngine - INFO - fire
2021-12-17 11:41:16,044 - Main.MLEngine - INFO - fire
2021-12-17 11:41:16,116 - Main.MLEngine - INFO - fire
2021-12-17 11:41:16,183 - Main.MLEngine - INFO - fire
2021-12-17 11:41:16,273 - Main.MLEngine - INFO - fire
2021-12-17 11:41:16,347 - Main.MLEngine - INFO - fire
2021-12-17 11:41:16,402 - Main.MLEngine - INFO - fire
2021-12-17 11:41:16,461 - Main.MLEngine - INFO - fire
2021-12-17 11:41:16,533 - Main.MLEngine - INFO - fire
2021-12-17 11:41:16,586 - Main.MLEngine - INFO - fire
2021-12-17 11:41:16,661 - Main.MLEngine - INFO - fire
2021-12-17 11:41:16,711 - Main.MLEngine - INFO - smoke
2021-12-17 11:41:16,740 - Main.MLEngine - INFO - fire
2021-12-17 11:41:16,817 - Main.MLEngine - INFO - fire
2021-12-17 11:41:16,890 - Main.MLEngine - INFO - fire
2021-12-17 11:41:16,922 - Main.MLEngine - INFO - smoke
2021-12-17 11:41:16,939 - Main.MLEngine - INFO - fire
2021-12-17 11:41:17,056 - Main.MLEngine - INFO - fire
2021-12-17 11:41:17,114 - Main.MLEngine - INFO - fire
2021-12-17 11:41:17,129 - Main.MLEngine - INFO - fire
2021-12-17 11:41:17,202 - Main.MLEngine - INFO - fire
2021-12-17 11:41:17,247 - Main.MLEngine - INFO - smoke
2021-12-17 11:41:17,267 - Main.MLEngine - INFO - fire
2021-12-17 11:41:17,314 - Main.MLEngine - INFO - smoke
2021-12-17 11:41:17,332 - Main.MLEngine - INFO - fire
2021-12-17 11:41:17,369 - Main.MLEngine - INFO - smoke
2021-12-17 11:41:17,387 - Main.MLEngine - INFO - fire
2021-12-17 11:41:17,456 - Main.MLEngine - INFO - fire
2021-12-17 11:41:17,530 - Main.MLEngine - INFO - fire
2021-12-17 11:41:17,593 - Main.MLEngine - INFO - fire
2021-12-17 11:41:17,813 - Main.MLEngine - INFO - fire
2021-12-17 11:41:17,891 - Main.MLEngine - INFO - fire
2021-12-17 11:41:17,996 - Main.MLEngine - INFO - smoke
2021-12-17 11:41:18,011 - Main.MLEngine - INFO - fire
2021-12-17 11:41:18,048 - Main.MLEngine - INFO - smoke
2021-12-17 11:41:18,116 - Main.MLEngine - INFO - smoke
2021-12-17 11:41:18,146 - Main.MLEngine - INFO - fire
2021-12-17 11:41:18,209 - Main.MLEngine - INFO - smoke
2021-12-17 11:41:18,225 - Main.MLEngine - INFO - fire
2021-12-17 11:41:18,285 - Main.MLEngine - INFO - fire
2021-12-17 11:41:18,341 - Main.MLEngine - INFO - fire
2021-12-17 11:41:18,388 - Main.MLEngine - INFO - smoke
2021-12-17 11:41:18,436 - Main.MLEngine - INFO - fire
2021-12-17 11:41:18,475 - Main.MLEngine - INFO - smoke
2021-12-17 11:41:18,508 - Main.MLEngine - INFO - fire
2021-12-17 11:41:18,562 - Main.MLEngine - INFO - smoke
2021-12-17 11:41:18,579 - Main.MLEngine - INFO - fire
2021-12-17 11:41:18,643 - Main.MLEngine - INFO - smoke
2021-12-17 11:41:18,704 - Main.MLEngine - INFO - smoke
2021-12-17 11:41:18,748 - Main.MLEngine - INFO - smoke
2021-12-17 11:41:18,772 - Main.MLEngine - INFO - fire
2021-12-17 11:41:18,824 - Main.MLEngine - INFO - smoke
2021-12-17 11:41:18,921 - Main.MLEngine - INFO - fire
2021-12-17 11:41:18,976 - Main.MLEngine - INFO - smoke
2021-12-17 11:41:19,041 - Main.MLEngine - INFO - fire
2021-12-17 11:41:19,100 - Main.MLEngine - INFO - smoke
2021-12-17 11:41:19,148 - Main.MLEngine - INFO - fire
2021-12-17 11:41:19,225 - Main.MLEngine - INFO - fire
2021-12-17 11:41:19,303 - Main.MLEngine - INFO - fire
2021-12-17 11:41:19,385 - Main.MLEngine - INFO - fire
2021-12-17 11:41:19,456 - Main.MLEngine - INFO - fire
2021-12-17 11:41:19,524 - Main.MLEngine - INFO - fire
2021-12-17 11:41:19,675 - Main.MLEngine - INFO - smoke
2021-12-17 11:41:19,692 - Main.MLEngine - INFO - fire
2021-12-17 11:41:19,747 - Main.MLEngine - INFO - fire
2021-12-17 11:41:19,919 - Main.MLEngine - INFO - smoke
2021-12-17 11:41:19,949 - Main.MLEngine - INFO - fire
2021-12-17 11:41:19,989 - Main.MLEngine - INFO - smoke
2021-12-17 11:41:20,022 - Main.MLEngine - INFO - fire
2021-12-17 11:41:20,096 - Main.MLEngine - INFO - fire
2021-12-17 11:41:20,162 - Main.MLEngine - INFO - fire
2021-12-17 11:41:20,204 - Main.MLEngine - INFO - smoke
2021-12-17 11:41:20,221 - Main.MLEngine - INFO - fire
2021-12-17 11:41:20,266 - Main.MLEngine - INFO - smoke
2021-12-17 11:41:20,318 - Main.MLEngine - INFO - fire
2021-12-17 11:41:20,376 - Main.MLEngine - INFO - fire
2021-12-17 11:41:20,435 - Main.MLEngine - INFO - fire
2021-12-17 11:41:20,496 - Main.MLEngine - INFO - fire
2021-12-17 11:41:20,583 - Main.MLEngine - INFO - smoke
2021-12-17 11:41:20,628 - Main.MLEngine - INFO - smoke
2021-12-17 11:41:20,660 - Main.MLEngine - INFO - fire
2021-12-17 11:41:20,717 - Main.MLEngine - INFO - fire
2021-12-17 11:41:20,798 - Main.MLEngine - INFO - smoke
2021-12-17 11:41:20,813 - Main.MLEngine - INFO - fire
2021-12-17 11:41:20,852 - Main.MLEngine - INFO - smoke
2021-12-17 11:41:20,870 - Main.MLEngine - INFO - fire
2021-12-17 11:41:20,931 - Main.MLEngine - INFO - fire
2021-12-17 11:41:20,976 - Main.MLEngine - INFO - fire
2021-12-17 11:41:21,049 - Main.MLEngine - INFO - fire
2021-12-17 11:41:21,096 - Main.MLEngine - INFO - fire
2021-12-17 11:41:21,110 - Main.MLEngine - INFO - fire
2021-12-17 11:41:21,144 - Main.MLEngine - INFO - smoke
2021-12-17 11:41:21,196 - Main.MLEngine - INFO - smoke
2021-12-17 11:41:21,254 - Main.MLEngine - INFO - smoke
2021-12-17 11:41:21,313 - Main.MLEngine - INFO - smoke
2021-12-17 11:41:21,381 - Main.MLEngine - INFO - fire
2021-12-17 11:41:21,454 - Main.MLEngine - INFO - fire
2021-12-17 11:41:21,497 - Main.MLEngine - INFO - smoke
2021-12-17 11:41:21,513 - Main.MLEngine - INFO - fire
2021-12-17 11:41:21,567 - Main.MLEngine - INFO - fire
2021-12-17 11:41:21,622 - Main.MLEngine - INFO - fire
2021-12-17 11:41:21,665 - Main.MLEngine - INFO - smoke
2021-12-17 11:41:21,681 - Main.MLEngine - INFO - fire
2021-12-17 11:41:21,731 - Main.MLEngine - INFO - smoke
2021-12-17 11:41:21,745 - Main.MLEngine - INFO - fire
2021-12-17 11:41:21,809 - Main.MLEngine - INFO - fire
2021-12-17 11:41:21,921 - Main.MLEngine - INFO - smoke
2021-12-17 11:41:21,936 - Main.MLEngine - INFO - fire
2021-12-17 11:41:22,072 - Main.MLEngine - INFO - fire
2021-12-17 11:41:22,110 - Main.MLEngine - INFO - smoke
2021-12-17 11:41:22,140 - Main.MLEngine - INFO - fire
2021-12-17 11:41:22,184 - Main.MLEngine - INFO - smoke
2021-12-17 11:41:22,216 - Main.MLEngine - INFO - fire
2021-12-17 11:41:22,263 - Main.MLEngine - INFO - fire
2021-12-17 11:41:22,325 - Main.MLEngine - INFO - fire
2021-12-17 11:41:22,375 - Main.MLEngine - INFO - smoke
2021-12-17 11:41:22,405 - Main.MLEngine - INFO - fire
2021-12-17 11:41:22,507 - Main.MLEngine - INFO - fire
2021-12-17 11:41:22,597 - Main.MLEngine - INFO - smoke
2021-12-17 11:41:22,628 - Main.MLEngine - INFO - fire
2021-12-17 11:41:22,670 - Main.MLEngine - INFO - smoke
2021-12-17 11:41:22,702 - Main.MLEngine - INFO - fire
2021-12-17 11:41:22,740 - Main.MLEngine - INFO - smoke
2021-12-17 11:41:22,757 - Main.MLEngine - INFO - smoke
2021-12-17 11:41:22,920 - Main.MLEngine - INFO - smoke
2021-12-17 11:41:22,935 - Main.MLEngine - INFO - fire
2021-12-17 11:41:22,985 - Main.MLEngine - INFO - smoke
2021-12-17 11:41:23,001 - Main.MLEngine - INFO - fire
2021-12-17 11:41:23,053 - Main.MLEngine - INFO - smoke
2021-12-17 11:41:23,073 - Main.MLEngine - INFO - fire
2021-12-17 11:41:23,113 - Main.MLEngine - INFO - smoke
2021-12-17 11:41:23,141 - Main.MLEngine - INFO - fire
2021-12-17 11:41:23,207 - Main.MLEngine - INFO - fire
2021-12-17 11:41:23,245 - Main.MLEngine - INFO - smoke
2021-12-17 11:41:23,280 - Main.MLEngine - INFO - fire
2021-12-17 11:41:23,347 - Main.MLEngine - INFO - fire
2021-12-17 11:41:23,434 - Main.MLEngine - INFO - fire
2021-12-17 11:41:23,483 - Main.MLEngine - INFO - smoke
2021-12-17 11:41:23,510 - Main.MLEngine - INFO - fire
2021-12-17 11:41:23,572 - Main.MLEngine - INFO - fire
2021-12-17 11:41:23,632 - Main.MLEngine - INFO - fire
2021-12-17 11:41:23,678 - Main.MLEngine - INFO - smoke
2021-12-17 11:41:23,738 - Main.MLEngine - INFO - fire
2021-12-17 11:41:23,842 - Main.MLEngine - INFO - fire
2021-12-17 11:41:23,890 - Main.MLEngine - INFO - smoke
2021-12-17 11:41:23,924 - Main.MLEngine - INFO - fire
2021-12-17 11:41:24,041 - Main.MLEngine - INFO - fire
2021-12-17 11:41:24,095 - Main.MLEngine - INFO - fire
2021-12-17 11:41:24,155 - Main.MLEngine - INFO - fire
2021-12-17 11:41:24,198 - Main.MLEngine - INFO - smoke
2021-12-17 11:41:24,245 - Main.MLEngine - INFO - fire
2021-12-17 11:41:24,279 - Main.MLEngine - INFO - smoke
2021-12-17 11:41:24,296 - Main.MLEngine - INFO - fire
2021-12-17 11:41:24,357 - Main.MLEngine - INFO - fire
2021-12-17 11:41:24,475 - Main.MLEngine - INFO - fire
2021-12-17 11:41:24,530 - Main.MLEngine - INFO - fire
2021-12-17 11:41:24,668 - Main.MLEngine - INFO - fire
2021-12-17 11:41:24,712 - Main.MLEngine - INFO - smoke
2021-12-17 11:41:24,727 - Main.MLEngine - INFO - fire
2021-12-17 11:41:24,744 - Main.MLEngine - INFO - fire
2021-12-17 11:41:24,789 - Main.MLEngine - INFO - smoke
2021-12-17 11:41:24,806 - Main.MLEngine - INFO - fire
2021-12-17 11:41:24,857 - Main.MLEngine - INFO - fire
2021-12-17 11:41:24,876 - Main.MLEngine - INFO - fire
2021-12-17 11:41:24,920 - Main.MLEngine - INFO - fire
2021-12-17 11:41:24,964 - Main.MLEngine - INFO - fire
2021-12-17 11:41:25,006 - Main.MLEngine - INFO - fire
2021-12-17 11:41:25,125 - Main.MLEngine - INFO - smoke
2021-12-17 11:41:25,142 - Main.MLEngine - INFO - fire
2021-12-17 11:41:25,159 - Main.MLEngine - INFO - fire
2021-12-17 11:41:25,224 - Main.MLEngine - INFO - fire
2021-12-17 11:41:25,322 - Main.MLEngine - INFO - smoke
2021-12-17 11:41:25,383 - Main.MLEngine - INFO - smoke
2021-12-17 11:41:25,507 - Main.MLEngine - INFO - smoke
2021-12-17 11:41:25,569 - Main.MLEngine - INFO - fire
2021-12-17 11:41:25,600 - Main.MLEngine - INFO - fire
2021-12-17 11:41:25,655 - Main.MLEngine - INFO - fire
2021-12-17 11:41:25,702 - Main.MLEngine - INFO - fire
2021-12-17 11:41:25,743 - Main.MLEngine - INFO - fire
2021-12-17 11:41:25,807 - Main.MLEngine - INFO - fire
2021-12-17 11:41:25,849 - Main.MLEngine - INFO - fire
2021-12-17 11:41:25,902 - Main.MLEngine - INFO - fire
2021-12-17 11:41:26,003 - Main.MLEngine - INFO - fire
2021-12-17 11:41:26,056 - Main.MLEngine - INFO - fire
2021-12-17 11:41:26,097 - Main.MLEngine - INFO - fire
2021-12-17 11:41:26,149 - Main.MLEngine - INFO - fire
2021-12-17 11:41:26,204 - Main.MLEngine - INFO - fire
2021-12-17 11:41:26,281 - Main.MLEngine - INFO - fire
2021-12-17 11:41:26,358 - Main.MLEngine - INFO - fire
2021-12-17 11:41:26,402 - Main.MLEngine - INFO - smoke
2021-12-17 11:41:26,471 - Main.MLEngine - INFO - smoke
2021-12-17 11:41:26,530 - Main.MLEngine - INFO - smoke
2021-12-17 11:41:26,659 - Main.MLEngine - INFO - smoke
2021-12-17 11:41:26,763 - Main.MLEngine - INFO - smoke
2021-12-17 11:41:26,828 - Main.MLEngine - INFO - smoke
2021-12-17 11:41:26,919 - Main.MLEngine - INFO - smoke
2021-12-17 11:41:26,970 - Main.MLEngine - INFO - smoke
2021-12-17 11:41:27,012 - Main.MLEngine - INFO - smoke
2021-12-17 11:41:27,032 - Main.MLEngine - INFO - fire
2021-12-17 11:41:27,078 - Main.MLEngine - INFO - smoke
2021-12-17 11:41:27,111 - Main.MLEngine - INFO - fire
2021-12-17 11:41:27,155 - Main.MLEngine - INFO - smoke
2021-12-17 11:41:27,186 - Main.MLEngine - INFO - fire
2021-12-17 11:41:27,287 - Main.MLEngine - INFO - smoke
2021-12-17 11:41:27,336 - Main.MLEngine - INFO - smoke
2021-12-17 11:41:27,382 - Main.MLEngine - INFO - smoke
2021-12-17 11:41:27,436 - Main.MLEngine - INFO - smoke
2021-12-17 11:41:27,609 - Main.MLEngine - INFO - smoke
2021-12-17 11:41:27,686 - Main.MLEngine - INFO - smoke
2021-12-17 11:41:27,927 - Main.MLEngine - INFO - smoke
2021-12-17 11:41:28,048 - Main.MLEngine - INFO - smoke
2021-12-17 11:41:28,289 - Main.MLEngine - INFO - smoke
2021-12-17 11:41:28,351 - Main.MLEngine - INFO - smoke
2021-12-17 11:41:28,503 - Main.MLEngine - INFO - smoke
2021-12-17 11:41:28,568 - Main.MLEngine - INFO - smoke
2021-12-17 11:41:28,617 - Main.MLEngine - INFO - fire
2021-12-17 11:41:28,657 - Main.MLEngine - INFO - smoke
2021-12-17 11:41:28,709 - Main.MLEngine - INFO - fire
2021-12-17 11:41:28,756 - Main.MLEngine - INFO - smoke
2021-12-17 11:41:28,770 - Main.MLEngine - INFO - smoke
2021-12-17 11:41:28,815 - Main.MLEngine - INFO - fire
2021-12-17 11:41:28,860 - Main.MLEngine - INFO - smoke
2021-12-17 11:41:28,875 - Main.MLEngine - INFO - smoke
2021-12-17 11:41:28,909 - Main.MLEngine - INFO - fire
2021-12-17 11:41:28,959 - Main.MLEngine - INFO - smoke
2021-12-17 11:41:28,976 - Main.MLEngine - INFO - smoke
2021-12-17 11:41:29,013 - Main.MLEngine - INFO - fire
2021-12-17 11:41:29,063 - Main.MLEngine - INFO - smoke
2021-12-17 11:41:29,079 - Main.MLEngine - INFO - smoke
2021-12-17 11:41:29,129 - Main.MLEngine - INFO - fire
2021-12-17 11:41:29,172 - Main.MLEngine - INFO - smoke
2021-12-17 11:41:29,231 - Main.MLEngine - INFO - fire
2021-12-17 11:41:29,272 - Main.MLEngine - INFO - smoke
2021-12-17 11:41:29,288 - Main.MLEngine - INFO - smoke
2021-12-17 11:41:29,362 - Main.MLEngine - INFO - smoke
2021-12-17 11:41:29,377 - Main.MLEngine - INFO - smoke
2021-12-17 11:41:29,453 - Main.MLEngine - INFO - smoke
2021-12-17 11:41:29,468 - Main.MLEngine - INFO - smoke
2021-12-17 11:41:29,547 - Main.MLEngine - INFO - smoke
2021-12-17 11:41:29,636 - Main.MLEngine - INFO - smoke
2021-12-17 11:41:29,650 - Main.MLEngine - INFO - smoke
2021-12-17 11:41:29,666 - Main.MLEngine - INFO - smoke
2021-12-17 11:41:29,727 - Main.MLEngine - INFO - fire
2021-12-17 11:41:29,761 - Main.MLEngine - INFO - smoke
2021-12-17 11:41:29,780 - Main.MLEngine - INFO - smoke
2021-12-17 11:41:29,814 - Main.MLEngine - INFO - fire
2021-12-17 11:41:29,865 - Main.MLEngine - INFO - smoke
2021-12-17 11:41:29,879 - Main.MLEngine - INFO - smoke
2021-12-17 11:41:29,932 - Main.MLEngine - INFO - fire
2021-12-17 11:41:29,987 - Main.MLEngine - INFO - smoke
2021-12-17 11:41:30,002 - Main.MLEngine - INFO - smoke
2021-12-17 11:41:30,083 - Main.MLEngine - INFO - smoke
2021-12-17 11:41:30,116 - Main.MLEngine - INFO - fire
2021-12-17 11:41:30,164 - Main.MLEngine - INFO - smoke
2021-12-17 11:41:30,198 - Main.MLEngine - INFO - fire
2021-12-17 11:41:30,289 - Main.MLEngine - INFO - fire
2021-12-17 11:41:30,372 - Main.MLEngine - INFO - fire
2021-12-17 11:41:30,431 - Main.MLEngine - INFO - smoke
2021-12-17 11:41:30,547 - Main.MLEngine - INFO - fire
2021-12-17 11:41:30,599 - Main.MLEngine - INFO - smoke
2021-12-17 11:41:30,702 - Main.MLEngine - INFO - fire
2021-12-17 11:41:30,792 - Main.MLEngine - INFO - fire
2021-12-17 11:41:30,888 - Main.MLEngine - INFO - fire
2021-12-17 11:41:31,051 - Main.MLEngine - INFO - fire
2021-12-17 11:41:31,065 - Main.MLEngine - INFO - fire
2021-12-17 11:41:31,175 - Main.MLEngine - INFO - fire
2021-12-17 11:41:31,269 - Main.MLEngine - INFO - smoke
2021-12-17 11:41:31,282 - Main.MLEngine - INFO - fire
2021-12-17 11:41:31,381 - Main.MLEngine - INFO - fire
2021-12-17 11:41:31,453 - Main.MLEngine - INFO - fire
2021-12-17 11:41:31,531 - Main.MLEngine - INFO - fire
2021-12-17 11:41:31,592 - Main.MLEngine - INFO - smoke
2021-12-17 11:41:31,610 - Main.MLEngine - INFO - fire
2021-12-17 11:41:31,669 - Main.MLEngine - INFO - smoke
2021-12-17 11:41:31,688 - Main.MLEngine - INFO - fire
2021-12-17 11:41:31,746 - Main.MLEngine - INFO - smoke
2021-12-17 11:41:31,762 - Main.MLEngine - INFO - smoke
2021-12-17 11:41:31,794 - Main.MLEngine - INFO - fire
2021-12-17 11:41:31,856 - Main.MLEngine - INFO - smoke
2021-12-17 11:41:31,870 - Main.MLEngine - INFO - smoke
2021-12-17 11:41:31,936 - Main.MLEngine - INFO - smoke
2021-12-17 11:41:31,951 - Main.MLEngine - INFO - smoke
2021-12-17 11:41:31,967 - Main.MLEngine - INFO - fire
2021-12-17 11:41:31,983 - Main.MLEngine - INFO - fire
2021-12-17 11:41:32,045 - Main.MLEngine - INFO - fire
2021-12-17 11:41:32,121 - Main.MLEngine - INFO - fire
2021-12-17 11:41:32,194 - Main.MLEngine - INFO - fire
2021-12-17 11:41:32,258 - Main.MLEngine - INFO - fire
2021-12-17 11:41:32,272 - Main.MLEngine - INFO - fire
2021-12-17 11:41:32,331 - Main.MLEngine - INFO - fire
2021-12-17 11:41:32,348 - Main.MLEngine - INFO - fire
2021-12-17 11:41:32,420 - Main.MLEngine - INFO - fire
2021-12-17 11:41:32,474 - Main.MLEngine - INFO - smoke
2021-12-17 11:41:32,531 - Main.MLEngine - INFO - smoke
2021-12-17 11:41:32,567 - Main.MLEngine - INFO - fire
2021-12-17 11:41:32,623 - Main.MLEngine - INFO - fire
2021-12-17 11:41:32,683 - Main.MLEngine - INFO - fire
2021-12-17 11:41:32,779 - Main.MLEngine - INFO - fire
2021-12-17 11:41:32,841 - Main.MLEngine - INFO - fire
2021-12-17 11:41:32,883 - Main.MLEngine - INFO - smoke
2021-12-17 11:41:32,917 - Main.MLEngine - INFO - fire
2021-12-17 11:41:32,987 - Main.MLEngine - INFO - fire
2021-12-17 11:41:33,038 - Main.MLEngine - INFO - smoke
2021-12-17 11:41:33,114 - Main.MLEngine - INFO - fire
2021-12-17 11:41:33,199 - Main.MLEngine - INFO - fire
2021-12-17 11:41:33,278 - Main.MLEngine - INFO - fire
2021-12-17 11:41:33,370 - Main.MLEngine - INFO - fire
2021-12-17 11:41:33,418 - Main.MLEngine - INFO - smoke
2021-12-17 11:41:33,448 - Main.MLEngine - INFO - fire
2021-12-17 11:41:33,500 - Main.MLEngine - INFO - smoke
2021-12-17 11:41:33,529 - Main.MLEngine - INFO - fire
2021-12-17 11:41:33,577 - Main.MLEngine - INFO - smoke
2021-12-17 11:41:33,611 - Main.MLEngine - INFO - fire
2021-12-17 11:41:33,684 - Main.MLEngine - INFO - fire
2021-12-17 11:41:33,783 - Main.MLEngine - INFO - smoke
2021-12-17 11:41:33,829 - Main.MLEngine - INFO - smoke
2021-12-17 11:41:34,024 - Main.MLEngine - INFO - smoke
2021-12-17 11:41:34,055 - Main.MLEngine - INFO - fire
2021-12-17 11:41:34,113 - Main.MLEngine - INFO - fire
2021-12-17 11:41:34,194 - Main.MLEngine - INFO - fire
2021-12-17 11:41:34,272 - Main.MLEngine - INFO - fire
2021-12-17 11:41:34,345 - Main.MLEngine - INFO - fire
2021-12-17 11:41:34,425 - Main.MLEngine - INFO - fire
2021-12-17 11:41:34,457 - Main.MLEngine - INFO - smoke
2021-12-17 11:41:34,478 - Main.MLEngine - INFO - fire
2021-12-17 11:41:34,549 - Main.MLEngine - INFO - fire
2021-12-17 11:41:34,597 - Main.MLEngine - INFO - smoke
2021-12-17 11:41:34,658 - Main.MLEngine - INFO - fire
2021-12-17 11:41:34,708 - Main.MLEngine - INFO - smoke
2021-12-17 11:41:34,767 - Main.MLEngine - INFO - fire
2021-12-17 11:41:34,810 - Main.MLEngine - INFO - smoke
2021-12-17 11:41:34,825 - Main.MLEngine - INFO - smoke
2021-12-17 11:41:34,857 - Main.MLEngine - INFO - fire
2021-12-17 11:41:34,908 - Main.MLEngine - INFO - smoke
2021-12-17 11:41:34,922 - Main.MLEngine - INFO - smoke
2021-12-17 11:41:34,953 - Main.MLEngine - INFO - fire
2021-12-17 11:41:34,999 - Main.MLEngine - INFO - smoke
2021-12-17 11:41:35,071 - Main.MLEngine - INFO - smoke
2021-12-17 11:41:35,102 - Main.MLEngine - INFO - fire
2021-12-17 11:41:35,143 - Main.MLEngine - INFO - smoke
2021-12-17 11:41:35,176 - Main.MLEngine - INFO - fire
2021-12-17 11:41:35,220 - Main.MLEngine - INFO - smoke
2021-12-17 11:41:35,269 - Main.MLEngine - INFO - fire
2021-12-17 11:41:35,339 - Main.MLEngine - INFO - fire
2021-12-17 11:41:35,353 - Main.MLEngine - INFO - fire
2021-12-17 11:41:35,404 - Main.MLEngine - INFO - smoke
2021-12-17 11:41:35,418 - Main.MLEngine - INFO - fire
2021-12-17 11:41:35,482 - Main.MLEngine - INFO - smoke
2021-12-17 11:41:35,496 - Main.MLEngine - INFO - fire
2021-12-17 11:41:35,561 - Main.MLEngine - INFO - smoke
2021-12-17 11:41:35,575 - Main.MLEngine - INFO - fire
2021-12-17 11:41:35,664 - Main.MLEngine - INFO - fire
2021-12-17 11:41:35,713 - Main.MLEngine - INFO - smoke
2021-12-17 11:41:35,732 - Main.MLEngine - INFO - fire
2021-12-17 11:41:35,747 - Main.MLEngine - INFO - fire
2021-12-17 11:41:35,823 - Main.MLEngine - INFO - fire
2021-12-17 11:41:35,875 - Main.MLEngine - INFO - fire
2021-12-17 11:41:35,956 - Main.MLEngine - INFO - fire
2021-12-17 11:41:36,060 - Main.MLEngine - INFO - fire
2021-12-17 11:41:36,129 - Main.MLEngine - INFO - fire
2021-12-17 11:41:36,190 - Main.MLEngine - INFO - fire
2021-12-17 11:41:36,250 - Main.MLEngine - INFO - fire
2021-12-17 11:41:36,322 - Main.MLEngine - INFO - fire
2021-12-17 11:41:36,405 - Main.MLEngine - INFO - fire
2021-12-17 11:41:36,461 - Main.MLEngine - INFO - fire
2021-12-17 11:41:36,512 - Main.MLEngine - INFO - fire
2021-12-17 11:41:36,584 - Main.MLEngine - INFO - fire
2021-12-17 11:41:36,659 - Main.MLEngine - INFO - fire
2021-12-17 11:41:36,711 - Main.MLEngine - INFO - fire
2021-12-17 11:41:36,798 - Main.MLEngine - INFO - fire
2021-12-17 11:41:36,812 - Main.MLEngine - INFO - fire
2021-12-17 11:41:36,881 - Main.MLEngine - INFO - fire
2021-12-17 11:41:36,961 - Main.MLEngine - INFO - fire
2021-12-17 11:41:37,012 - Main.MLEngine - INFO - smoke
2021-12-17 11:41:37,028 - Main.MLEngine - INFO - fire
2021-12-17 11:41:37,076 - Main.MLEngine - INFO - smoke
2021-12-17 11:41:37,092 - Main.MLEngine - INFO - fire
2021-12-17 11:41:37,167 - Main.MLEngine - INFO - fire
2021-12-17 11:41:37,237 - Main.MLEngine - INFO - fire
2021-12-17 11:41:37,301 - Main.MLEngine - INFO - fire
2021-12-17 11:41:37,315 - Main.MLEngine - INFO - fire
2021-12-17 11:41:37,393 - Main.MLEngine - INFO - smoke
2021-12-17 11:41:37,407 - Main.MLEngine - INFO - fire
2021-12-17 11:41:37,455 - Main.MLEngine - INFO - smoke
2021-12-17 11:41:37,469 - Main.MLEngine - INFO - smoke
2021-12-17 11:41:37,488 - Main.MLEngine - INFO - fire
2021-12-17 11:41:37,614 - Main.MLEngine - INFO - fire
2021-12-17 11:41:37,681 - Main.MLEngine - INFO - fire
2021-12-17 11:41:37,760 - Main.MLEngine - INFO - fire
2021-12-17 11:41:37,838 - Main.MLEngine - INFO - fire
2021-12-17 11:41:37,908 - Main.MLEngine - INFO - fire
2021-12-17 11:41:37,961 - Main.MLEngine - INFO - fire
2021-12-17 11:41:37,975 - Main.MLEngine - INFO - fire
2021-12-17 11:41:38,010 - Main.MLEngine - INFO - fire
2021-12-17 11:41:38,026 - Main.MLEngine - INFO - fire
2021-12-17 11:41:38,074 - Main.MLEngine - INFO - smoke
2021-12-17 11:41:38,119 - Main.MLEngine - INFO - fire
2021-12-17 11:41:38,165 - Main.MLEngine - INFO - smoke
2021-12-17 11:41:38,213 - Main.MLEngine - INFO - fire
2021-12-17 11:41:38,261 - Main.MLEngine - INFO - fire
2021-12-17 11:41:38,335 - Main.MLEngine - INFO - fire
2021-12-17 11:41:38,350 - Main.MLEngine - INFO - fire
2021-12-17 11:41:38,384 - Main.MLEngine - INFO - fire
2021-12-17 11:41:38,459 - Main.MLEngine - INFO - fire
2021-12-17 11:41:38,505 - Main.MLEngine - INFO - smoke
2021-12-17 11:41:38,523 - Main.MLEngine - INFO - fire
2021-12-17 11:41:38,570 - Main.MLEngine - INFO - smoke
2021-12-17 11:41:38,592 - Main.MLEngine - INFO - fire
2021-12-17 11:41:38,663 - Main.MLEngine - INFO - fire
2021-12-17 11:41:38,736 - Main.MLEngine - INFO - fire
2021-12-17 11:41:38,797 - Main.MLEngine - INFO - fire
2021-12-17 11:41:38,860 - Main.MLEngine - INFO - fire
2021-12-17 11:41:38,874 - Main.MLEngine - INFO - fire
2021-12-17 11:41:38,925 - Main.MLEngine - INFO - fire
2021-12-17 11:41:38,983 - Main.MLEngine - INFO - fire
2021-12-17 11:41:39,042 - Main.MLEngine - INFO - fire
2021-12-17 11:41:39,107 - Main.MLEngine - INFO - fire
2021-12-17 11:41:39,167 - Main.MLEngine - INFO - fire
2021-12-17 11:41:39,215 - Main.MLEngine - INFO - fire
2021-12-17 11:41:39,266 - Main.MLEngine - INFO - fire
2021-12-17 11:41:39,325 - Main.MLEngine - INFO - fire
2021-12-17 11:41:39,409 - Main.MLEngine - INFO - fire
2021-12-17 11:41:39,441 - Main.MLEngine - INFO - fire
2021-12-17 11:41:39,495 - Main.MLEngine - INFO - smoke
2021-12-17 11:41:39,526 - Main.MLEngine - INFO - fire
2021-12-17 11:41:39,570 - Main.MLEngine - INFO - smoke
2021-12-17 11:41:39,606 - Main.MLEngine - INFO - fire
2021-12-17 11:41:39,675 - Main.MLEngine - INFO - fire
2021-12-17 11:41:39,737 - Main.MLEngine - INFO - fire
2021-12-17 11:41:39,802 - Main.MLEngine - INFO - fire
2021-12-17 11:41:39,844 - Main.MLEngine - INFO - smoke
2021-12-17 11:41:39,877 - Main.MLEngine - INFO - fire
2021-12-17 11:41:39,925 - Main.MLEngine - INFO - smoke
2021-12-17 11:41:39,974 - Main.MLEngine - INFO - fire
2021-12-17 11:41:40,014 - Main.MLEngine - INFO - smoke
2021-12-17 11:41:40,074 - Main.MLEngine - INFO - fire
2021-12-17 11:41:40,105 - Main.MLEngine - INFO - smoke
2021-12-17 11:41:40,157 - Main.MLEngine - INFO - fire
2021-12-17 11:41:40,207 - Main.MLEngine - INFO - smoke
2021-12-17 11:41:40,238 - Main.MLEngine - INFO - fire
2021-12-17 11:41:40,280 - Main.MLEngine - INFO - smoke
2021-12-17 11:41:40,326 - Main.MLEngine - INFO - fire
2021-12-17 11:41:40,408 - Main.MLEngine - INFO - fire
2021-12-17 11:41:40,423 - Main.MLEngine - INFO - fire
2021-12-17 11:41:40,466 - Main.MLEngine - INFO - fire
2021-12-17 11:41:40,524 - Main.MLEngine - INFO - fire
2021-12-17 11:41:40,584 - Main.MLEngine - INFO - fire
2021-12-17 11:41:40,613 - Main.MLEngine - INFO - smoke
2021-12-17 11:41:40,648 - Main.MLEngine - INFO - fire
2021-12-17 11:41:40,703 - Main.MLEngine - INFO - smoke
2021-12-17 11:41:40,737 - Main.MLEngine - INFO - fire
2021-12-17 11:41:40,789 - Main.MLEngine - INFO - smoke
2021-12-17 11:41:40,804 - Main.MLEngine - INFO - fire
2021-12-17 11:41:40,852 - Main.MLEngine - INFO - smoke
2021-12-17 11:41:40,896 - Main.MLEngine - INFO - fire
2021-12-17 11:41:40,912 - Main.MLEngine - INFO - fire
2021-12-17 11:41:40,974 - Main.MLEngine - INFO - fire
2021-12-17 11:41:41,031 - Main.MLEngine - INFO - fire
2021-12-17 11:41:41,061 - Main.MLEngine - INFO - smoke
2021-12-17 11:41:41,108 - Main.MLEngine - INFO - fire
2021-12-17 11:41:41,122 - Main.MLEngine - INFO - fire
2021-12-17 11:41:41,159 - Main.MLEngine - INFO - smoke
2021-12-17 11:41:41,193 - Main.MLEngine - INFO - fire
2021-12-17 11:41:41,240 - Main.MLEngine - INFO - smoke
2021-12-17 11:41:41,274 - Main.MLEngine - INFO - fire
2021-12-17 11:41:41,343 - Main.MLEngine - INFO - fire
2021-12-17 11:41:41,420 - Main.MLEngine - INFO - fire
2021-12-17 11:41:41,505 - Main.MLEngine - INFO - fire
2021-12-17 11:41:41,542 - Main.MLEngine - INFO - smoke
2021-12-17 11:41:41,575 - Main.MLEngine - INFO - fire
2021-12-17 11:41:41,621 - Main.MLEngine - INFO - smoke
2021-12-17 11:41:41,668 - Main.MLEngine - INFO - fire
2021-12-17 11:41:41,730 - Main.MLEngine - INFO - fire
2021-12-17 11:41:41,776 - Main.MLEngine - INFO - smoke
2021-12-17 11:41:41,804 - Main.MLEngine - INFO - fire
2021-12-17 11:41:41,847 - Main.MLEngine - INFO - smoke
2021-12-17 11:41:41,881 - Main.MLEngine - INFO - fire
2021-12-17 11:41:41,972 - Main.MLEngine - INFO - fire
2021-12-17 11:41:41,987 - Main.MLEngine - INFO - fire
2021-12-17 11:41:42,046 - Main.MLEngine - INFO - fire
2021-12-17 11:41:42,060 - Main.MLEngine - INFO - fire
2021-12-17 11:41:42,152 - Main.MLEngine - INFO - fire
2021-12-17 11:41:42,205 - Main.MLEngine - INFO - fire
2021-12-17 11:41:42,219 - Main.MLEngine - INFO - fire
2021-12-17 11:41:42,284 - Main.MLEngine - INFO - fire
2021-12-17 11:41:42,298 - Main.MLEngine - INFO - fire
2021-12-17 11:41:42,384 - Main.MLEngine - INFO - fire
2021-12-17 11:41:42,398 - Main.MLEngine - INFO - fire
2021-12-17 11:41:42,441 - Main.MLEngine - INFO - fire
2021-12-17 11:41:42,484 - Main.MLEngine - INFO - fire
2021-12-17 11:41:42,553 - Main.MLEngine - INFO - fire
2021-12-17 11:41:42,602 - Main.MLEngine - INFO - smoke
2021-12-17 11:41:42,646 - Main.MLEngine - INFO - fire
2021-12-17 11:41:42,733 - Main.MLEngine - INFO - fire
2021-12-17 11:41:42,765 - Main.MLEngine - INFO - smoke
2021-12-17 11:41:42,783 - Main.MLEngine - INFO - fire
2021-12-17 11:41:42,823 - Main.MLEngine - INFO - smoke
2021-12-17 11:41:42,840 - Main.MLEngine - INFO - fire
2021-12-17 11:41:42,905 - Main.MLEngine - INFO - fire
2021-12-17 11:41:42,966 - Main.MLEngine - INFO - fire
2021-12-17 11:41:43,015 - Main.MLEngine - INFO - fire
2021-12-17 11:41:43,062 - Main.MLEngine - INFO - smoke
2021-12-17 11:41:43,076 - Main.MLEngine - INFO - fire
2021-12-17 11:41:43,136 - Main.MLEngine - INFO - fire
2021-12-17 11:41:43,196 - Main.MLEngine - INFO - fire
2021-12-17 11:41:43,259 - Main.MLEngine - INFO - fire
2021-12-17 11:41:43,307 - Main.MLEngine - INFO - fire
2021-12-17 11:41:43,341 - Main.MLEngine - INFO - fire
2021-12-17 11:41:43,398 - Main.MLEngine - INFO - fire
2021-12-17 11:41:43,475 - Main.MLEngine - INFO - fire
2021-12-17 11:41:43,539 - Main.MLEngine - INFO - fire
2021-12-17 11:41:43,710 - Main.MLEngine - INFO - fire
2021-12-17 11:41:43,763 - Main.MLEngine - INFO - fire
2021-12-17 11:41:43,840 - Main.MLEngine - INFO - fire
2021-12-17 11:41:43,904 - Main.MLEngine - INFO - fire
2021-12-17 11:41:43,946 - Main.MLEngine - INFO - smoke
2021-12-17 11:41:43,963 - Main.MLEngine - INFO - fire
2021-12-17 11:41:44,013 - Main.MLEngine - INFO - fire
2021-12-17 11:41:44,055 - Main.MLEngine - INFO - fire
2021-12-17 11:41:44,102 - Main.MLEngine - INFO - fire
2021-12-17 11:41:44,154 - Main.MLEngine - INFO - fire
2021-12-17 11:41:44,229 - Main.MLEngine - INFO - fire
2021-12-17 11:41:44,346 - Main.MLEngine - INFO - fire
2021-12-17 11:41:44,393 - Main.MLEngine - INFO - fire
2021-12-17 11:41:44,433 - Main.MLEngine - INFO - smoke
2021-12-17 11:41:44,451 - Main.MLEngine - INFO - fire
2021-12-17 11:41:44,495 - Main.MLEngine - INFO - smoke
2021-12-17 11:41:44,514 - Main.MLEngine - INFO - fire
2021-12-17 11:41:44,561 - Main.MLEngine - INFO - fire
2021-12-17 11:41:44,601 - Main.MLEngine - INFO - fire
2021-12-17 11:41:44,651 - Main.MLEngine - INFO - fire
2021-12-17 11:41:44,711 - Main.MLEngine - INFO - fire
2021-12-17 11:41:44,770 - Main.MLEngine - INFO - fire
2021-12-17 11:41:44,817 - Main.MLEngine - INFO - fire
2021-12-17 11:41:44,865 - Main.MLEngine - INFO - fire
2021-12-17 11:41:44,924 - Main.MLEngine - INFO - fire
2021-12-17 11:41:45,026 - Main.MLEngine - INFO - fire
2021-12-17 11:41:45,042 - Main.MLEngine - INFO - fire
2021-12-17 11:41:45,105 - Main.MLEngine - INFO - fire
2021-12-17 11:41:45,119 - Main.MLEngine - INFO - fire
2021-12-17 11:41:45,182 - Main.MLEngine - INFO - fire
2021-12-17 11:41:45,248 - Main.MLEngine - INFO - fire
2021-12-17 11:41:45,293 - Main.MLEngine - INFO - smoke
2021-12-17 11:41:45,325 - Main.MLEngine - INFO - fire
2021-12-17 11:41:45,342 - Main.MLEngine - INFO - fire
2021-12-17 11:41:45,422 - Main.MLEngine - INFO - fire
2021-12-17 11:41:45,481 - Main.MLEngine - INFO - fire
2021-12-17 11:41:45,552 - Main.MLEngine - INFO - fire
2021-12-17 11:41:45,617 - Main.MLEngine - INFO - fire
2021-12-17 11:41:45,703 - Main.MLEngine - INFO - fire
2021-12-17 11:41:45,793 - Main.MLEngine - INFO - fire
2021-12-17 11:41:45,844 - Main.MLEngine - INFO - fire
2021-12-17 11:41:45,888 - Main.MLEngine - INFO - smoke
2021-12-17 11:41:45,923 - Main.MLEngine - INFO - fire
2021-12-17 11:41:46,015 - Main.MLEngine - INFO - fire
2021-12-17 11:41:46,100 - Main.MLEngine - INFO - fire
2021-12-17 11:41:46,134 - Main.MLEngine - INFO - smoke
2021-12-17 11:41:46,151 - Main.MLEngine - INFO - fire
2021-12-17 11:41:46,198 - Main.MLEngine - INFO - smoke
2021-12-17 11:41:46,231 - Main.MLEngine - INFO - fire
2021-12-17 11:41:46,293 - Main.MLEngine - INFO - fire
2021-12-17 11:41:46,351 - Main.MLEngine - INFO - fire
2021-12-17 11:41:46,438 - Main.MLEngine - INFO - fire
2021-12-17 11:41:46,505 - Main.MLEngine - INFO - fire
2021-12-17 11:41:46,581 - Main.MLEngine - INFO - fire
2021-12-17 11:41:46,627 - Main.MLEngine - INFO - smoke
2021-12-17 11:41:46,699 - Main.MLEngine - INFO - fire
2021-12-17 11:41:46,762 - Main.MLEngine - INFO - fire
2021-12-17 11:41:46,794 - Main.MLEngine - INFO - smoke
2021-12-17 11:41:46,831 - Main.MLEngine - INFO - fire
2021-12-17 11:41:46,905 - Main.MLEngine - INFO - fire
2021-12-17 11:41:46,968 - Main.MLEngine - INFO - fire
2021-12-17 11:41:47,028 - Main.MLEngine - INFO - fire
2021-12-17 11:41:47,085 - Main.MLEngine - INFO - fire
2021-12-17 11:41:47,132 - Main.MLEngine - INFO - smoke
2021-12-17 11:41:47,180 - Main.MLEngine - INFO - fire
2021-12-17 11:41:47,239 - Main.MLEngine - INFO - fire
2021-12-17 11:41:47,289 - Main.MLEngine - INFO - fire
2021-12-17 11:41:47,351 - Main.MLEngine - INFO - fire
2021-12-17 11:41:47,412 - Main.MLEngine - INFO - fire
2021-12-17 11:41:47,456 - Main.MLEngine - INFO - smoke
2021-12-17 11:41:47,503 - Main.MLEngine - INFO - fire
2021-12-17 11:41:47,634 - Main.MLEngine - INFO - fire
2021-12-17 11:41:47,665 - Main.MLEngine - INFO - smoke
2021-12-17 11:41:47,694 - Main.MLEngine - INFO - fire
2021-12-17 11:41:47,753 - Main.MLEngine - INFO - fire
2021-12-17 11:41:47,792 - Main.MLEngine - INFO - fire
2021-12-17 11:41:47,971 - Main.MLEngine - INFO - smoke
2021-12-17 11:41:48,003 - Main.MLEngine - INFO - fire
2021-12-17 11:41:48,071 - Main.MLEngine - INFO - fire
2021-12-17 11:41:48,143 - Main.MLEngine - INFO - fire
2021-12-17 11:41:48,156 - Main.MLEngine - INFO - fire
2021-12-17 11:41:48,203 - Main.MLEngine - INFO - smoke
2021-12-17 11:41:48,233 - Main.MLEngine - INFO - fire
2021-12-17 11:41:48,283 - Main.MLEngine - INFO - smoke
2021-12-17 11:41:48,314 - Main.MLEngine - INFO - fire
2021-12-17 11:41:48,362 - Main.MLEngine - INFO - smoke
2021-12-17 11:41:48,380 - Main.MLEngine - INFO - fire
2021-12-17 11:41:48,395 - Main.MLEngine - INFO - fire
2021-12-17 11:41:48,452 - Main.MLEngine - INFO - smoke
2021-12-17 11:41:48,483 - Main.MLEngine - INFO - fire
2021-12-17 11:41:48,534 - Main.MLEngine - INFO - smoke
2021-12-17 11:41:48,566 - Main.MLEngine - INFO - fire
2021-12-17 11:41:48,612 - Main.MLEngine - INFO - smoke
2021-12-17 11:41:48,646 - Main.MLEngine - INFO - fire
2021-12-17 11:41:48,691 - Main.MLEngine - INFO - smoke
2021-12-17 11:41:48,748 - Main.MLEngine - INFO - smoke
2021-12-17 11:41:48,811 - Main.MLEngine - INFO - fire
2021-12-17 11:41:48,854 - Main.MLEngine - INFO - smoke
2021-12-17 11:41:48,913 - Main.MLEngine - INFO - fire
2021-12-17 11:41:49,001 - Main.MLEngine - INFO - fire
2021-12-17 11:41:49,080 - Main.MLEngine - INFO - fire
2021-12-17 11:41:49,129 - Main.MLEngine - INFO - smoke
2021-12-17 11:41:49,172 - Main.MLEngine - INFO - fire
2021-12-17 11:41:49,188 - Main.MLEngine - INFO - fire
2021-12-17 11:41:49,225 - Main.MLEngine - INFO - smoke
2021-12-17 11:41:49,283 - Main.MLEngine - INFO - smoke
2021-12-17 11:41:49,299 - Main.MLEngine - INFO - fire
2021-12-17 11:41:49,346 - Main.MLEngine - INFO - smoke
2021-12-17 11:41:49,363 - Main.MLEngine - INFO - fire
2021-12-17 11:41:49,416 - Main.MLEngine - INFO - smoke
2021-12-17 11:41:49,433 - Main.MLEngine - INFO - fire
2021-12-17 11:41:49,486 - Main.MLEngine - INFO - smoke
2021-12-17 11:41:49,501 - Main.MLEngine - INFO - fire
2021-12-17 11:41:49,549 - Main.MLEngine - INFO - smoke
2021-12-17 11:41:49,611 - Main.MLEngine - INFO - smoke
2021-12-17 11:41:49,736 - Main.MLEngine - INFO - smoke
2021-12-17 11:41:49,836 - Main.MLEngine - INFO - smoke
2021-12-17 11:41:49,882 - Main.MLEngine - INFO - smoke
2021-12-17 11:41:49,930 - Main.MLEngine - INFO - smoke
2021-12-17 11:41:49,973 - Main.MLEngine - INFO - smoke
2021-12-17 11:41:50,033 - Main.MLEngine - INFO - smoke
2021-12-17 11:41:50,086 - Main.MLEngine - INFO - smoke
2021-12-17 11:41:50,133 - Main.MLEngine - INFO - smoke
2021-12-17 11:41:50,151 - Main.MLEngine - INFO - fire
2021-12-17 11:41:50,202 - Main.MLEngine - INFO - smoke
2021-12-17 11:41:50,218 - Main.MLEngine - INFO - fire
2021-12-17 11:41:50,261 - Main.MLEngine - INFO - smoke
2021-12-17 11:41:50,301 - Main.MLEngine - INFO - smoke
2021-12-17 11:41:50,352 - Main.MLEngine - INFO - smoke
2021-12-17 11:41:50,396 - Main.MLEngine - INFO - smoke
2021-12-17 11:41:50,413 - Main.MLEngine - INFO - fire
2021-12-17 11:41:50,465 - Main.MLEngine - INFO - smoke
2021-12-17 11:41:50,513 - Main.MLEngine - INFO - smoke
2021-12-17 11:41:50,550 - Main.MLEngine - INFO - smoke
2021-12-17 11:41:50,602 - Main.MLEngine - INFO - smoke
2021-12-17 11:41:50,648 - Main.MLEngine - INFO - smoke
2021-12-17 11:41:50,693 - Main.MLEngine - INFO - smoke
2021-12-17 11:41:50,737 - Main.MLEngine - INFO - smoke
2021-12-17 11:41:50,784 - Main.MLEngine - INFO - smoke
2021-12-17 11:41:50,848 - Main.MLEngine - INFO - smoke
2021-12-17 11:41:50,889 - Main.MLEngine - INFO - smoke
2021-12-17 11:41:50,939 - Main.MLEngine - INFO - smoke
2021-12-17 11:41:50,979 - Main.MLEngine - INFO - smoke
2021-12-17 11:41:51,035 - Main.MLEngine - INFO - smoke
2021-12-17 11:41:51,072 - Main.MLEngine - INFO - smoke
2021-12-17 11:41:51,119 - Main.MLEngine - INFO - smoke
2021-12-17 11:41:51,169 - Main.MLEngine - INFO - smoke
2021-12-17 11:41:51,213 - Main.MLEngine - INFO - smoke
2021-12-17 11:41:51,251 - Main.MLEngine - INFO - smoke
2021-12-17 11:41:51,296 - Main.MLEngine - INFO - smoke
2021-12-17 11:41:51,348 - Main.MLEngine - INFO - smoke
2021-12-17 11:41:51,414 - Main.MLEngine - INFO - smoke
2021-12-17 11:41:51,457 - Main.MLEngine - INFO - smoke
2021-12-17 11:41:51,514 - Main.MLEngine - INFO - smoke
2021-12-17 11:41:51,551 - Main.MLEngine - INFO - smoke
2021-12-17 11:41:51,602 - Main.MLEngine - INFO - smoke
2021-12-17 11:41:51,650 - Main.MLEngine - INFO - smoke
2021-12-17 11:41:51,691 - Main.MLEngine - INFO - smoke
2021-12-17 11:41:51,753 - Main.MLEngine - INFO - smoke
2021-12-17 11:41:51,768 - Main.MLEngine - INFO - fire
2021-12-17 11:41:51,819 - Main.MLEngine - INFO - smoke
2021-12-17 11:41:51,836 - Main.MLEngine - INFO - fire
2021-12-17 11:41:51,882 - Main.MLEngine - INFO - smoke
2021-12-17 11:41:51,951 - Main.MLEngine - INFO - smoke
2021-12-17 11:41:51,998 - Main.MLEngine - INFO - smoke
2021-12-17 11:41:52,045 - Main.MLEngine - INFO - smoke
2021-12-17 11:41:52,064 - Main.MLEngine - INFO - smoke
2021-12-17 11:41:52,113 - Main.MLEngine - INFO - smoke
2021-12-17 11:41:52,147 - Main.MLEngine - INFO - smoke
2021-12-17 11:41:52,190 - Main.MLEngine - INFO - smoke
2021-12-17 11:41:52,234 - Main.MLEngine - INFO - smoke
2021-12-17 11:41:52,285 - Main.MLEngine - INFO - smoke
2021-12-17 11:41:52,322 - Main.MLEngine - INFO - smoke
2021-12-17 11:41:52,381 - Main.MLEngine - INFO - smoke
2021-12-17 11:41:52,415 - Main.MLEngine - INFO - smoke
2021-12-17 11:41:52,457 - Main.MLEngine - INFO - smoke
2021-12-17 11:41:52,515 - Main.MLEngine - INFO - smoke
2021-12-17 11:41:52,555 - Main.MLEngine - INFO - smoke
2021-12-17 11:41:52,602 - Main.MLEngine - INFO - smoke
2021-12-17 11:41:52,646 - Main.MLEngine - INFO - smoke
2021-12-17 11:41:52,683 - Main.MLEngine - INFO - smoke
2021-12-17 11:41:52,732 - Main.MLEngine - INFO - smoke
2021-12-17 11:44:21,359 - Main.MLEngine - INFO - smoke
2021-12-17 11:44:21,377 - Main.MLEngine - INFO - smoke
2021-12-17 11:44:21,392 - Main.MLEngine - INFO - smoke
2021-12-17 11:44:21,407 - Main.MLEngine - INFO - smoke
2021-12-17 11:44:21,425 - Main.MLEngine - INFO - smoke
2021-12-17 11:44:21,441 - Main.MLEngine - INFO - smoke
2021-12-17 11:44:21,561 - Main.MLEngine - INFO - smoke
2021-12-17 11:44:21,576 - Main.MLEngine - INFO - smoke
2021-12-17 11:44:21,701 - Main.MLEngine - INFO - smoke
2021-12-17 11:44:21,993 - Main.MLEngine - INFO - smoke
2021-12-17 11:44:22,113 - Main.MLEngine - INFO - smoke
2021-12-17 11:44:23,436 - Main.MLEngine - INFO - smoke
2021-12-17 11:44:23,482 - Main.MLEngine - INFO - smoke
2021-12-17 11:44:23,604 - Main.MLEngine - INFO - smoke
2021-12-17 11:44:23,736 - Main.MLEngine - INFO - smoke
2021-12-17 11:44:23,753 - Main.MLEngine - INFO - smoke
2021-12-17 11:44:23,781 - Main.MLEngine - INFO - smoke
2021-12-17 11:44:23,907 - Main.MLEngine - INFO - smoke
2021-12-17 11:44:23,936 - Main.MLEngine - INFO - smoke
2021-12-17 11:44:23,964 - Main.MLEngine - INFO - smoke
2021-12-17 11:44:24,073 - Main.MLEngine - INFO - smoke
2021-12-17 11:44:24,088 - Main.MLEngine - INFO - smoke
2021-12-17 11:44:24,118 - Main.MLEngine - INFO - smoke
2021-12-17 11:48:53,548 - Main.MLEngine - INFO - smoke
2021-12-17 11:48:53,627 - Main.MLEngine - INFO - smoke
2021-12-17 11:48:53,771 - Main.MLEngine - INFO - fire
2021-12-17 11:48:53,816 - Main.MLEngine - INFO - fire
2021-12-17 11:48:53,832 - Main.MLEngine - INFO - fire
2021-12-17 11:48:53,999 - Main.MLEngine - INFO - smoke
2021-12-17 11:48:54,043 - Main.MLEngine - INFO - smoke
2021-12-17 11:48:54,074 - Main.MLEngine - INFO - smoke
2021-12-17 11:48:54,171 - Main.MLEngine - INFO - fire
2021-12-17 11:48:54,241 - Main.MLEngine - INFO - fire
2021-12-17 11:48:54,284 - Main.MLEngine - INFO - smoke
2021-12-17 11:48:54,433 - Main.MLEngine - INFO - smoke
2021-12-17 11:48:54,448 - Main.MLEngine - INFO - smoke
2021-12-17 11:48:54,462 - Main.MLEngine - INFO - smoke
2021-12-17 11:48:54,477 - Main.MLEngine - INFO - smoke
2021-12-17 11:48:54,493 - Main.MLEngine - INFO - smoke
2021-12-17 11:48:54,597 - Main.MLEngine - INFO - smoke
2021-12-17 11:48:54,612 - Main.MLEngine - INFO - fire
2021-12-17 11:48:54,670 - Main.MLEngine - INFO - fire
2021-12-17 11:48:54,827 - Main.MLEngine - INFO - smoke
2021-12-17 11:48:54,868 - Main.MLEngine - INFO - smoke
2021-12-17 11:48:54,928 - Main.MLEngine - INFO - smoke
2021-12-17 11:48:54,958 - Main.MLEngine - INFO - fire
2021-12-17 11:48:55,078 - Main.MLEngine - INFO - smoke
2021-12-17 11:48:55,261 - Main.MLEngine - INFO - smoke
2021-12-17 11:48:55,307 - Main.MLEngine - INFO - smoke
2021-12-17 11:48:55,365 - Main.MLEngine - INFO - smoke
2021-12-17 11:48:55,380 - Main.MLEngine - INFO - smoke
2021-12-17 11:48:55,524 - Main.MLEngine - INFO - smoke
2021-12-17 11:48:55,539 - Main.MLEngine - INFO - fire
2021-12-17 11:48:55,557 - Main.MLEngine - INFO - fire
2021-12-17 11:48:55,772 - Main.MLEngine - INFO - smoke
2021-12-17 11:48:55,826 - Main.MLEngine - INFO - smoke
2021-12-17 11:48:55,859 - Main.MLEngine - INFO - smoke
2021-12-17 11:48:55,877 - Main.MLEngine - INFO - smoke
2021-12-17 11:48:55,955 - Main.MLEngine - INFO - fire
2021-12-17 11:48:56,134 - Main.MLEngine - INFO - smoke
2021-12-17 11:48:56,163 - Main.MLEngine - INFO - smoke
2021-12-17 11:48:56,191 - Main.MLEngine - INFO - smoke
2021-12-17 11:48:56,207 - Main.MLEngine - INFO - smoke
2021-12-17 11:48:56,245 - Main.MLEngine - INFO - smoke
2021-12-17 11:48:56,311 - Main.MLEngine - INFO - fire
2021-12-17 11:48:56,372 - Main.MLEngine - INFO - smoke
2021-12-17 11:48:56,489 - Main.MLEngine - INFO - smoke
2021-12-17 11:48:56,507 - Main.MLEngine - INFO - smoke
2021-12-17 11:48:56,524 - Main.MLEngine - INFO - smoke
2021-12-17 11:48:56,578 - Main.MLEngine - INFO - smoke
2021-12-17 11:48:56,602 - Main.MLEngine - INFO - fire
2021-12-17 11:48:56,634 - Main.MLEngine - INFO - fire
2021-12-17 11:48:56,781 - Main.MLEngine - INFO - smoke
2021-12-17 11:48:56,867 - Main.MLEngine - INFO - fire
2021-12-17 11:48:56,911 - Main.MLEngine - INFO - fire
2021-12-17 11:48:56,926 - Main.MLEngine - INFO - fire
2021-12-17 11:48:57,049 - Main.MLEngine - INFO - smoke
2021-12-17 11:48:57,211 - Main.MLEngine - INFO - fire
2021-12-17 11:48:57,583 - Main.MLEngine - INFO - smoke
2021-12-17 11:48:57,598 - Main.MLEngine - INFO - smoke
2021-12-17 11:48:57,664 - Main.MLEngine - INFO - fire
2021-12-17 11:48:57,712 - Main.MLEngine - INFO - fire
2021-12-17 11:48:57,827 - Main.MLEngine - INFO - smoke
2021-12-17 11:48:57,884 - Main.MLEngine - INFO - smoke
2021-12-17 11:48:57,930 - Main.MLEngine - INFO - fire
2021-12-17 11:48:58,097 - Main.MLEngine - INFO - smoke
2021-12-17 11:48:58,127 - Main.MLEngine - INFO - smoke
2021-12-17 11:48:58,207 - Main.MLEngine - INFO - fire
2021-12-17 11:48:59,334 - Main.MLEngine - INFO - smoke
2021-12-17 11:48:59,402 - Main.MLEngine - INFO - smoke
2021-12-17 11:48:59,431 - Main.MLEngine - INFO - fire
2021-12-17 11:48:59,515 - Main.MLEngine - INFO - fire
2021-12-17 11:48:59,647 - Main.MLEngine - INFO - smoke
2021-12-17 11:48:59,751 - Main.MLEngine - INFO - fire
2021-12-17 11:48:59,811 - Main.MLEngine - INFO - fire
2021-12-17 11:48:59,829 - Main.MLEngine - INFO - smoke
2021-12-17 11:48:59,994 - Main.MLEngine - INFO - smoke
2021-12-17 11:49:00,010 - Main.MLEngine - INFO - fire
2021-12-17 11:49:00,044 - Main.MLEngine - INFO - fire
2021-12-17 11:49:00,181 - Main.MLEngine - INFO - smoke
2021-12-17 11:49:00,197 - Main.MLEngine - INFO - smoke
2021-12-17 11:49:00,349 - Main.MLEngine - INFO - fire
2021-12-17 11:49:00,511 - Main.MLEngine - INFO - smoke
2021-12-17 11:49:00,613 - Main.MLEngine - INFO - fire
2021-12-17 11:49:00,635 - Main.MLEngine - INFO - fire
2021-12-17 11:49:00,795 - Main.MLEngine - INFO - smoke
2021-12-17 11:49:00,845 - Main.MLEngine - INFO - smoke
2021-12-17 11:49:00,933 - Main.MLEngine - INFO - fire
2021-12-17 11:49:00,948 - Main.MLEngine - INFO - fire
2021-12-17 11:49:00,979 - Main.MLEngine - INFO - fire
2021-12-17 11:49:01,150 - Main.MLEngine - INFO - smoke
2021-12-17 11:49:01,164 - Main.MLEngine - INFO - smoke
2021-12-17 11:49:01,232 - Main.MLEngine - INFO - smoke
2021-12-17 11:49:01,261 - Main.MLEngine - INFO - smoke
2021-12-17 11:49:01,347 - Main.MLEngine - INFO - fire
2021-12-17 11:49:01,393 - Main.MLEngine - INFO - fire
2021-12-17 11:49:01,421 - Main.MLEngine - INFO - fire
2021-12-17 11:49:01,557 - Main.MLEngine - INFO - smoke
2021-12-17 11:49:01,573 - Main.MLEngine - INFO - smoke
2021-12-17 11:49:01,604 - Main.MLEngine - INFO - smoke
2021-12-17 11:49:01,618 - Main.MLEngine - INFO - smoke
2021-12-17 11:49:01,679 - Main.MLEngine - INFO - fire
2021-12-17 11:49:01,909 - Main.MLEngine - INFO - smoke
2021-12-17 11:49:01,924 - Main.MLEngine - INFO - smoke
2021-12-17 11:49:01,986 - Main.MLEngine - INFO - fire
2021-12-17 11:49:02,040 - Main.MLEngine - INFO - fire
2021-12-17 11:49:02,174 - Main.MLEngine - INFO - smoke
2021-12-17 11:49:02,309 - Main.MLEngine - INFO - fire
2021-12-17 11:49:02,327 - Main.MLEngine - INFO - fire
2021-12-17 11:49:02,343 - Main.MLEngine - INFO - fire
2021-12-17 11:49:02,495 - Main.MLEngine - INFO - smoke
2021-12-17 11:49:02,550 - Main.MLEngine - INFO - smoke
2021-12-17 11:49:02,591 - Main.MLEngine - INFO - fire
2021-12-17 11:49:02,726 - Main.MLEngine - INFO - smoke
2021-12-17 11:49:02,751 - Main.MLEngine - INFO - smoke
2021-12-17 11:49:02,773 - Main.MLEngine - INFO - fire
2021-12-17 11:49:02,790 - Main.MLEngine - INFO - fire
2021-12-17 11:49:02,809 - Main.MLEngine - INFO - fire
2021-12-17 11:49:02,969 - Main.MLEngine - INFO - smoke
2021-12-17 11:49:02,986 - Main.MLEngine - INFO - smoke
2021-12-17 11:49:03,016 - Main.MLEngine - INFO - smoke
2021-12-17 11:49:03,067 - Main.MLEngine - INFO - fire
2021-12-17 11:49:03,082 - Main.MLEngine - INFO - smoke
2021-12-17 11:49:03,231 - Main.MLEngine - INFO - smoke
2021-12-17 11:49:03,256 - Main.MLEngine - INFO - fire
2021-12-17 11:49:03,411 - Main.MLEngine - INFO - smoke
2021-12-17 11:49:03,447 - Main.MLEngine - INFO - fire
2021-12-17 11:49:03,575 - Main.MLEngine - INFO - smoke
2021-12-17 11:49:03,590 - Main.MLEngine - INFO - smoke
2021-12-17 11:49:03,645 - Main.MLEngine - INFO - fire
2021-12-17 11:49:03,690 - Main.MLEngine - INFO - fire
2021-12-17 11:49:03,905 - Main.MLEngine - INFO - fire
2021-12-17 11:49:03,936 - Main.MLEngine - INFO - fire
2021-12-17 11:49:04,070 - Main.MLEngine - INFO - smoke
2021-12-17 11:49:04,085 - Main.MLEngine - INFO - smoke
2021-12-17 11:49:04,145 - Main.MLEngine - INFO - smoke
2021-12-17 11:49:04,190 - Main.MLEngine - INFO - fire
2021-12-17 11:49:04,352 - Main.MLEngine - INFO - smoke
2021-12-17 11:49:04,377 - Main.MLEngine - INFO - fire
2021-12-17 11:49:04,405 - Main.MLEngine - INFO - fire
2021-12-17 11:49:04,539 - Main.MLEngine - INFO - smoke
2021-12-17 11:49:04,578 - Main.MLEngine - INFO - fire
2021-12-17 11:49:04,592 - Main.MLEngine - INFO - fire
2021-12-17 11:49:04,609 - Main.MLEngine - INFO - fire
2021-12-17 11:49:04,749 - Main.MLEngine - INFO - smoke
2021-12-17 11:49:04,766 - Main.MLEngine - INFO - smoke
2021-12-17 11:49:04,800 - Main.MLEngine - INFO - fire
2021-12-17 11:49:04,815 - Main.MLEngine - INFO - fire
2021-12-17 11:49:04,830 - Main.MLEngine - INFO - fire
2021-12-17 11:49:04,973 - Main.MLEngine - INFO - smoke
2021-12-17 11:49:04,994 - Main.MLEngine - INFO - smoke
2021-12-17 11:49:05,043 - Main.MLEngine - INFO - fire
2021-12-17 11:49:05,060 - Main.MLEngine - INFO - fire
2021-12-17 11:49:05,280 - Main.MLEngine - INFO - fire
2021-12-17 11:49:05,296 - Main.MLEngine - INFO - fire
2021-12-17 11:49:05,439 - Main.MLEngine - INFO - smoke
2021-12-17 11:49:05,528 - Main.MLEngine - INFO - smoke
2021-12-17 11:49:05,547 - Main.MLEngine - INFO - fire
2021-12-17 11:49:05,672 - Main.MLEngine - INFO - smoke
2021-12-17 11:49:05,706 - Main.MLEngine - INFO - smoke
2021-12-17 11:49:05,744 - Main.MLEngine - INFO - fire
2021-12-17 11:49:05,906 - Main.MLEngine - INFO - smoke
2021-12-17 11:49:05,955 - Main.MLEngine - INFO - smoke
2021-12-17 11:49:05,990 - Main.MLEngine - INFO - fire
2021-12-17 11:49:06,214 - Main.MLEngine - INFO - fire
2021-12-17 11:49:06,258 - Main.MLEngine - INFO - fire
2021-12-17 11:49:06,427 - Main.MLEngine - INFO - smoke
2021-12-17 11:49:06,456 - Main.MLEngine - INFO - smoke
2021-12-17 11:49:06,545 - Main.MLEngine - INFO - fire
2021-12-17 11:49:06,587 - Main.MLEngine - INFO - fire
2021-12-17 11:49:06,748 - Main.MLEngine - INFO - smoke
2021-12-17 11:49:06,766 - Main.MLEngine - INFO - smoke
2021-12-17 11:49:06,798 - Main.MLEngine - INFO - smoke
2021-12-17 11:49:06,833 - Main.MLEngine - INFO - smoke
2021-12-17 11:49:06,862 - Main.MLEngine - INFO - fire
2021-12-17 11:49:06,891 - Main.MLEngine - INFO - fire
2021-12-17 11:49:07,049 - Main.MLEngine - INFO - smoke
2021-12-17 11:49:07,071 - Main.MLEngine - INFO - smoke
2021-12-17 11:49:07,117 - Main.MLEngine - INFO - fire
2021-12-17 11:49:07,186 - Main.MLEngine - INFO - fire
2021-12-17 11:49:07,328 - Main.MLEngine - INFO - smoke
2021-12-17 11:49:07,345 - Main.MLEngine - INFO - smoke
2021-12-17 11:49:07,399 - Main.MLEngine - INFO - fire
2021-12-17 11:49:07,458 - Main.MLEngine - INFO - fire
2021-12-17 11:49:07,582 - Main.MLEngine - INFO - smoke
2021-12-17 11:49:07,599 - Main.MLEngine - INFO - smoke
2021-12-17 11:49:07,647 - Main.MLEngine - INFO - smoke
2021-12-17 11:49:07,724 - Main.MLEngine - INFO - smoke
2021-12-17 11:49:07,741 - Main.MLEngine - INFO - fire
2021-12-17 11:49:07,882 - Main.MLEngine - INFO - smoke
2021-12-17 11:49:07,897 - Main.MLEngine - INFO - smoke
2021-12-17 11:49:07,944 - Main.MLEngine - INFO - smoke
2021-12-17 11:49:07,994 - Main.MLEngine - INFO - fire
2021-12-17 11:49:08,010 - Main.MLEngine - INFO - smoke
2021-12-17 11:49:08,185 - Main.MLEngine - INFO - smoke
2021-12-17 11:49:08,203 - Main.MLEngine - INFO - smoke
2021-12-17 11:49:08,223 - Main.MLEngine - INFO - smoke
2021-12-17 11:49:08,239 - Main.MLEngine - INFO - smoke
2021-12-17 11:49:08,315 - Main.MLEngine - INFO - fire
2021-12-17 11:49:08,330 - Main.MLEngine - INFO - fire
2021-12-17 11:49:08,361 - Main.MLEngine - INFO - fire
2021-12-17 11:49:08,557 - Main.MLEngine - INFO - smoke
2021-12-17 11:49:08,602 - Main.MLEngine - INFO - fire
2021-12-17 11:49:08,619 - Main.MLEngine - INFO - fire
2021-12-17 11:49:08,758 - Main.MLEngine - INFO - smoke
2021-12-17 11:49:08,861 - Main.MLEngine - INFO - fire
2021-12-17 11:49:08,989 - Main.MLEngine - INFO - smoke
2021-12-17 11:49:09,021 - Main.MLEngine - INFO - smoke
2021-12-17 11:49:09,050 - Main.MLEngine - INFO - smoke
2021-12-17 11:49:09,080 - Main.MLEngine - INFO - smoke
2021-12-17 11:49:09,122 - Main.MLEngine - INFO - smoke
2021-12-17 11:49:09,139 - Main.MLEngine - INFO - fire
2021-12-17 11:49:09,183 - Main.MLEngine - INFO - fire
2021-12-17 11:49:09,312 - Main.MLEngine - INFO - smoke
2021-12-17 11:49:09,382 - Main.MLEngine - INFO - smoke
2021-12-17 11:49:09,397 - Main.MLEngine - INFO - smoke
2021-12-17 11:49:09,443 - Main.MLEngine - INFO - fire
2021-12-17 11:49:09,460 - Main.MLEngine - INFO - fire
2021-12-17 11:49:09,590 - Main.MLEngine - INFO - smoke
2021-12-17 11:49:09,663 - Main.MLEngine - INFO - smoke
2021-12-17 11:49:09,679 - Main.MLEngine - INFO - smoke
2021-12-17 11:49:09,713 - Main.MLEngine - INFO - fire
2021-12-17 11:49:09,731 - Main.MLEngine - INFO - fire
2021-12-17 11:49:09,881 - Main.MLEngine - INFO - smoke
2021-12-17 11:49:09,895 - Main.MLEngine - INFO - smoke
2021-12-17 11:49:09,916 - Main.MLEngine - INFO - smoke
2021-12-17 11:49:09,930 - Main.MLEngine - INFO - smoke
2021-12-17 11:49:09,949 - Main.MLEngine - INFO - smoke
2021-12-17 11:49:09,963 - Main.MLEngine - INFO - smoke
2021-12-17 11:49:10,035 - Main.MLEngine - INFO - fire
2021-12-17 11:49:10,065 - Main.MLEngine - INFO - fire
2021-12-17 11:49:10,112 - Main.MLEngine - INFO - fire
2021-12-17 11:49:10,275 - Main.MLEngine - INFO - smoke
2021-12-17 11:49:10,295 - Main.MLEngine - INFO - smoke
2021-12-17 11:49:10,311 - Main.MLEngine - INFO - fire
2021-12-17 11:49:10,329 - Main.MLEngine - INFO - fire
2021-12-17 11:49:10,450 - Main.MLEngine - INFO - smoke
2021-12-17 11:49:10,523 - Main.MLEngine - INFO - fire
2021-12-17 11:49:10,541 - Main.MLEngine - INFO - fire
2021-12-17 11:49:10,661 - Main.MLEngine - INFO - smoke
2021-12-17 11:49:10,715 - Main.MLEngine - INFO - fire
2021-12-17 11:49:10,732 - Main.MLEngine - INFO - fire
2021-12-17 11:49:10,869 - Main.MLEngine - INFO - smoke
2021-12-17 11:49:10,891 - Main.MLEngine - INFO - smoke
2021-12-17 11:49:10,909 - Main.MLEngine - INFO - smoke
2021-12-17 11:49:10,939 - Main.MLEngine - INFO - fire
2021-12-17 11:49:10,954 - Main.MLEngine - INFO - fire
2021-12-17 11:49:11,101 - Main.MLEngine - INFO - smoke
2021-12-17 11:49:11,124 - Main.MLEngine - INFO - smoke
2021-12-17 11:49:11,142 - Main.MLEngine - INFO - smoke
2021-12-17 11:49:11,172 - Main.MLEngine - INFO - fire
2021-12-17 11:49:11,187 - Main.MLEngine - INFO - fire
2021-12-17 11:49:11,333 - Main.MLEngine - INFO - smoke
2021-12-17 11:49:11,356 - Main.MLEngine - INFO - smoke
2021-12-17 11:49:11,372 - Main.MLEngine - INFO - smoke
2021-12-17 11:49:11,416 - Main.MLEngine - INFO - smoke
2021-12-17 11:49:11,431 - Main.MLEngine - INFO - smoke
2021-12-17 11:49:11,447 - Main.MLEngine - INFO - fire
2021-12-17 11:49:11,490 - Main.MLEngine - INFO - fire
2021-12-17 11:49:11,507 - Main.MLEngine - INFO - fire
2021-12-17 11:49:11,621 - Main.MLEngine - INFO - smoke
2021-12-17 11:49:11,640 - Main.MLEngine - INFO - smoke
2021-12-17 11:49:11,688 - Main.MLEngine - INFO - fire
2021-12-17 11:49:11,718 - Main.MLEngine - INFO - fire
2021-12-17 11:49:11,748 - Main.MLEngine - INFO - fire
2021-12-17 11:49:11,880 - Main.MLEngine - INFO - smoke
2021-12-17 11:49:11,970 - Main.MLEngine - INFO - fire
2021-12-17 11:49:11,987 - Main.MLEngine - INFO - fire
2021-12-17 11:49:12,004 - Main.MLEngine - INFO - fire
2021-12-17 11:49:12,125 - Main.MLEngine - INFO - smoke
2021-12-17 11:49:12,140 - Main.MLEngine - INFO - smoke
2021-12-17 11:49:12,169 - Main.MLEngine - INFO - smoke
2021-12-17 11:49:12,189 - Main.MLEngine - INFO - fire
2021-12-17 11:49:12,220 - Main.MLEngine - INFO - fire
2021-12-17 11:49:12,349 - Main.MLEngine - INFO - smoke
2021-12-17 11:49:12,365 - Main.MLEngine - INFO - smoke
2021-12-17 11:49:12,381 - Main.MLEngine - INFO - smoke
2021-12-17 11:49:12,398 - Main.MLEngine - INFO - smoke
2021-12-17 11:49:12,432 - Main.MLEngine - INFO - fire
2021-12-17 11:49:12,461 - Main.MLEngine - INFO - fire
2021-12-17 11:49:12,631 - Main.MLEngine - INFO - smoke
2021-12-17 11:49:12,646 - Main.MLEngine - INFO - smoke
2021-12-17 11:49:12,663 - Main.MLEngine - INFO - smoke
2021-12-17 11:49:12,678 - Main.MLEngine - INFO - smoke
2021-12-17 11:49:12,725 - Main.MLEngine - INFO - fire
2021-12-17 11:49:12,755 - Main.MLEngine - INFO - fire
2021-12-17 11:49:12,909 - Main.MLEngine - INFO - smoke
2021-12-17 11:49:12,992 - Main.MLEngine - INFO - fire
2021-12-17 11:49:13,020 - Main.MLEngine - INFO - smoke
2021-12-17 11:49:13,037 - Main.MLEngine - INFO - fire
2021-12-17 11:49:13,234 - Main.MLEngine - INFO - fire
2021-12-17 11:49:13,270 - Main.MLEngine - INFO - fire
2021-12-17 11:49:13,441 - Main.MLEngine - INFO - smoke
2021-12-17 11:49:13,456 - Main.MLEngine - INFO - smoke
2021-12-17 11:49:13,506 - Main.MLEngine - INFO - fire
2021-12-17 11:49:13,523 - Main.MLEngine - INFO - fire
2021-12-17 11:49:13,664 - Main.MLEngine - INFO - smoke
2021-12-17 11:49:13,708 - Main.MLEngine - INFO - smoke
2021-12-17 11:49:13,742 - Main.MLEngine - INFO - fire
2021-12-17 11:49:13,897 - Main.MLEngine - INFO - smoke
2021-12-17 11:49:13,931 - Main.MLEngine - INFO - smoke
2021-12-17 11:49:13,951 - Main.MLEngine - INFO - smoke
2021-12-17 11:49:13,970 - Main.MLEngine - INFO - fire
2021-12-17 11:49:14,004 - Main.MLEngine - INFO - fire
2021-12-17 11:49:14,158 - Main.MLEngine - INFO - smoke
2021-12-17 11:49:14,193 - Main.MLEngine - INFO - smoke
2021-12-17 11:49:14,212 - Main.MLEngine - INFO - smoke
2021-12-17 11:49:14,229 - Main.MLEngine - INFO - fire
2021-12-17 11:49:14,273 - Main.MLEngine - INFO - fire
2021-12-17 11:49:14,415 - Main.MLEngine - INFO - smoke
2021-12-17 11:49:14,445 - Main.MLEngine - INFO - smoke
2021-12-17 11:49:14,491 - Main.MLEngine - INFO - smoke
2021-12-17 11:49:14,533 - Main.MLEngine - INFO - smoke
2021-12-17 11:49:14,554 - Main.MLEngine - INFO - fire
2021-12-17 11:49:14,599 - Main.MLEngine - INFO - fire
2021-12-17 11:49:14,749 - Main.MLEngine - INFO - smoke
2021-12-17 11:49:14,797 - Main.MLEngine - INFO - smoke
2021-12-17 11:49:14,832 - Main.MLEngine - INFO - fire
2021-12-17 11:49:14,862 - Main.MLEngine - INFO - fire
2021-12-17 11:49:15,025 - Main.MLEngine - INFO - smoke
2021-12-17 11:49:15,040 - Main.MLEngine - INFO - smoke
2021-12-17 11:49:15,071 - Main.MLEngine - INFO - smoke
2021-12-17 11:49:15,134 - Main.MLEngine - INFO - fire
2021-12-17 11:49:15,270 - Main.MLEngine - INFO - smoke
2021-12-17 11:49:15,306 - Main.MLEngine - INFO - smoke
2021-12-17 11:49:15,322 - Main.MLEngine - INFO - smoke
2021-12-17 11:49:15,387 - Main.MLEngine - INFO - fire
2021-12-17 11:49:15,405 - Main.MLEngine - INFO - fire
2021-12-17 11:49:15,598 - Main.MLEngine - INFO - smoke
2021-12-17 11:49:15,630 - Main.MLEngine - INFO - smoke
2021-12-17 11:49:15,647 - Main.MLEngine - INFO - smoke
2021-12-17 11:49:15,663 - Main.MLEngine - INFO - smoke
2021-12-17 11:49:15,730 - Main.MLEngine - INFO - fire
2021-12-17 11:49:15,749 - Main.MLEngine - INFO - fire
2021-12-17 11:49:15,785 - Main.MLEngine - INFO - fire
2021-12-17 11:49:15,928 - Main.MLEngine - INFO - smoke
2021-12-17 11:49:15,982 - Main.MLEngine - INFO - smoke
2021-12-17 11:49:16,013 - Main.MLEngine - INFO - smoke
2021-12-17 11:49:16,031 - Main.MLEngine - INFO - smoke
2021-12-17 11:49:16,047 - Main.MLEngine - INFO - smoke
2021-12-17 11:49:16,110 - Main.MLEngine - INFO - fire
2021-12-17 11:49:16,125 - Main.MLEngine - INFO - fire
2021-12-17 11:49:16,159 - Main.MLEngine - INFO - fire
2021-12-17 11:49:16,314 - Main.MLEngine - INFO - smoke
2021-12-17 11:49:16,329 - Main.MLEngine - INFO - smoke
2021-12-17 11:49:16,362 - Main.MLEngine - INFO - smoke
2021-12-17 11:49:16,378 - Main.MLEngine - INFO - smoke
2021-12-17 11:49:16,400 - Main.MLEngine - INFO - fire
2021-12-17 11:49:16,432 - Main.MLEngine - INFO - fire
2021-12-17 11:49:16,451 - Main.MLEngine - INFO - fire
2021-12-17 11:49:16,574 - Main.MLEngine - INFO - smoke
2021-12-17 11:49:16,594 - Main.MLEngine - INFO - smoke
2021-12-17 11:49:16,646 - Main.MLEngine - INFO - smoke
2021-12-17 11:49:16,675 - Main.MLEngine - INFO - smoke
2021-12-17 11:49:16,697 - Main.MLEngine - INFO - fire
2021-12-17 11:49:16,730 - Main.MLEngine - INFO - fire
2021-12-17 11:49:16,862 - Main.MLEngine - INFO - smoke
2021-12-17 11:49:16,895 - Main.MLEngine - INFO - smoke
2021-12-17 11:49:16,912 - Main.MLEngine - INFO - smoke
2021-12-17 11:49:16,957 - Main.MLEngine - INFO - smoke
2021-12-17 11:49:16,973 - Main.MLEngine - INFO - smoke
2021-12-17 11:49:17,003 - Main.MLEngine - INFO - fire
2021-12-17 11:49:17,019 - Main.MLEngine - INFO - fire
2021-12-17 11:49:17,180 - Main.MLEngine - INFO - smoke
2021-12-17 11:49:17,195 - Main.MLEngine - INFO - smoke
2021-12-17 11:49:17,210 - Main.MLEngine - INFO - smoke
2021-12-17 11:49:17,224 - Main.MLEngine - INFO - smoke
2021-12-17 11:49:17,264 - Main.MLEngine - INFO - smoke
2021-12-17 11:49:17,279 - Main.MLEngine - INFO - fire
2021-12-17 11:49:17,297 - Main.MLEngine - INFO - fire
2021-12-17 11:49:17,430 - Main.MLEngine - INFO - smoke
2021-12-17 11:49:17,458 - Main.MLEngine - INFO - smoke
2021-12-17 11:49:17,581 - Main.MLEngine - INFO - fire
2021-12-17 11:49:17,597 - Main.MLEngine - INFO - fire
2021-12-17 11:49:17,625 - Main.MLEngine - INFO - fire
2021-12-17 11:49:17,642 - Main.MLEngine - INFO - fire
2021-12-17 11:49:17,760 - Main.MLEngine - INFO - smoke
2021-12-17 11:49:17,791 - Main.MLEngine - INFO - smoke
2021-12-17 11:49:17,873 - Main.MLEngine - INFO - fire
2021-12-17 11:49:17,889 - Main.MLEngine - INFO - fire
2021-12-17 11:49:17,917 - Main.MLEngine - INFO - fire
2021-12-17 11:49:17,932 - Main.MLEngine - INFO - fire
2021-12-17 11:49:18,094 - Main.MLEngine - INFO - smoke
2021-12-17 11:49:18,128 - Main.MLEngine - INFO - smoke
2021-12-17 11:49:18,163 - Main.MLEngine - INFO - fire
2021-12-17 11:49:18,301 - Main.MLEngine - INFO - smoke
2021-12-17 11:49:18,317 - Main.MLEngine - INFO - smoke
2021-12-17 11:49:18,341 - Main.MLEngine - INFO - fire
2021-12-17 11:49:18,358 - Main.MLEngine - INFO - fire
2021-12-17 11:49:18,474 - Main.MLEngine - INFO - smoke
2021-12-17 11:49:18,498 - Main.MLEngine - INFO - fire
2021-12-17 11:49:18,543 - Main.MLEngine - INFO - fire
2021-12-17 11:49:18,558 - Main.MLEngine - INFO - fire
2021-12-17 11:49:18,699 - Main.MLEngine - INFO - smoke
2021-12-17 11:49:18,730 - Main.MLEngine - INFO - smoke
2021-12-17 11:49:18,745 - Main.MLEngine - INFO - smoke
2021-12-17 11:49:18,762 - Main.MLEngine - INFO - smoke
2021-12-17 11:49:18,779 - Main.MLEngine - INFO - fire
2021-12-17 11:49:18,797 - Main.MLEngine - INFO - fire
2021-12-17 11:49:18,916 - Main.MLEngine - INFO - smoke
2021-12-17 11:49:18,933 - Main.MLEngine - INFO - smoke
2021-12-17 11:49:18,953 - Main.MLEngine - INFO - smoke
2021-12-17 11:49:18,968 - Main.MLEngine - INFO - smoke
2021-12-17 11:49:18,983 - Main.MLEngine - INFO - smoke
2021-12-17 11:49:19,003 - Main.MLEngine - INFO - fire
2021-12-17 11:49:19,018 - Main.MLEngine - INFO - fire
2021-12-17 11:49:19,034 - Main.MLEngine - INFO - fire
2021-12-17 11:49:19,148 - Main.MLEngine - INFO - smoke
2021-12-17 11:49:19,166 - Main.MLEngine - INFO - smoke
2021-12-17 11:49:19,185 - Main.MLEngine - INFO - smoke
2021-12-17 11:49:19,200 - Main.MLEngine - INFO - smoke
2021-12-17 11:49:19,217 - Main.MLEngine - INFO - smoke
2021-12-17 11:49:19,237 - Main.MLEngine - INFO - fire
2021-12-17 11:49:19,252 - Main.MLEngine - INFO - fire
2021-12-17 11:49:19,268 - Main.MLEngine - INFO - fire
2021-12-17 11:49:19,383 - Main.MLEngine - INFO - smoke
2021-12-17 11:49:19,399 - Main.MLEngine - INFO - smoke
2021-12-17 11:49:19,421 - Main.MLEngine - INFO - smoke
2021-12-17 11:49:19,436 - Main.MLEngine - INFO - smoke
2021-12-17 11:49:19,453 - Main.MLEngine - INFO - smoke
2021-12-17 11:49:19,471 - Main.MLEngine - INFO - smoke
2021-12-17 11:49:19,488 - Main.MLEngine - INFO - fire
2021-12-17 11:49:19,519 - Main.MLEngine - INFO - fire
2021-12-17 11:49:19,637 - Main.MLEngine - INFO - smoke
2021-12-17 11:49:19,652 - Main.MLEngine - INFO - smoke
2021-12-17 11:49:19,675 - Main.MLEngine - INFO - smoke
2021-12-17 11:49:19,693 - Main.MLEngine - INFO - fire
2021-12-17 11:49:19,709 - Main.MLEngine - INFO - fire
2021-12-17 11:49:19,825 - Main.MLEngine - INFO - smoke
2021-12-17 11:49:19,863 - Main.MLEngine - INFO - smoke
2021-12-17 11:49:19,878 - Main.MLEngine - INFO - smoke
2021-12-17 11:49:19,898 - Main.MLEngine - INFO - fire
2021-12-17 11:49:19,915 - Main.MLEngine - INFO - fire
2021-12-17 11:49:20,045 - Main.MLEngine - INFO - smoke
2021-12-17 11:49:20,083 - Main.MLEngine - INFO - smoke
2021-12-17 11:49:20,100 - Main.MLEngine - INFO - fire
2021-12-17 11:49:20,115 - Main.MLEngine - INFO - fire
2021-12-17 11:49:20,145 - Main.MLEngine - INFO - fire
2021-12-17 11:49:20,281 - Main.MLEngine - INFO - smoke
2021-12-17 11:49:20,302 - Main.MLEngine - INFO - fire
2021-12-17 11:49:20,318 - Main.MLEngine - INFO - fire
2021-12-17 11:49:20,333 - Main.MLEngine - INFO - fire
2021-12-17 11:49:20,458 - Main.MLEngine - INFO - smoke
2021-12-17 11:49:20,475 - Main.MLEngine - INFO - smoke
2021-12-17 11:49:20,498 - Main.MLEngine - INFO - fire
2021-12-17 11:49:20,514 - Main.MLEngine - INFO - fire
2021-12-17 11:49:20,529 - Main.MLEngine - INFO - fire
2021-12-17 11:49:20,658 - Main.MLEngine - INFO - smoke
2021-12-17 11:49:20,688 - Main.MLEngine - INFO - smoke
2021-12-17 11:49:20,705 - Main.MLEngine - INFO - smoke
2021-12-17 11:49:20,772 - Main.MLEngine - INFO - fire
2021-12-17 11:49:20,815 - Main.MLEngine - INFO - fire
2021-12-17 11:49:21,001 - Main.MLEngine - INFO - smoke
2021-12-17 11:49:21,077 - Main.MLEngine - INFO - fire
2021-12-17 11:49:21,093 - Main.MLEngine - INFO - fire
2021-12-17 11:49:21,110 - Main.MLEngine - INFO - fire
2021-12-17 11:49:21,125 - Main.MLEngine - INFO - fire
2021-12-17 11:49:21,260 - Main.MLEngine - INFO - smoke
2021-12-17 11:49:21,328 - Main.MLEngine - INFO - fire
2021-12-17 11:49:21,345 - Main.MLEngine - INFO - fire
2021-12-17 11:49:21,486 - Main.MLEngine - INFO - smoke
2021-12-17 11:49:21,501 - Main.MLEngine - INFO - smoke
2021-12-17 11:49:21,535 - Main.MLEngine - INFO - smoke
2021-12-17 11:49:21,556 - Main.MLEngine - INFO - fire
2021-12-17 11:49:21,572 - Main.MLEngine - INFO - fire
2021-12-17 11:49:21,587 - Main.MLEngine - INFO - fire
2021-12-17 11:49:21,750 - Main.MLEngine - INFO - smoke
2021-12-17 11:49:21,780 - Main.MLEngine - INFO - fire
2021-12-17 11:49:21,798 - Main.MLEngine - INFO - fire
2021-12-17 11:49:21,814 - Main.MLEngine - INFO - fire
2021-12-17 11:49:21,961 - Main.MLEngine - INFO - smoke
2021-12-17 11:49:21,976 - Main.MLEngine - INFO - smoke
2021-12-17 11:49:22,005 - Main.MLEngine - INFO - fire
2021-12-17 11:49:22,020 - Main.MLEngine - INFO - fire
2021-12-17 11:49:22,049 - Main.MLEngine - INFO - fire
2021-12-17 11:49:22,219 - Main.MLEngine - INFO - fire
2021-12-17 11:49:22,235 - Main.MLEngine - INFO - fire
2021-12-17 11:49:22,361 - Main.MLEngine - INFO - smoke
2021-12-17 11:49:22,412 - Main.MLEngine - INFO - smoke
2021-12-17 11:49:22,428 - Main.MLEngine - INFO - fire
2021-12-17 11:49:22,445 - Main.MLEngine - INFO - fire
2021-12-17 11:49:22,569 - Main.MLEngine - INFO - smoke
2021-12-17 11:49:22,600 - Main.MLEngine - INFO - smoke
2021-12-17 11:49:22,616 - Main.MLEngine - INFO - smoke
2021-12-17 11:49:22,648 - Main.MLEngine - INFO - fire
2021-12-17 11:49:22,678 - Main.MLEngine - INFO - fire
2021-12-17 11:49:22,692 - Main.MLEngine - INFO - fire
2021-12-17 11:49:22,811 - Main.MLEngine - INFO - smoke
2021-12-17 11:49:22,833 - Main.MLEngine - INFO - smoke
2021-12-17 11:49:22,866 - Main.MLEngine - INFO - fire
2021-12-17 11:49:22,882 - Main.MLEngine - INFO - fire
2021-12-17 11:49:22,897 - Main.MLEngine - INFO - fire
2021-12-17 11:49:23,027 - Main.MLEngine - INFO - smoke
2021-12-17 11:49:23,076 - Main.MLEngine - INFO - fire
2021-12-17 11:49:23,091 - Main.MLEngine - INFO - fire
2021-12-17 11:49:23,106 - Main.MLEngine - INFO - fire
2021-12-17 11:49:23,121 - Main.MLEngine - INFO - fire
2021-12-17 11:49:23,237 - Main.MLEngine - INFO - smoke
2021-12-17 11:49:23,290 - Main.MLEngine - INFO - fire
2021-12-17 11:49:23,304 - Main.MLEngine - INFO - fire
2021-12-17 11:49:23,319 - Main.MLEngine - INFO - fire
2021-12-17 11:49:23,335 - Main.MLEngine - INFO - fire
2021-12-17 11:49:23,472 - Main.MLEngine - INFO - smoke
2021-12-17 11:49:23,487 - Main.MLEngine - INFO - smoke
2021-12-17 11:49:23,506 - Main.MLEngine - INFO - smoke
2021-12-17 11:49:23,536 - Main.MLEngine - INFO - smoke
2021-12-17 11:49:23,569 - Main.MLEngine - INFO - fire
2021-12-17 11:49:23,584 - Main.MLEngine - INFO - fire
2021-12-17 11:49:23,600 - Main.MLEngine - INFO - fire
2021-12-17 11:49:23,716 - Main.MLEngine - INFO - smoke
2021-12-17 11:49:23,734 - Main.MLEngine - INFO - smoke
2021-12-17 11:49:23,749 - Main.MLEngine - INFO - smoke
2021-12-17 11:49:23,810 - Main.MLEngine - INFO - fire
2021-12-17 11:49:23,826 - Main.MLEngine - INFO - fire
2021-12-17 11:49:23,857 - Main.MLEngine - INFO - fire
2021-12-17 11:49:23,971 - Main.MLEngine - INFO - smoke
2021-12-17 11:49:23,986 - Main.MLEngine - INFO - smoke
2021-12-17 11:49:24,002 - Main.MLEngine - INFO - smoke
2021-12-17 11:49:24,081 - Main.MLEngine - INFO - fire
2021-12-17 11:49:24,097 - Main.MLEngine - INFO - fire
2021-12-17 11:49:24,238 - Main.MLEngine - INFO - smoke
2021-12-17 11:49:24,255 - Main.MLEngine - INFO - smoke
2021-12-17 11:49:24,271 - Main.MLEngine - INFO - smoke
2021-12-17 11:49:24,289 - Main.MLEngine - INFO - smoke
2021-12-17 11:49:24,323 - Main.MLEngine - INFO - fire
2021-12-17 11:49:24,352 - Main.MLEngine - INFO - fire
2021-12-17 11:49:24,367 - Main.MLEngine - INFO - fire
2021-12-17 11:49:24,383 - Main.MLEngine - INFO - fire
2021-12-17 11:49:24,497 - Main.MLEngine - INFO - smoke
2021-12-17 11:49:24,532 - Main.MLEngine - INFO - smoke
2021-12-17 11:49:24,551 - Main.MLEngine - INFO - smoke
2021-12-17 11:49:24,599 - Main.MLEngine - INFO - smoke
2021-12-17 11:49:24,633 - Main.MLEngine - INFO - fire
2021-12-17 11:49:24,662 - Main.MLEngine - INFO - fire
2021-12-17 11:49:24,678 - Main.MLEngine - INFO - fire
2021-12-17 11:49:24,794 - Main.MLEngine - INFO - smoke
2021-12-17 11:49:24,812 - Main.MLEngine - INFO - smoke
2021-12-17 11:49:24,828 - Main.MLEngine - INFO - smoke
2021-12-17 11:49:24,860 - Main.MLEngine - INFO - smoke
2021-12-17 11:49:24,895 - Main.MLEngine - INFO - fire
2021-12-17 11:49:24,910 - Main.MLEngine - INFO - smoke
2021-12-17 11:49:24,927 - Main.MLEngine - INFO - fire
2021-12-17 11:49:24,944 - Main.MLEngine - INFO - fire
2021-12-17 11:49:25,062 - Main.MLEngine - INFO - smoke
2021-12-17 11:49:25,078 - Main.MLEngine - INFO - smoke
2021-12-17 11:49:25,096 - Main.MLEngine - INFO - smoke
2021-12-17 11:49:25,113 - Main.MLEngine - INFO - smoke
2021-12-17 11:49:25,127 - Main.MLEngine - INFO - smoke
2021-12-17 11:49:25,172 - Main.MLEngine - INFO - smoke
2021-12-17 11:49:25,204 - Main.MLEngine - INFO - fire
2021-12-17 11:49:25,222 - Main.MLEngine - INFO - fire
2021-12-17 11:49:25,238 - Main.MLEngine - INFO - fire
2021-12-17 11:49:25,366 - Main.MLEngine - INFO - smoke
2021-12-17 11:49:25,398 - Main.MLEngine - INFO - smoke
2021-12-17 11:49:25,444 - Main.MLEngine - INFO - smoke
2021-12-17 11:49:25,489 - Main.MLEngine - INFO - fire
2021-12-17 11:49:25,557 - Main.MLEngine - INFO - fire
2021-12-17 11:49:25,574 - Main.MLEngine - INFO - fire
2021-12-17 11:49:25,721 - Main.MLEngine - INFO - smoke
2021-12-17 11:49:25,753 - Main.MLEngine - INFO - smoke
2021-12-17 11:49:25,801 - Main.MLEngine - INFO - fire
2021-12-17 11:49:25,830 - Main.MLEngine - INFO - fire
2021-12-17 11:49:25,847 - Main.MLEngine - INFO - fire
2021-12-17 11:49:25,962 - Main.MLEngine - INFO - smoke
2021-12-17 11:49:25,981 - Main.MLEngine - INFO - smoke
2021-12-17 11:49:26,060 - Main.MLEngine - INFO - fire
2021-12-17 11:49:26,078 - Main.MLEngine - INFO - fire
2021-12-17 11:49:26,094 - Main.MLEngine - INFO - fire
2021-12-17 11:49:26,210 - Main.MLEngine - INFO - smoke
2021-12-17 11:49:26,225 - Main.MLEngine - INFO - smoke
2021-12-17 11:49:26,282 - Main.MLEngine - INFO - smoke
2021-12-17 11:49:26,301 - Main.MLEngine - INFO - smoke
2021-12-17 11:49:26,348 - Main.MLEngine - INFO - fire
2021-12-17 11:49:26,364 - Main.MLEngine - INFO - fire
2021-12-17 11:49:26,381 - Main.MLEngine - INFO - fire
2021-12-17 11:49:26,494 - Main.MLEngine - INFO - smoke
2021-12-17 11:49:26,511 - Main.MLEngine - INFO - smoke
2021-12-17 11:49:26,556 - Main.MLEngine - INFO - smoke
2021-12-17 11:49:26,570 - Main.MLEngine - INFO - smoke
2021-12-17 11:49:26,586 - Main.MLEngine - INFO - smoke
2021-12-17 11:49:26,605 - Main.MLEngine - INFO - smoke
2021-12-17 11:49:26,652 - Main.MLEngine - INFO - fire
2021-12-17 11:49:26,667 - Main.MLEngine - INFO - fire
2021-12-17 11:49:26,683 - Main.MLEngine - INFO - fire
2021-12-17 11:49:26,831 - Main.MLEngine - INFO - smoke
2021-12-17 11:49:26,864 - Main.MLEngine - INFO - smoke
2021-12-17 11:49:26,880 - Main.MLEngine - INFO - smoke
2021-12-17 11:49:26,898 - Main.MLEngine - INFO - fire
2021-12-17 11:49:26,914 - Main.MLEngine - INFO - fire
2021-12-17 11:49:27,046 - Main.MLEngine - INFO - smoke
2021-12-17 11:49:27,077 - Main.MLEngine - INFO - smoke
2021-12-17 11:49:27,092 - Main.MLEngine - INFO - smoke
2021-12-17 11:49:27,111 - Main.MLEngine - INFO - smoke
2021-12-17 11:49:27,129 - Main.MLEngine - INFO - smoke
2021-12-17 11:49:27,147 - Main.MLEngine - INFO - fire
2021-12-17 11:49:27,164 - Main.MLEngine - INFO - fire
2021-12-17 11:49:27,180 - Main.MLEngine - INFO - fire
2021-12-17 11:49:27,329 - Main.MLEngine - INFO - smoke
2021-12-17 11:49:27,345 - Main.MLEngine - INFO - smoke
2021-12-17 11:49:27,360 - Main.MLEngine - INFO - smoke
2021-12-17 11:49:27,390 - Main.MLEngine - INFO - smoke
2021-12-17 11:49:27,406 - Main.MLEngine - INFO - smoke
2021-12-17 11:49:27,464 - Main.MLEngine - INFO - fire
2021-12-17 11:49:27,481 - Main.MLEngine - INFO - fire
2021-12-17 11:49:27,497 - Main.MLEngine - INFO - fire
2021-12-17 11:49:27,621 - Main.MLEngine - INFO - smoke
2021-12-17 11:49:27,655 - Main.MLEngine - INFO - smoke
2021-12-17 11:49:27,672 - Main.MLEngine - INFO - smoke
2021-12-17 11:49:27,708 - Main.MLEngine - INFO - fire
2021-12-17 11:49:27,726 - Main.MLEngine - INFO - fire
2021-12-17 11:49:27,743 - Main.MLEngine - INFO - fire
2021-12-17 11:49:27,874 - Main.MLEngine - INFO - smoke
2021-12-17 11:49:27,893 - Main.MLEngine - INFO - smoke
2021-12-17 11:49:27,909 - Main.MLEngine - INFO - smoke
2021-12-17 11:49:27,927 - Main.MLEngine - INFO - smoke
2021-12-17 11:49:27,955 - Main.MLEngine - INFO - smoke
2021-12-17 11:49:27,977 - Main.MLEngine - INFO - fire
2021-12-17 11:49:27,993 - Main.MLEngine - INFO - fire
2021-12-17 11:49:28,011 - Main.MLEngine - INFO - fire
2021-12-17 11:49:28,131 - Main.MLEngine - INFO - smoke
2021-12-17 11:49:28,150 - Main.MLEngine - INFO - smoke
2021-12-17 11:49:28,168 - Main.MLEngine - INFO - smoke
2021-12-17 11:49:28,187 - Main.MLEngine - INFO - smoke
2021-12-17 11:49:28,217 - Main.MLEngine - INFO - smoke
2021-12-17 11:49:28,238 - Main.MLEngine - INFO - fire
2021-12-17 11:49:28,255 - Main.MLEngine - INFO - fire
2021-12-17 11:49:28,270 - Main.MLEngine - INFO - fire
2021-12-17 11:49:28,287 - Main.MLEngine - INFO - fire
2021-12-17 11:49:28,442 - Main.MLEngine - INFO - smoke
2021-12-17 11:49:28,458 - Main.MLEngine - INFO - smoke
2021-12-17 11:49:28,474 - Main.MLEngine - INFO - smoke
2021-12-17 11:49:28,520 - Main.MLEngine - INFO - smoke
2021-12-17 11:49:28,549 - Main.MLEngine - INFO - smoke
2021-12-17 11:49:28,569 - Main.MLEngine - INFO - fire
2021-12-17 11:49:28,587 - Main.MLEngine - INFO - fire
2021-12-17 11:49:28,605 - Main.MLEngine - INFO - fire
2021-12-17 11:49:28,763 - Main.MLEngine - INFO - smoke
2021-12-17 11:49:28,779 - Main.MLEngine - INFO - smoke
2021-12-17 11:49:28,809 - Main.MLEngine - INFO - smoke
2021-12-17 11:49:28,825 - Main.MLEngine - INFO - smoke
2021-12-17 11:49:28,857 - Main.MLEngine - INFO - fire
2021-12-17 11:49:28,875 - Main.MLEngine - INFO - fire
2021-12-17 11:49:28,892 - Main.MLEngine - INFO - fire
2021-12-17 11:49:29,037 - Main.MLEngine - INFO - smoke
2021-12-17 11:49:29,111 - Main.MLEngine - INFO - smoke
2021-12-17 11:49:29,131 - Main.MLEngine - INFO - fire
2021-12-17 11:49:29,149 - Main.MLEngine - INFO - fire
2021-12-17 11:49:29,166 - Main.MLEngine - INFO - fire
2021-12-17 11:49:29,305 - Main.MLEngine - INFO - smoke
2021-12-17 11:49:29,321 - Main.MLEngine - INFO - smoke
2021-12-17 11:49:29,336 - Main.MLEngine - INFO - smoke
2021-12-17 11:49:29,354 - Main.MLEngine - INFO - smoke
2021-12-17 11:49:29,369 - Main.MLEngine - INFO - fire
2021-12-17 11:49:29,400 - Main.MLEngine - INFO - fire
2021-12-17 11:49:29,417 - Main.MLEngine - INFO - fire
2021-12-17 11:49:29,578 - Main.MLEngine - INFO - smoke
2021-12-17 11:49:29,610 - Main.MLEngine - INFO - smoke
2021-12-17 11:49:29,627 - Main.MLEngine - INFO - smoke
2021-12-17 11:49:29,648 - Main.MLEngine - INFO - fire
2021-12-17 11:49:29,677 - Main.MLEngine - INFO - fire
2021-12-17 11:49:29,694 - Main.MLEngine - INFO - fire
2021-12-17 11:49:29,867 - Main.MLEngine - INFO - smoke
2021-12-17 11:49:29,898 - Main.MLEngine - INFO - smoke
2021-12-17 11:49:29,915 - Main.MLEngine - INFO - smoke
2021-12-17 11:49:29,935 - Main.MLEngine - INFO - fire
2021-12-17 11:49:29,964 - Main.MLEngine - INFO - fire
2021-12-17 11:49:29,980 - Main.MLEngine - INFO - fire
2021-12-17 11:49:30,169 - Main.MLEngine - INFO - smoke
2021-12-17 11:49:30,186 - Main.MLEngine - INFO - smoke
2021-12-17 11:49:30,205 - Main.MLEngine - INFO - smoke
2021-12-17 11:49:30,234 - Main.MLEngine - INFO - smoke
2021-12-17 11:49:30,280 - Main.MLEngine - INFO - smoke
2021-12-17 11:49:30,296 - Main.MLEngine - INFO - smoke
2021-12-17 11:49:30,312 - Main.MLEngine - INFO - smoke
2021-12-17 11:49:30,330 - Main.MLEngine - INFO - fire
2021-12-17 11:49:30,348 - Main.MLEngine - INFO - fire
2021-12-17 11:49:30,364 - Main.MLEngine - INFO - fire
2021-12-17 11:49:30,492 - Main.MLEngine - INFO - smoke
2021-12-17 11:49:30,520 - Main.MLEngine - INFO - smoke
2021-12-17 11:49:30,535 - Main.MLEngine - INFO - smoke
2021-12-17 11:49:30,554 - Main.MLEngine - INFO - smoke
2021-12-17 11:49:30,571 - Main.MLEngine - INFO - smoke
2021-12-17 11:49:30,616 - Main.MLEngine - INFO - fire
2021-12-17 11:49:30,632 - Main.MLEngine - INFO - fire
2021-12-17 11:49:30,647 - Main.MLEngine - INFO - fire
2021-12-17 11:49:30,665 - Main.MLEngine - INFO - fire
2021-12-17 11:49:30,822 - Main.MLEngine - INFO - smoke
2021-12-17 11:49:30,836 - Main.MLEngine - INFO - smoke
2021-12-17 11:49:30,852 - Main.MLEngine - INFO - smoke
2021-12-17 11:49:30,897 - Main.MLEngine - INFO - smoke
2021-12-17 11:49:30,918 - Main.MLEngine - INFO - fire
2021-12-17 11:49:30,948 - Main.MLEngine - INFO - fire
2021-12-17 11:49:30,965 - Main.MLEngine - INFO - fire
2021-12-17 11:49:31,086 - Main.MLEngine - INFO - smoke
2021-12-17 11:49:31,134 - Main.MLEngine - INFO - smoke
2021-12-17 11:49:31,163 - Main.MLEngine - INFO - smoke
2021-12-17 11:49:31,196 - Main.MLEngine - INFO - smoke
2021-12-17 11:49:31,212 - Main.MLEngine - INFO - smoke
2021-12-17 11:49:31,240 - Main.MLEngine - INFO - smoke
2021-12-17 11:49:31,258 - Main.MLEngine - INFO - fire
2021-12-17 11:49:31,290 - Main.MLEngine - INFO - fire
2021-12-17 11:49:31,307 - Main.MLEngine - INFO - fire
2021-12-17 11:49:31,424 - Main.MLEngine - INFO - smoke
2021-12-17 11:49:31,458 - Main.MLEngine - INFO - smoke
2021-12-17 11:49:31,487 - Main.MLEngine - INFO - smoke
2021-12-17 11:49:31,518 - Main.MLEngine - INFO - smoke
2021-12-17 11:49:31,533 - Main.MLEngine - INFO - smoke
2021-12-17 11:49:31,549 - Main.MLEngine - INFO - smoke
2021-12-17 11:49:31,597 - Main.MLEngine - INFO - fire
2021-12-17 11:49:31,614 - Main.MLEngine - INFO - fire
2021-12-17 11:49:31,632 - Main.MLEngine - INFO - fire
2021-12-17 11:49:31,754 - Main.MLEngine - INFO - smoke
2021-12-17 11:49:31,787 - Main.MLEngine - INFO - smoke
2021-12-17 11:49:31,817 - Main.MLEngine - INFO - smoke
2021-12-17 11:49:31,847 - Main.MLEngine - INFO - smoke
2021-12-17 11:49:31,863 - Main.MLEngine - INFO - smoke
2021-12-17 11:49:31,880 - Main.MLEngine - INFO - smoke
2021-12-17 11:49:31,927 - Main.MLEngine - INFO - fire
2021-12-17 11:49:31,944 - Main.MLEngine - INFO - fire
2021-12-17 11:49:31,962 - Main.MLEngine - INFO - fire
2021-12-17 11:49:32,122 - Main.MLEngine - INFO - smoke
2021-12-17 11:49:32,137 - Main.MLEngine - INFO - smoke
2021-12-17 11:49:32,173 - Main.MLEngine - INFO - smoke
2021-12-17 11:49:32,188 - Main.MLEngine - INFO - smoke
2021-12-17 11:49:32,266 - Main.MLEngine - INFO - fire
2021-12-17 11:49:32,283 - Main.MLEngine - INFO - fire
2021-12-17 11:49:32,300 - Main.MLEngine - INFO - fire
2021-12-17 11:49:32,419 - Main.MLEngine - INFO - smoke
2021-12-17 11:49:32,434 - Main.MLEngine - INFO - smoke
2021-12-17 11:49:32,449 - Main.MLEngine - INFO - smoke
2021-12-17 11:49:32,466 - Main.MLEngine - INFO - smoke
2021-12-17 11:49:32,484 - Main.MLEngine - INFO - smoke
2021-12-17 11:49:32,503 - Main.MLEngine - INFO - smoke
2021-12-17 11:49:32,520 - Main.MLEngine - INFO - smoke
2021-12-17 11:49:32,540 - Main.MLEngine - INFO - fire
2021-12-17 11:49:32,557 - Main.MLEngine - INFO - fire
2021-12-17 11:49:32,575 - Main.MLEngine - INFO - fire
2021-12-17 11:49:32,707 - Main.MLEngine - INFO - smoke
2021-12-17 11:49:32,727 - Main.MLEngine - INFO - smoke
2021-12-17 11:49:32,742 - Main.MLEngine - INFO - smoke
2021-12-17 11:49:32,758 - Main.MLEngine - INFO - smoke
2021-12-17 11:49:32,787 - Main.MLEngine - INFO - smoke
2021-12-17 11:49:32,808 - Main.MLEngine - INFO - fire
2021-12-17 11:49:32,825 - Main.MLEngine - INFO - fire
2021-12-17 11:49:32,841 - Main.MLEngine - INFO - fire
2021-12-17 11:49:32,964 - Main.MLEngine - INFO - smoke
2021-12-17 11:49:32,978 - Main.MLEngine - INFO - smoke
2021-12-17 11:49:32,992 - Main.MLEngine - INFO - smoke
2021-12-17 11:49:33,007 - Main.MLEngine - INFO - smoke
2021-12-17 11:49:33,115 - Main.MLEngine - INFO - fire
2021-12-17 11:49:33,131 - Main.MLEngine - INFO - fire
2021-12-17 11:49:33,146 - Main.MLEngine - INFO - fire
2021-12-17 11:49:33,314 - Main.MLEngine - INFO - smoke
2021-12-17 11:49:33,347 - Main.MLEngine - INFO - smoke
2021-12-17 11:49:33,367 - Main.MLEngine - INFO - fire
2021-12-17 11:49:33,384 - Main.MLEngine - INFO - fire
2021-12-17 11:49:33,566 - Main.MLEngine - INFO - smoke
2021-12-17 11:49:33,583 - Main.MLEngine - INFO - smoke
2021-12-17 11:49:33,603 - Main.MLEngine - INFO - fire
2021-12-17 11:49:33,618 - Main.MLEngine - INFO - fire
2021-12-17 11:49:33,756 - Main.MLEngine - INFO - smoke
2021-12-17 11:49:33,771 - Main.MLEngine - INFO - smoke
2021-12-17 11:49:33,831 - Main.MLEngine - INFO - smoke
2021-12-17 11:49:33,846 - Main.MLEngine - INFO - smoke
2021-12-17 11:49:33,860 - Main.MLEngine - INFO - smoke
2021-12-17 11:49:33,880 - Main.MLEngine - INFO - fire
2021-12-17 11:49:33,896 - Main.MLEngine - INFO - fire
2021-12-17 11:49:33,913 - Main.MLEngine - INFO - fire
2021-12-17 11:49:34,033 - Main.MLEngine - INFO - smoke
2021-12-17 11:49:34,056 - Main.MLEngine - INFO - smoke
2021-12-17 11:49:34,135 - Main.MLEngine - INFO - smoke
2021-12-17 11:49:34,151 - Main.MLEngine - INFO - fire
2021-12-17 11:49:34,167 - Main.MLEngine - INFO - fire
2021-12-17 11:49:34,327 - Main.MLEngine - INFO - smoke
2021-12-17 11:49:34,343 - Main.MLEngine - INFO - smoke
2021-12-17 11:49:34,377 - Main.MLEngine - INFO - smoke
2021-12-17 11:49:34,393 - Main.MLEngine - INFO - smoke
2021-12-17 11:49:34,420 - Main.MLEngine - INFO - smoke
2021-12-17 11:49:34,434 - Main.MLEngine - INFO - smoke
2021-12-17 11:49:34,455 - Main.MLEngine - INFO - fire
2021-12-17 11:49:34,471 - Main.MLEngine - INFO - fire
2021-12-17 11:49:34,486 - Main.MLEngine - INFO - fire
2021-12-17 11:49:34,502 - Main.MLEngine - INFO - fire
2021-12-17 11:49:34,633 - Main.MLEngine - INFO - smoke
2021-12-17 11:49:34,649 - Main.MLEngine - INFO - smoke
2021-12-17 11:49:34,665 - Main.MLEngine - INFO - smoke
2021-12-17 11:49:34,681 - Main.MLEngine - INFO - smoke
2021-12-17 11:49:34,725 - Main.MLEngine - INFO - smoke
2021-12-17 11:49:34,758 - Main.MLEngine - INFO - fire
2021-12-17 11:49:34,885 - Main.MLEngine - INFO - smoke
2021-12-17 11:49:34,901 - Main.MLEngine - INFO - smoke
2021-12-17 11:49:34,931 - Main.MLEngine - INFO - smoke
2021-12-17 11:49:34,946 - Main.MLEngine - INFO - smoke
2021-12-17 11:49:34,960 - Main.MLEngine - INFO - smoke
2021-12-17 11:49:34,980 - Main.MLEngine - INFO - smoke
2021-12-17 11:49:34,997 - Main.MLEngine - INFO - smoke
2021-12-17 11:49:35,045 - Main.MLEngine - INFO - smoke
2021-12-17 11:49:35,062 - Main.MLEngine - INFO - fire
2021-12-17 11:49:35,093 - Main.MLEngine - INFO - fire
2021-12-17 11:49:35,109 - Main.MLEngine - INFO - fire
2021-12-17 11:49:35,123 - Main.MLEngine - INFO - fire
2021-12-17 11:49:35,139 - Main.MLEngine - INFO - fire
2021-12-17 11:49:35,257 - Main.MLEngine - INFO - smoke
2021-12-17 11:49:35,272 - Main.MLEngine - INFO - smoke
2021-12-17 11:49:35,302 - Main.MLEngine - INFO - smoke
2021-12-17 11:49:35,318 - Main.MLEngine - INFO - smoke
2021-12-17 11:49:35,334 - Main.MLEngine - INFO - smoke
2021-12-17 11:49:35,351 - Main.MLEngine - INFO - smoke
2021-12-17 11:49:35,398 - Main.MLEngine - INFO - smoke
2021-12-17 11:49:35,415 - Main.MLEngine - INFO - fire
2021-12-17 11:49:35,443 - Main.MLEngine - INFO - fire
2021-12-17 11:49:35,459 - Main.MLEngine - INFO - fire
2021-12-17 11:49:35,474 - Main.MLEngine - INFO - fire
2021-12-17 11:49:35,490 - Main.MLEngine - INFO - fire
2021-12-17 11:49:35,617 - Main.MLEngine - INFO - smoke
2021-12-17 11:49:35,646 - Main.MLEngine - INFO - smoke
2021-12-17 11:49:35,662 - Main.MLEngine - INFO - smoke
2021-12-17 11:49:35,677 - Main.MLEngine - INFO - smoke
2021-12-17 11:49:35,710 - Main.MLEngine - INFO - smoke
2021-12-17 11:49:35,725 - Main.MLEngine - INFO - smoke
2021-12-17 11:49:35,758 - Main.MLEngine - INFO - fire
2021-12-17 11:49:35,773 - Main.MLEngine - INFO - fire
2021-12-17 11:49:35,789 - Main.MLEngine - INFO - fire
2021-12-17 11:49:35,905 - Main.MLEngine - INFO - smoke
2021-12-17 11:49:35,936 - Main.MLEngine - INFO - smoke
2021-12-17 11:49:35,982 - Main.MLEngine - INFO - smoke
2021-12-17 11:49:35,996 - Main.MLEngine - INFO - smoke
2021-12-17 11:49:36,011 - Main.MLEngine - INFO - smoke
2021-12-17 11:49:36,028 - Main.MLEngine - INFO - smoke
2021-12-17 11:49:36,046 - Main.MLEngine - INFO - smoke
2021-12-17 11:49:36,093 - Main.MLEngine - INFO - fire
2021-12-17 11:49:36,108 - Main.MLEngine - INFO - fire
2021-12-17 11:49:36,124 - Main.MLEngine - INFO - fire
2021-12-17 11:49:36,240 - Main.MLEngine - INFO - smoke
2021-12-17 11:49:36,285 - Main.MLEngine - INFO - smoke
2021-12-17 11:49:36,302 - Main.MLEngine - INFO - smoke
2021-12-17 11:49:36,333 - Main.MLEngine - INFO - smoke
2021-12-17 11:49:36,348 - Main.MLEngine - INFO - smoke
2021-12-17 11:49:36,392 - Main.MLEngine - INFO - smoke
2021-12-17 11:49:36,409 - Main.MLEngine - INFO - fire
2021-12-17 11:49:36,425 - Main.MLEngine - INFO - fire
2021-12-17 11:49:36,442 - Main.MLEngine - INFO - fire
2021-12-17 11:49:36,592 - Main.MLEngine - INFO - smoke
2021-12-17 11:49:36,635 - Main.MLEngine - INFO - smoke
2021-12-17 11:49:36,705 - Main.MLEngine - INFO - fire
2021-12-17 11:49:36,720 - Main.MLEngine - INFO - fire
2021-12-17 11:49:36,736 - Main.MLEngine - INFO - fire
2021-12-17 11:49:36,752 - Main.MLEngine - INFO - fire
2021-12-17 11:49:36,876 - Main.MLEngine - INFO - smoke
2021-12-17 11:49:36,922 - Main.MLEngine - INFO - smoke
2021-12-17 11:49:36,937 - Main.MLEngine - INFO - smoke
2021-12-17 11:49:36,952 - Main.MLEngine - INFO - smoke
2021-12-17 11:49:36,967 - Main.MLEngine - INFO - smoke
2021-12-17 11:49:36,984 - Main.MLEngine - INFO - smoke
2021-12-17 11:49:37,020 - Main.MLEngine - INFO - fire
2021-12-17 11:49:37,064 - Main.MLEngine - INFO - fire
2021-12-17 11:49:37,096 - Main.MLEngine - INFO - fire
2021-12-17 11:49:37,221 - Main.MLEngine - INFO - smoke
2021-12-17 11:49:37,266 - Main.MLEngine - INFO - smoke
2021-12-17 11:49:37,282 - Main.MLEngine - INFO - smoke
2021-12-17 11:49:37,297 - Main.MLEngine - INFO - smoke
2021-12-17 11:49:37,311 - Main.MLEngine - INFO - smoke
2021-12-17 11:49:37,329 - Main.MLEngine - INFO - smoke
2021-12-17 11:49:37,349 - Main.MLEngine - INFO - fire
2021-12-17 11:49:37,380 - Main.MLEngine - INFO - fire
2021-12-17 11:49:37,411 - Main.MLEngine - INFO - fire
2021-12-17 11:49:37,562 - Main.MLEngine - INFO - smoke
2021-12-17 11:49:37,577 - Main.MLEngine - INFO - smoke
2021-12-17 11:49:37,592 - Main.MLEngine - INFO - smoke
2021-12-17 11:49:37,624 - Main.MLEngine - INFO - smoke
2021-12-17 11:49:37,653 - Main.MLEngine - INFO - smoke
2021-12-17 11:49:37,669 - Main.MLEngine - INFO - smoke
2021-12-17 11:49:37,702 - Main.MLEngine - INFO - smoke
2021-12-17 11:49:37,720 - Main.MLEngine - INFO - smoke
2021-12-17 11:49:37,754 - Main.MLEngine - INFO - fire
2021-12-17 11:49:37,798 - Main.MLEngine - INFO - fire
2021-12-17 11:49:37,816 - Main.MLEngine - INFO - fire
2021-12-17 11:49:37,833 - Main.MLEngine - INFO - fire
2021-12-17 11:49:37,999 - Main.MLEngine - INFO - smoke
2021-12-17 11:49:38,020 - Main.MLEngine - INFO - smoke
2021-12-17 11:49:38,038 - Main.MLEngine - INFO - smoke
2021-12-17 11:49:38,072 - Main.MLEngine - INFO - smoke
2021-12-17 11:49:38,092 - Main.MLEngine - INFO - smoke
2021-12-17 11:49:38,116 - Main.MLEngine - INFO - fire
2021-12-17 11:49:38,136 - Main.MLEngine - INFO - fire
2021-12-17 11:49:38,158 - Main.MLEngine - INFO - fire
2021-12-17 11:49:38,304 - Main.MLEngine - INFO - smoke
2021-12-17 11:49:38,348 - Main.MLEngine - INFO - smoke
2021-12-17 11:49:38,367 - Main.MLEngine - INFO - smoke
2021-12-17 11:49:38,382 - Main.MLEngine - INFO - smoke
2021-12-17 11:49:38,397 - Main.MLEngine - INFO - smoke
2021-12-17 11:49:38,429 - Main.MLEngine - INFO - smoke
2021-12-17 11:49:38,463 - Main.MLEngine - INFO - fire
2021-12-17 11:49:38,495 - Main.MLEngine - INFO - fire
2021-12-17 11:49:38,542 - Main.MLEngine - INFO - fire
2021-12-17 11:49:38,560 - Main.MLEngine - INFO - fire
2021-12-17 11:49:38,678 - Main.MLEngine - INFO - smoke
2021-12-17 11:49:38,716 - Main.MLEngine - INFO - smoke
2021-12-17 11:49:38,733 - Main.MLEngine - INFO - smoke
2021-12-17 11:49:38,748 - Main.MLEngine - INFO - smoke
2021-12-17 11:49:38,768 - Main.MLEngine - INFO - smoke
2021-12-17 11:49:38,818 - Main.MLEngine - INFO - smoke
2021-12-17 11:49:38,834 - Main.MLEngine - INFO - fire
2021-12-17 11:49:38,885 - Main.MLEngine - INFO - fire
2021-12-17 11:49:38,920 - Main.MLEngine - INFO - fire
2021-12-17 11:49:39,067 - Main.MLEngine - INFO - smoke
2021-12-17 11:49:39,119 - Main.MLEngine - INFO - smoke
2021-12-17 11:49:39,140 - Main.MLEngine - INFO - smoke
2021-12-17 11:49:39,155 - Main.MLEngine - INFO - smoke
2021-12-17 11:49:39,173 - Main.MLEngine - INFO - smoke
2021-12-17 11:49:39,195 - Main.MLEngine - INFO - fire
2021-12-17 11:49:39,211 - Main.MLEngine - INFO - smoke
2021-12-17 11:49:39,227 - Main.MLEngine - INFO - smoke
2021-12-17 11:49:39,251 - Main.MLEngine - INFO - fire
2021-12-17 11:49:39,390 - Main.MLEngine - INFO - smoke
2021-12-17 11:49:39,421 - Main.MLEngine - INFO - smoke
2021-12-17 11:49:39,452 - Main.MLEngine - INFO - smoke
2021-12-17 11:49:39,469 - Main.MLEngine - INFO - smoke
2021-12-17 11:49:39,486 - Main.MLEngine - INFO - smoke
2021-12-17 11:49:39,505 - Main.MLEngine - INFO - smoke
2021-12-17 11:49:39,520 - Main.MLEngine - INFO - smoke
2021-12-17 11:49:39,538 - Main.MLEngine - INFO - smoke
2021-12-17 11:49:39,562 - Main.MLEngine - INFO - fire
2021-12-17 11:49:39,579 - Main.MLEngine - INFO - smoke
2021-12-17 11:49:39,596 - Main.MLEngine - INFO - smoke
2021-12-17 11:49:39,621 - Main.MLEngine - INFO - fire
2021-12-17 11:49:39,760 - Main.MLEngine - INFO - smoke
2021-12-17 11:49:39,793 - Main.MLEngine - INFO - smoke
2021-12-17 11:49:39,810 - Main.MLEngine - INFO - smoke
2021-12-17 11:49:39,826 - Main.MLEngine - INFO - smoke
2021-12-17 11:49:39,853 - Main.MLEngine - INFO - fire
2021-12-17 11:49:39,869 - Main.MLEngine - INFO - smoke
2021-12-17 11:49:39,902 - Main.MLEngine - INFO - fire
2021-12-17 11:49:39,919 - Main.MLEngine - INFO - fire
2021-12-17 11:49:39,937 - Main.MLEngine - INFO - fire
2021-12-17 11:49:40,060 - Main.MLEngine - INFO - smoke
2021-12-17 11:49:40,157 - Main.MLEngine - INFO - smoke
2021-12-17 11:49:40,174 - Main.MLEngine - INFO - smoke
2021-12-17 11:49:40,223 - Main.MLEngine - INFO - smoke
2021-12-17 11:49:40,240 - Main.MLEngine - INFO - fire
2021-12-17 11:49:40,260 - Main.MLEngine - INFO - fire
2021-12-17 11:49:40,279 - Main.MLEngine - INFO - fire
2021-12-17 11:49:40,295 - Main.MLEngine - INFO - fire
2021-12-17 11:49:40,423 - Main.MLEngine - INFO - smoke
2021-12-17 11:49:40,439 - Main.MLEngine - INFO - smoke
2021-12-17 11:49:40,473 - Main.MLEngine - INFO - smoke
2021-12-17 11:49:40,505 - Main.MLEngine - INFO - smoke
2021-12-17 11:49:40,541 - Main.MLEngine - INFO - smoke
2021-12-17 11:49:40,557 - Main.MLEngine - INFO - fire
2021-12-17 11:49:40,573 - Main.MLEngine - INFO - smoke
2021-12-17 11:49:40,606 - Main.MLEngine - INFO - fire
2021-12-17 11:49:40,625 - Main.MLEngine - INFO - fire
2021-12-17 11:49:40,796 - Main.MLEngine - INFO - smoke
2021-12-17 11:49:40,811 - Main.MLEngine - INFO - smoke
2021-12-17 11:49:40,859 - Main.MLEngine - INFO - fire
2021-12-17 11:49:40,877 - Main.MLEngine - INFO - smoke
2021-12-17 11:49:40,892 - Main.MLEngine - INFO - smoke
2021-12-17 11:49:40,927 - Main.MLEngine - INFO - fire
2021-12-17 11:49:40,947 - Main.MLEngine - INFO - fire
2021-12-17 11:49:41,092 - Main.MLEngine - INFO - smoke
2021-12-17 11:49:41,165 - Main.MLEngine - INFO - fire
2021-12-17 11:49:41,216 - Main.MLEngine - INFO - fire
2021-12-17 11:49:41,236 - Main.MLEngine - INFO - fire
2021-12-17 11:49:41,374 - Main.MLEngine - INFO - smoke
2021-12-17 11:49:41,390 - Main.MLEngine - INFO - smoke
2021-12-17 11:49:41,430 - Main.MLEngine - INFO - smoke
2021-12-17 11:49:41,445 - Main.MLEngine - INFO - fire
2021-12-17 11:49:41,504 - Main.MLEngine - INFO - fire
2021-12-17 11:49:41,523 - Main.MLEngine - INFO - fire
2021-12-17 11:49:41,694 - Main.MLEngine - INFO - smoke
2021-12-17 11:49:41,731 - Main.MLEngine - INFO - smoke
2021-12-17 11:49:41,751 - Main.MLEngine - INFO - fire
2021-12-17 11:49:41,816 - Main.MLEngine - INFO - fire
2021-12-17 11:49:41,835 - Main.MLEngine - INFO - fire
2021-12-17 11:49:41,977 - Main.MLEngine - INFO - smoke
2021-12-17 11:49:41,992 - Main.MLEngine - INFO - smoke
2021-12-17 11:49:42,011 - Main.MLEngine - INFO - smoke
2021-12-17 11:49:42,026 - Main.MLEngine - INFO - smoke
2021-12-17 11:49:42,103 - Main.MLEngine - INFO - fire
2021-12-17 11:49:42,122 - Main.MLEngine - INFO - fire
2021-12-17 11:49:42,154 - Main.MLEngine - INFO - fire
2021-12-17 11:49:42,283 - Main.MLEngine - INFO - smoke
2021-12-17 11:49:42,314 - Main.MLEngine - INFO - smoke
2021-12-17 11:49:42,331 - Main.MLEngine - INFO - smoke
2021-12-17 11:49:42,346 - Main.MLEngine - INFO - smoke
2021-12-17 11:49:42,451 - Main.MLEngine - INFO - fire
2021-12-17 11:49:42,470 - Main.MLEngine - INFO - fire
2021-12-17 11:49:42,652 - Main.MLEngine - INFO - smoke
2021-12-17 11:49:42,667 - Main.MLEngine - INFO - smoke
2021-12-17 11:49:42,778 - Main.MLEngine - INFO - fire
2021-12-17 11:49:42,796 - Main.MLEngine - INFO - fire
2021-12-17 11:49:42,829 - Main.MLEngine - INFO - fire
2021-12-17 11:49:42,996 - Main.MLEngine - INFO - smoke
2021-12-17 11:49:43,028 - Main.MLEngine - INFO - smoke
2021-12-17 11:49:43,128 - Main.MLEngine - INFO - smoke
2021-12-17 11:49:43,145 - Main.MLEngine - INFO - fire
2021-12-17 11:49:43,165 - Main.MLEngine - INFO - fire
2021-12-17 11:49:43,181 - Main.MLEngine - INFO - fire
2021-12-17 11:49:43,213 - Main.MLEngine - INFO - fire
2021-12-17 11:49:43,378 - Main.MLEngine - INFO - smoke
2021-12-17 11:49:43,411 - Main.MLEngine - INFO - smoke
2021-12-17 11:49:43,444 - Main.MLEngine - INFO - smoke
2021-12-17 11:49:43,499 - Main.MLEngine - INFO - smoke
2021-12-17 11:49:43,516 - Main.MLEngine - INFO - fire
2021-12-17 11:49:43,535 - Main.MLEngine - INFO - fire
2021-12-17 11:49:43,552 - Main.MLEngine - INFO - fire
2021-12-17 11:49:43,582 - Main.MLEngine - INFO - fire
2021-12-17 11:49:43,734 - Main.MLEngine - INFO - smoke
2021-12-17 11:49:43,749 - Main.MLEngine - INFO - smoke
2021-12-17 11:49:43,786 - Main.MLEngine - INFO - smoke
2021-12-17 11:49:43,831 - Main.MLEngine - INFO - smoke
2021-12-17 11:49:43,850 - Main.MLEngine - INFO - fire
2021-12-17 11:49:43,869 - Main.MLEngine - INFO - fire
2021-12-17 11:49:43,995 - Main.MLEngine - INFO - smoke
2021-12-17 11:49:44,028 - Main.MLEngine - INFO - smoke
2021-12-17 11:49:44,110 - Main.MLEngine - INFO - smoke
2021-12-17 11:49:44,196 - Main.MLEngine - INFO - smoke
2021-12-17 11:49:44,215 - Main.MLEngine - INFO - fire
2021-12-17 11:49:44,237 - Main.MLEngine - INFO - fire
2021-12-17 11:49:44,259 - Main.MLEngine - INFO - fire
2021-12-17 11:49:44,421 - Main.MLEngine - INFO - smoke
2021-12-17 11:49:44,527 - Main.MLEngine - INFO - smoke
2021-12-17 11:49:44,618 - Main.MLEngine - INFO - smoke
2021-12-17 11:49:44,646 - Main.MLEngine - INFO - smoke
2021-12-17 11:49:44,663 - Main.MLEngine - INFO - fire
2021-12-17 11:49:44,710 - Main.MLEngine - INFO - fire
2021-12-17 11:49:44,730 - Main.MLEngine - INFO - fire
2021-12-17 11:49:44,873 - Main.MLEngine - INFO - smoke
2021-12-17 11:49:45,001 - Main.MLEngine - INFO - fire
2021-12-17 11:49:45,017 - Main.MLEngine - INFO - fire
2021-12-17 11:49:45,036 - Main.MLEngine - INFO - fire
2021-12-17 11:49:45,056 - Main.MLEngine - INFO - fire
2021-12-17 11:49:45,214 - Main.MLEngine - INFO - smoke
2021-12-17 11:49:45,276 - Main.MLEngine - INFO - fire
2021-12-17 11:49:45,308 - Main.MLEngine - INFO - fire
2021-12-17 11:49:45,323 - Main.MLEngine - INFO - fire
2021-12-17 11:49:45,344 - Main.MLEngine - INFO - fire
2021-12-17 11:49:45,516 - Main.MLEngine - INFO - smoke
2021-12-17 11:49:45,577 - Main.MLEngine - INFO - smoke
2021-12-17 11:49:45,593 - Main.MLEngine - INFO - fire
2021-12-17 11:49:45,612 - Main.MLEngine - INFO - fire
2021-12-17 11:49:45,632 - Main.MLEngine - INFO - fire
2021-12-17 11:49:45,795 - Main.MLEngine - INFO - smoke
2021-12-17 11:49:45,811 - Main.MLEngine - INFO - smoke
2021-12-17 11:49:45,903 - Main.MLEngine - INFO - fire
2021-12-17 11:49:45,974 - Main.MLEngine - INFO - fire
2021-12-17 11:49:45,995 - Main.MLEngine - INFO - fire
2021-12-17 11:49:46,123 - Main.MLEngine - INFO - smoke
2021-12-17 11:49:46,142 - Main.MLEngine - INFO - smoke
2021-12-17 11:49:46,173 - Main.MLEngine - INFO - smoke
2021-12-17 11:49:46,207 - Main.MLEngine - INFO - smoke
2021-12-17 11:49:46,222 - Main.MLEngine - INFO - smoke
2021-12-17 11:49:46,267 - Main.MLEngine - INFO - fire
2021-12-17 11:49:46,315 - Main.MLEngine - INFO - fire
2021-12-17 11:49:46,335 - Main.MLEngine - INFO - fire
2021-12-17 11:49:46,466 - Main.MLEngine - INFO - smoke
2021-12-17 11:49:46,517 - Main.MLEngine - INFO - fire
2021-12-17 11:49:46,633 - Main.MLEngine - INFO - smoke
2021-12-17 11:49:46,665 - Main.MLEngine - INFO - fire
2021-12-17 11:49:46,961 - Main.MLEngine - INFO - smoke
2021-12-17 11:49:47,027 - Main.MLEngine - INFO - smoke
2021-12-17 11:49:47,048 - Main.MLEngine - INFO - fire
2021-12-17 11:49:47,063 - Main.MLEngine - INFO - smoke
2021-12-17 11:49:47,131 - Main.MLEngine - INFO - smoke
2021-12-17 11:49:47,151 - Main.MLEngine - INFO - fire
2021-12-17 11:49:47,175 - Main.MLEngine - INFO - fire
2021-12-17 11:49:47,333 - Main.MLEngine - INFO - smoke
2021-12-17 11:49:47,372 - Main.MLEngine - INFO - smoke
2021-12-17 11:49:47,409 - Main.MLEngine - INFO - smoke
2021-12-17 11:49:47,444 - Main.MLEngine - INFO - smoke
2021-12-17 11:49:47,492 - Main.MLEngine - INFO - fire
2021-12-17 11:49:47,523 - Main.MLEngine - INFO - smoke
2021-12-17 11:49:47,555 - Main.MLEngine - INFO - fire
2021-12-17 11:49:47,584 - Main.MLEngine - INFO - fire
2021-12-17 11:49:47,747 - Main.MLEngine - INFO - smoke
2021-12-17 11:49:47,790 - Main.MLEngine - INFO - smoke
2021-12-17 11:49:47,825 - Main.MLEngine - INFO - smoke
2021-12-17 11:49:47,873 - Main.MLEngine - INFO - smoke
2021-12-17 11:49:47,898 - Main.MLEngine - INFO - fire
2021-12-17 11:49:47,932 - Main.MLEngine - INFO - smoke
2021-12-17 11:49:47,962 - Main.MLEngine - INFO - fire
2021-12-17 11:49:47,988 - Main.MLEngine - INFO - fire
2021-12-17 11:49:48,148 - Main.MLEngine - INFO - smoke
2021-12-17 11:49:48,196 - Main.MLEngine - INFO - smoke
2021-12-17 11:49:48,241 - Main.MLEngine - INFO - fire
2021-12-17 11:49:48,320 - Main.MLEngine - INFO - fire
2021-12-17 11:49:48,342 - Main.MLEngine - INFO - fire
2021-12-17 11:49:48,489 - Main.MLEngine - INFO - smoke
2021-12-17 11:49:48,511 - Main.MLEngine - INFO - smoke
2021-12-17 11:49:48,567 - Main.MLEngine - INFO - smoke
2021-12-17 11:49:48,587 - Main.MLEngine - INFO - fire
2021-12-17 11:49:48,603 - Main.MLEngine - INFO - smoke
2021-12-17 11:49:48,662 - Main.MLEngine - INFO - fire
2021-12-17 11:49:48,941 - Main.MLEngine - INFO - smoke
2021-12-17 11:49:48,961 - Main.MLEngine - INFO - smoke
2021-12-17 11:49:49,012 - Main.MLEngine - INFO - smoke
2021-12-17 11:49:49,061 - Main.MLEngine - INFO - smoke
2021-12-17 11:49:49,080 - Main.MLEngine - INFO - fire
2021-12-17 11:49:49,147 - Main.MLEngine - INFO - fire
2021-12-17 11:49:49,320 - Main.MLEngine - INFO - smoke
2021-12-17 11:49:49,344 - Main.MLEngine - INFO - smoke
2021-12-17 11:49:49,381 - Main.MLEngine - INFO - smoke
2021-12-17 11:49:49,430 - Main.MLEngine - INFO - fire
2021-12-17 11:49:49,508 - Main.MLEngine - INFO - fire
2021-12-17 11:49:49,531 - Main.MLEngine - INFO - fire
2021-12-17 11:49:49,746 - Main.MLEngine - INFO - fire
2021-12-17 11:49:49,799 - Main.MLEngine - INFO - smoke
2021-12-17 11:49:49,821 - Main.MLEngine - INFO - fire
2021-12-17 11:49:49,845 - Main.MLEngine - INFO - fire
2021-12-17 11:49:50,032 - Main.MLEngine - INFO - fire
2021-12-17 11:49:50,079 - Main.MLEngine - INFO - smoke
2021-12-17 11:49:50,100 - Main.MLEngine - INFO - fire
2021-12-17 11:49:50,121 - Main.MLEngine - INFO - fire
2021-12-17 11:49:50,257 - Main.MLEngine - INFO - smoke
2021-12-17 11:49:50,401 - Main.MLEngine - INFO - fire
2021-12-17 11:49:50,443 - Main.MLEngine - INFO - smoke
2021-12-17 11:49:50,476 - Main.MLEngine - INFO - fire
2021-12-17 11:49:50,496 - Main.MLEngine - INFO - fire
2021-12-17 11:49:50,617 - Main.MLEngine - INFO - smoke
2021-12-17 11:49:50,633 - Main.MLEngine - INFO - smoke
2021-12-17 11:49:50,720 - Main.MLEngine - INFO - fire
2021-12-17 11:49:50,785 - Main.MLEngine - INFO - fire
2021-12-17 11:49:50,807 - Main.MLEngine - INFO - fire
2021-12-17 11:49:50,970 - Main.MLEngine - INFO - smoke
2021-12-17 11:49:51,032 - Main.MLEngine - INFO - fire
2021-12-17 11:49:51,105 - Main.MLEngine - INFO - fire
2021-12-17 11:49:51,122 - Main.MLEngine - INFO - fire
2021-12-17 11:49:51,143 - Main.MLEngine - INFO - fire
2021-12-17 11:49:51,273 - Main.MLEngine - INFO - smoke
2021-12-17 11:49:51,289 - Main.MLEngine - INFO - smoke
2021-12-17 11:49:51,322 - Main.MLEngine - INFO - fire
2021-12-17 11:49:51,338 - Main.MLEngine - INFO - smoke
2021-12-17 11:49:51,358 - Main.MLEngine - INFO - fire
2021-12-17 11:49:51,511 - Main.MLEngine - INFO - smoke
2021-12-17 11:49:51,533 - Main.MLEngine - INFO - smoke
2021-12-17 11:49:51,548 - Main.MLEngine - INFO - smoke
2021-12-17 11:49:51,597 - Main.MLEngine - INFO - fire
2021-12-17 11:49:51,627 - Main.MLEngine - INFO - fire
2021-12-17 11:49:51,797 - Main.MLEngine - INFO - smoke
2021-12-17 11:49:51,819 - Main.MLEngine - INFO - smoke
2021-12-17 11:49:51,835 - Main.MLEngine - INFO - smoke
2021-12-17 11:49:51,881 - Main.MLEngine - INFO - fire
2021-12-17 11:49:51,911 - Main.MLEngine - INFO - fire
2021-12-17 11:49:52,110 - Main.MLEngine - INFO - smoke
2021-12-17 11:49:52,144 - Main.MLEngine - INFO - smoke
2021-12-17 11:49:52,160 - Main.MLEngine - INFO - smoke
2021-12-17 11:49:52,174 - Main.MLEngine - INFO - smoke
2021-12-17 11:49:52,227 - Main.MLEngine - INFO - fire
2021-12-17 11:49:52,267 - Main.MLEngine - INFO - fire
2021-12-17 11:49:52,428 - Main.MLEngine - INFO - smoke
2021-12-17 11:49:52,484 - Main.MLEngine - INFO - fire
2021-12-17 11:49:52,523 - Main.MLEngine - INFO - fire
2021-12-17 11:49:52,671 - Main.MLEngine - INFO - smoke
2021-12-17 11:49:52,707 - Main.MLEngine - INFO - smoke
2021-12-17 11:49:52,744 - Main.MLEngine - INFO - fire
2021-12-17 11:49:52,784 - Main.MLEngine - INFO - fire
2021-12-17 11:49:52,804 - Main.MLEngine - INFO - fire
2021-12-17 11:49:52,949 - Main.MLEngine - INFO - smoke
2021-12-17 11:49:53,053 - Main.MLEngine - INFO - fire
2021-12-17 11:49:53,068 - Main.MLEngine - INFO - smoke
2021-12-17 11:49:53,103 - Main.MLEngine - INFO - fire
2021-12-17 11:49:53,119 - Main.MLEngine - INFO - fire
2021-12-17 11:49:53,286 - Main.MLEngine - INFO - smoke
2021-12-17 11:49:53,407 - Main.MLEngine - INFO - fire
2021-12-17 11:49:53,423 - Main.MLEngine - INFO - fire
2021-12-17 11:49:53,564 - Main.MLEngine - INFO - smoke
2021-12-17 11:49:53,661 - Main.MLEngine - INFO - fire
2021-12-17 11:49:53,693 - Main.MLEngine - INFO - fire
2021-12-17 11:49:53,712 - Main.MLEngine - INFO - fire
2021-12-17 11:49:53,834 - Main.MLEngine - INFO - smoke
2021-12-17 11:49:53,932 - Main.MLEngine - INFO - fire
2021-12-17 11:49:53,964 - Main.MLEngine - INFO - fire
2021-12-17 11:49:53,984 - Main.MLEngine - INFO - fire
2021-12-17 11:49:54,179 - Main.MLEngine - INFO - smoke
2021-12-17 11:49:54,292 - Main.MLEngine - INFO - smoke
2021-12-17 11:49:54,307 - Main.MLEngine - INFO - fire
2021-12-17 11:49:54,339 - Main.MLEngine - INFO - fire
2021-12-17 11:49:54,369 - Main.MLEngine - INFO - fire
2021-12-17 11:49:54,514 - Main.MLEngine - INFO - smoke
2021-12-17 11:49:54,530 - Main.MLEngine - INFO - smoke
2021-12-17 11:49:54,615 - Main.MLEngine - INFO - fire
2021-12-17 11:49:54,646 - Main.MLEngine - INFO - fire
2021-12-17 11:49:54,661 - Main.MLEngine - INFO - fire
2021-12-17 11:49:54,679 - Main.MLEngine - INFO - fire
2021-12-17 11:49:54,868 - Main.MLEngine - INFO - fire
2021-12-17 11:49:54,888 - Main.MLEngine - INFO - fire
2021-12-17 11:49:54,906 - Main.MLEngine - INFO - fire
2021-12-17 11:49:55,037 - Main.MLEngine - INFO - smoke
2021-12-17 11:49:55,155 - Main.MLEngine - INFO - fire
2021-12-17 11:49:55,186 - Main.MLEngine - INFO - fire
2021-12-17 11:49:55,208 - Main.MLEngine - INFO - fire
2021-12-17 11:49:55,411 - Main.MLEngine - INFO - fire
2021-12-17 11:49:55,476 - Main.MLEngine - INFO - fire
2021-12-17 11:49:55,493 - Main.MLEngine - INFO - fire
2021-12-17 11:49:55,627 - Main.MLEngine - INFO - smoke
2021-12-17 11:49:55,708 - Main.MLEngine - INFO - fire
2021-12-17 11:49:55,775 - Main.MLEngine - INFO - fire
2021-12-17 11:49:55,794 - Main.MLEngine - INFO - fire
2021-12-17 11:49:56,010 - Main.MLEngine - INFO - smoke
2021-12-17 11:49:56,027 - Main.MLEngine - INFO - smoke
2021-12-17 11:49:56,065 - Main.MLEngine - INFO - fire
2021-12-17 11:49:56,100 - Main.MLEngine - INFO - fire
2021-12-17 11:49:56,120 - Main.MLEngine - INFO - fire
2021-12-17 11:49:56,365 - Main.MLEngine - INFO - fire
2021-12-17 11:49:56,396 - Main.MLEngine - INFO - fire
2021-12-17 11:49:56,411 - Main.MLEngine - INFO - fire
2021-12-17 11:49:56,428 - Main.MLEngine - INFO - fire
2021-12-17 11:49:56,653 - Main.MLEngine - INFO - fire
2021-12-17 11:49:56,682 - Main.MLEngine - INFO - fire
2021-12-17 11:49:56,713 - Main.MLEngine - INFO - fire
2021-12-17 11:49:56,915 - Main.MLEngine - INFO - smoke
2021-12-17 11:49:56,954 - Main.MLEngine - INFO - smoke
2021-12-17 11:49:56,970 - Main.MLEngine - INFO - fire
2021-12-17 11:49:56,985 - Main.MLEngine - INFO - fire
2021-12-17 11:49:57,003 - Main.MLEngine - INFO - fire
2021-12-17 11:49:57,021 - Main.MLEngine - INFO - fire
2021-12-17 11:49:57,164 - Main.MLEngine - INFO - smoke
2021-12-17 11:49:57,221 - Main.MLEngine - INFO - fire
2021-12-17 11:49:57,267 - Main.MLEngine - INFO - fire
2021-12-17 11:49:57,284 - Main.MLEngine - INFO - fire
2021-12-17 11:49:57,465 - Main.MLEngine - INFO - fire
2021-12-17 11:49:57,527 - Main.MLEngine - INFO - fire
2021-12-17 11:49:57,544 - Main.MLEngine - INFO - fire
2021-12-17 11:49:57,676 - Main.MLEngine - INFO - smoke
2021-12-17 11:49:57,761 - Main.MLEngine - INFO - fire
2021-12-17 11:49:57,778 - Main.MLEngine - INFO - fire
2021-12-17 11:49:57,949 - Main.MLEngine - INFO - smoke
2021-12-17 11:49:57,984 - Main.MLEngine - INFO - smoke
2021-12-17 11:49:58,023 - Main.MLEngine - INFO - fire
2021-12-17 11:49:58,040 - Main.MLEngine - INFO - fire
2021-12-17 11:49:58,057 - Main.MLEngine - INFO - fire
2021-12-17 11:49:58,089 - Main.MLEngine - INFO - fire
2021-12-17 11:49:58,221 - Main.MLEngine - INFO - smoke
2021-12-17 11:49:58,270 - Main.MLEngine - INFO - smoke
2021-12-17 11:49:58,289 - Main.MLEngine - INFO - fire
2021-12-17 11:49:58,319 - Main.MLEngine - INFO - fire
2021-12-17 11:49:58,349 - Main.MLEngine - INFO - fire
2021-12-17 11:49:58,365 - Main.MLEngine - INFO - fire
2021-12-17 11:49:58,521 - Main.MLEngine - INFO - smoke
2021-12-17 11:49:58,574 - Main.MLEngine - INFO - fire
2021-12-17 11:49:58,591 - Main.MLEngine - INFO - fire
2021-12-17 11:49:58,707 - Main.MLEngine - INFO - smoke
2021-12-17 11:49:58,773 - Main.MLEngine - INFO - fire
2021-12-17 11:49:58,791 - Main.MLEngine - INFO - fire
2021-12-17 11:49:58,913 - Main.MLEngine - INFO - smoke
2021-12-17 11:49:58,980 - Main.MLEngine - INFO - fire
2021-12-17 11:49:58,996 - Main.MLEngine - INFO - fire
2021-12-17 11:49:59,014 - Main.MLEngine - INFO - fire
2021-12-17 11:49:59,166 - Main.MLEngine - INFO - smoke
2021-12-17 11:49:59,222 - Main.MLEngine - INFO - fire
2021-12-17 11:49:59,386 - Main.MLEngine - INFO - smoke
2021-12-17 11:49:59,484 - Main.MLEngine - INFO - fire
2021-12-17 11:49:59,500 - Main.MLEngine - INFO - fire
2021-12-17 11:49:59,629 - Main.MLEngine - INFO - smoke
2021-12-17 11:49:59,647 - Main.MLEngine - INFO - smoke
2021-12-17 11:49:59,677 - Main.MLEngine - INFO - smoke
2021-12-17 11:49:59,722 - Main.MLEngine - INFO - smoke
2021-12-17 11:49:59,752 - Main.MLEngine - INFO - smoke
2021-12-17 11:49:59,801 - Main.MLEngine - INFO - smoke
2021-12-17 11:49:59,847 - Main.MLEngine - INFO - fire
2021-12-17 11:49:59,903 - Main.MLEngine - INFO - fire
2021-12-17 11:50:00,055 - Main.MLEngine - INFO - smoke
2021-12-17 11:50:00,227 - Main.MLEngine - INFO - smoke
2021-12-17 11:50:00,285 - Main.MLEngine - INFO - fire
2021-12-17 11:50:00,315 - Main.MLEngine - INFO - fire
2021-12-17 11:50:00,333 - Main.MLEngine - INFO - fire
2021-12-17 11:50:00,489 - Main.MLEngine - INFO - smoke
2021-12-17 11:50:00,642 - Main.MLEngine - INFO - fire
2021-12-17 11:50:00,689 - Main.MLEngine - INFO - fire
2021-12-17 11:50:00,704 - Main.MLEngine - INFO - fire
2021-12-17 11:50:00,720 - Main.MLEngine - INFO - fire
2021-12-17 11:50:00,872 - Main.MLEngine - INFO - smoke
2021-12-17 11:50:01,054 - Main.MLEngine - INFO - fire
2021-12-17 11:50:01,115 - Main.MLEngine - INFO - fire
2021-12-17 11:50:01,130 - Main.MLEngine - INFO - fire
2021-12-17 11:50:01,147 - Main.MLEngine - INFO - fire
2021-12-17 11:50:01,316 - Main.MLEngine - INFO - fire
2021-12-17 11:50:01,333 - Main.MLEngine - INFO - fire
2021-12-17 11:50:01,349 - Main.MLEngine - INFO - fire
2021-12-17 11:50:01,511 - Main.MLEngine - INFO - fire
2021-12-17 11:50:01,526 - Main.MLEngine - INFO - fire
2021-12-17 11:50:01,701 - Main.MLEngine - INFO - smoke
2021-12-17 11:50:01,749 - Main.MLEngine - INFO - fire
2021-12-17 11:50:01,780 - Main.MLEngine - INFO - fire
2021-12-17 11:50:01,795 - Main.MLEngine - INFO - fire
2021-12-17 11:50:01,936 - Main.MLEngine - INFO - smoke
2021-12-17 11:50:01,954 - Main.MLEngine - INFO - smoke
2021-12-17 11:50:02,002 - Main.MLEngine - INFO - fire
2021-12-17 11:50:02,018 - Main.MLEngine - INFO - fire
2021-12-17 11:50:02,034 - Main.MLEngine - INFO - fire
2021-12-17 11:50:02,147 - Main.MLEngine - INFO - smoke
2021-12-17 11:50:02,162 - Main.MLEngine - INFO - smoke
2021-12-17 11:50:02,177 - Main.MLEngine - INFO - smoke
2021-12-17 11:50:02,241 - Main.MLEngine - INFO - smoke
2021-12-17 11:50:02,273 - Main.MLEngine - INFO - fire
2021-12-17 11:50:02,319 - Main.MLEngine - INFO - fire
2021-12-17 11:50:02,448 - Main.MLEngine - INFO - smoke
2021-12-17 11:50:02,462 - Main.MLEngine - INFO - smoke
2021-12-17 11:50:02,481 - Main.MLEngine - INFO - smoke
2021-12-17 11:50:02,544 - Main.MLEngine - INFO - smoke
2021-12-17 11:50:02,575 - Main.MLEngine - INFO - fire
2021-12-17 11:50:02,616 - Main.MLEngine - INFO - fire
2021-12-17 11:50:02,764 - Main.MLEngine - INFO - smoke
2021-12-17 11:50:02,787 - Main.MLEngine - INFO - smoke
2021-12-17 11:50:02,818 - Main.MLEngine - INFO - fire
2021-12-17 11:50:02,833 - Main.MLEngine - INFO - fire
2021-12-17 11:50:02,977 - Main.MLEngine - INFO - smoke
2021-12-17 11:50:03,005 - Main.MLEngine - INFO - smoke
2021-12-17 11:50:03,112 - Main.MLEngine - INFO - smoke
2021-12-17 11:50:03,135 - Main.MLEngine - INFO - smoke
2021-12-17 11:50:03,165 - Main.MLEngine - INFO - fire
2021-12-17 11:50:03,222 - Main.MLEngine - INFO - fire
2021-12-17 11:50:03,364 - Main.MLEngine - INFO - smoke
2021-12-17 11:50:03,392 - Main.MLEngine - INFO - smoke
2021-12-17 11:50:03,407 - Main.MLEngine - INFO - smoke
2021-12-17 11:50:03,422 - Main.MLEngine - INFO - smoke
2021-12-17 11:50:03,472 - Main.MLEngine - INFO - smoke
2021-12-17 11:50:03,489 - Main.MLEngine - INFO - smoke
2021-12-17 11:50:03,507 - Main.MLEngine - INFO - fire
2021-12-17 11:50:03,524 - Main.MLEngine - INFO - fire
2021-12-17 11:50:03,669 - Main.MLEngine - INFO - smoke
2021-12-17 11:50:03,762 - Main.MLEngine - INFO - fire
2021-12-17 11:50:03,778 - Main.MLEngine - INFO - fire
2021-12-17 11:50:03,994 - Main.MLEngine - INFO - smoke
2021-12-17 11:50:04,049 - Main.MLEngine - INFO - fire
2021-12-17 11:50:04,065 - Main.MLEngine - INFO - fire
2021-12-17 11:50:04,081 - Main.MLEngine - INFO - fire
2021-12-17 11:50:04,311 - Main.MLEngine - INFO - smoke
2021-12-17 11:50:04,368 - Main.MLEngine - INFO - fire
2021-12-17 11:50:04,383 - Main.MLEngine - INFO - fire
2021-12-17 11:50:04,399 - Main.MLEngine - INFO - fire
2021-12-17 11:50:04,518 - Main.MLEngine - INFO - smoke
2021-12-17 11:50:04,580 - Main.MLEngine - INFO - smoke
2021-12-17 11:50:04,596 - Main.MLEngine - INFO - fire
2021-12-17 11:50:04,614 - Main.MLEngine - INFO - fire
2021-12-17 11:50:04,766 - Main.MLEngine - INFO - smoke
2021-12-17 11:50:04,831 - Main.MLEngine - INFO - fire
2021-12-17 11:50:04,845 - Main.MLEngine - INFO - fire
2021-12-17 11:50:05,006 - Main.MLEngine - INFO - smoke
2021-12-17 11:50:05,031 - Main.MLEngine - INFO - smoke
2021-12-17 11:50:05,087 - Main.MLEngine - INFO - fire
2021-12-17 11:50:05,132 - Main.MLEngine - INFO - fire
2021-12-17 11:50:05,147 - Main.MLEngine - INFO - fire
2021-12-17 11:50:05,296 - Main.MLEngine - INFO - smoke
2021-12-17 11:50:05,319 - Main.MLEngine - INFO - smoke
2021-12-17 11:50:05,412 - Main.MLEngine - INFO - fire
2021-12-17 11:50:05,431 - Main.MLEngine - INFO - fire
2021-12-17 11:50:05,448 - Main.MLEngine - INFO - fire
2021-12-17 11:50:05,573 - Main.MLEngine - INFO - smoke
2021-12-17 11:50:05,596 - Main.MLEngine - INFO - smoke
2021-12-17 11:50:05,679 - Main.MLEngine - INFO - smoke
2021-12-17 11:50:05,695 - Main.MLEngine - INFO - fire
2021-12-17 11:50:05,723 - Main.MLEngine - INFO - fire
2021-12-17 11:50:05,738 - Main.MLEngine - INFO - fire
2021-12-17 11:50:05,753 - Main.MLEngine - INFO - fire
2021-12-17 11:50:05,873 - Main.MLEngine - INFO - smoke
2021-12-17 11:50:05,965 - Main.MLEngine - INFO - smoke
2021-12-17 11:50:05,981 - Main.MLEngine - INFO - fire
2021-12-17 11:50:06,009 - Main.MLEngine - INFO - fire
2021-12-17 11:50:06,026 - Main.MLEngine - INFO - fire
2021-12-17 11:50:06,043 - Main.MLEngine - INFO - fire
2021-12-17 11:50:06,266 - Main.MLEngine - INFO - fire
2021-12-17 11:50:06,308 - Main.MLEngine - INFO - fire
2021-12-17 11:50:06,323 - Main.MLEngine - INFO - fire
2021-12-17 11:50:06,445 - Main.MLEngine - INFO - smoke
2021-12-17 11:50:06,477 - Main.MLEngine - INFO - smoke
2021-12-17 11:50:06,506 - Main.MLEngine - INFO - smoke
2021-12-17 11:50:06,574 - Main.MLEngine - INFO - fire
2021-12-17 11:50:06,589 - Main.MLEngine - INFO - fire
2021-12-17 11:50:06,607 - Main.MLEngine - INFO - fire
2021-12-17 11:50:06,791 - Main.MLEngine - INFO - smoke
2021-12-17 11:50:06,806 - Main.MLEngine - INFO - smoke
2021-12-17 11:50:06,822 - Main.MLEngine - INFO - fire
2021-12-17 11:50:06,837 - Main.MLEngine - INFO - fire
2021-12-17 11:50:06,853 - Main.MLEngine - INFO - fire
2021-12-17 11:50:06,984 - Main.MLEngine - INFO - smoke
2021-12-17 11:50:07,018 - Main.MLEngine - INFO - smoke
2021-12-17 11:50:07,049 - Main.MLEngine - INFO - fire
2021-12-17 11:50:07,069 - Main.MLEngine - INFO - fire
2021-12-17 11:50:07,247 - Main.MLEngine - INFO - smoke
2021-12-17 11:50:07,265 - Main.MLEngine - INFO - fire
2021-12-17 11:50:07,295 - Main.MLEngine - INFO - fire
2021-12-17 11:50:07,310 - Main.MLEngine - INFO - fire
2021-12-17 11:50:07,471 - Main.MLEngine - INFO - smoke
2021-12-17 11:50:07,486 - Main.MLEngine - INFO - fire
2021-12-17 11:50:07,516 - Main.MLEngine - INFO - fire
2021-12-17 11:50:07,533 - Main.MLEngine - INFO - fire
2021-12-17 11:50:07,660 - Main.MLEngine - INFO - smoke
2021-12-17 11:50:07,696 - Main.MLEngine - INFO - smoke
2021-12-17 11:50:07,743 - Main.MLEngine - INFO - smoke
2021-12-17 11:50:07,789 - Main.MLEngine - INFO - fire
2021-12-17 11:50:07,820 - Main.MLEngine - INFO - fire
2021-12-17 11:50:07,938 - Main.MLEngine - INFO - smoke
2021-12-17 11:50:07,953 - Main.MLEngine - INFO - smoke
2021-12-17 11:50:07,989 - Main.MLEngine - INFO - smoke
2021-12-17 11:50:08,012 - Main.MLEngine - INFO - smoke
2021-12-17 11:50:08,029 - Main.MLEngine - INFO - fire
2021-12-17 11:50:08,045 - Main.MLEngine - INFO - fire
2021-12-17 11:50:08,160 - Main.MLEngine - INFO - smoke
2021-12-17 11:50:08,233 - Main.MLEngine - INFO - fire
2021-12-17 11:50:08,248 - Main.MLEngine - INFO - fire
2021-12-17 11:50:08,265 - Main.MLEngine - INFO - fire
2021-12-17 11:50:08,409 - Main.MLEngine - INFO - smoke
2021-12-17 11:50:08,426 - Main.MLEngine - INFO - smoke
2021-12-17 11:50:08,441 - Main.MLEngine - INFO - smoke
2021-12-17 11:50:08,496 - Main.MLEngine - INFO - smoke
2021-12-17 11:50:08,513 - Main.MLEngine - INFO - smoke
2021-12-17 11:50:08,589 - Main.MLEngine - INFO - fire
2021-12-17 11:50:08,723 - Main.MLEngine - INFO - smoke
2021-12-17 11:50:08,743 - Main.MLEngine - INFO - smoke
2021-12-17 11:50:08,828 - Main.MLEngine - INFO - fire
2021-12-17 11:50:08,971 - Main.MLEngine - INFO - smoke
2021-12-17 11:50:08,992 - Main.MLEngine - INFO - smoke
2021-12-17 11:50:09,080 - Main.MLEngine - INFO - fire
2021-12-17 11:50:09,357 - Main.MLEngine - INFO - smoke
2021-12-17 11:50:09,416 - Main.MLEngine - INFO - fire
2021-12-17 11:50:09,559 - Main.MLEngine - INFO - smoke
2021-12-17 11:50:09,574 - Main.MLEngine - INFO - smoke
2021-12-17 11:50:09,589 - Main.MLEngine - INFO - smoke
2021-12-17 11:50:09,625 - Main.MLEngine - INFO - smoke
2021-12-17 11:50:09,722 - Main.MLEngine - INFO - smoke
2021-12-17 11:50:09,781 - Main.MLEngine - INFO - fire
2021-12-17 11:50:09,904 - Main.MLEngine - INFO - smoke
2021-12-17 11:50:09,921 - Main.MLEngine - INFO - smoke
2021-12-17 11:50:10,030 - Main.MLEngine - INFO - smoke
2021-12-17 11:50:10,047 - Main.MLEngine - INFO - fire
2021-12-17 11:50:10,077 - Main.MLEngine - INFO - fire
2021-12-17 11:50:10,258 - Main.MLEngine - INFO - smoke
2021-12-17 11:50:10,381 - Main.MLEngine - INFO - fire
2021-12-17 11:50:10,525 - Main.MLEngine - INFO - smoke
2021-12-17 11:50:10,652 - Main.MLEngine - INFO - smoke
2021-12-17 11:50:10,685 - Main.MLEngine - INFO - fire
2021-12-17 11:50:10,714 - Main.MLEngine - INFO - fire
2021-12-17 11:50:10,729 - Main.MLEngine - INFO - fire
2021-12-17 11:50:10,744 - Main.MLEngine - INFO - fire
2021-12-17 11:50:10,761 - Main.MLEngine - INFO - fire
2021-12-17 11:50:10,874 - Main.MLEngine - INFO - smoke
2021-12-17 11:50:11,005 - Main.MLEngine - INFO - smoke
2021-12-17 11:50:11,035 - Main.MLEngine - INFO - fire
2021-12-17 11:50:11,064 - Main.MLEngine - INFO - fire
2021-12-17 11:50:11,080 - Main.MLEngine - INFO - fire
2021-12-17 11:50:11,095 - Main.MLEngine - INFO - fire
2021-12-17 11:50:11,110 - Main.MLEngine - INFO - fire
2021-12-17 11:50:11,241 - Main.MLEngine - INFO - smoke
2021-12-17 11:50:11,288 - Main.MLEngine - INFO - smoke
2021-12-17 11:50:11,322 - Main.MLEngine - INFO - smoke
2021-12-17 11:50:11,354 - Main.MLEngine - INFO - smoke
2021-12-17 11:50:11,372 - Main.MLEngine - INFO - smoke
2021-12-17 11:50:11,404 - Main.MLEngine - INFO - smoke
2021-12-17 11:50:11,496 - Main.MLEngine - INFO - fire
2021-12-17 11:50:11,525 - Main.MLEngine - INFO - fire
2021-12-17 11:50:11,671 - Main.MLEngine - INFO - smoke
2021-12-17 11:50:11,794 - Main.MLEngine - INFO - fire
2021-12-17 11:50:11,837 - Main.MLEngine - INFO - fire
2021-12-17 11:50:11,963 - Main.MLEngine - INFO - smoke
2021-12-17 11:50:11,978 - Main.MLEngine - INFO - smoke
2021-12-17 11:50:12,113 - Main.MLEngine - INFO - fire
2021-12-17 11:50:12,130 - Main.MLEngine - INFO - fire
2021-12-17 11:50:12,145 - Main.MLEngine - INFO - fire
2021-12-17 11:50:12,272 - Main.MLEngine - INFO - smoke
2021-12-17 11:50:12,294 - Main.MLEngine - INFO - smoke
2021-12-17 11:50:12,341 - Main.MLEngine - INFO - fire
2021-12-17 11:50:12,372 - Main.MLEngine - INFO - fire
2021-12-17 11:50:12,401 - Main.MLEngine - INFO - fire
2021-12-17 11:50:12,553 - Main.MLEngine - INFO - smoke
2021-12-17 11:50:12,704 - Main.MLEngine - INFO - fire
2021-12-17 11:50:12,719 - Main.MLEngine - INFO - fire
2021-12-17 11:50:12,764 - Main.MLEngine - INFO - fire
2021-12-17 11:50:12,933 - Main.MLEngine - INFO - smoke
2021-12-17 11:50:13,070 - Main.MLEngine - INFO - smoke
2021-12-17 11:50:13,085 - Main.MLEngine - INFO - fire
2021-12-17 11:50:13,100 - Main.MLEngine - INFO - fire
2021-12-17 11:50:13,143 - Main.MLEngine - INFO - fire
2021-12-17 11:50:13,277 - Main.MLEngine - INFO - smoke
2021-12-17 11:50:13,366 - Main.MLEngine - INFO - fire
2021-12-17 11:50:13,394 - Main.MLEngine - INFO - smoke
2021-12-17 11:50:13,424 - Main.MLEngine - INFO - fire
2021-12-17 11:50:13,546 - Main.MLEngine - INFO - smoke
2021-12-17 11:50:13,601 - Main.MLEngine - INFO - smoke
2021-12-17 11:50:13,617 - Main.MLEngine - INFO - smoke
2021-12-17 11:50:13,634 - Main.MLEngine - INFO - smoke
2021-12-17 11:50:13,650 - Main.MLEngine - INFO - fire
2021-12-17 11:50:13,678 - Main.MLEngine - INFO - fire
2021-12-17 11:50:13,694 - Main.MLEngine - INFO - fire
2021-12-17 11:50:13,826 - Main.MLEngine - INFO - smoke
2021-12-17 11:50:13,892 - Main.MLEngine - INFO - smoke
2021-12-17 11:50:13,944 - Main.MLEngine - INFO - smoke
2021-12-17 11:50:13,976 - Main.MLEngine - INFO - fire
2021-12-17 11:50:14,006 - Main.MLEngine - INFO - fire
2021-12-17 11:50:14,143 - Main.MLEngine - INFO - smoke
2021-12-17 11:50:14,158 - Main.MLEngine - INFO - smoke
2021-12-17 11:50:14,229 - Main.MLEngine - INFO - smoke
2021-12-17 11:50:14,263 - Main.MLEngine - INFO - fire
2021-12-17 11:50:14,307 - Main.MLEngine - INFO - fire
2021-12-17 11:50:14,423 - Main.MLEngine - INFO - smoke
2021-12-17 11:50:14,468 - Main.MLEngine - INFO - smoke
2021-12-17 11:50:14,568 - Main.MLEngine - INFO - fire
2021-12-17 11:50:14,614 - Main.MLEngine - INFO - fire
2021-12-17 11:50:14,730 - Main.MLEngine - INFO - smoke
2021-12-17 11:50:14,764 - Main.MLEngine - INFO - smoke
2021-12-17 11:50:14,866 - Main.MLEngine - INFO - fire
2021-12-17 11:50:14,895 - Main.MLEngine - INFO - fire
2021-12-17 11:50:15,067 - Main.MLEngine - INFO - smoke
2021-12-17 11:50:15,115 - Main.MLEngine - INFO - smoke
2021-12-17 11:50:15,146 - Main.MLEngine - INFO - fire
2021-12-17 11:50:15,162 - Main.MLEngine - INFO - smoke
2021-12-17 11:50:15,211 - Main.MLEngine - INFO - fire
2021-12-17 11:50:15,228 - Main.MLEngine - INFO - fire
2021-12-17 11:50:15,357 - Main.MLEngine - INFO - smoke
2021-12-17 11:50:15,436 - Main.MLEngine - INFO - smoke
2021-12-17 11:50:15,457 - Main.MLEngine - INFO - smoke
2021-12-17 11:50:15,485 - Main.MLEngine - INFO - smoke
2021-12-17 11:50:15,503 - Main.MLEngine - INFO - fire
2021-12-17 11:50:15,553 - Main.MLEngine - INFO - fire
2021-12-17 11:50:15,790 - Main.MLEngine - INFO - fire
2021-12-17 11:50:15,808 - Main.MLEngine - INFO - fire
2021-12-17 11:50:15,823 - Main.MLEngine - INFO - fire
2021-12-17 11:50:15,945 - Main.MLEngine - INFO - smoke
2021-12-17 11:50:16,046 - Main.MLEngine - INFO - fire
2021-12-17 11:50:16,160 - Main.MLEngine - INFO - smoke
2021-12-17 11:50:16,250 - Main.MLEngine - INFO - fire
2021-12-17 11:50:16,366 - Main.MLEngine - INFO - smoke
2021-12-17 11:50:16,442 - Main.MLEngine - INFO - fire
2021-12-17 11:50:16,568 - Main.MLEngine - INFO - smoke
2021-12-17 11:50:16,583 - Main.MLEngine - INFO - smoke
2021-12-17 11:50:16,739 - Main.MLEngine - INFO - smoke
2021-12-17 11:50:16,754 - Main.MLEngine - INFO - fire
2021-12-17 11:50:16,770 - Main.MLEngine - INFO - fire
2021-12-17 11:50:16,785 - Main.MLEngine - INFO - fire
2021-12-17 11:50:16,945 - Main.MLEngine - INFO - smoke
2021-12-17 11:50:17,065 - Main.MLEngine - INFO - fire
2021-12-17 11:50:17,081 - Main.MLEngine - INFO - fire
2021-12-17 11:50:17,213 - Main.MLEngine - INFO - smoke
2021-12-17 11:50:17,268 - Main.MLEngine - INFO - smoke
2021-12-17 11:50:17,345 - Main.MLEngine - INFO - fire
2021-12-17 11:50:17,376 - Main.MLEngine - INFO - fire
2021-12-17 11:50:17,391 - Main.MLEngine - INFO - fire
2021-12-17 11:50:17,508 - Main.MLEngine - INFO - smoke
2021-12-17 11:50:17,565 - Main.MLEngine - INFO - smoke
2021-12-17 11:50:17,632 - Main.MLEngine - INFO - smoke
2021-12-17 11:50:17,665 - Main.MLEngine - INFO - fire
2021-12-17 11:50:17,726 - Main.MLEngine - INFO - fire
2021-12-17 11:50:17,868 - Main.MLEngine - INFO - smoke
2021-12-17 11:50:17,905 - Main.MLEngine - INFO - smoke
2021-12-17 11:50:17,943 - Main.MLEngine - INFO - smoke
2021-12-17 11:50:17,998 - Main.MLEngine - INFO - fire
2021-12-17 11:50:18,040 - Main.MLEngine - INFO - fire
2021-12-17 11:50:18,069 - Main.MLEngine - INFO - fire
2021-12-17 11:50:18,085 - Main.MLEngine - INFO - smoke
2021-12-17 11:50:18,100 - Main.MLEngine - INFO - fire
2021-12-17 11:50:18,222 - Main.MLEngine - INFO - smoke
2021-12-17 11:50:18,286 - Main.MLEngine - INFO - smoke
2021-12-17 11:50:18,342 - Main.MLEngine - INFO - fire
2021-12-17 11:50:18,384 - Main.MLEngine - INFO - fire
2021-12-17 11:50:18,412 - Main.MLEngine - INFO - fire
2021-12-17 11:50:18,441 - Main.MLEngine - INFO - fire
2021-12-17 11:50:18,554 - Main.MLEngine - INFO - smoke
2021-12-17 11:50:18,569 - Main.MLEngine - INFO - smoke
2021-12-17 11:50:18,675 - Main.MLEngine - INFO - smoke
2021-12-17 11:50:18,739 - Main.MLEngine - INFO - fire
2021-12-17 11:50:18,755 - Main.MLEngine - INFO - fire
2021-12-17 11:50:18,787 - Main.MLEngine - INFO - smoke
2021-12-17 11:50:18,908 - Main.MLEngine - INFO - smoke
2021-12-17 11:50:18,976 - Main.MLEngine - INFO - smoke
2021-12-17 11:50:19,009 - Main.MLEngine - INFO - smoke
2021-12-17 11:50:19,041 - Main.MLEngine - INFO - fire
2021-12-17 11:50:19,073 - Main.MLEngine - INFO - fire
2021-12-17 11:50:19,089 - Main.MLEngine - INFO - smoke
2021-12-17 11:50:19,338 - Main.MLEngine - INFO - fire
2021-12-17 11:50:19,382 - Main.MLEngine - INFO - fire
2021-12-17 11:50:19,412 - Main.MLEngine - INFO - smoke
2021-12-17 11:50:19,575 - Main.MLEngine - INFO - smoke
2021-12-17 11:50:19,675 - Main.MLEngine - INFO - smoke
2021-12-17 11:50:19,722 - Main.MLEngine - INFO - fire
2021-12-17 11:50:19,739 - Main.MLEngine - INFO - fire
2021-12-17 11:50:19,919 - Main.MLEngine - INFO - smoke
2021-12-17 11:50:19,952 - Main.MLEngine - INFO - smoke
2021-12-17 11:50:19,985 - Main.MLEngine - INFO - fire
2021-12-17 11:50:20,029 - Main.MLEngine - INFO - fire
2021-12-17 11:50:20,201 - Main.MLEngine - INFO - smoke
2021-12-17 11:50:20,238 - Main.MLEngine - INFO - smoke
2021-12-17 11:50:20,268 - Main.MLEngine - INFO - smoke
2021-12-17 11:50:20,285 - Main.MLEngine - INFO - fire
2021-12-17 11:50:20,330 - Main.MLEngine - INFO - fire
2021-12-17 11:50:20,347 - Main.MLEngine - INFO - smoke
2021-12-17 11:50:20,484 - Main.MLEngine - INFO - smoke
2021-12-17 11:50:20,572 - Main.MLEngine - INFO - smoke
2021-12-17 11:50:20,651 - Main.MLEngine - INFO - fire
2021-12-17 11:50:20,667 - Main.MLEngine - INFO - fire
2021-12-17 11:50:20,699 - Main.MLEngine - INFO - fire
2021-12-17 11:50:20,836 - Main.MLEngine - INFO - smoke
2021-12-17 11:50:20,851 - Main.MLEngine - INFO - smoke
2021-12-17 11:50:20,944 - Main.MLEngine - INFO - fire
2021-12-17 11:50:20,960 - Main.MLEngine - INFO - fire
2021-12-17 11:50:21,142 - Main.MLEngine - INFO - smoke
2021-12-17 11:50:21,211 - Main.MLEngine - INFO - fire
2021-12-17 11:50:21,227 - Main.MLEngine - INFO - fire
2021-12-17 11:50:21,446 - Main.MLEngine - INFO - smoke
2021-12-17 11:50:21,462 - Main.MLEngine - INFO - smoke
2021-12-17 11:50:21,479 - Main.MLEngine - INFO - smoke
2021-12-17 11:50:21,572 - Main.MLEngine - INFO - fire
2021-12-17 11:50:21,602 - Main.MLEngine - INFO - fire
2021-12-17 11:50:21,619 - Main.MLEngine - INFO - fire
2021-12-17 11:50:21,635 - Main.MLEngine - INFO - smoke
2021-12-17 11:50:21,811 - Main.MLEngine - INFO - smoke
2021-12-17 11:50:21,843 - Main.MLEngine - INFO - smoke
2021-12-17 11:50:21,875 - Main.MLEngine - INFO - smoke
2021-12-17 11:50:21,891 - Main.MLEngine - INFO - smoke
2021-12-17 11:50:21,948 - Main.MLEngine - INFO - smoke
2021-12-17 11:50:21,976 - Main.MLEngine - INFO - smoke
2021-12-17 11:50:22,006 - Main.MLEngine - INFO - smoke
2021-12-17 11:50:22,124 - Main.MLEngine - INFO - smoke
2021-12-17 11:50:22,153 - Main.MLEngine - INFO - smoke
2021-12-17 11:50:22,183 - Main.MLEngine - INFO - fire
2021-12-17 11:50:22,228 - Main.MLEngine - INFO - smoke
2021-12-17 11:50:22,244 - Main.MLEngine - INFO - fire
2021-12-17 11:50:22,261 - Main.MLEngine - INFO - fire
2021-12-17 11:50:22,280 - Main.MLEngine - INFO - fire
2021-12-17 11:50:22,484 - Main.MLEngine - INFO - smoke
2021-12-17 11:50:22,515 - Main.MLEngine - INFO - smoke
2021-12-17 11:50:22,549 - Main.MLEngine - INFO - smoke
2021-12-17 11:50:22,564 - Main.MLEngine - INFO - smoke
2021-12-17 11:50:22,597 - Main.MLEngine - INFO - smoke
2021-12-17 11:50:22,613 - Main.MLEngine - INFO - smoke
2021-12-17 11:50:22,631 - Main.MLEngine - INFO - smoke
2021-12-17 11:50:22,660 - Main.MLEngine - INFO - smoke
2021-12-17 11:50:22,692 - Main.MLEngine - INFO - smoke
2021-12-17 11:50:22,810 - Main.MLEngine - INFO - smoke
2021-12-17 11:50:22,841 - Main.MLEngine - INFO - smoke
2021-12-17 11:50:22,902 - Main.MLEngine - INFO - fire
2021-12-17 11:50:22,949 - Main.MLEngine - INFO - smoke
2021-12-17 11:50:22,966 - Main.MLEngine - INFO - fire
2021-12-17 11:50:22,983 - Main.MLEngine - INFO - fire
2021-12-17 11:50:23,001 - Main.MLEngine - INFO - fire
2021-12-17 11:50:23,158 - Main.MLEngine - INFO - smoke
2021-12-17 11:50:23,188 - Main.MLEngine - INFO - smoke
2021-12-17 11:50:23,327 - Main.MLEngine - INFO - fire
2021-12-17 11:50:23,360 - Main.MLEngine - INFO - fire
2021-12-17 11:50:23,377 - Main.MLEngine - INFO - fire
2021-12-17 11:50:23,392 - Main.MLEngine - INFO - smoke
2021-12-17 11:50:23,529 - Main.MLEngine - INFO - smoke
2021-12-17 11:50:23,555 - Main.MLEngine - INFO - smoke
2021-12-17 11:50:23,583 - Main.MLEngine - INFO - smoke
2021-12-17 11:50:23,616 - Main.MLEngine - INFO - smoke
2021-12-17 11:50:23,666 - Main.MLEngine - INFO - fire
2021-12-17 11:50:23,685 - Main.MLEngine - INFO - fire
2021-12-17 11:50:23,838 - Main.MLEngine - INFO - smoke
2021-12-17 11:50:23,855 - Main.MLEngine - INFO - smoke
2021-12-17 11:50:23,917 - Main.MLEngine - INFO - smoke
2021-12-17 11:50:23,954 - Main.MLEngine - INFO - fire
2021-12-17 11:50:23,974 - Main.MLEngine - INFO - fire
2021-12-17 11:50:24,115 - Main.MLEngine - INFO - smoke
2021-12-17 11:50:24,144 - Main.MLEngine - INFO - smoke
2021-12-17 11:50:24,163 - Main.MLEngine - INFO - smoke
2021-12-17 11:50:24,227 - Main.MLEngine - INFO - smoke
2021-12-17 11:50:24,303 - Main.MLEngine - INFO - fire
2021-12-17 11:50:24,335 - Main.MLEngine - INFO - fire
2021-12-17 11:50:24,485 - Main.MLEngine - INFO - smoke
2021-12-17 11:50:24,513 - Main.MLEngine - INFO - smoke
2021-12-17 11:50:24,572 - Main.MLEngine - INFO - smoke
2021-12-17 11:50:24,620 - Main.MLEngine - INFO - smoke
2021-12-17 11:50:24,738 - Main.MLEngine - INFO - fire
2021-12-17 11:50:24,785 - Main.MLEngine - INFO - fire
2021-12-17 11:50:24,922 - Main.MLEngine - INFO - smoke
2021-12-17 11:50:24,952 - Main.MLEngine - INFO - smoke
2021-12-17 11:50:25,011 - Main.MLEngine - INFO - smoke
2021-12-17 11:50:25,058 - Main.MLEngine - INFO - smoke
2021-12-17 11:50:25,177 - Main.MLEngine - INFO - fire
2021-12-17 11:50:25,225 - Main.MLEngine - INFO - fire
2021-12-17 11:50:25,422 - Main.MLEngine - INFO - smoke
2021-12-17 11:50:25,450 - Main.MLEngine - INFO - smoke
2021-12-17 11:50:25,468 - Main.MLEngine - INFO - smoke
2021-12-17 11:50:25,498 - Main.MLEngine - INFO - smoke
2021-12-17 11:50:25,534 - Main.MLEngine - INFO - smoke
2021-12-17 11:50:25,628 - Main.MLEngine - INFO - fire
2021-12-17 11:50:25,660 - Main.MLEngine - INFO - smoke
2021-12-17 11:50:25,691 - Main.MLEngine - INFO - fire
2021-12-17 11:50:25,857 - Main.MLEngine - INFO - smoke
2021-12-17 11:50:25,873 - Main.MLEngine - INFO - smoke
2021-12-17 11:50:25,906 - Main.MLEngine - INFO - smoke
2021-12-17 11:50:25,921 - Main.MLEngine - INFO - smoke
2021-12-17 11:50:25,944 - Main.MLEngine - INFO - smoke
2021-12-17 11:50:25,981 - Main.MLEngine - INFO - smoke
2021-12-17 11:50:25,997 - Main.MLEngine - INFO - fire
2021-12-17 11:50:26,018 - Main.MLEngine - INFO - fire
2021-12-17 11:50:26,036 - Main.MLEngine - INFO - fire
2021-12-17 11:50:26,053 - Main.MLEngine - INFO - smoke
2021-12-17 11:50:26,190 - Main.MLEngine - INFO - smoke
2021-12-17 11:50:26,223 - Main.MLEngine - INFO - smoke
2021-12-17 11:50:26,254 - Main.MLEngine - INFO - smoke
2021-12-17 11:50:26,288 - Main.MLEngine - INFO - smoke
2021-12-17 11:50:26,303 - Main.MLEngine - INFO - smoke
2021-12-17 11:50:26,324 - Main.MLEngine - INFO - smoke
2021-12-17 11:50:26,375 - Main.MLEngine - INFO - fire
2021-12-17 11:50:26,390 - Main.MLEngine - INFO - smoke
2021-12-17 11:50:26,424 - Main.MLEngine - INFO - fire
2021-12-17 11:50:26,441 - Main.MLEngine - INFO - fire
2021-12-17 11:50:26,571 - Main.MLEngine - INFO - smoke
2021-12-17 11:50:26,698 - Main.MLEngine - INFO - smoke
2021-12-17 11:50:26,732 - Main.MLEngine - INFO - fire
2021-12-17 11:50:26,790 - Main.MLEngine - INFO - fire
2021-12-17 11:50:26,943 - Main.MLEngine - INFO - smoke
2021-12-17 11:50:26,958 - Main.MLEngine - INFO - smoke
2021-12-17 11:50:26,973 - Main.MLEngine - INFO - smoke
2021-12-17 11:50:27,052 - Main.MLEngine - INFO - smoke
2021-12-17 11:50:27,067 - Main.MLEngine - INFO - smoke
2021-12-17 11:50:27,124 - Main.MLEngine - INFO - fire
2021-12-17 11:50:27,145 - Main.MLEngine - INFO - fire
2021-12-17 11:50:27,164 - Main.MLEngine - INFO - fire
2021-12-17 11:53:56,722 - Main.MLEngine - INFO - smoke
2021-12-17 11:53:56,879 - Main.MLEngine - INFO - smoke
2021-12-17 11:53:57,016 - Main.MLEngine - INFO - smoke
2021-12-17 11:53:57,030 - Main.MLEngine - INFO - smoke
2021-12-17 11:53:57,045 - Main.MLEngine - INFO - fire
2021-12-17 11:53:57,155 - Main.MLEngine - INFO - smoke
2021-12-17 11:53:57,171 - Main.MLEngine - INFO - fire
2021-12-17 11:53:57,351 - Main.MLEngine - INFO - smoke
2021-12-17 11:53:57,365 - Main.MLEngine - INFO - smoke
2021-12-17 11:53:57,405 - Main.MLEngine - INFO - smoke
2021-12-17 11:53:57,546 - Main.MLEngine - INFO - smoke
2021-12-17 11:53:57,560 - Main.MLEngine - INFO - smoke
2021-12-17 11:53:57,728 - Main.MLEngine - INFO - smoke
2021-12-17 11:53:57,829 - Main.MLEngine - INFO - smoke
2021-12-17 11:53:57,885 - Main.MLEngine - INFO - smoke
2021-12-17 11:53:57,912 - Main.MLEngine - INFO - smoke
2021-12-17 11:53:58,113 - Main.MLEngine - INFO - smoke
2021-12-17 11:53:58,273 - Main.MLEngine - INFO - fire
2021-12-17 11:53:58,386 - Main.MLEngine - INFO - smoke
2021-12-17 11:53:58,416 - Main.MLEngine - INFO - fire
2021-12-17 11:53:58,486 - Main.MLEngine - INFO - smoke
2021-12-17 11:53:58,529 - Main.MLEngine - INFO - fire
2021-12-17 11:53:58,684 - Main.MLEngine - INFO - smoke
2021-12-17 11:53:58,753 - Main.MLEngine - INFO - smoke
2021-12-17 11:53:58,767 - Main.MLEngine - INFO - fire
2021-12-17 11:53:58,971 - Main.MLEngine - INFO - smoke
2021-12-17 11:53:59,306 - Main.MLEngine - INFO - fire
2021-12-17 11:53:59,418 - Main.MLEngine - INFO - fire
2021-12-17 11:53:59,531 - Main.MLEngine - INFO - fire
2021-12-17 11:53:59,617 - Main.MLEngine - INFO - fire
2021-12-17 11:53:59,681 - Main.MLEngine - INFO - smoke
2021-12-17 11:53:59,699 - Main.MLEngine - INFO - fire
2021-12-17 11:53:59,756 - Main.MLEngine - INFO - smoke
2021-12-17 11:53:59,775 - Main.MLEngine - INFO - fire
2021-12-17 11:53:59,839 - Main.MLEngine - INFO - smoke
2021-12-17 11:53:59,856 - Main.MLEngine - INFO - fire
2021-12-17 11:53:59,901 - Main.MLEngine - INFO - smoke
2021-12-17 11:53:59,918 - Main.MLEngine - INFO - fire
2021-12-17 11:53:59,993 - Main.MLEngine - INFO - fire
2021-12-17 11:54:00,056 - Main.MLEngine - INFO - smoke
2021-12-17 11:54:00,071 - Main.MLEngine - INFO - fire
2021-12-17 11:54:00,156 - Main.MLEngine - INFO - fire
2021-12-17 11:54:00,232 - Main.MLEngine - INFO - fire
2021-12-17 11:54:00,310 - Main.MLEngine - INFO - fire
2021-12-17 11:54:00,362 - Main.MLEngine - INFO - fire
2021-12-17 11:54:00,405 - Main.MLEngine - INFO - smoke
2021-12-17 11:54:00,424 - Main.MLEngine - INFO - fire
2021-12-17 11:54:00,519 - Main.MLEngine - INFO - fire
2021-12-17 11:54:00,609 - Main.MLEngine - INFO - fire
2021-12-17 11:54:00,701 - Main.MLEngine - INFO - fire
2021-12-17 11:54:00,763 - Main.MLEngine - INFO - smoke
2021-12-17 11:54:00,791 - Main.MLEngine - INFO - smoke
2021-12-17 11:54:00,806 - Main.MLEngine - INFO - fire
2021-12-17 11:54:00,903 - Main.MLEngine - INFO - smoke
2021-12-17 11:54:00,919 - Main.MLEngine - INFO - fire
2021-12-17 11:54:01,004 - Main.MLEngine - INFO - fire
2021-12-17 11:54:01,037 - Main.MLEngine - INFO - smoke
2021-12-17 11:54:01,094 - Main.MLEngine - INFO - fire
2021-12-17 11:54:01,182 - Main.MLEngine - INFO - fire
2021-12-17 11:54:01,264 - Main.MLEngine - INFO - fire
2021-12-17 11:54:01,328 - Main.MLEngine - INFO - fire
2021-12-17 11:54:01,386 - Main.MLEngine - INFO - fire
2021-12-17 11:54:01,452 - Main.MLEngine - INFO - fire
2021-12-17 11:54:01,506 - Main.MLEngine - INFO - fire
2021-12-17 11:54:01,567 - Main.MLEngine - INFO - smoke
2021-12-17 11:54:01,583 - Main.MLEngine - INFO - fire
2021-12-17 11:54:01,657 - Main.MLEngine - INFO - fire
2021-12-17 11:54:01,731 - Main.MLEngine - INFO - fire
2021-12-17 11:54:01,780 - Main.MLEngine - INFO - fire
2021-12-17 11:54:01,860 - Main.MLEngine - INFO - fire
2021-12-17 11:54:01,934 - Main.MLEngine - INFO - fire
2021-12-17 11:54:02,005 - Main.MLEngine - INFO - fire
2021-12-17 11:54:02,066 - Main.MLEngine - INFO - fire
2021-12-17 11:54:02,118 - Main.MLEngine - INFO - fire
2021-12-17 11:54:02,190 - Main.MLEngine - INFO - fire
2021-12-17 11:54:02,247 - Main.MLEngine - INFO - fire
2021-12-17 11:54:02,297 - Main.MLEngine - INFO - fire
2021-12-17 11:54:02,334 - Main.MLEngine - INFO - fire
2021-12-17 11:54:02,379 - Main.MLEngine - INFO - fire
2021-12-17 11:54:02,424 - Main.MLEngine - INFO - fire
2021-12-17 11:54:02,469 - Main.MLEngine - INFO - fire
2021-12-17 11:54:02,529 - Main.MLEngine - INFO - fire
2021-12-17 11:54:02,588 - Main.MLEngine - INFO - fire
2021-12-17 11:54:02,641 - Main.MLEngine - INFO - fire
2021-12-17 11:54:02,685 - Main.MLEngine - INFO - fire
2021-12-17 11:54:02,734 - Main.MLEngine - INFO - fire
2021-12-17 11:54:02,782 - Main.MLEngine - INFO - fire
2021-12-17 11:54:02,819 - Main.MLEngine - INFO - fire
2021-12-17 11:54:02,850 - Main.MLEngine - INFO - fire
2021-12-17 11:54:02,886 - Main.MLEngine - INFO - fire
2021-12-17 11:54:02,937 - Main.MLEngine - INFO - fire
2021-12-17 11:54:02,976 - Main.MLEngine - INFO - fire
2021-12-17 11:54:03,023 - Main.MLEngine - INFO - fire
2021-12-17 11:54:03,114 - Main.MLEngine - INFO - fire
2021-12-17 11:54:03,163 - Main.MLEngine - INFO - fire
2021-12-17 11:54:03,270 - Main.MLEngine - INFO - fire
2021-12-17 11:54:03,320 - Main.MLEngine - INFO - fire
2021-12-17 11:54:03,355 - Main.MLEngine - INFO - fire
2021-12-17 11:54:03,385 - Main.MLEngine - INFO - fire
2021-12-17 11:54:03,422 - Main.MLEngine - INFO - fire
2021-12-17 11:54:03,474 - Main.MLEngine - INFO - fire
2021-12-17 11:54:03,512 - Main.MLEngine - INFO - fire
2021-12-17 11:54:03,558 - Main.MLEngine - INFO - fire
2021-12-17 11:54:03,604 - Main.MLEngine - INFO - fire
2021-12-17 11:54:03,646 - Main.MLEngine - INFO - fire
2021-12-17 11:54:03,695 - Main.MLEngine - INFO - fire
2021-12-17 11:54:03,826 - Main.MLEngine - INFO - fire
2021-12-17 11:54:03,861 - Main.MLEngine - INFO - fire
2021-12-17 11:54:03,899 - Main.MLEngine - INFO - fire
2021-12-17 11:54:03,943 - Main.MLEngine - INFO - fire
2021-12-17 11:54:03,986 - Main.MLEngine - INFO - fire
2021-12-17 11:54:04,033 - Main.MLEngine - INFO - fire
2021-12-17 11:54:04,072 - Main.MLEngine - INFO - fire
2021-12-17 11:54:04,120 - Main.MLEngine - INFO - fire
2021-12-17 11:54:04,161 - Main.MLEngine - INFO - fire
2021-12-17 11:54:04,191 - Main.MLEngine - INFO - fire
2021-12-17 11:54:04,225 - Main.MLEngine - INFO - fire
2021-12-17 11:54:04,276 - Main.MLEngine - INFO - fire
2021-12-17 11:54:04,319 - Main.MLEngine - INFO - fire
2021-12-17 11:54:04,358 - Main.MLEngine - INFO - fire
2021-12-17 11:54:04,392 - Main.MLEngine - INFO - fire
2021-12-17 11:54:04,438 - Main.MLEngine - INFO - fire
2021-12-17 11:54:04,480 - Main.MLEngine - INFO - fire
2021-12-17 11:54:04,512 - Main.MLEngine - INFO - fire
2021-12-17 11:54:04,550 - Main.MLEngine - INFO - fire
2021-12-17 11:54:04,597 - Main.MLEngine - INFO - fire
2021-12-17 11:54:04,633 - Main.MLEngine - INFO - fire
2021-12-17 11:54:04,664 - Main.MLEngine - INFO - fire
2021-12-17 11:54:04,696 - Main.MLEngine - INFO - fire
2021-12-17 11:54:04,728 - Main.MLEngine - INFO - fire
2021-12-17 11:54:04,778 - Main.MLEngine - INFO - fire
2021-12-17 11:54:04,821 - Main.MLEngine - INFO - fire
2021-12-17 11:54:04,862 - Main.MLEngine - INFO - fire
2021-12-17 11:54:04,897 - Main.MLEngine - INFO - fire
2021-12-17 11:54:04,940 - Main.MLEngine - INFO - fire
2021-12-17 11:54:04,970 - Main.MLEngine - INFO - fire
2021-12-17 11:54:05,005 - Main.MLEngine - INFO - fire
2021-12-17 11:54:05,057 - Main.MLEngine - INFO - fire
2021-12-17 11:54:05,100 - Main.MLEngine - INFO - fire
2021-12-17 11:54:05,137 - Main.MLEngine - INFO - fire
2021-12-17 11:54:05,169 - Main.MLEngine - INFO - fire
2021-12-17 11:54:05,206 - Main.MLEngine - INFO - fire
2021-12-17 11:54:05,252 - Main.MLEngine - INFO - fire
2021-12-17 11:54:05,296 - Main.MLEngine - INFO - fire
2021-12-17 11:54:05,347 - Main.MLEngine - INFO - fire
2021-12-17 11:54:05,384 - Main.MLEngine - INFO - fire
2021-12-17 11:54:05,415 - Main.MLEngine - INFO - fire
2021-12-17 11:54:05,462 - Main.MLEngine - INFO - fire
2021-12-17 11:54:05,505 - Main.MLEngine - INFO - fire
2021-12-17 11:54:05,540 - Main.MLEngine - INFO - fire
2021-12-17 11:54:05,554 - Main.MLEngine - INFO - fire
2021-12-17 11:54:05,601 - Main.MLEngine - INFO - fire
2021-12-17 11:54:05,617 - Main.MLEngine - INFO - fire
2021-12-17 11:54:05,660 - Main.MLEngine - INFO - fire
2021-12-17 11:54:05,694 - Main.MLEngine - INFO - fire
2021-12-17 11:54:05,744 - Main.MLEngine - INFO - fire
2021-12-17 11:54:05,787 - Main.MLEngine - INFO - fire
2021-12-17 11:54:05,828 - Main.MLEngine - INFO - fire
2021-12-17 11:54:05,865 - Main.MLEngine - INFO - fire
2021-12-17 11:54:05,915 - Main.MLEngine - INFO - fire
2021-12-17 11:54:05,958 - Main.MLEngine - INFO - fire
2021-12-17 11:54:06,003 - Main.MLEngine - INFO - fire
2021-12-17 11:54:06,044 - Main.MLEngine - INFO - fire
2021-12-17 11:54:06,058 - Main.MLEngine - INFO - fire
2021-12-17 11:54:06,097 - Main.MLEngine - INFO - fire
2021-12-17 11:54:06,111 - Main.MLEngine - INFO - fire
2021-12-17 11:54:06,153 - Main.MLEngine - INFO - fire
2021-12-17 11:54:06,189 - Main.MLEngine - INFO - fire
2021-12-17 11:54:06,233 - Main.MLEngine - INFO - fire
2021-12-17 11:54:06,280 - Main.MLEngine - INFO - fire
2021-12-17 11:54:06,309 - Main.MLEngine - INFO - fire
2021-12-17 11:54:06,352 - Main.MLEngine - INFO - fire
2021-12-17 11:54:06,386 - Main.MLEngine - INFO - fire
2021-12-17 11:54:06,434 - Main.MLEngine - INFO - fire
2021-12-17 11:54:42,031 - Main.MLEngine - INFO - smoke
2021-12-17 11:54:42,188 - Main.MLEngine - INFO - smoke
2021-12-17 11:54:42,327 - Main.MLEngine - INFO - smoke
2021-12-17 11:54:42,341 - Main.MLEngine - INFO - smoke
2021-12-17 11:54:42,358 - Main.MLEngine - INFO - fire
2021-12-17 11:54:42,480 - Main.MLEngine - INFO - smoke
2021-12-17 11:54:42,494 - Main.MLEngine - INFO - fire
2021-12-17 11:54:42,657 - Main.MLEngine - INFO - smoke
2021-12-17 11:54:42,670 - Main.MLEngine - INFO - smoke
2021-12-17 11:54:42,710 - Main.MLEngine - INFO - smoke
2021-12-17 11:54:42,852 - Main.MLEngine - INFO - smoke
2021-12-17 11:54:42,866 - Main.MLEngine - INFO - smoke
2021-12-17 11:54:43,036 - Main.MLEngine - INFO - smoke
2021-12-17 11:54:43,151 - Main.MLEngine - INFO - smoke
2021-12-17 11:54:43,205 - Main.MLEngine - INFO - smoke
2021-12-17 11:54:43,236 - Main.MLEngine - INFO - smoke
2021-12-17 11:54:43,449 - Main.MLEngine - INFO - smoke
2021-12-17 11:54:43,614 - Main.MLEngine - INFO - fire
2021-12-17 11:54:43,737 - Main.MLEngine - INFO - smoke
2021-12-17 11:54:43,765 - Main.MLEngine - INFO - fire
2021-12-17 11:54:43,837 - Main.MLEngine - INFO - smoke
2021-12-17 11:54:43,882 - Main.MLEngine - INFO - fire
2021-12-17 11:54:44,032 - Main.MLEngine - INFO - smoke
2021-12-17 11:54:44,102 - Main.MLEngine - INFO - smoke
2021-12-17 11:54:44,119 - Main.MLEngine - INFO - fire
2021-12-17 11:54:44,323 - Main.MLEngine - INFO - smoke
2021-12-17 11:54:44,660 - Main.MLEngine - INFO - fire
2021-12-17 11:54:44,772 - Main.MLEngine - INFO - fire
2021-12-17 11:54:44,882 - Main.MLEngine - INFO - fire
2021-12-17 11:54:44,974 - Main.MLEngine - INFO - fire
2021-12-17 11:54:45,034 - Main.MLEngine - INFO - smoke
2021-12-17 11:54:45,050 - Main.MLEngine - INFO - fire
2021-12-17 11:54:45,114 - Main.MLEngine - INFO - smoke
2021-12-17 11:54:45,130 - Main.MLEngine - INFO - fire
2021-12-17 11:54:45,190 - Main.MLEngine - INFO - smoke
2021-12-17 11:54:45,206 - Main.MLEngine - INFO - fire
2021-12-17 11:54:45,239 - Main.MLEngine - INFO - smoke
2021-12-17 11:54:45,258 - Main.MLEngine - INFO - fire
2021-12-17 11:54:45,331 - Main.MLEngine - INFO - fire
2021-12-17 11:54:45,393 - Main.MLEngine - INFO - smoke
2021-12-17 11:54:45,409 - Main.MLEngine - INFO - fire
2021-12-17 11:54:45,495 - Main.MLEngine - INFO - fire
2021-12-17 11:54:45,573 - Main.MLEngine - INFO - fire
2021-12-17 11:54:45,650 - Main.MLEngine - INFO - fire
2021-12-17 11:54:45,701 - Main.MLEngine - INFO - fire
2021-12-17 11:54:45,747 - Main.MLEngine - INFO - smoke
2021-12-17 11:54:45,765 - Main.MLEngine - INFO - fire
2021-12-17 11:54:45,865 - Main.MLEngine - INFO - fire
2021-12-17 11:54:45,952 - Main.MLEngine - INFO - fire
2021-12-17 11:54:46,045 - Main.MLEngine - INFO - fire
2021-12-17 11:54:46,110 - Main.MLEngine - INFO - smoke
2021-12-17 11:54:46,140 - Main.MLEngine - INFO - smoke
2021-12-17 11:54:46,154 - Main.MLEngine - INFO - fire
2021-12-17 11:54:46,243 - Main.MLEngine - INFO - smoke
2021-12-17 11:54:46,259 - Main.MLEngine - INFO - fire
2021-12-17 11:54:46,338 - Main.MLEngine - INFO - fire
2021-12-17 11:54:46,375 - Main.MLEngine - INFO - smoke
2021-12-17 11:54:46,432 - Main.MLEngine - INFO - fire
2021-12-17 11:54:46,530 - Main.MLEngine - INFO - fire
2021-12-17 11:54:46,611 - Main.MLEngine - INFO - fire
2021-12-17 11:54:46,664 - Main.MLEngine - INFO - fire
2021-12-17 11:54:46,724 - Main.MLEngine - INFO - fire
2021-12-17 11:54:46,783 - Main.MLEngine - INFO - fire
2021-12-17 11:54:46,841 - Main.MLEngine - INFO - fire
2021-12-17 11:54:46,892 - Main.MLEngine - INFO - smoke
2021-12-17 11:54:46,908 - Main.MLEngine - INFO - fire
2021-12-17 11:54:46,977 - Main.MLEngine - INFO - fire
2021-12-17 11:54:47,042 - Main.MLEngine - INFO - fire
2021-12-17 11:54:47,106 - Main.MLEngine - INFO - fire
2021-12-17 11:54:47,182 - Main.MLEngine - INFO - fire
2021-12-17 11:54:47,253 - Main.MLEngine - INFO - fire
2021-12-17 11:54:47,315 - Main.MLEngine - INFO - fire
2021-12-17 11:54:47,380 - Main.MLEngine - INFO - fire
2021-12-17 11:54:47,440 - Main.MLEngine - INFO - fire
2021-12-17 11:54:47,502 - Main.MLEngine - INFO - fire
2021-12-17 11:54:47,563 - Main.MLEngine - INFO - fire
2021-12-17 11:54:47,626 - Main.MLEngine - INFO - fire
2021-12-17 11:54:47,674 - Main.MLEngine - INFO - fire
2021-12-17 11:54:47,722 - Main.MLEngine - INFO - fire
2021-12-17 11:54:47,764 - Main.MLEngine - INFO - fire
2021-12-17 11:54:47,814 - Main.MLEngine - INFO - fire
2021-12-17 11:54:47,860 - Main.MLEngine - INFO - fire
2021-12-17 11:54:47,916 - Main.MLEngine - INFO - fire
2021-12-17 11:54:47,979 - Main.MLEngine - INFO - fire
2021-12-17 11:54:48,025 - Main.MLEngine - INFO - fire
2021-12-17 11:54:48,073 - Main.MLEngine - INFO - fire
2021-12-17 11:54:48,116 - Main.MLEngine - INFO - fire
2021-12-17 11:54:48,163 - Main.MLEngine - INFO - fire
2021-12-17 11:54:48,204 - Main.MLEngine - INFO - fire
2021-12-17 11:54:48,238 - Main.MLEngine - INFO - fire
2021-12-17 11:54:48,286 - Main.MLEngine - INFO - fire
2021-12-17 11:54:48,327 - Main.MLEngine - INFO - fire
2021-12-17 11:54:48,359 - Main.MLEngine - INFO - fire
2021-12-17 11:54:48,441 - Main.MLEngine - INFO - fire
2021-12-17 11:54:48,485 - Main.MLEngine - INFO - fire
2021-12-17 11:54:48,617 - Main.MLEngine - INFO - fire
2021-12-17 11:54:48,659 - Main.MLEngine - INFO - fire
2021-12-17 11:54:48,701 - Main.MLEngine - INFO - fire
2021-12-17 11:54:48,741 - Main.MLEngine - INFO - fire
2021-12-17 11:54:48,779 - Main.MLEngine - INFO - fire
2021-12-17 11:54:48,815 - Main.MLEngine - INFO - fire
2021-12-17 11:54:48,852 - Main.MLEngine - INFO - fire
2021-12-17 11:54:48,897 - Main.MLEngine - INFO - fire
2021-12-17 11:54:48,943 - Main.MLEngine - INFO - fire
2021-12-17 11:54:48,992 - Main.MLEngine - INFO - fire
2021-12-17 11:54:49,033 - Main.MLEngine - INFO - fire
2021-12-17 11:54:49,146 - Main.MLEngine - INFO - fire
2021-12-17 11:54:49,193 - Main.MLEngine - INFO - fire
2021-12-17 11:54:49,233 - Main.MLEngine - INFO - fire
2021-12-17 11:54:49,290 - Main.MLEngine - INFO - fire
2021-12-17 11:54:49,322 - Main.MLEngine - INFO - fire
2021-12-17 11:54:49,354 - Main.MLEngine - INFO - fire
2021-12-17 11:54:49,404 - Main.MLEngine - INFO - fire
2021-12-17 11:54:49,446 - Main.MLEngine - INFO - fire
2021-12-17 11:54:49,476 - Main.MLEngine - INFO - fire
2021-12-17 11:54:49,511 - Main.MLEngine - INFO - fire
2021-12-17 11:54:49,562 - Main.MLEngine - INFO - fire
2021-12-17 11:54:49,604 - Main.MLEngine - INFO - fire
2021-12-17 11:54:49,650 - Main.MLEngine - INFO - fire
2021-12-17 11:54:49,694 - Main.MLEngine - INFO - fire
2021-12-17 11:54:49,734 - Main.MLEngine - INFO - fire
2021-12-17 11:54:49,766 - Main.MLEngine - INFO - fire
2021-12-17 11:54:49,797 - Main.MLEngine - INFO - fire
2021-12-17 11:54:49,840 - Main.MLEngine - INFO - fire
2021-12-17 11:54:49,879 - Main.MLEngine - INFO - fire
2021-12-17 11:54:49,924 - Main.MLEngine - INFO - fire
2021-12-17 11:54:49,970 - Main.MLEngine - INFO - fire
2021-12-17 11:54:50,007 - Main.MLEngine - INFO - fire
2021-12-17 11:54:50,037 - Main.MLEngine - INFO - fire
2021-12-17 11:54:50,070 - Main.MLEngine - INFO - fire
2021-12-17 11:54:50,104 - Main.MLEngine - INFO - fire
2021-12-17 11:54:50,158 - Main.MLEngine - INFO - fire
2021-12-17 11:54:50,201 - Main.MLEngine - INFO - fire
2021-12-17 11:54:50,243 - Main.MLEngine - INFO - fire
2021-12-17 11:54:50,288 - Main.MLEngine - INFO - fire
2021-12-17 11:54:50,329 - Main.MLEngine - INFO - fire
2021-12-17 11:54:50,366 - Main.MLEngine - INFO - fire
2021-12-17 11:54:50,411 - Main.MLEngine - INFO - fire
2021-12-17 11:54:50,455 - Main.MLEngine - INFO - fire
2021-12-17 11:54:50,502 - Main.MLEngine - INFO - fire
2021-12-17 11:54:50,551 - Main.MLEngine - INFO - fire
2021-12-17 11:54:50,594 - Main.MLEngine - INFO - fire
2021-12-17 11:54:50,638 - Main.MLEngine - INFO - fire
2021-12-17 11:54:50,693 - Main.MLEngine - INFO - fire
2021-12-17 11:54:50,730 - Main.MLEngine - INFO - fire
2021-12-17 11:54:50,760 - Main.MLEngine - INFO - fire
2021-12-17 11:54:50,800 - Main.MLEngine - INFO - fire
2021-12-17 11:54:50,843 - Main.MLEngine - INFO - fire
2021-12-17 11:54:50,885 - Main.MLEngine - INFO - fire
2021-12-17 11:54:50,935 - Main.MLEngine - INFO - fire
2021-12-17 11:54:50,951 - Main.MLEngine - INFO - fire
2021-12-17 11:54:50,992 - Main.MLEngine - INFO - fire
2021-12-17 11:54:51,007 - Main.MLEngine - INFO - fire
2021-12-17 11:54:51,039 - Main.MLEngine - INFO - fire
2021-12-17 11:54:51,086 - Main.MLEngine - INFO - fire
2021-12-17 11:54:51,133 - Main.MLEngine - INFO - fire
2021-12-17 11:54:51,177 - Main.MLEngine - INFO - fire
2021-12-17 11:54:51,224 - Main.MLEngine - INFO - fire
2021-12-17 11:54:51,272 - Main.MLEngine - INFO - fire
2021-12-17 11:54:51,315 - Main.MLEngine - INFO - fire
2021-12-17 11:54:51,358 - Main.MLEngine - INFO - fire
2021-12-17 11:54:51,404 - Main.MLEngine - INFO - fire
2021-12-17 11:54:51,446 - Main.MLEngine - INFO - fire
2021-12-17 11:54:51,462 - Main.MLEngine - INFO - fire
2021-12-17 11:54:51,501 - Main.MLEngine - INFO - fire
2021-12-17 11:54:51,516 - Main.MLEngine - INFO - fire
2021-12-17 11:54:51,561 - Main.MLEngine - INFO - fire
2021-12-17 11:54:51,589 - Main.MLEngine - INFO - fire
2021-12-17 11:54:51,623 - Main.MLEngine - INFO - fire
2021-12-17 11:54:51,666 - Main.MLEngine - INFO - fire
2021-12-17 11:54:51,722 - Main.MLEngine - INFO - fire
2021-12-17 11:54:51,752 - Main.MLEngine - INFO - fire
2021-12-17 11:54:51,786 - Main.MLEngine - INFO - fire
2021-12-17 11:54:51,823 - Main.MLEngine - INFO - fire
2021-12-17 11:54:51,868 - Main.MLEngine - INFO - fire
2021-12-17 11:54:51,919 - Main.MLEngine - INFO - fire
2021-12-17 11:54:51,955 - Main.MLEngine - INFO - fire
2021-12-17 11:54:52,078 - Main.MLEngine - INFO - fire
2021-12-17 11:54:52,114 - Main.MLEngine - INFO - fire
2021-12-17 11:54:52,163 - Main.MLEngine - INFO - fire
2021-12-17 11:54:52,201 - Main.MLEngine - INFO - fire
2021-12-17 11:54:52,233 - Main.MLEngine - INFO - fire
2021-12-17 11:54:52,266 - Main.MLEngine - INFO - fire
2021-12-17 11:54:52,407 - Main.MLEngine - INFO - fire
2021-12-17 11:54:52,445 - Main.MLEngine - INFO - fire
2021-12-17 11:54:52,480 - Main.MLEngine - INFO - fire
2021-12-17 11:54:52,524 - Main.MLEngine - INFO - fire
2021-12-17 11:54:52,567 - Main.MLEngine - INFO - fire
2021-12-17 11:54:52,631 - Main.MLEngine - INFO - fire
2021-12-17 11:54:52,681 - Main.MLEngine - INFO - fire
2021-12-17 11:54:52,728 - Main.MLEngine - INFO - fire
2021-12-17 11:54:52,764 - Main.MLEngine - INFO - fire
2021-12-17 11:54:52,799 - Main.MLEngine - INFO - fire
2021-12-17 11:54:52,904 - Main.MLEngine - INFO - fire
2021-12-17 11:54:52,957 - Main.MLEngine - INFO - fire
2021-12-17 11:54:52,996 - Main.MLEngine - INFO - fire
2021-12-17 11:54:53,041 - Main.MLEngine - INFO - fire
2021-12-17 11:54:53,085 - Main.MLEngine - INFO - fire
2021-12-17 11:54:53,116 - Main.MLEngine - INFO - fire
2021-12-17 11:54:53,155 - Main.MLEngine - INFO - fire
2021-12-17 11:54:53,193 - Main.MLEngine - INFO - fire
2021-12-17 11:54:53,223 - Main.MLEngine - INFO - fire
2021-12-17 11:54:53,257 - Main.MLEngine - INFO - fire
2021-12-17 11:54:53,306 - Main.MLEngine - INFO - fire
2021-12-17 11:54:53,348 - Main.MLEngine - INFO - fire
2021-12-17 11:54:53,390 - Main.MLEngine - INFO - fire
2021-12-17 11:54:53,425 - Main.MLEngine - INFO - fire
2021-12-17 11:54:53,471 - Main.MLEngine - INFO - fire
2021-12-17 11:54:53,513 - Main.MLEngine - INFO - fire
2021-12-17 11:54:53,550 - Main.MLEngine - INFO - fire
2021-12-17 11:54:53,596 - Main.MLEngine - INFO - fire
2021-12-17 11:54:53,644 - Main.MLEngine - INFO - fire
2021-12-17 11:54:53,689 - Main.MLEngine - INFO - fire
2021-12-17 11:54:53,727 - Main.MLEngine - INFO - fire
2021-12-17 11:54:53,765 - Main.MLEngine - INFO - fire
2021-12-17 11:54:53,811 - Main.MLEngine - INFO - fire
2021-12-17 11:54:53,945 - Main.MLEngine - INFO - fire
2021-12-17 11:54:53,987 - Main.MLEngine - INFO - fire
2021-12-17 11:54:54,109 - Main.MLEngine - INFO - fire
2021-12-17 11:54:54,264 - Main.MLEngine - INFO - fire
2021-12-17 11:54:54,316 - Main.MLEngine - INFO - fire
2021-12-17 11:54:54,355 - Main.MLEngine - INFO - fire
2021-12-17 11:54:54,468 - Main.MLEngine - INFO - fire
2021-12-17 11:54:54,501 - Main.MLEngine - INFO - fire
2021-12-17 11:54:54,541 - Main.MLEngine - INFO - fire
2021-12-17 11:54:54,592 - Main.MLEngine - INFO - fire
2021-12-17 11:54:54,637 - Main.MLEngine - INFO - fire
2021-12-17 11:54:54,727 - Main.MLEngine - INFO - fire
2021-12-17 11:54:54,770 - Main.MLEngine - INFO - fire
2021-12-17 11:54:54,816 - Main.MLEngine - INFO - fire
2021-12-17 11:54:54,859 - Main.MLEngine - INFO - fire
2021-12-17 11:54:54,895 - Main.MLEngine - INFO - fire
2021-12-17 11:54:54,939 - Main.MLEngine - INFO - fire
2021-12-17 11:54:54,966 - Main.MLEngine - INFO - fire
2021-12-17 11:54:55,002 - Main.MLEngine - INFO - fire
2021-12-17 11:54:55,050 - Main.MLEngine - INFO - fire
2021-12-17 11:54:55,101 - Main.MLEngine - INFO - fire
2021-12-17 11:54:55,138 - Main.MLEngine - INFO - fire
2021-12-17 11:54:55,182 - Main.MLEngine - INFO - fire
2021-12-17 11:54:55,226 - Main.MLEngine - INFO - fire
2021-12-17 11:54:55,263 - Main.MLEngine - INFO - fire
2021-12-17 11:54:55,310 - Main.MLEngine - INFO - fire
2021-12-17 11:54:55,355 - Main.MLEngine - INFO - fire
2021-12-17 11:54:55,398 - Main.MLEngine - INFO - fire
2021-12-17 11:54:55,428 - Main.MLEngine - INFO - fire
2021-12-17 11:54:55,465 - Main.MLEngine - INFO - fire
2021-12-17 11:54:55,501 - Main.MLEngine - INFO - fire
2021-12-17 11:54:55,535 - Main.MLEngine - INFO - fire
2021-12-17 11:54:55,569 - Main.MLEngine - INFO - fire
2021-12-17 11:54:55,621 - Main.MLEngine - INFO - fire
2021-12-17 11:54:55,660 - Main.MLEngine - INFO - fire
2021-12-17 11:54:55,703 - Main.MLEngine - INFO - fire
2021-12-17 11:54:55,735 - Main.MLEngine - INFO - fire
2021-12-17 11:54:55,767 - Main.MLEngine - INFO - fire
2021-12-17 11:54:55,810 - Main.MLEngine - INFO - fire
2021-12-17 11:54:55,848 - Main.MLEngine - INFO - fire
2021-12-17 11:54:55,894 - Main.MLEngine - INFO - fire
2021-12-17 11:54:55,938 - Main.MLEngine - INFO - fire
2021-12-17 11:54:55,978 - Main.MLEngine - INFO - fire
2021-12-17 11:54:56,009 - Main.MLEngine - INFO - fire
2021-12-17 11:54:56,048 - Main.MLEngine - INFO - fire
2021-12-17 11:54:56,093 - Main.MLEngine - INFO - fire
2021-12-17 11:54:56,122 - Main.MLEngine - INFO - fire
2021-12-17 11:54:56,161 - Main.MLEngine - INFO - fire
2021-12-17 11:54:56,201 - Main.MLEngine - INFO - fire
2021-12-17 11:54:56,247 - Main.MLEngine - INFO - fire
2021-12-17 11:54:56,288 - Main.MLEngine - INFO - fire
2021-12-17 11:54:56,315 - Main.MLEngine - INFO - fire
2021-12-17 11:54:56,350 - Main.MLEngine - INFO - fire
2021-12-17 11:54:56,395 - Main.MLEngine - INFO - fire
2021-12-17 11:54:56,431 - Main.MLEngine - INFO - fire
2021-12-17 11:54:56,475 - Main.MLEngine - INFO - fire
2021-12-17 11:54:56,523 - Main.MLEngine - INFO - fire
2021-12-17 11:54:56,568 - Main.MLEngine - INFO - fire
2021-12-17 11:54:56,606 - Main.MLEngine - INFO - fire
2021-12-17 11:54:56,637 - Main.MLEngine - INFO - fire
2021-12-17 11:54:56,674 - Main.MLEngine - INFO - fire
2021-12-17 11:54:56,720 - Main.MLEngine - INFO - fire
2021-12-17 11:54:56,767 - Main.MLEngine - INFO - fire
2021-12-17 11:54:56,806 - Main.MLEngine - INFO - fire
2021-12-17 11:54:56,853 - Main.MLEngine - INFO - fire
2021-12-17 11:54:56,898 - Main.MLEngine - INFO - fire
2021-12-17 11:54:56,944 - Main.MLEngine - INFO - fire
2021-12-17 11:54:56,990 - Main.MLEngine - INFO - fire
2021-12-17 11:54:57,038 - Main.MLEngine - INFO - fire
2021-12-17 11:54:57,097 - Main.MLEngine - INFO - fire
2021-12-17 11:54:57,131 - Main.MLEngine - INFO - fire
2021-12-17 11:54:57,173 - Main.MLEngine - INFO - fire
2021-12-17 11:54:57,217 - Main.MLEngine - INFO - fire
2021-12-17 11:54:57,250 - Main.MLEngine - INFO - fire
2021-12-17 11:54:57,293 - Main.MLEngine - INFO - fire
2021-12-17 11:54:57,333 - Main.MLEngine - INFO - fire
2021-12-17 11:54:57,383 - Main.MLEngine - INFO - fire
2021-12-17 11:54:57,415 - Main.MLEngine - INFO - fire
2021-12-17 11:54:57,452 - Main.MLEngine - INFO - fire
2021-12-17 11:54:57,496 - Main.MLEngine - INFO - fire
2021-12-17 11:54:57,538 - Main.MLEngine - INFO - fire
2021-12-17 11:54:57,568 - Main.MLEngine - INFO - fire
2021-12-17 11:54:57,604 - Main.MLEngine - INFO - fire
2021-12-17 11:54:57,654 - Main.MLEngine - INFO - fire
2021-12-17 11:54:57,703 - Main.MLEngine - INFO - fire
2021-12-17 11:54:57,739 - Main.MLEngine - INFO - fire
2021-12-17 11:54:57,769 - Main.MLEngine - INFO - fire
2021-12-17 11:54:57,811 - Main.MLEngine - INFO - fire
2021-12-17 11:54:57,849 - Main.MLEngine - INFO - fire
2021-12-17 11:54:57,899 - Main.MLEngine - INFO - fire
2021-12-17 11:54:57,946 - Main.MLEngine - INFO - fire
2021-12-17 11:54:58,078 - Main.MLEngine - INFO - fire
2021-12-17 11:54:58,112 - Main.MLEngine - INFO - fire
2021-12-17 11:54:58,159 - Main.MLEngine - INFO - fire
2021-12-17 11:54:58,199 - Main.MLEngine - INFO - fire
2021-12-17 11:54:58,227 - Main.MLEngine - INFO - fire
2021-12-17 11:54:58,315 - Main.MLEngine - INFO - fire
2021-12-17 11:54:58,352 - Main.MLEngine - INFO - fire
2021-12-17 11:54:58,400 - Main.MLEngine - INFO - fire
2021-12-17 11:54:58,447 - Main.MLEngine - INFO - fire
2021-12-17 11:54:58,496 - Main.MLEngine - INFO - fire
2021-12-17 11:54:58,538 - Main.MLEngine - INFO - fire
2021-12-17 11:54:58,580 - Main.MLEngine - INFO - fire
2021-12-17 11:54:58,611 - Main.MLEngine - INFO - fire
2021-12-17 11:54:58,645 - Main.MLEngine - INFO - fire
2021-12-17 11:54:58,688 - Main.MLEngine - INFO - fire
2021-12-17 11:54:58,719 - Main.MLEngine - INFO - fire
2021-12-17 11:54:58,751 - Main.MLEngine - INFO - fire
2021-12-17 11:54:58,805 - Main.MLEngine - INFO - fire
2021-12-17 11:54:58,850 - Main.MLEngine - INFO - fire
2021-12-17 11:54:58,887 - Main.MLEngine - INFO - fire
2021-12-17 11:54:58,923 - Main.MLEngine - INFO - fire
2021-12-17 11:54:58,969 - Main.MLEngine - INFO - fire
2021-12-17 11:54:59,012 - Main.MLEngine - INFO - fire
2021-12-17 11:54:59,042 - Main.MLEngine - INFO - fire
2021-12-17 11:54:59,083 - Main.MLEngine - INFO - fire
2021-12-17 11:54:59,127 - Main.MLEngine - INFO - fire
2021-12-17 11:54:59,164 - Main.MLEngine - INFO - fire
2021-12-17 11:54:59,194 - Main.MLEngine - INFO - fire
2021-12-17 11:54:59,234 - Main.MLEngine - INFO - fire
2021-12-17 11:54:59,285 - Main.MLEngine - INFO - fire
2021-12-17 11:54:59,321 - Main.MLEngine - INFO - fire
2021-12-17 11:54:59,416 - Main.MLEngine - INFO - fire
2021-12-17 11:54:59,457 - Main.MLEngine - INFO - fire
2021-12-17 11:54:59,492 - Main.MLEngine - INFO - fire
2021-12-17 11:54:59,535 - Main.MLEngine - INFO - fire
2021-12-17 11:54:59,580 - Main.MLEngine - INFO - fire
2021-12-17 11:54:59,612 - Main.MLEngine - INFO - fire
2021-12-17 11:54:59,657 - Main.MLEngine - INFO - fire
2021-12-17 11:54:59,686 - Main.MLEngine - INFO - fire
2021-12-17 11:54:59,718 - Main.MLEngine - INFO - fire
2021-12-17 11:54:59,754 - Main.MLEngine - INFO - fire
2021-12-17 11:54:59,794 - Main.MLEngine - INFO - fire
2021-12-17 11:54:59,832 - Main.MLEngine - INFO - fire
2021-12-17 11:54:59,876 - Main.MLEngine - INFO - fire
2021-12-17 11:54:59,918 - Main.MLEngine - INFO - fire
2021-12-17 11:54:59,968 - Main.MLEngine - INFO - fire
2021-12-17 11:55:00,010 - Main.MLEngine - INFO - fire
2021-12-17 11:55:00,059 - Main.MLEngine - INFO - fire
2021-12-17 11:55:00,104 - Main.MLEngine - INFO - fire
2021-12-17 11:55:00,145 - Main.MLEngine - INFO - fire
2021-12-17 11:55:00,183 - Main.MLEngine - INFO - fire
2021-12-17 11:55:00,225 - Main.MLEngine - INFO - fire
2021-12-17 11:55:00,272 - Main.MLEngine - INFO - fire
2021-12-17 11:55:00,316 - Main.MLEngine - INFO - fire
2021-12-17 11:55:00,360 - Main.MLEngine - INFO - fire
2021-12-17 11:55:00,393 - Main.MLEngine - INFO - fire
2021-12-17 11:55:00,438 - Main.MLEngine - INFO - fire
2021-12-17 11:55:00,551 - Main.MLEngine - INFO - fire
2021-12-17 11:55:00,594 - Main.MLEngine - INFO - fire
2021-12-17 11:55:00,635 - Main.MLEngine - INFO - fire
2021-12-17 11:55:00,683 - Main.MLEngine - INFO - fire
2021-12-17 11:55:00,728 - Main.MLEngine - INFO - fire
2021-12-17 11:55:00,769 - Main.MLEngine - INFO - fire
2021-12-17 11:55:00,884 - Main.MLEngine - INFO - fire
2021-12-17 11:55:00,923 - Main.MLEngine - INFO - fire
2021-12-17 11:55:00,954 - Main.MLEngine - INFO - fire
2021-12-17 11:55:01,004 - Main.MLEngine - INFO - fire
2021-12-17 11:55:01,053 - Main.MLEngine - INFO - fire
2021-12-17 11:55:01,097 - Main.MLEngine - INFO - fire
2021-12-17 11:55:01,144 - Main.MLEngine - INFO - fire
2021-12-17 11:55:01,195 - Main.MLEngine - INFO - fire
2021-12-17 11:55:01,229 - Main.MLEngine - INFO - fire
2021-12-17 11:55:01,365 - Main.MLEngine - INFO - fire
2021-12-17 11:55:01,412 - Main.MLEngine - INFO - fire
2021-12-17 11:55:01,458 - Main.MLEngine - INFO - fire
2021-12-17 11:55:01,505 - Main.MLEngine - INFO - fire
2021-12-17 11:55:01,550 - Main.MLEngine - INFO - fire
2021-12-17 11:55:01,582 - Main.MLEngine - INFO - fire
2021-12-17 11:55:01,624 - Main.MLEngine - INFO - fire
2021-12-17 11:55:01,657 - Main.MLEngine - INFO - fire
2021-12-17 11:55:01,699 - Main.MLEngine - INFO - fire
2021-12-17 11:55:01,736 - Main.MLEngine - INFO - fire
2021-12-17 11:55:01,806 - Main.MLEngine - INFO - fire
2021-12-17 11:55:01,843 - Main.MLEngine - INFO - fire
2021-12-17 11:55:01,872 - Main.MLEngine - INFO - fire
2021-12-17 11:55:01,907 - Main.MLEngine - INFO - fire
2021-12-17 11:55:01,946 - Main.MLEngine - INFO - fire
2021-12-17 11:55:01,978 - Main.MLEngine - INFO - fire
2021-12-17 11:55:02,011 - Main.MLEngine - INFO - fire
2021-12-17 11:55:02,055 - Main.MLEngine - INFO - fire
2021-12-17 11:55:02,099 - Main.MLEngine - INFO - fire
2021-12-17 11:55:02,178 - Main.MLEngine - INFO - fire
2021-12-17 11:55:02,224 - Main.MLEngine - INFO - fire
2021-12-17 11:55:02,268 - Main.MLEngine - INFO - fire
2021-12-17 11:55:02,297 - Main.MLEngine - INFO - fire
2021-12-17 11:55:02,332 - Main.MLEngine - INFO - fire
2021-12-17 11:55:02,381 - Main.MLEngine - INFO - fire
2021-12-17 11:55:02,422 - Main.MLEngine - INFO - fire
2021-12-17 11:55:02,458 - Main.MLEngine - INFO - fire
2021-12-17 11:55:02,497 - Main.MLEngine - INFO - fire
2021-12-17 11:55:02,533 - Main.MLEngine - INFO - fire
2021-12-17 11:55:02,577 - Main.MLEngine - INFO - fire
2021-12-17 11:55:02,625 - Main.MLEngine - INFO - fire
2021-12-17 11:55:02,667 - Main.MLEngine - INFO - fire
2021-12-17 11:55:02,699 - Main.MLEngine - INFO - fire
2021-12-17 11:55:02,735 - Main.MLEngine - INFO - fire
2021-12-17 11:55:02,778 - Main.MLEngine - INFO - fire
2021-12-17 11:55:02,885 - Main.MLEngine - INFO - fire
2021-12-17 11:55:02,915 - Main.MLEngine - INFO - fire
2021-12-17 11:55:02,953 - Main.MLEngine - INFO - fire
2021-12-17 11:55:03,004 - Main.MLEngine - INFO - fire
2021-12-17 11:55:03,087 - Main.MLEngine - INFO - fire
2021-12-17 11:55:03,132 - Main.MLEngine - INFO - fire
2021-12-17 11:55:03,174 - Main.MLEngine - INFO - fire
2021-12-17 11:55:03,212 - Main.MLEngine - INFO - fire
2021-12-17 11:55:03,251 - Main.MLEngine - INFO - fire
2021-12-17 11:55:03,388 - Main.MLEngine - INFO - fire
2021-12-17 11:55:03,510 - Main.MLEngine - INFO - fire
2021-12-17 11:55:03,540 - Main.MLEngine - INFO - fire
2021-12-17 11:55:03,578 - Main.MLEngine - INFO - fire
2021-12-17 11:55:03,622 - Main.MLEngine - INFO - fire
2021-12-17 11:55:03,666 - Main.MLEngine - INFO - fire
2021-12-17 11:55:03,710 - Main.MLEngine - INFO - fire
2021-12-17 11:55:03,743 - Main.MLEngine - INFO - fire
2021-12-17 11:55:03,795 - Main.MLEngine - INFO - fire
2021-12-17 11:55:03,830 - Main.MLEngine - INFO - fire
2021-12-17 11:55:03,867 - Main.MLEngine - INFO - fire
2021-12-17 11:55:03,911 - Main.MLEngine - INFO - fire
2021-12-17 11:55:03,953 - Main.MLEngine - INFO - fire
2021-12-17 11:55:03,988 - Main.MLEngine - INFO - fire
2021-12-17 11:55:04,030 - Main.MLEngine - INFO - fire
2021-12-17 11:55:04,061 - Main.MLEngine - INFO - fire
2021-12-17 11:55:04,091 - Main.MLEngine - INFO - fire
2021-12-17 11:55:04,129 - Main.MLEngine - INFO - fire
2021-12-17 11:55:04,167 - Main.MLEngine - INFO - fire
2021-12-17 11:55:04,203 - Main.MLEngine - INFO - fire
2021-12-17 11:55:04,255 - Main.MLEngine - INFO - fire
2021-12-17 11:55:04,293 - Main.MLEngine - INFO - fire
2021-12-17 11:55:04,323 - Main.MLEngine - INFO - fire
2021-12-17 11:55:04,358 - Main.MLEngine - INFO - fire
2021-12-17 11:55:04,410 - Main.MLEngine - INFO - fire
2021-12-17 11:55:04,450 - Main.MLEngine - INFO - fire
2021-12-17 11:55:04,499 - Main.MLEngine - INFO - fire
2021-12-17 11:55:04,536 - Main.MLEngine - INFO - fire
2021-12-17 11:55:04,565 - Main.MLEngine - INFO - fire
2021-12-17 11:55:04,602 - Main.MLEngine - INFO - fire
2021-12-17 11:55:04,652 - Main.MLEngine - INFO - fire
2021-12-17 11:55:04,783 - Main.MLEngine - INFO - fire
2021-12-17 11:55:04,810 - Main.MLEngine - INFO - fire
2021-12-17 11:55:04,841 - Main.MLEngine - INFO - fire
2021-12-17 11:55:04,878 - Main.MLEngine - INFO - fire
2021-12-17 11:55:04,920 - Main.MLEngine - INFO - fire
2021-12-17 11:55:04,967 - Main.MLEngine - INFO - fire
2021-12-17 11:55:05,003 - Main.MLEngine - INFO - fire
2021-12-17 11:55:05,033 - Main.MLEngine - INFO - fire
2021-12-17 11:55:05,084 - Main.MLEngine - INFO - fire
2021-12-17 11:55:05,122 - Main.MLEngine - INFO - fire
2021-12-17 11:55:05,169 - Main.MLEngine - INFO - fire
2021-12-17 11:55:05,213 - Main.MLEngine - INFO - fire
2021-12-17 11:55:05,259 - Main.MLEngine - INFO - fire
2021-12-17 11:55:05,307 - Main.MLEngine - INFO - fire
2021-12-17 11:55:05,349 - Main.MLEngine - INFO - fire
2021-12-17 11:55:05,385 - Main.MLEngine - INFO - fire
2021-12-17 11:55:05,429 - Main.MLEngine - INFO - fire
2021-12-17 11:55:05,474 - Main.MLEngine - INFO - fire
2021-12-17 11:55:05,519 - Main.MLEngine - INFO - fire
2021-12-17 11:55:05,548 - Main.MLEngine - INFO - fire
2021-12-17 11:55:05,585 - Main.MLEngine - INFO - fire
2021-12-17 11:55:05,627 - Main.MLEngine - INFO - fire
2021-12-17 11:55:05,672 - Main.MLEngine - INFO - fire
2021-12-17 11:55:05,706 - Main.MLEngine - INFO - fire
2021-12-17 11:55:05,753 - Main.MLEngine - INFO - fire
2021-12-17 11:55:05,793 - Main.MLEngine - INFO - fire
2021-12-17 11:55:05,833 - Main.MLEngine - INFO - fire
2021-12-17 11:55:05,882 - Main.MLEngine - INFO - fire
2021-12-17 11:55:05,916 - Main.MLEngine - INFO - fire
2021-12-17 11:55:05,951 - Main.MLEngine - INFO - fire
2021-12-17 11:55:06,007 - Main.MLEngine - INFO - fire
2021-12-17 11:55:06,041 - Main.MLEngine - INFO - fire
2021-12-17 11:55:06,091 - Main.MLEngine - INFO - fire
2021-12-17 11:55:06,131 - Main.MLEngine - INFO - fire
2021-12-17 11:55:06,175 - Main.MLEngine - INFO - fire
2021-12-17 11:55:06,211 - Main.MLEngine - INFO - fire
2021-12-17 11:55:06,253 - Main.MLEngine - INFO - fire
2021-12-17 11:55:06,284 - Main.MLEngine - INFO - fire
2021-12-17 11:55:06,312 - Main.MLEngine - INFO - fire
2021-12-17 11:55:06,345 - Main.MLEngine - INFO - fire
2021-12-17 11:55:06,381 - Main.MLEngine - INFO - fire
2021-12-17 11:55:06,424 - Main.MLEngine - INFO - fire
2021-12-17 11:55:06,459 - Main.MLEngine - INFO - fire
2021-12-17 11:55:06,502 - Main.MLEngine - INFO - fire
2021-12-17 11:55:06,549 - Main.MLEngine - INFO - fire
2021-12-17 11:55:06,596 - Main.MLEngine - INFO - fire
2021-12-17 11:55:06,638 - Main.MLEngine - INFO - fire
2021-12-17 11:55:06,671 - Main.MLEngine - INFO - fire
2021-12-17 11:55:06,717 - Main.MLEngine - INFO - fire
2021-12-17 11:55:06,745 - Main.MLEngine - INFO - fire
2021-12-17 11:55:06,780 - Main.MLEngine - INFO - fire
2021-12-17 11:55:06,825 - Main.MLEngine - INFO - fire
2021-12-17 11:55:06,874 - Main.MLEngine - INFO - fire
2021-12-17 11:55:06,904 - Main.MLEngine - INFO - fire
2021-12-17 11:55:06,933 - Main.MLEngine - INFO - fire
2021-12-17 11:55:06,980 - Main.MLEngine - INFO - fire
2021-12-17 11:55:07,031 - Main.MLEngine - INFO - fire
2021-12-17 11:55:07,073 - Main.MLEngine - INFO - fire
2021-12-17 11:55:07,123 - Main.MLEngine - INFO - fire
2021-12-17 11:55:07,153 - Main.MLEngine - INFO - fire
2021-12-17 11:55:07,193 - Main.MLEngine - INFO - fire
2021-12-17 11:55:07,240 - Main.MLEngine - INFO - fire
2021-12-17 11:55:07,288 - Main.MLEngine - INFO - fire
2021-12-17 11:55:07,328 - Main.MLEngine - INFO - fire
2021-12-17 11:55:07,366 - Main.MLEngine - INFO - fire
2021-12-17 11:55:07,409 - Main.MLEngine - INFO - fire
2021-12-17 11:55:07,458 - Main.MLEngine - INFO - fire
2021-12-17 11:55:07,501 - Main.MLEngine - INFO - fire
2021-12-17 11:55:07,542 - Main.MLEngine - INFO - fire
2021-12-17 11:55:07,575 - Main.MLEngine - INFO - fire
2021-12-17 11:55:07,612 - Main.MLEngine - INFO - fire
2021-12-17 11:55:07,658 - Main.MLEngine - INFO - fire
2021-12-17 11:55:07,704 - Main.MLEngine - INFO - fire
2021-12-17 11:55:07,750 - Main.MLEngine - INFO - fire
2021-12-17 11:55:07,780 - Main.MLEngine - INFO - fire
2021-12-17 11:55:07,811 - Main.MLEngine - INFO - fire
2021-12-17 11:55:07,843 - Main.MLEngine - INFO - fire
2021-12-17 11:55:07,881 - Main.MLEngine - INFO - fire
2021-12-17 11:55:07,913 - Main.MLEngine - INFO - fire
2021-12-17 11:55:07,961 - Main.MLEngine - INFO - fire
2021-12-17 11:55:08,004 - Main.MLEngine - INFO - fire
2021-12-17 11:55:08,046 - Main.MLEngine - INFO - fire
2021-12-17 11:55:08,078 - Main.MLEngine - INFO - fire
2021-12-17 11:55:08,115 - Main.MLEngine - INFO - fire
2021-12-17 11:55:08,161 - Main.MLEngine - INFO - fire
2021-12-17 11:55:08,197 - Main.MLEngine - INFO - fire
2021-12-17 11:55:08,234 - Main.MLEngine - INFO - fire
2021-12-17 11:55:08,285 - Main.MLEngine - INFO - fire
2021-12-17 11:55:08,326 - Main.MLEngine - INFO - fire
2021-12-17 11:55:08,372 - Main.MLEngine - INFO - fire
2021-12-17 11:55:08,415 - Main.MLEngine - INFO - fire
2021-12-17 11:55:08,459 - Main.MLEngine - INFO - fire
2021-12-17 11:55:08,497 - Main.MLEngine - INFO - fire
2021-12-17 11:55:08,538 - Main.MLEngine - INFO - fire
2021-12-17 11:55:08,584 - Main.MLEngine - INFO - fire
2021-12-17 11:55:08,634 - Main.MLEngine - INFO - fire
2021-12-17 11:55:08,673 - Main.MLEngine - INFO - fire
2021-12-17 11:55:08,707 - Main.MLEngine - INFO - fire
2021-12-17 11:55:08,751 - Main.MLEngine - INFO - fire
2021-12-17 11:55:08,781 - Main.MLEngine - INFO - fire
2021-12-17 11:55:08,811 - Main.MLEngine - INFO - fire
2021-12-17 11:55:08,840 - Main.MLEngine - INFO - fire
2021-12-17 11:55:08,879 - Main.MLEngine - INFO - fire
2021-12-17 11:55:08,919 - Main.MLEngine - INFO - fire
2021-12-17 11:55:08,950 - Main.MLEngine - INFO - fire
2021-12-17 11:55:08,985 - Main.MLEngine - INFO - fire
2021-12-17 11:55:09,034 - Main.MLEngine - INFO - fire
2021-12-17 11:55:09,078 - Main.MLEngine - INFO - fire
2021-12-17 11:55:09,125 - Main.MLEngine - INFO - fire
2021-12-17 11:55:09,163 - Main.MLEngine - INFO - fire
2021-12-17 11:55:09,196 - Main.MLEngine - INFO - fire
2021-12-17 11:55:09,242 - Main.MLEngine - INFO - fire
2021-12-17 11:55:09,286 - Main.MLEngine - INFO - fire
2021-12-17 11:55:09,332 - Main.MLEngine - INFO - fire
2021-12-17 11:55:09,381 - Main.MLEngine - INFO - fire
2021-12-17 11:55:09,421 - Main.MLEngine - INFO - fire
2021-12-17 11:55:09,456 - Main.MLEngine - INFO - fire
2021-12-17 11:55:09,499 - Main.MLEngine - INFO - fire
2021-12-17 11:55:09,528 - Main.MLEngine - INFO - fire
2021-12-17 11:55:09,565 - Main.MLEngine - INFO - fire
2021-12-17 11:55:09,611 - Main.MLEngine - INFO - fire
2021-12-17 11:55:09,654 - Main.MLEngine - INFO - fire
2021-12-17 11:55:09,700 - Main.MLEngine - INFO - fire
2021-12-17 11:55:09,748 - Main.MLEngine - INFO - fire
2021-12-17 11:55:09,786 - Main.MLEngine - INFO - fire
2021-12-17 11:55:09,818 - Main.MLEngine - INFO - fire
2021-12-17 11:55:09,854 - Main.MLEngine - INFO - fire
2021-12-17 11:55:09,899 - Main.MLEngine - INFO - fire
2021-12-17 11:55:09,942 - Main.MLEngine - INFO - fire
2021-12-17 11:55:09,982 - Main.MLEngine - INFO - fire
2021-12-17 11:55:10,022 - Main.MLEngine - INFO - fire
2021-12-17 11:55:26,602 - Main.MLEngine - INFO - smoke
2021-12-17 11:55:26,756 - Main.MLEngine - INFO - smoke
2021-12-17 11:55:26,898 - Main.MLEngine - INFO - smoke
2021-12-17 11:55:26,912 - Main.MLEngine - INFO - smoke
2021-12-17 11:55:26,926 - Main.MLEngine - INFO - fire
2021-12-17 11:55:27,048 - Main.MLEngine - INFO - smoke
2021-12-17 11:55:27,062 - Main.MLEngine - INFO - fire
2021-12-17 11:55:27,227 - Main.MLEngine - INFO - smoke
2021-12-17 11:55:27,240 - Main.MLEngine - INFO - smoke
2021-12-17 11:55:27,280 - Main.MLEngine - INFO - smoke
2021-12-17 11:55:27,427 - Main.MLEngine - INFO - smoke
2021-12-17 11:55:27,442 - Main.MLEngine - INFO - smoke
2021-12-17 11:55:27,617 - Main.MLEngine - INFO - smoke
2021-12-17 11:55:27,717 - Main.MLEngine - INFO - smoke
2021-12-17 11:55:27,771 - Main.MLEngine - INFO - smoke
2021-12-17 11:55:27,799 - Main.MLEngine - INFO - smoke
2021-12-17 11:55:28,002 - Main.MLEngine - INFO - smoke
2021-12-17 11:55:28,165 - Main.MLEngine - INFO - fire
2021-12-17 11:55:28,274 - Main.MLEngine - INFO - smoke
2021-12-17 11:55:28,302 - Main.MLEngine - INFO - fire
2021-12-17 11:55:28,361 - Main.MLEngine - INFO - smoke
2021-12-17 11:55:28,404 - Main.MLEngine - INFO - fire
2021-12-17 11:55:28,557 - Main.MLEngine - INFO - smoke
2021-12-17 11:55:28,628 - Main.MLEngine - INFO - smoke
2021-12-17 11:55:28,642 - Main.MLEngine - INFO - fire
2021-12-17 11:55:28,846 - Main.MLEngine - INFO - smoke
2021-12-17 11:55:29,181 - Main.MLEngine - INFO - fire
2021-12-17 11:55:29,296 - Main.MLEngine - INFO - fire
2021-12-17 11:55:29,408 - Main.MLEngine - INFO - fire
2021-12-17 11:55:29,499 - Main.MLEngine - INFO - fire
2021-12-17 11:55:29,560 - Main.MLEngine - INFO - smoke
2021-12-17 11:55:29,577 - Main.MLEngine - INFO - fire
2021-12-17 11:55:29,641 - Main.MLEngine - INFO - smoke
2021-12-17 11:55:29,658 - Main.MLEngine - INFO - fire
2021-12-17 11:55:29,714 - Main.MLEngine - INFO - smoke
2021-12-17 11:55:29,732 - Main.MLEngine - INFO - fire
2021-12-17 11:55:29,767 - Main.MLEngine - INFO - smoke
2021-12-17 11:55:29,784 - Main.MLEngine - INFO - fire
2021-12-17 11:55:29,854 - Main.MLEngine - INFO - fire
2021-12-17 11:55:29,903 - Main.MLEngine - INFO - smoke
2021-12-17 11:55:29,921 - Main.MLEngine - INFO - fire
2021-12-17 11:55:30,007 - Main.MLEngine - INFO - fire
2021-12-17 11:55:30,096 - Main.MLEngine - INFO - fire
2021-12-17 11:55:30,170 - Main.MLEngine - INFO - fire
2021-12-17 11:55:30,223 - Main.MLEngine - INFO - fire
2021-12-17 11:55:30,268 - Main.MLEngine - INFO - smoke
2021-12-17 11:55:30,286 - Main.MLEngine - INFO - fire
2021-12-17 11:55:30,384 - Main.MLEngine - INFO - fire
2021-12-17 11:55:30,477 - Main.MLEngine - INFO - fire
2021-12-17 11:55:30,565 - Main.MLEngine - INFO - fire
2021-12-17 11:55:30,626 - Main.MLEngine - INFO - smoke
2021-12-17 11:55:30,657 - Main.MLEngine - INFO - smoke
2021-12-17 11:55:30,672 - Main.MLEngine - INFO - fire
2021-12-17 11:55:30,767 - Main.MLEngine - INFO - smoke
2021-12-17 11:55:30,782 - Main.MLEngine - INFO - fire
2021-12-17 11:55:30,851 - Main.MLEngine - INFO - fire
2021-12-17 11:55:30,892 - Main.MLEngine - INFO - smoke
2021-12-17 11:55:30,952 - Main.MLEngine - INFO - fire
2021-12-17 11:55:31,052 - Main.MLEngine - INFO - fire
2021-12-17 11:55:31,133 - Main.MLEngine - INFO - fire
2021-12-17 11:55:31,182 - Main.MLEngine - INFO - fire
2021-12-17 11:55:31,246 - Main.MLEngine - INFO - fire
2021-12-17 11:55:31,304 - Main.MLEngine - INFO - fire
2021-12-17 11:55:31,362 - Main.MLEngine - INFO - fire
2021-12-17 11:55:31,409 - Main.MLEngine - INFO - smoke
2021-12-17 11:55:31,428 - Main.MLEngine - INFO - fire
2021-12-17 11:55:31,505 - Main.MLEngine - INFO - fire
2021-12-17 11:55:31,574 - Main.MLEngine - INFO - fire
2021-12-17 11:55:31,623 - Main.MLEngine - INFO - fire
2021-12-17 11:55:31,701 - Main.MLEngine - INFO - fire
2021-12-17 11:55:31,775 - Main.MLEngine - INFO - fire
2021-12-17 11:55:31,848 - Main.MLEngine - INFO - fire
2021-12-17 11:55:31,905 - Main.MLEngine - INFO - fire
2021-12-17 11:55:31,960 - Main.MLEngine - INFO - fire
2021-12-17 11:55:32,032 - Main.MLEngine - INFO - fire
2021-12-17 11:55:32,090 - Main.MLEngine - INFO - fire
2021-12-17 11:55:32,140 - Main.MLEngine - INFO - fire
2021-12-17 11:55:32,176 - Main.MLEngine - INFO - fire
2021-12-17 11:55:32,218 - Main.MLEngine - INFO - fire
2021-12-17 11:55:32,254 - Main.MLEngine - INFO - fire
2021-12-17 11:55:32,294 - Main.MLEngine - INFO - fire
2021-12-17 11:55:32,360 - Main.MLEngine - INFO - fire
2021-12-17 11:55:32,415 - Main.MLEngine - INFO - fire
2021-12-17 11:55:32,480 - Main.MLEngine - INFO - fire
2021-12-17 11:55:32,527 - Main.MLEngine - INFO - fire
2021-12-17 11:55:32,572 - Main.MLEngine - INFO - fire
2021-12-17 11:55:32,618 - Main.MLEngine - INFO - fire
2021-12-17 11:55:32,665 - Main.MLEngine - INFO - fire
2021-12-17 11:55:32,710 - Main.MLEngine - INFO - fire
2021-12-17 11:55:32,758 - Main.MLEngine - INFO - fire
2021-12-17 11:55:32,800 - Main.MLEngine - INFO - fire
2021-12-17 11:55:32,842 - Main.MLEngine - INFO - fire
2021-12-17 11:55:32,877 - Main.MLEngine - INFO - fire
2021-12-17 11:55:32,949 - Main.MLEngine - INFO - fire
2021-12-17 11:55:32,984 - Main.MLEngine - INFO - fire
2021-12-17 11:55:33,105 - Main.MLEngine - INFO - fire
2021-12-17 11:55:33,150 - Main.MLEngine - INFO - fire
2021-12-17 11:55:33,198 - Main.MLEngine - INFO - fire
2021-12-17 11:55:33,243 - Main.MLEngine - INFO - fire
2021-12-17 11:55:33,289 - Main.MLEngine - INFO - fire
2021-12-17 11:55:33,329 - Main.MLEngine - INFO - fire
2021-12-17 11:55:33,364 - Main.MLEngine - INFO - fire
2021-12-17 11:55:33,409 - Main.MLEngine - INFO - fire
2021-12-17 11:55:33,459 - Main.MLEngine - INFO - fire
2021-12-17 11:55:33,505 - Main.MLEngine - INFO - fire
2021-12-17 11:55:33,544 - Main.MLEngine - INFO - fire
2021-12-17 11:55:33,642 - Main.MLEngine - INFO - fire
2021-12-17 11:55:33,691 - Main.MLEngine - INFO - fire
2021-12-17 11:55:33,733 - Main.MLEngine - INFO - fire
2021-12-17 11:55:33,780 - Main.MLEngine - INFO - fire
2021-12-17 11:55:33,819 - Main.MLEngine - INFO - fire
2021-12-17 11:55:33,849 - Main.MLEngine - INFO - fire
2021-12-17 11:55:33,882 - Main.MLEngine - INFO - fire
2021-12-17 11:55:33,927 - Main.MLEngine - INFO - fire
2021-12-17 11:55:33,967 - Main.MLEngine - INFO - fire
2021-12-17 11:55:34,003 - Main.MLEngine - INFO - fire
2021-12-17 11:55:34,031 - Main.MLEngine - INFO - fire
2021-12-17 11:55:34,067 - Main.MLEngine - INFO - fire
2021-12-17 11:55:34,118 - Main.MLEngine - INFO - fire
2021-12-17 11:55:34,165 - Main.MLEngine - INFO - fire
2021-12-17 11:55:34,207 - Main.MLEngine - INFO - fire
2021-12-17 11:55:34,253 - Main.MLEngine - INFO - fire
2021-12-17 11:55:34,300 - Main.MLEngine - INFO - fire
2021-12-17 11:55:34,345 - Main.MLEngine - INFO - fire
2021-12-17 11:55:34,394 - Main.MLEngine - INFO - fire
2021-12-17 11:55:34,435 - Main.MLEngine - INFO - fire
2021-12-17 11:55:34,468 - Main.MLEngine - INFO - fire
2021-12-17 11:55:34,498 - Main.MLEngine - INFO - fire
2021-12-17 11:55:34,541 - Main.MLEngine - INFO - fire
2021-12-17 11:55:34,573 - Main.MLEngine - INFO - fire
2021-12-17 11:55:34,607 - Main.MLEngine - INFO - fire
2021-12-17 11:55:34,657 - Main.MLEngine - INFO - fire
2021-12-17 11:55:34,694 - Main.MLEngine - INFO - fire
2021-12-17 11:55:34,724 - Main.MLEngine - INFO - fire
2021-12-17 11:55:34,760 - Main.MLEngine - INFO - fire
2021-12-17 11:55:34,812 - Main.MLEngine - INFO - fire
2021-12-17 11:55:34,850 - Main.MLEngine - INFO - fire
2021-12-17 11:55:34,896 - Main.MLEngine - INFO - fire
2021-12-17 11:55:34,940 - Main.MLEngine - INFO - fire
2021-12-17 11:55:34,985 - Main.MLEngine - INFO - fire
2021-12-17 11:55:35,017 - Main.MLEngine - INFO - fire
2021-12-17 11:55:35,047 - Main.MLEngine - INFO - fire
2021-12-17 11:55:35,082 - Main.MLEngine - INFO - fire
2021-12-17 11:55:35,125 - Main.MLEngine - INFO - fire
2021-12-17 11:55:35,170 - Main.MLEngine - INFO - fire
2021-12-17 11:55:35,201 - Main.MLEngine - INFO - fire
2021-12-17 11:55:35,238 - Main.MLEngine - INFO - fire
2021-12-17 11:55:35,285 - Main.MLEngine - INFO - fire
2021-12-17 11:55:35,324 - Main.MLEngine - INFO - fire
2021-12-17 11:55:35,356 - Main.MLEngine - INFO - fire
2021-12-17 11:55:35,371 - Main.MLEngine - INFO - fire
2021-12-17 11:55:35,404 - Main.MLEngine - INFO - fire
2021-12-17 11:55:35,422 - Main.MLEngine - INFO - fire
2021-12-17 11:55:35,464 - Main.MLEngine - INFO - fire
2021-12-17 11:55:35,516 - Main.MLEngine - INFO - fire
2021-12-17 11:55:35,557 - Main.MLEngine - INFO - fire
2021-12-17 11:55:35,600 - Main.MLEngine - INFO - fire
2021-12-17 11:55:35,632 - Main.MLEngine - INFO - fire
2021-12-17 11:55:35,679 - Main.MLEngine - INFO - fire
2021-12-17 11:55:35,726 - Main.MLEngine - INFO - fire
2021-12-17 11:55:35,769 - Main.MLEngine - INFO - fire
2021-12-17 11:55:35,816 - Main.MLEngine - INFO - fire
2021-12-17 11:55:35,859 - Main.MLEngine - INFO - fire
2021-12-17 11:55:35,873 - Main.MLEngine - INFO - fire
2021-12-17 11:55:35,905 - Main.MLEngine - INFO - fire
2021-12-17 11:55:35,923 - Main.MLEngine - INFO - fire
2021-12-17 11:55:35,967 - Main.MLEngine - INFO - fire
2021-12-17 11:55:36,019 - Main.MLEngine - INFO - fire
2021-12-17 11:55:36,061 - Main.MLEngine - INFO - fire
2021-12-17 11:55:36,102 - Main.MLEngine - INFO - fire
2021-12-17 11:55:36,133 - Main.MLEngine - INFO - fire
2021-12-17 11:55:36,167 - Main.MLEngine - INFO - fire
2021-12-17 11:55:36,213 - Main.MLEngine - INFO - fire
2021-12-17 11:55:36,257 - Main.MLEngine - INFO - fire
2021-12-17 11:55:36,300 - Main.MLEngine - INFO - fire
2021-12-17 11:55:36,332 - Main.MLEngine - INFO - fire
2021-12-17 11:55:36,376 - Main.MLEngine - INFO - fire
2021-12-17 11:55:36,486 - Main.MLEngine - INFO - fire
2021-12-17 11:55:36,537 - Main.MLEngine - INFO - fire
2021-12-17 11:55:36,581 - Main.MLEngine - INFO - fire
2021-12-17 11:55:36,624 - Main.MLEngine - INFO - fire
2021-12-17 11:55:36,676 - Main.MLEngine - INFO - fire
2021-12-17 11:55:36,716 - Main.MLEngine - INFO - fire
2021-12-17 11:55:36,833 - Main.MLEngine - INFO - fire
2021-12-17 11:55:36,880 - Main.MLEngine - INFO - fire
2021-12-17 11:55:36,922 - Main.MLEngine - INFO - fire
2021-12-17 11:55:36,955 - Main.MLEngine - INFO - fire
2021-12-17 11:55:37,005 - Main.MLEngine - INFO - fire
2021-12-17 11:55:37,124 - Main.MLEngine - INFO - fire
2021-12-17 11:55:37,164 - Main.MLEngine - INFO - fire
2021-12-17 11:55:37,195 - Main.MLEngine - INFO - fire
2021-12-17 11:55:37,230 - Main.MLEngine - INFO - fire
2021-12-17 11:55:37,279 - Main.MLEngine - INFO - fire
2021-12-17 11:55:37,397 - Main.MLEngine - INFO - fire
2021-12-17 11:55:37,453 - Main.MLEngine - INFO - fire
2021-12-17 11:55:37,487 - Main.MLEngine - INFO - fire
2021-12-17 11:55:37,532 - Main.MLEngine - INFO - fire
2021-12-17 11:55:37,566 - Main.MLEngine - INFO - fire
2021-12-17 11:55:37,595 - Main.MLEngine - INFO - fire
2021-12-17 11:55:37,641 - Main.MLEngine - INFO - fire
2021-12-17 11:55:37,673 - Main.MLEngine - INFO - fire
2021-12-17 11:55:37,723 - Main.MLEngine - INFO - fire
2021-12-17 11:55:37,770 - Main.MLEngine - INFO - fire
2021-12-17 11:55:37,810 - Main.MLEngine - INFO - fire
2021-12-17 11:55:37,839 - Main.MLEngine - INFO - fire
2021-12-17 11:55:37,880 - Main.MLEngine - INFO - fire
2021-12-17 11:55:37,916 - Main.MLEngine - INFO - fire
2021-12-17 11:55:37,947 - Main.MLEngine - INFO - fire
2021-12-17 11:55:37,982 - Main.MLEngine - INFO - fire
2021-12-17 11:55:38,026 - Main.MLEngine - INFO - fire
2021-12-17 11:55:38,058 - Main.MLEngine - INFO - fire
2021-12-17 11:55:38,100 - Main.MLEngine - INFO - fire
2021-12-17 11:55:38,134 - Main.MLEngine - INFO - fire
2021-12-17 11:55:38,180 - Main.MLEngine - INFO - fire
2021-12-17 11:55:38,227 - Main.MLEngine - INFO - fire
2021-12-17 11:55:38,271 - Main.MLEngine - INFO - fire
2021-12-17 11:55:38,386 - Main.MLEngine - INFO - fire
2021-12-17 11:55:38,424 - Main.MLEngine - INFO - fire
2021-12-17 11:55:38,520 - Main.MLEngine - INFO - fire
2021-12-17 11:55:38,656 - Main.MLEngine - INFO - fire
2021-12-17 11:55:38,699 - Main.MLEngine - INFO - fire
2021-12-17 11:55:38,731 - Main.MLEngine - INFO - fire
2021-12-17 11:55:38,849 - Main.MLEngine - INFO - fire
2021-12-17 11:55:38,880 - Main.MLEngine - INFO - fire
2021-12-17 11:55:38,912 - Main.MLEngine - INFO - fire
2021-12-17 11:55:38,946 - Main.MLEngine - INFO - fire
2021-12-17 11:55:38,979 - Main.MLEngine - INFO - fire
2021-12-17 11:55:39,073 - Main.MLEngine - INFO - fire
2021-12-17 11:55:39,121 - Main.MLEngine - INFO - fire
2021-12-17 11:55:39,166 - Main.MLEngine - INFO - fire
2021-12-17 11:55:39,204 - Main.MLEngine - INFO - fire
2021-12-17 11:55:39,235 - Main.MLEngine - INFO - fire
2021-12-17 11:55:39,265 - Main.MLEngine - INFO - fire
2021-12-17 11:55:39,300 - Main.MLEngine - INFO - fire
2021-12-17 11:55:39,348 - Main.MLEngine - INFO - fire
2021-12-17 11:55:39,394 - Main.MLEngine - INFO - fire
2021-12-17 11:55:39,436 - Main.MLEngine - INFO - fire
2021-12-17 11:55:39,466 - Main.MLEngine - INFO - fire
2021-12-17 11:55:39,509 - Main.MLEngine - INFO - fire
2021-12-17 11:55:39,540 - Main.MLEngine - INFO - fire
2021-12-17 11:55:39,573 - Main.MLEngine - INFO - fire
2021-12-17 11:55:39,613 - Main.MLEngine - INFO - fire
2021-12-17 11:55:39,650 - Main.MLEngine - INFO - fire
2021-12-17 11:55:39,693 - Main.MLEngine - INFO - fire
2021-12-17 11:55:39,727 - Main.MLEngine - INFO - fire
2021-12-17 11:55:39,777 - Main.MLEngine - INFO - fire
2021-12-17 11:55:39,815 - Main.MLEngine - INFO - fire
2021-12-17 11:55:39,863 - Main.MLEngine - INFO - fire
2021-12-17 11:55:39,911 - Main.MLEngine - INFO - fire
2021-12-17 11:55:39,953 - Main.MLEngine - INFO - fire
2021-12-17 11:55:39,980 - Main.MLEngine - INFO - fire
2021-12-17 11:55:40,022 - Main.MLEngine - INFO - fire
2021-12-17 11:55:40,061 - Main.MLEngine - INFO - fire
2021-12-17 11:55:40,093 - Main.MLEngine - INFO - fire
2021-12-17 11:55:40,123 - Main.MLEngine - INFO - fire
2021-12-17 11:55:40,153 - Main.MLEngine - INFO - fire
2021-12-17 11:55:40,192 - Main.MLEngine - INFO - fire
2021-12-17 11:55:40,233 - Main.MLEngine - INFO - fire
2021-12-17 11:55:40,279 - Main.MLEngine - INFO - fire
2021-12-17 11:55:40,324 - Main.MLEngine - INFO - fire
2021-12-17 11:55:40,353 - Main.MLEngine - INFO - fire
2021-12-17 11:55:40,392 - Main.MLEngine - INFO - fire
2021-12-17 11:55:40,434 - Main.MLEngine - INFO - fire
2021-12-17 11:55:40,478 - Main.MLEngine - INFO - fire
2021-12-17 11:55:40,523 - Main.MLEngine - INFO - fire
2021-12-17 11:55:40,554 - Main.MLEngine - INFO - fire
2021-12-17 11:55:40,597 - Main.MLEngine - INFO - fire
2021-12-17 11:55:40,628 - Main.MLEngine - INFO - fire
2021-12-17 11:55:40,661 - Main.MLEngine - INFO - fire
2021-12-17 11:55:40,714 - Main.MLEngine - INFO - fire
2021-12-17 11:55:40,759 - Main.MLEngine - INFO - fire
2021-12-17 11:55:40,799 - Main.MLEngine - INFO - fire
2021-12-17 11:55:40,847 - Main.MLEngine - INFO - fire
2021-12-17 11:55:40,888 - Main.MLEngine - INFO - fire
2021-12-17 11:55:40,920 - Main.MLEngine - INFO - fire
2021-12-17 11:55:40,951 - Main.MLEngine - INFO - fire
2021-12-17 11:55:40,986 - Main.MLEngine - INFO - fire
2021-12-17 11:55:41,034 - Main.MLEngine - INFO - fire
2021-12-17 11:55:41,072 - Main.MLEngine - INFO - fire
2021-12-17 11:55:41,103 - Main.MLEngine - INFO - fire
2021-12-17 11:55:41,150 - Main.MLEngine - INFO - fire
2021-12-17 11:55:41,194 - Main.MLEngine - INFO - fire
2021-12-17 11:55:41,223 - Main.MLEngine - INFO - fire
2021-12-17 11:55:41,258 - Main.MLEngine - INFO - fire
2021-12-17 11:55:41,310 - Main.MLEngine - INFO - fire
2021-12-17 11:55:41,350 - Main.MLEngine - INFO - fire
2021-12-17 11:55:41,395 - Main.MLEngine - INFO - fire
2021-12-17 11:55:41,429 - Main.MLEngine - INFO - fire
2021-12-17 11:55:41,474 - Main.MLEngine - INFO - fire
2021-12-17 11:55:41,522 - Main.MLEngine - INFO - fire
2021-12-17 11:55:41,569 - Main.MLEngine - INFO - fire
2021-12-17 11:55:41,609 - Main.MLEngine - INFO - fire
2021-12-17 11:55:41,641 - Main.MLEngine - INFO - fire
2021-12-17 11:55:41,686 - Main.MLEngine - INFO - fire
2021-12-17 11:55:41,722 - Main.MLEngine - INFO - fire
2021-12-17 11:55:41,770 - Main.MLEngine - INFO - fire
2021-12-17 11:55:41,811 - Main.MLEngine - INFO - fire
2021-12-17 11:55:41,841 - Main.MLEngine - INFO - fire
2021-12-17 11:55:41,883 - Main.MLEngine - INFO - fire
2021-12-17 11:55:41,919 - Main.MLEngine - INFO - fire
2021-12-17 11:55:41,969 - Main.MLEngine - INFO - fire
2021-12-17 11:55:41,996 - Main.MLEngine - INFO - fire
2021-12-17 11:55:42,036 - Main.MLEngine - INFO - fire
2021-12-17 11:55:42,075 - Main.MLEngine - INFO - fire
2021-12-17 11:55:42,121 - Main.MLEngine - INFO - fire
2021-12-17 11:55:42,165 - Main.MLEngine - INFO - fire
2021-12-17 11:55:42,206 - Main.MLEngine - INFO - fire
2021-12-17 11:55:42,302 - Main.MLEngine - INFO - fire
2021-12-17 11:55:42,346 - Main.MLEngine - INFO - fire
2021-12-17 11:55:42,389 - Main.MLEngine - INFO - fire
2021-12-17 11:55:42,422 - Main.MLEngine - INFO - fire
2021-12-17 11:55:42,453 - Main.MLEngine - INFO - fire
2021-12-17 11:55:42,531 - Main.MLEngine - INFO - fire
2021-12-17 11:55:42,558 - Main.MLEngine - INFO - fire
2021-12-17 11:55:42,594 - Main.MLEngine - INFO - fire
2021-12-17 11:55:42,635 - Main.MLEngine - INFO - fire
2021-12-17 11:55:42,665 - Main.MLEngine - INFO - fire
2021-12-17 11:55:42,703 - Main.MLEngine - INFO - fire
2021-12-17 11:55:42,744 - Main.MLEngine - INFO - fire
2021-12-17 11:55:42,788 - Main.MLEngine - INFO - fire
2021-12-17 11:55:42,820 - Main.MLEngine - INFO - fire
2021-12-17 11:55:42,852 - Main.MLEngine - INFO - fire
2021-12-17 11:55:42,905 - Main.MLEngine - INFO - fire
2021-12-17 11:55:42,943 - Main.MLEngine - INFO - fire
2021-12-17 11:55:42,974 - Main.MLEngine - INFO - fire
2021-12-17 11:55:43,007 - Main.MLEngine - INFO - fire
2021-12-17 11:55:43,057 - Main.MLEngine - INFO - fire
2021-12-17 11:55:43,097 - Main.MLEngine - INFO - fire
2021-12-17 11:55:43,144 - Main.MLEngine - INFO - fire
2021-12-17 11:55:43,190 - Main.MLEngine - INFO - fire
2021-12-17 11:55:43,233 - Main.MLEngine - INFO - fire
2021-12-17 11:55:43,264 - Main.MLEngine - INFO - fire
2021-12-17 11:55:43,304 - Main.MLEngine - INFO - fire
2021-12-17 11:55:43,344 - Main.MLEngine - INFO - fire
2021-12-17 11:55:43,377 - Main.MLEngine - INFO - fire
2021-12-17 11:55:43,415 - Main.MLEngine - INFO - fire
2021-12-17 11:55:43,447 - Main.MLEngine - INFO - fire
2021-12-17 11:55:43,482 - Main.MLEngine - INFO - fire
2021-12-17 11:55:43,574 - Main.MLEngine - INFO - fire
2021-12-17 11:55:43,620 - Main.MLEngine - INFO - fire
2021-12-17 11:55:43,663 - Main.MLEngine - INFO - fire
2021-12-17 11:55:43,706 - Main.MLEngine - INFO - fire
2021-12-17 11:55:43,754 - Main.MLEngine - INFO - fire
2021-12-17 11:55:43,797 - Main.MLEngine - INFO - fire
2021-12-17 11:55:43,829 - Main.MLEngine - INFO - fire
2021-12-17 11:55:43,873 - Main.MLEngine - INFO - fire
2021-12-17 11:55:43,902 - Main.MLEngine - INFO - fire
2021-12-17 11:55:43,940 - Main.MLEngine - INFO - fire
2021-12-17 11:55:43,981 - Main.MLEngine - INFO - fire
2021-12-17 11:55:44,010 - Main.MLEngine - INFO - fire
2021-12-17 11:55:44,044 - Main.MLEngine - INFO - fire
2021-12-17 11:55:44,094 - Main.MLEngine - INFO - fire
2021-12-17 11:55:44,127 - Main.MLEngine - INFO - fire
2021-12-17 11:55:44,171 - Main.MLEngine - INFO - fire
2021-12-17 11:55:44,213 - Main.MLEngine - INFO - fire
2021-12-17 11:55:44,262 - Main.MLEngine - INFO - fire
2021-12-17 11:55:44,303 - Main.MLEngine - INFO - fire
2021-12-17 11:55:44,350 - Main.MLEngine - INFO - fire
2021-12-17 11:55:44,396 - Main.MLEngine - INFO - fire
2021-12-17 11:55:44,443 - Main.MLEngine - INFO - fire
2021-12-17 11:55:44,503 - Main.MLEngine - INFO - fire
2021-12-17 11:55:44,537 - Main.MLEngine - INFO - fire
2021-12-17 11:55:44,582 - Main.MLEngine - INFO - fire
2021-12-17 11:55:44,624 - Main.MLEngine - INFO - fire
2021-12-17 11:55:44,730 - Main.MLEngine - INFO - fire
2021-12-17 11:55:44,768 - Main.MLEngine - INFO - fire
2021-12-17 11:55:44,812 - Main.MLEngine - INFO - fire
2021-12-17 11:55:44,840 - Main.MLEngine - INFO - fire
2021-12-17 11:55:44,876 - Main.MLEngine - INFO - fire
2021-12-17 11:55:44,916 - Main.MLEngine - INFO - fire
2021-12-17 11:55:45,035 - Main.MLEngine - INFO - fire
2021-12-17 11:55:45,073 - Main.MLEngine - INFO - fire
2021-12-17 11:55:45,123 - Main.MLEngine - INFO - fire
2021-12-17 11:55:45,161 - Main.MLEngine - INFO - fire
2021-12-17 11:55:45,188 - Main.MLEngine - INFO - fire
2021-12-17 11:55:45,224 - Main.MLEngine - INFO - fire
2021-12-17 11:55:45,272 - Main.MLEngine - INFO - fire
2021-12-17 11:55:45,319 - Main.MLEngine - INFO - fire
2021-12-17 11:55:45,365 - Main.MLEngine - INFO - fire
2021-12-17 11:55:45,467 - Main.MLEngine - INFO - fire
2021-12-17 11:55:45,502 - Main.MLEngine - INFO - fire
2021-12-17 11:55:45,544 - Main.MLEngine - INFO - fire
2021-12-17 11:55:45,577 - Main.MLEngine - INFO - fire
2021-12-17 11:55:45,607 - Main.MLEngine - INFO - fire
2021-12-17 11:55:45,643 - Main.MLEngine - INFO - fire
2021-12-17 11:55:45,690 - Main.MLEngine - INFO - fire
2021-12-17 11:55:45,738 - Main.MLEngine - INFO - fire
2021-12-17 11:55:45,780 - Main.MLEngine - INFO - fire
2021-12-17 11:55:45,820 - Main.MLEngine - INFO - fire
2021-12-17 11:55:45,852 - Main.MLEngine - INFO - fire
2021-12-17 11:55:45,891 - Main.MLEngine - INFO - fire
2021-12-17 11:55:45,931 - Main.MLEngine - INFO - fire
2021-12-17 11:55:45,974 - Main.MLEngine - INFO - fire
2021-12-17 11:55:46,019 - Main.MLEngine - INFO - fire
2021-12-17 11:55:46,053 - Main.MLEngine - INFO - fire
2021-12-17 11:55:46,098 - Main.MLEngine - INFO - fire
2021-12-17 11:55:46,145 - Main.MLEngine - INFO - fire
2021-12-17 11:55:46,176 - Main.MLEngine - INFO - fire
2021-12-17 11:55:46,252 - Main.MLEngine - INFO - fire
2021-12-17 11:55:46,278 - Main.MLEngine - INFO - fire
2021-12-17 11:55:46,318 - Main.MLEngine - INFO - fire
2021-12-17 11:55:46,364 - Main.MLEngine - INFO - fire
2021-12-17 11:55:46,413 - Main.MLEngine - INFO - fire
2021-12-17 11:55:46,456 - Main.MLEngine - INFO - fire
2021-12-17 11:55:46,502 - Main.MLEngine - INFO - fire
2021-12-17 11:55:46,546 - Main.MLEngine - INFO - fire
2021-12-17 11:55:46,578 - Main.MLEngine - INFO - fire
2021-12-17 11:55:46,616 - Main.MLEngine - INFO - fire
2021-12-17 11:55:46,663 - Main.MLEngine - INFO - fire
2021-12-17 11:55:46,721 - Main.MLEngine - INFO - fire
2021-12-17 11:55:46,763 - Main.MLEngine - INFO - fire
2021-12-17 11:55:46,792 - Main.MLEngine - INFO - fire
2021-12-17 11:55:46,833 - Main.MLEngine - INFO - fire
2021-12-17 11:55:46,873 - Main.MLEngine - INFO - fire
2021-12-17 11:55:46,980 - Main.MLEngine - INFO - fire
2021-12-17 11:55:47,033 - Main.MLEngine - INFO - fire
2021-12-17 11:55:47,065 - Main.MLEngine - INFO - fire
2021-12-17 11:55:47,100 - Main.MLEngine - INFO - fire
2021-12-17 11:55:47,175 - Main.MLEngine - INFO - fire
2021-12-17 11:55:47,212 - Main.MLEngine - INFO - fire
2021-12-17 11:55:47,257 - Main.MLEngine - INFO - fire
2021-12-17 11:55:47,298 - Main.MLEngine - INFO - fire
2021-12-17 11:55:47,346 - Main.MLEngine - INFO - fire
2021-12-17 11:55:47,483 - Main.MLEngine - INFO - fire
2021-12-17 11:55:47,600 - Main.MLEngine - INFO - fire
2021-12-17 11:55:47,632 - Main.MLEngine - INFO - fire
2021-12-17 11:55:47,662 - Main.MLEngine - INFO - fire
2021-12-17 11:55:47,697 - Main.MLEngine - INFO - fire
2021-12-17 11:55:47,742 - Main.MLEngine - INFO - fire
2021-12-17 11:55:47,789 - Main.MLEngine - INFO - fire
2021-12-17 11:55:47,822 - Main.MLEngine - INFO - fire
2021-12-17 11:55:47,865 - Main.MLEngine - INFO - fire
2021-12-17 11:55:47,902 - Main.MLEngine - INFO - fire
2021-12-17 11:55:47,945 - Main.MLEngine - INFO - fire
2021-12-17 11:55:47,988 - Main.MLEngine - INFO - fire
2021-12-17 11:55:48,018 - Main.MLEngine - INFO - fire
2021-12-17 11:55:48,069 - Main.MLEngine - INFO - fire
2021-12-17 11:55:48,107 - Main.MLEngine - INFO - fire
2021-12-17 11:55:48,136 - Main.MLEngine - INFO - fire
2021-12-17 11:55:48,178 - Main.MLEngine - INFO - fire
2021-12-17 11:55:48,216 - Main.MLEngine - INFO - fire
2021-12-17 11:55:48,260 - Main.MLEngine - INFO - fire
2021-12-17 11:55:48,290 - Main.MLEngine - INFO - fire
2021-12-17 11:55:48,330 - Main.MLEngine - INFO - fire
2021-12-17 11:55:48,371 - Main.MLEngine - INFO - fire
2021-12-17 11:55:48,414 - Main.MLEngine - INFO - fire
2021-12-17 11:55:48,444 - Main.MLEngine - INFO - fire
2021-12-17 11:55:48,477 - Main.MLEngine - INFO - fire
2021-12-17 11:55:48,522 - Main.MLEngine - INFO - fire
2021-12-17 11:55:48,567 - Main.MLEngine - INFO - fire
2021-12-17 11:55:48,611 - Main.MLEngine - INFO - fire
2021-12-17 11:55:48,644 - Main.MLEngine - INFO - fire
2021-12-17 11:55:48,689 - Main.MLEngine - INFO - fire
2021-12-17 11:55:48,733 - Main.MLEngine - INFO - fire
2021-12-17 11:55:48,841 - Main.MLEngine - INFO - fire
2021-12-17 11:55:48,870 - Main.MLEngine - INFO - fire
2021-12-17 11:55:48,908 - Main.MLEngine - INFO - fire
2021-12-17 11:55:48,936 - Main.MLEngine - INFO - fire
2021-12-17 11:55:48,971 - Main.MLEngine - INFO - fire
2021-12-17 11:55:49,016 - Main.MLEngine - INFO - fire
2021-12-17 11:55:49,058 - Main.MLEngine - INFO - fire
2021-12-17 11:55:49,101 - Main.MLEngine - INFO - fire
2021-12-17 11:55:49,147 - Main.MLEngine - INFO - fire
2021-12-17 11:55:49,191 - Main.MLEngine - INFO - fire
2021-12-17 11:55:49,235 - Main.MLEngine - INFO - fire
2021-12-17 11:55:49,268 - Main.MLEngine - INFO - fire
2021-12-17 11:55:49,314 - Main.MLEngine - INFO - fire
2021-12-17 11:55:49,345 - Main.MLEngine - INFO - fire
2021-12-17 11:55:49,392 - Main.MLEngine - INFO - fire
2021-12-17 11:55:49,441 - Main.MLEngine - INFO - fire
2021-12-17 11:55:49,488 - Main.MLEngine - INFO - fire
2021-12-17 11:55:49,530 - Main.MLEngine - INFO - fire
2021-12-17 11:55:49,573 - Main.MLEngine - INFO - fire
2021-12-17 11:55:49,621 - Main.MLEngine - INFO - fire
2021-12-17 11:55:49,664 - Main.MLEngine - INFO - fire
2021-12-17 11:55:49,708 - Main.MLEngine - INFO - fire
2021-12-17 11:55:49,739 - Main.MLEngine - INFO - fire
2021-12-17 11:55:49,778 - Main.MLEngine - INFO - fire
2021-12-17 11:55:49,822 - Main.MLEngine - INFO - fire
2021-12-17 11:55:49,865 - Main.MLEngine - INFO - fire
2021-12-17 11:55:49,906 - Main.MLEngine - INFO - fire
2021-12-17 11:55:49,939 - Main.MLEngine - INFO - fire
2021-12-17 11:55:49,967 - Main.MLEngine - INFO - fire
2021-12-17 11:55:50,002 - Main.MLEngine - INFO - fire
2021-12-17 11:55:50,046 - Main.MLEngine - INFO - fire
2021-12-17 11:55:50,075 - Main.MLEngine - INFO - fire
2021-12-17 11:55:50,113 - Main.MLEngine - INFO - fire
2021-12-17 11:55:50,162 - Main.MLEngine - INFO - fire
2021-12-17 11:55:50,201 - Main.MLEngine - INFO - fire
2021-12-17 11:55:50,231 - Main.MLEngine - INFO - fire
2021-12-17 11:55:50,270 - Main.MLEngine - INFO - fire
2021-12-17 11:55:50,310 - Main.MLEngine - INFO - fire
2021-12-17 11:55:50,360 - Main.MLEngine - INFO - fire
2021-12-17 11:55:50,401 - Main.MLEngine - INFO - fire
2021-12-17 11:55:50,446 - Main.MLEngine - INFO - fire
2021-12-17 11:55:50,491 - Main.MLEngine - INFO - fire
2021-12-17 11:55:50,524 - Main.MLEngine - INFO - fire
2021-12-17 11:55:50,566 - Main.MLEngine - INFO - fire
2021-12-17 11:55:50,596 - Main.MLEngine - INFO - fire
2021-12-17 11:55:50,629 - Main.MLEngine - INFO - fire
2021-12-17 11:55:50,663 - Main.MLEngine - INFO - fire
2021-12-17 11:55:50,712 - Main.MLEngine - INFO - fire
2021-12-17 11:55:50,755 - Main.MLEngine - INFO - fire
2021-12-17 11:55:50,806 - Main.MLEngine - INFO - fire
2021-12-17 11:55:50,844 - Main.MLEngine - INFO - fire
2021-12-17 11:55:50,876 - Main.MLEngine - INFO - fire
2021-12-17 11:55:50,920 - Main.MLEngine - INFO - fire
2021-12-17 11:55:50,959 - Main.MLEngine - INFO - fire
2021-12-17 11:55:50,998 - Main.MLEngine - INFO - fire
2021-12-17 11:55:51,027 - Main.MLEngine - INFO - fire
2021-12-17 11:55:51,061 - Main.MLEngine - INFO - fire
2021-12-17 11:55:51,114 - Main.MLEngine - INFO - fire
2021-12-17 11:55:51,156 - Main.MLEngine - INFO - fire
2021-12-17 11:55:51,197 - Main.MLEngine - INFO - fire
2021-12-17 11:55:51,227 - Main.MLEngine - INFO - fire
2021-12-17 11:55:51,270 - Main.MLEngine - INFO - fire
2021-12-17 11:55:51,311 - Main.MLEngine - INFO - fire
2021-12-17 11:55:51,350 - Main.MLEngine - INFO - fire
2021-12-17 11:55:51,381 - Main.MLEngine - INFO - fire
2021-12-17 11:55:51,415 - Main.MLEngine - INFO - fire
2021-12-17 11:55:51,465 - Main.MLEngine - INFO - fire
2021-12-17 11:55:51,510 - Main.MLEngine - INFO - fire
2021-12-17 11:55:51,552 - Main.MLEngine - INFO - fire
2021-12-17 11:55:51,599 - Main.MLEngine - INFO - fire
2021-12-17 11:55:51,659 - Main.MLEngine - INFO - fire
2021-12-17 11:55:51,693 - Main.MLEngine - INFO - fire
2021-12-17 11:55:51,746 - Main.MLEngine - INFO - fire
2021-12-17 11:55:51,787 - Main.MLEngine - INFO - fire
2021-12-17 11:55:51,831 - Main.MLEngine - INFO - fire
2021-12-17 11:55:51,864 - Main.MLEngine - INFO - fire
2021-12-17 11:55:51,913 - Main.MLEngine - INFO - fire
2021-12-17 11:55:51,953 - Main.MLEngine - INFO - fire
2021-12-17 11:55:51,983 - Main.MLEngine - INFO - fire
2021-12-17 11:55:52,014 - Main.MLEngine - INFO - fire
2021-12-17 11:55:52,050 - Main.MLEngine - INFO - fire
2021-12-17 11:55:52,098 - Main.MLEngine - INFO - fire
2021-12-17 11:55:52,139 - Main.MLEngine - INFO - fire
2021-12-17 11:55:52,187 - Main.MLEngine - INFO - fire
2021-12-17 11:55:52,215 - Main.MLEngine - INFO - fire
2021-12-17 11:55:52,249 - Main.MLEngine - INFO - fire
2021-12-17 11:55:52,283 - Main.MLEngine - INFO - fire
2021-12-17 11:55:52,325 - Main.MLEngine - INFO - fire
2021-12-17 11:55:52,370 - Main.MLEngine - INFO - fire
2021-12-17 11:55:52,415 - Main.MLEngine - INFO - fire
2021-12-17 11:55:52,443 - Main.MLEngine - INFO - fire
2021-12-17 11:55:52,477 - Main.MLEngine - INFO - fire
2021-12-17 11:55:52,523 - Main.MLEngine - INFO - fire
2021-12-17 11:55:52,566 - Main.MLEngine - INFO - fire
2021-12-17 11:55:52,595 - Main.MLEngine - INFO - fire
2021-12-17 11:55:52,627 - Main.MLEngine - INFO - fire
2021-12-17 11:55:52,658 - Main.MLEngine - INFO - fire
2021-12-17 11:55:52,706 - Main.MLEngine - INFO - fire
2021-12-17 11:55:52,748 - Main.MLEngine - INFO - fire
2021-12-17 11:55:52,778 - Main.MLEngine - INFO - fire
2021-12-17 11:55:52,813 - Main.MLEngine - INFO - fire
2021-12-17 11:55:52,865 - Main.MLEngine - INFO - fire
2021-12-17 11:55:52,905 - Main.MLEngine - INFO - fire
2021-12-17 11:55:52,948 - Main.MLEngine - INFO - fire
2021-12-17 11:55:52,979 - Main.MLEngine - INFO - fire
2021-12-17 11:55:53,016 - Main.MLEngine - INFO - fire
2021-12-17 11:55:53,062 - Main.MLEngine - INFO - fire
2021-12-17 11:55:53,096 - Main.MLEngine - INFO - fire
2021-12-17 11:55:53,132 - Main.MLEngine - INFO - fire
2021-12-17 11:55:53,181 - Main.MLEngine - INFO - fire
2021-12-17 11:55:53,224 - Main.MLEngine - INFO - fire
2021-12-17 11:55:53,252 - Main.MLEngine - INFO - fire
2021-12-17 11:55:53,286 - Main.MLEngine - INFO - fire
2021-12-17 11:55:53,318 - Main.MLEngine - INFO - fire
2021-12-17 11:55:53,365 - Main.MLEngine - INFO - fire
2021-12-17 11:55:53,410 - Main.MLEngine - INFO - fire
2021-12-17 11:55:53,458 - Main.MLEngine - INFO - fire
2021-12-17 11:55:53,500 - Main.MLEngine - INFO - fire
2021-12-17 11:55:53,543 - Main.MLEngine - INFO - fire
2021-12-17 11:55:53,575 - Main.MLEngine - INFO - fire
2021-12-17 11:55:53,612 - Main.MLEngine - INFO - fire
2021-12-17 11:55:53,654 - Main.MLEngine - INFO - fire
2021-12-17 11:55:53,683 - Main.MLEngine - INFO - fire
2021-12-17 11:55:53,719 - Main.MLEngine - INFO - fire
2021-12-17 11:55:53,748 - Main.MLEngine - INFO - fire
2021-12-17 11:55:53,790 - Main.MLEngine - INFO - fire
2021-12-17 11:55:53,830 - Main.MLEngine - INFO - fire
2021-12-17 11:55:53,872 - Main.MLEngine - INFO - fire
2021-12-17 11:55:53,917 - Main.MLEngine - INFO - fire
2021-12-17 11:55:53,945 - Main.MLEngine - INFO - fire
2021-12-17 11:55:53,978 - Main.MLEngine - INFO - fire
2021-12-17 11:57:31,299 - Main.MLEngine - INFO - smoke
2021-12-17 11:57:31,444 - Main.MLEngine - INFO - smoke
2021-12-17 11:57:31,559 - Main.MLEngine - INFO - smoke
2021-12-17 11:57:31,573 - Main.MLEngine - INFO - smoke
2021-12-17 11:57:31,587 - Main.MLEngine - INFO - fire
2021-12-17 11:57:31,691 - Main.MLEngine - INFO - smoke
2021-12-17 11:57:31,707 - Main.MLEngine - INFO - fire
2021-12-17 11:57:31,849 - Main.MLEngine - INFO - smoke
2021-12-17 11:57:31,863 - Main.MLEngine - INFO - smoke
2021-12-17 11:57:31,903 - Main.MLEngine - INFO - smoke
2021-12-17 11:57:32,032 - Main.MLEngine - INFO - smoke
2021-12-17 11:57:32,045 - Main.MLEngine - INFO - smoke
2021-12-17 11:57:32,200 - Main.MLEngine - INFO - smoke
2021-12-17 11:57:32,294 - Main.MLEngine - INFO - smoke
2021-12-17 11:57:32,348 - Main.MLEngine - INFO - smoke
2021-12-17 11:57:32,375 - Main.MLEngine - INFO - smoke
2021-12-17 11:57:32,557 - Main.MLEngine - INFO - smoke
2021-12-17 11:57:32,702 - Main.MLEngine - INFO - fire
2021-12-17 11:57:32,807 - Main.MLEngine - INFO - smoke
2021-12-17 11:57:32,836 - Main.MLEngine - INFO - fire
2021-12-17 11:57:32,889 - Main.MLEngine - INFO - smoke
2021-12-17 11:57:32,930 - Main.MLEngine - INFO - fire
2021-12-17 11:57:33,062 - Main.MLEngine - INFO - smoke
2021-12-17 11:57:33,129 - Main.MLEngine - INFO - smoke
2021-12-17 11:57:33,144 - Main.MLEngine - INFO - fire
2021-12-17 11:57:33,316 - Main.MLEngine - INFO - smoke
2021-12-17 11:57:33,623 - Main.MLEngine - INFO - fire
2021-12-17 11:57:33,732 - Main.MLEngine - INFO - fire
2021-12-17 11:57:33,827 - Main.MLEngine - INFO - fire
2021-12-17 11:57:33,907 - Main.MLEngine - INFO - fire
2021-12-17 11:57:33,960 - Main.MLEngine - INFO - smoke
2021-12-17 11:57:33,976 - Main.MLEngine - INFO - fire
2021-12-17 11:57:34,028 - Main.MLEngine - INFO - smoke
2021-12-17 11:57:34,044 - Main.MLEngine - INFO - fire
2021-12-17 11:57:34,097 - Main.MLEngine - INFO - smoke
2021-12-17 11:57:34,113 - Main.MLEngine - INFO - fire
2021-12-17 11:57:34,141 - Main.MLEngine - INFO - smoke
2021-12-17 11:57:34,156 - Main.MLEngine - INFO - fire
2021-12-17 11:57:34,211 - Main.MLEngine - INFO - fire
2021-12-17 11:57:34,253 - Main.MLEngine - INFO - smoke
2021-12-17 11:57:34,268 - Main.MLEngine - INFO - fire
2021-12-17 11:57:34,336 - Main.MLEngine - INFO - fire
2021-12-17 11:57:34,449 - Main.MLEngine - INFO - fire
2021-12-17 11:57:34,518 - Main.MLEngine - INFO - fire
2021-12-17 11:57:34,561 - Main.MLEngine - INFO - fire
2021-12-17 11:57:34,587 - Main.MLEngine - INFO - smoke
2021-12-17 11:57:34,604 - Main.MLEngine - INFO - fire
2021-12-17 11:57:34,683 - Main.MLEngine - INFO - fire
2021-12-17 11:57:34,768 - Main.MLEngine - INFO - fire
2021-12-17 11:57:34,851 - Main.MLEngine - INFO - fire
2021-12-17 11:57:34,904 - Main.MLEngine - INFO - smoke
2021-12-17 11:57:34,932 - Main.MLEngine - INFO - smoke
2021-12-17 11:57:34,946 - Main.MLEngine - INFO - fire
2021-12-17 11:57:35,027 - Main.MLEngine - INFO - smoke
2021-12-17 11:57:35,041 - Main.MLEngine - INFO - fire
2021-12-17 11:57:35,111 - Main.MLEngine - INFO - fire
2021-12-17 11:57:35,157 - Main.MLEngine - INFO - smoke
2021-12-17 11:57:35,216 - Main.MLEngine - INFO - fire
2021-12-17 11:57:35,295 - Main.MLEngine - INFO - fire
2021-12-17 11:57:35,363 - Main.MLEngine - INFO - fire
2021-12-17 11:57:35,406 - Main.MLEngine - INFO - fire
2021-12-17 11:57:35,449 - Main.MLEngine - INFO - fire
2021-12-17 11:57:35,491 - Main.MLEngine - INFO - fire
2021-12-17 11:57:35,534 - Main.MLEngine - INFO - fire
2021-12-17 11:57:35,574 - Main.MLEngine - INFO - smoke
2021-12-17 11:57:35,589 - Main.MLEngine - INFO - fire
2021-12-17 11:57:35,646 - Main.MLEngine - INFO - fire
2021-12-17 11:57:35,701 - Main.MLEngine - INFO - fire
2021-12-17 11:57:35,742 - Main.MLEngine - INFO - fire
2021-12-17 11:57:35,799 - Main.MLEngine - INFO - fire
2021-12-17 11:57:35,853 - Main.MLEngine - INFO - fire
2021-12-17 11:57:35,907 - Main.MLEngine - INFO - fire
2021-12-17 11:57:35,962 - Main.MLEngine - INFO - fire
2021-12-17 11:57:36,003 - Main.MLEngine - INFO - fire
2021-12-17 11:57:36,058 - Main.MLEngine - INFO - fire
2021-12-17 11:57:36,113 - Main.MLEngine - INFO - fire
2021-12-17 11:57:36,156 - Main.MLEngine - INFO - fire
2021-12-17 11:57:36,184 - Main.MLEngine - INFO - fire
2021-12-17 11:57:36,211 - Main.MLEngine - INFO - fire
2021-12-17 11:57:36,240 - Main.MLEngine - INFO - fire
2021-12-17 11:57:36,268 - Main.MLEngine - INFO - fire
2021-12-17 11:57:36,309 - Main.MLEngine - INFO - fire
2021-12-17 11:57:36,349 - Main.MLEngine - INFO - fire
2021-12-17 11:57:36,390 - Main.MLEngine - INFO - fire
2021-12-17 11:57:36,418 - Main.MLEngine - INFO - fire
2021-12-17 11:57:36,447 - Main.MLEngine - INFO - fire
2021-12-17 11:57:36,475 - Main.MLEngine - INFO - fire
2021-12-17 11:57:36,503 - Main.MLEngine - INFO - fire
2021-12-17 11:57:36,531 - Main.MLEngine - INFO - fire
2021-12-17 11:57:36,559 - Main.MLEngine - INFO - fire
2021-12-17 11:57:36,588 - Main.MLEngine - INFO - fire
2021-12-17 11:57:36,615 - Main.MLEngine - INFO - fire
2021-12-17 11:57:36,643 - Main.MLEngine - INFO - fire
2021-12-17 11:57:36,697 - Main.MLEngine - INFO - fire
2021-12-17 11:57:36,724 - Main.MLEngine - INFO - fire
2021-12-17 11:57:36,806 - Main.MLEngine - INFO - fire
2021-12-17 11:57:36,835 - Main.MLEngine - INFO - fire
2021-12-17 11:57:36,863 - Main.MLEngine - INFO - fire
2021-12-17 11:57:36,890 - Main.MLEngine - INFO - fire
2021-12-17 11:57:36,917 - Main.MLEngine - INFO - fire
2021-12-17 11:57:36,945 - Main.MLEngine - INFO - fire
2021-12-17 11:57:36,971 - Main.MLEngine - INFO - fire
2021-12-17 11:57:36,999 - Main.MLEngine - INFO - fire
2021-12-17 11:57:37,025 - Main.MLEngine - INFO - fire
2021-12-17 11:57:37,052 - Main.MLEngine - INFO - fire
2021-12-17 11:57:37,079 - Main.MLEngine - INFO - fire
2021-12-17 11:57:37,157 - Main.MLEngine - INFO - fire
2021-12-17 11:57:37,184 - Main.MLEngine - INFO - fire
2021-12-17 11:57:37,211 - Main.MLEngine - INFO - fire
2021-12-17 11:57:37,238 - Main.MLEngine - INFO - fire
2021-12-17 11:57:37,264 - Main.MLEngine - INFO - fire
2021-12-17 11:57:37,291 - Main.MLEngine - INFO - fire
2021-12-17 11:57:37,317 - Main.MLEngine - INFO - fire
2021-12-17 11:57:37,343 - Main.MLEngine - INFO - fire
2021-12-17 11:57:37,370 - Main.MLEngine - INFO - fire
2021-12-17 11:57:37,395 - Main.MLEngine - INFO - fire
2021-12-17 11:57:37,423 - Main.MLEngine - INFO - fire
2021-12-17 11:57:37,449 - Main.MLEngine - INFO - fire
2021-12-17 11:57:37,475 - Main.MLEngine - INFO - fire
2021-12-17 11:57:37,501 - Main.MLEngine - INFO - fire
2021-12-17 11:57:37,527 - Main.MLEngine - INFO - fire
2021-12-17 11:57:37,555 - Main.MLEngine - INFO - fire
2021-12-17 11:57:37,580 - Main.MLEngine - INFO - fire
2021-12-17 11:57:37,607 - Main.MLEngine - INFO - fire
2021-12-17 11:57:37,633 - Main.MLEngine - INFO - fire
2021-12-17 11:57:37,659 - Main.MLEngine - INFO - fire
2021-12-17 11:57:37,685 - Main.MLEngine - INFO - fire
2021-12-17 11:57:37,713 - Main.MLEngine - INFO - fire
2021-12-17 11:57:37,740 - Main.MLEngine - INFO - fire
2021-12-17 11:57:37,765 - Main.MLEngine - INFO - fire
2021-12-17 11:57:37,793 - Main.MLEngine - INFO - fire
2021-12-17 11:57:37,822 - Main.MLEngine - INFO - fire
2021-12-17 11:57:37,849 - Main.MLEngine - INFO - fire
2021-12-17 11:57:37,876 - Main.MLEngine - INFO - fire
2021-12-17 11:57:37,901 - Main.MLEngine - INFO - fire
2021-12-17 11:57:37,928 - Main.MLEngine - INFO - fire
2021-12-17 11:57:37,954 - Main.MLEngine - INFO - fire
2021-12-17 11:57:37,980 - Main.MLEngine - INFO - fire
2021-12-17 11:57:38,007 - Main.MLEngine - INFO - fire
2021-12-17 11:57:38,033 - Main.MLEngine - INFO - fire
2021-12-17 11:57:38,060 - Main.MLEngine - INFO - fire
2021-12-17 11:57:38,085 - Main.MLEngine - INFO - fire
2021-12-17 11:57:38,111 - Main.MLEngine - INFO - fire
2021-12-17 11:57:38,137 - Main.MLEngine - INFO - fire
2021-12-17 11:57:38,164 - Main.MLEngine - INFO - fire
2021-12-17 11:57:38,190 - Main.MLEngine - INFO - fire
2021-12-17 11:57:38,216 - Main.MLEngine - INFO - fire
2021-12-17 11:57:38,241 - Main.MLEngine - INFO - fire
2021-12-17 11:57:38,267 - Main.MLEngine - INFO - fire
2021-12-17 11:57:38,294 - Main.MLEngine - INFO - fire
2021-12-17 11:57:38,307 - Main.MLEngine - INFO - fire
2021-12-17 11:57:38,333 - Main.MLEngine - INFO - fire
2021-12-17 11:57:38,347 - Main.MLEngine - INFO - fire
2021-12-17 11:57:38,373 - Main.MLEngine - INFO - fire
2021-12-17 11:57:38,400 - Main.MLEngine - INFO - fire
2021-12-17 11:57:38,427 - Main.MLEngine - INFO - fire
2021-12-17 11:57:38,453 - Main.MLEngine - INFO - fire
2021-12-17 11:57:38,479 - Main.MLEngine - INFO - fire
2021-12-17 11:57:38,504 - Main.MLEngine - INFO - fire
2021-12-17 11:57:38,531 - Main.MLEngine - INFO - fire
2021-12-17 11:57:38,558 - Main.MLEngine - INFO - fire
2021-12-17 11:57:38,584 - Main.MLEngine - INFO - fire
2021-12-17 11:57:38,610 - Main.MLEngine - INFO - fire
2021-12-17 11:57:38,624 - Main.MLEngine - INFO - fire
2021-12-17 11:57:38,650 - Main.MLEngine - INFO - fire
2021-12-17 11:57:38,664 - Main.MLEngine - INFO - fire
2021-12-17 11:57:38,689 - Main.MLEngine - INFO - fire
2021-12-17 11:57:38,716 - Main.MLEngine - INFO - fire
2021-12-17 11:57:38,743 - Main.MLEngine - INFO - fire
2021-12-17 11:57:38,769 - Main.MLEngine - INFO - fire
2021-12-17 11:57:38,796 - Main.MLEngine - INFO - fire
2021-12-17 11:57:38,822 - Main.MLEngine - INFO - fire
2021-12-17 11:57:38,850 - Main.MLEngine - INFO - fire
2021-12-17 11:57:38,876 - Main.MLEngine - INFO - fire
2021-12-17 11:57:38,903 - Main.MLEngine - INFO - fire
2021-12-17 11:57:38,929 - Main.MLEngine - INFO - fire
2021-12-17 11:57:38,955 - Main.MLEngine - INFO - fire
2021-12-17 11:57:39,032 - Main.MLEngine - INFO - fire
2021-12-17 11:57:39,058 - Main.MLEngine - INFO - fire
2021-12-17 11:57:39,085 - Main.MLEngine - INFO - fire
2021-12-17 11:57:39,111 - Main.MLEngine - INFO - fire
2021-12-17 11:57:39,136 - Main.MLEngine - INFO - fire
2021-12-17 11:57:39,162 - Main.MLEngine - INFO - fire
2021-12-17 11:57:39,239 - Main.MLEngine - INFO - fire
2021-12-17 11:57:39,265 - Main.MLEngine - INFO - fire
2021-12-17 11:57:39,291 - Main.MLEngine - INFO - fire
2021-12-17 11:57:39,319 - Main.MLEngine - INFO - fire
2021-12-17 11:57:39,346 - Main.MLEngine - INFO - fire
2021-12-17 11:57:39,397 - Main.MLEngine - INFO - fire
2021-12-17 11:57:39,423 - Main.MLEngine - INFO - fire
2021-12-17 11:57:39,451 - Main.MLEngine - INFO - fire
2021-12-17 11:57:39,477 - Main.MLEngine - INFO - fire
2021-12-17 11:57:39,504 - Main.MLEngine - INFO - fire
2021-12-17 11:57:39,583 - Main.MLEngine - INFO - fire
2021-12-17 11:57:39,609 - Main.MLEngine - INFO - fire
2021-12-17 11:57:39,635 - Main.MLEngine - INFO - fire
2021-12-17 11:57:39,661 - Main.MLEngine - INFO - fire
2021-12-17 11:57:39,688 - Main.MLEngine - INFO - fire
2021-12-17 11:57:39,714 - Main.MLEngine - INFO - fire
2021-12-17 11:57:39,739 - Main.MLEngine - INFO - fire
2021-12-17 11:57:39,765 - Main.MLEngine - INFO - fire
2021-12-17 11:57:39,791 - Main.MLEngine - INFO - fire
2021-12-17 11:57:39,819 - Main.MLEngine - INFO - fire
2021-12-17 11:57:39,846 - Main.MLEngine - INFO - fire
2021-12-17 11:57:39,873 - Main.MLEngine - INFO - fire
2021-12-17 11:57:39,898 - Main.MLEngine - INFO - fire
2021-12-17 11:57:39,923 - Main.MLEngine - INFO - fire
2021-12-17 11:57:39,949 - Main.MLEngine - INFO - fire
2021-12-17 11:57:39,975 - Main.MLEngine - INFO - fire
2021-12-17 11:57:40,001 - Main.MLEngine - INFO - fire
2021-12-17 11:57:40,026 - Main.MLEngine - INFO - fire
2021-12-17 11:57:40,053 - Main.MLEngine - INFO - fire
2021-12-17 11:57:40,079 - Main.MLEngine - INFO - fire
2021-12-17 11:57:40,105 - Main.MLEngine - INFO - fire
2021-12-17 11:57:40,131 - Main.MLEngine - INFO - fire
2021-12-17 11:57:40,158 - Main.MLEngine - INFO - fire
2021-12-17 11:57:40,233 - Main.MLEngine - INFO - fire
2021-12-17 11:57:40,260 - Main.MLEngine - INFO - fire
2021-12-17 11:57:40,336 - Main.MLEngine - INFO - fire
2021-12-17 11:57:40,435 - Main.MLEngine - INFO - fire
2021-12-17 11:57:40,461 - Main.MLEngine - INFO - fire
2021-12-17 11:57:40,487 - Main.MLEngine - INFO - fire
2021-12-17 11:57:40,562 - Main.MLEngine - INFO - fire
2021-12-17 11:57:40,590 - Main.MLEngine - INFO - fire
2021-12-17 11:57:40,616 - Main.MLEngine - INFO - fire
2021-12-17 11:57:40,642 - Main.MLEngine - INFO - fire
2021-12-17 11:57:40,668 - Main.MLEngine - INFO - fire
2021-12-17 11:57:40,718 - Main.MLEngine - INFO - fire
2021-12-17 11:57:40,744 - Main.MLEngine - INFO - fire
2021-12-17 11:57:40,770 - Main.MLEngine - INFO - fire
2021-12-17 11:57:40,796 - Main.MLEngine - INFO - fire
2021-12-17 11:57:40,823 - Main.MLEngine - INFO - fire
2021-12-17 11:57:40,848 - Main.MLEngine - INFO - fire
2021-12-17 11:57:40,873 - Main.MLEngine - INFO - fire
2021-12-17 11:57:40,900 - Main.MLEngine - INFO - fire
2021-12-17 11:57:40,925 - Main.MLEngine - INFO - fire
2021-12-17 11:57:40,951 - Main.MLEngine - INFO - fire
2021-12-17 11:57:40,977 - Main.MLEngine - INFO - fire
2021-12-17 11:57:41,003 - Main.MLEngine - INFO - fire
2021-12-17 11:57:41,030 - Main.MLEngine - INFO - fire
2021-12-17 11:57:41,057 - Main.MLEngine - INFO - fire
2021-12-17 11:57:41,082 - Main.MLEngine - INFO - fire
2021-12-17 11:57:41,108 - Main.MLEngine - INFO - fire
2021-12-17 11:57:41,133 - Main.MLEngine - INFO - fire
2021-12-17 11:57:41,158 - Main.MLEngine - INFO - fire
2021-12-17 11:57:41,184 - Main.MLEngine - INFO - fire
2021-12-17 11:57:41,210 - Main.MLEngine - INFO - fire
2021-12-17 11:57:41,235 - Main.MLEngine - INFO - fire
2021-12-17 11:57:41,261 - Main.MLEngine - INFO - fire
2021-12-17 11:57:41,287 - Main.MLEngine - INFO - fire
2021-12-17 11:57:41,313 - Main.MLEngine - INFO - fire
2021-12-17 11:57:41,338 - Main.MLEngine - INFO - fire
2021-12-17 11:57:41,364 - Main.MLEngine - INFO - fire
2021-12-17 11:57:41,390 - Main.MLEngine - INFO - fire
2021-12-17 11:57:41,415 - Main.MLEngine - INFO - fire
2021-12-17 11:57:41,441 - Main.MLEngine - INFO - fire
2021-12-17 11:57:41,468 - Main.MLEngine - INFO - fire
2021-12-17 11:57:41,493 - Main.MLEngine - INFO - fire
2021-12-17 11:57:41,520 - Main.MLEngine - INFO - fire
2021-12-17 11:57:41,546 - Main.MLEngine - INFO - fire
2021-12-17 11:57:41,571 - Main.MLEngine - INFO - fire
2021-12-17 11:57:41,596 - Main.MLEngine - INFO - fire
2021-12-17 11:57:41,623 - Main.MLEngine - INFO - fire
2021-12-17 11:57:41,649 - Main.MLEngine - INFO - fire
2021-12-17 11:57:41,675 - Main.MLEngine - INFO - fire
2021-12-17 11:57:41,703 - Main.MLEngine - INFO - fire
2021-12-17 11:57:41,730 - Main.MLEngine - INFO - fire
2021-12-17 11:57:41,755 - Main.MLEngine - INFO - fire
2021-12-17 11:57:41,781 - Main.MLEngine - INFO - fire
2021-12-17 11:57:41,810 - Main.MLEngine - INFO - fire
2021-12-17 11:57:41,837 - Main.MLEngine - INFO - fire
2021-12-17 11:57:41,864 - Main.MLEngine - INFO - fire
2021-12-17 11:57:41,893 - Main.MLEngine - INFO - fire
2021-12-17 11:57:41,918 - Main.MLEngine - INFO - fire
2021-12-17 11:57:41,944 - Main.MLEngine - INFO - fire
2021-12-17 11:57:41,970 - Main.MLEngine - INFO - fire
2021-12-17 11:57:41,996 - Main.MLEngine - INFO - fire
2021-12-17 11:57:42,022 - Main.MLEngine - INFO - fire
2021-12-17 11:57:42,047 - Main.MLEngine - INFO - fire
2021-12-17 11:57:42,073 - Main.MLEngine - INFO - fire
2021-12-17 11:57:42,099 - Main.MLEngine - INFO - fire
2021-12-17 11:57:42,124 - Main.MLEngine - INFO - fire
2021-12-17 11:57:42,152 - Main.MLEngine - INFO - fire
2021-12-17 11:57:42,179 - Main.MLEngine - INFO - fire
2021-12-17 11:57:42,205 - Main.MLEngine - INFO - fire
2021-12-17 11:57:42,230 - Main.MLEngine - INFO - fire
2021-12-17 11:57:42,257 - Main.MLEngine - INFO - fire
2021-12-17 11:57:42,282 - Main.MLEngine - INFO - fire
2021-12-17 11:57:42,307 - Main.MLEngine - INFO - fire
2021-12-17 11:57:42,334 - Main.MLEngine - INFO - fire
2021-12-17 11:57:42,359 - Main.MLEngine - INFO - fire
2021-12-17 11:57:42,385 - Main.MLEngine - INFO - fire
2021-12-17 11:57:42,410 - Main.MLEngine - INFO - fire
2021-12-17 11:57:42,437 - Main.MLEngine - INFO - fire
2021-12-17 11:57:42,462 - Main.MLEngine - INFO - fire
2021-12-17 11:57:42,489 - Main.MLEngine - INFO - fire
2021-12-17 11:57:42,515 - Main.MLEngine - INFO - fire
2021-12-17 11:57:42,562 - Main.MLEngine - INFO - fire
2021-12-17 11:57:42,587 - Main.MLEngine - INFO - fire
2021-12-17 11:57:42,613 - Main.MLEngine - INFO - fire
2021-12-17 11:57:42,640 - Main.MLEngine - INFO - fire
2021-12-17 11:57:42,666 - Main.MLEngine - INFO - fire
2021-12-17 11:57:42,691 - Main.MLEngine - INFO - fire
2021-12-17 11:57:42,717 - Main.MLEngine - INFO - fire
2021-12-17 11:57:42,743 - Main.MLEngine - INFO - fire
2021-12-17 11:57:42,768 - Main.MLEngine - INFO - fire
2021-12-17 11:57:42,795 - Main.MLEngine - INFO - fire
2021-12-17 11:57:42,870 - Main.MLEngine - INFO - fire
2021-12-17 11:57:42,896 - Main.MLEngine - INFO - fire
2021-12-17 11:57:42,922 - Main.MLEngine - INFO - fire
2021-12-17 11:57:42,949 - Main.MLEngine - INFO - fire
2021-12-17 11:57:42,976 - Main.MLEngine - INFO - fire
2021-12-17 11:57:43,027 - Main.MLEngine - INFO - fire
2021-12-17 11:57:43,053 - Main.MLEngine - INFO - fire
2021-12-17 11:57:43,080 - Main.MLEngine - INFO - fire
2021-12-17 11:57:43,105 - Main.MLEngine - INFO - fire
2021-12-17 11:57:43,131 - Main.MLEngine - INFO - fire
2021-12-17 11:57:43,158 - Main.MLEngine - INFO - fire
2021-12-17 11:57:43,183 - Main.MLEngine - INFO - fire
2021-12-17 11:57:43,209 - Main.MLEngine - INFO - fire
2021-12-17 11:57:43,234 - Main.MLEngine - INFO - fire
2021-12-17 11:57:43,260 - Main.MLEngine - INFO - fire
2021-12-17 11:57:43,286 - Main.MLEngine - INFO - fire
2021-12-17 11:57:43,312 - Main.MLEngine - INFO - fire
2021-12-17 11:57:43,336 - Main.MLEngine - INFO - fire
2021-12-17 11:57:43,363 - Main.MLEngine - INFO - fire
2021-12-17 11:57:43,387 - Main.MLEngine - INFO - fire
2021-12-17 11:57:43,414 - Main.MLEngine - INFO - fire
2021-12-17 11:57:43,440 - Main.MLEngine - INFO - fire
2021-12-17 11:57:43,465 - Main.MLEngine - INFO - fire
2021-12-17 11:57:43,490 - Main.MLEngine - INFO - fire
2021-12-17 11:57:43,516 - Main.MLEngine - INFO - fire
2021-12-17 11:57:43,543 - Main.MLEngine - INFO - fire
2021-12-17 11:57:43,568 - Main.MLEngine - INFO - fire
2021-12-17 11:57:43,594 - Main.MLEngine - INFO - fire
2021-12-17 11:57:43,621 - Main.MLEngine - INFO - fire
2021-12-17 11:57:43,647 - Main.MLEngine - INFO - fire
2021-12-17 11:57:43,673 - Main.MLEngine - INFO - fire
2021-12-17 11:57:43,724 - Main.MLEngine - INFO - fire
2021-12-17 11:57:43,750 - Main.MLEngine - INFO - fire
2021-12-17 11:57:43,776 - Main.MLEngine - INFO - fire
2021-12-17 11:57:43,802 - Main.MLEngine - INFO - fire
2021-12-17 11:57:43,827 - Main.MLEngine - INFO - fire
2021-12-17 11:57:43,854 - Main.MLEngine - INFO - fire
2021-12-17 11:57:43,878 - Main.MLEngine - INFO - fire
2021-12-17 11:57:43,908 - Main.MLEngine - INFO - fire
2021-12-17 11:57:43,934 - Main.MLEngine - INFO - fire
2021-12-17 11:57:43,959 - Main.MLEngine - INFO - fire
2021-12-17 11:57:43,986 - Main.MLEngine - INFO - fire
2021-12-17 11:57:44,013 - Main.MLEngine - INFO - fire
2021-12-17 11:57:44,040 - Main.MLEngine - INFO - fire
2021-12-17 11:57:44,068 - Main.MLEngine - INFO - fire
2021-12-17 11:57:44,094 - Main.MLEngine - INFO - fire
2021-12-17 11:57:44,120 - Main.MLEngine - INFO - fire
2021-12-17 11:57:44,148 - Main.MLEngine - INFO - fire
2021-12-17 11:57:44,178 - Main.MLEngine - INFO - fire
2021-12-17 11:57:44,204 - Main.MLEngine - INFO - fire
2021-12-17 11:57:44,231 - Main.MLEngine - INFO - fire
2021-12-17 11:57:44,258 - Main.MLEngine - INFO - fire
2021-12-17 11:57:44,284 - Main.MLEngine - INFO - fire
2021-12-17 11:57:44,311 - Main.MLEngine - INFO - fire
2021-12-17 11:57:44,336 - Main.MLEngine - INFO - fire
2021-12-17 11:57:44,362 - Main.MLEngine - INFO - fire
2021-12-17 11:57:44,388 - Main.MLEngine - INFO - fire
2021-12-17 11:57:44,465 - Main.MLEngine - INFO - fire
2021-12-17 11:57:44,491 - Main.MLEngine - INFO - fire
2021-12-17 11:57:44,517 - Main.MLEngine - INFO - fire
2021-12-17 11:57:44,543 - Main.MLEngine - INFO - fire
2021-12-17 11:57:44,568 - Main.MLEngine - INFO - fire
2021-12-17 11:57:44,594 - Main.MLEngine - INFO - fire
2021-12-17 11:57:44,670 - Main.MLEngine - INFO - fire
2021-12-17 11:57:44,695 - Main.MLEngine - INFO - fire
2021-12-17 11:57:44,720 - Main.MLEngine - INFO - fire
2021-12-17 11:57:44,745 - Main.MLEngine - INFO - fire
2021-12-17 11:57:44,770 - Main.MLEngine - INFO - fire
2021-12-17 11:57:44,796 - Main.MLEngine - INFO - fire
2021-12-17 11:57:44,822 - Main.MLEngine - INFO - fire
2021-12-17 11:57:44,847 - Main.MLEngine - INFO - fire
2021-12-17 11:57:44,874 - Main.MLEngine - INFO - fire
2021-12-17 11:57:44,949 - Main.MLEngine - INFO - fire
2021-12-17 11:57:44,974 - Main.MLEngine - INFO - fire
2021-12-17 11:57:45,001 - Main.MLEngine - INFO - fire
2021-12-17 11:57:45,026 - Main.MLEngine - INFO - fire
2021-12-17 11:57:45,053 - Main.MLEngine - INFO - fire
2021-12-17 11:57:45,078 - Main.MLEngine - INFO - fire
2021-12-17 11:57:45,104 - Main.MLEngine - INFO - fire
2021-12-17 11:57:45,129 - Main.MLEngine - INFO - fire
2021-12-17 11:57:45,156 - Main.MLEngine - INFO - fire
2021-12-17 11:57:45,182 - Main.MLEngine - INFO - fire
2021-12-17 11:57:45,206 - Main.MLEngine - INFO - fire
2021-12-17 11:57:45,232 - Main.MLEngine - INFO - fire
2021-12-17 11:57:45,257 - Main.MLEngine - INFO - fire
2021-12-17 11:57:45,283 - Main.MLEngine - INFO - fire
2021-12-17 11:57:45,308 - Main.MLEngine - INFO - fire
2021-12-17 11:57:45,334 - Main.MLEngine - INFO - fire
2021-12-17 11:57:45,359 - Main.MLEngine - INFO - fire
2021-12-17 11:57:45,387 - Main.MLEngine - INFO - fire
2021-12-17 11:57:45,413 - Main.MLEngine - INFO - fire
2021-12-17 11:57:45,463 - Main.MLEngine - INFO - fire
2021-12-17 11:57:45,488 - Main.MLEngine - INFO - fire
2021-12-17 11:57:45,518 - Main.MLEngine - INFO - fire
2021-12-17 11:57:45,543 - Main.MLEngine - INFO - fire
2021-12-17 11:57:45,570 - Main.MLEngine - INFO - fire
2021-12-17 11:57:45,597 - Main.MLEngine - INFO - fire
2021-12-17 11:57:45,622 - Main.MLEngine - INFO - fire
2021-12-17 11:57:45,648 - Main.MLEngine - INFO - fire
2021-12-17 11:57:45,673 - Main.MLEngine - INFO - fire
2021-12-17 11:57:45,700 - Main.MLEngine - INFO - fire
2021-12-17 11:57:45,725 - Main.MLEngine - INFO - fire
2021-12-17 11:57:45,752 - Main.MLEngine - INFO - fire
2021-12-17 11:57:45,777 - Main.MLEngine - INFO - fire
2021-12-17 11:57:45,802 - Main.MLEngine - INFO - fire
2021-12-17 11:57:45,828 - Main.MLEngine - INFO - fire
2021-12-17 11:57:45,853 - Main.MLEngine - INFO - fire
2021-12-17 11:57:45,928 - Main.MLEngine - INFO - fire
2021-12-17 11:57:45,955 - Main.MLEngine - INFO - fire
2021-12-17 11:57:45,982 - Main.MLEngine - INFO - fire
2021-12-17 11:57:46,007 - Main.MLEngine - INFO - fire
2021-12-17 11:57:46,057 - Main.MLEngine - INFO - fire
2021-12-17 11:57:46,088 - Main.MLEngine - INFO - fire
2021-12-17 11:57:46,131 - Main.MLEngine - INFO - fire
2021-12-17 11:57:46,167 - Main.MLEngine - INFO - fire
2021-12-17 11:57:46,196 - Main.MLEngine - INFO - fire
2021-12-17 11:57:46,310 - Main.MLEngine - INFO - fire
2021-12-17 11:57:46,398 - Main.MLEngine - INFO - fire
2021-12-17 11:57:46,425 - Main.MLEngine - INFO - fire
2021-12-17 11:57:46,453 - Main.MLEngine - INFO - fire
2021-12-17 11:57:46,481 - Main.MLEngine - INFO - fire
2021-12-17 11:57:46,506 - Main.MLEngine - INFO - fire
2021-12-17 11:57:46,535 - Main.MLEngine - INFO - fire
2021-12-17 11:57:46,561 - Main.MLEngine - INFO - fire
2021-12-17 11:57:46,589 - Main.MLEngine - INFO - fire
2021-12-17 11:57:46,615 - Main.MLEngine - INFO - fire
2021-12-17 11:57:46,642 - Main.MLEngine - INFO - fire
2021-12-17 11:57:46,670 - Main.MLEngine - INFO - fire
2021-12-17 11:57:46,697 - Main.MLEngine - INFO - fire
2021-12-17 11:57:46,724 - Main.MLEngine - INFO - fire
2021-12-17 11:57:46,751 - Main.MLEngine - INFO - fire
2021-12-17 11:57:46,778 - Main.MLEngine - INFO - fire
2021-12-17 11:57:46,806 - Main.MLEngine - INFO - fire
2021-12-17 11:57:46,834 - Main.MLEngine - INFO - fire
2021-12-17 11:57:46,863 - Main.MLEngine - INFO - fire
2021-12-17 11:57:46,889 - Main.MLEngine - INFO - fire
2021-12-17 11:57:46,914 - Main.MLEngine - INFO - fire
2021-12-17 11:57:46,941 - Main.MLEngine - INFO - fire
2021-12-17 11:57:46,966 - Main.MLEngine - INFO - fire
2021-12-17 11:57:46,991 - Main.MLEngine - INFO - fire
2021-12-17 11:57:47,018 - Main.MLEngine - INFO - fire
2021-12-17 11:57:47,045 - Main.MLEngine - INFO - fire
2021-12-17 11:57:47,071 - Main.MLEngine - INFO - fire
2021-12-17 11:57:47,098 - Main.MLEngine - INFO - fire
2021-12-17 11:57:47,124 - Main.MLEngine - INFO - fire
2021-12-17 11:57:47,156 - Main.MLEngine - INFO - fire
2021-12-17 11:57:47,201 - Main.MLEngine - INFO - fire
2021-12-17 11:57:47,287 - Main.MLEngine - INFO - fire
2021-12-17 11:57:47,318 - Main.MLEngine - INFO - fire
2021-12-17 11:57:47,346 - Main.MLEngine - INFO - fire
2021-12-17 11:57:47,373 - Main.MLEngine - INFO - fire
2021-12-17 11:57:47,401 - Main.MLEngine - INFO - fire
2021-12-17 11:57:47,429 - Main.MLEngine - INFO - fire
2021-12-17 11:57:47,458 - Main.MLEngine - INFO - fire
2021-12-17 11:57:47,488 - Main.MLEngine - INFO - fire
2021-12-17 11:57:47,518 - Main.MLEngine - INFO - fire
2021-12-17 11:57:47,544 - Main.MLEngine - INFO - fire
2021-12-17 11:57:47,573 - Main.MLEngine - INFO - fire
2021-12-17 11:57:47,600 - Main.MLEngine - INFO - fire
2021-12-17 11:57:47,625 - Main.MLEngine - INFO - fire
2021-12-17 11:57:47,652 - Main.MLEngine - INFO - fire
2021-12-17 11:57:47,679 - Main.MLEngine - INFO - fire
2021-12-17 11:57:47,709 - Main.MLEngine - INFO - fire
2021-12-17 11:57:47,736 - Main.MLEngine - INFO - fire
2021-12-17 11:57:47,764 - Main.MLEngine - INFO - fire
2021-12-17 11:57:47,795 - Main.MLEngine - INFO - fire
2021-12-17 11:57:47,821 - Main.MLEngine - INFO - fire
2021-12-17 11:57:47,848 - Main.MLEngine - INFO - fire
2021-12-17 11:57:47,873 - Main.MLEngine - INFO - fire
2021-12-17 11:57:47,900 - Main.MLEngine - INFO - fire
2021-12-17 11:57:47,928 - Main.MLEngine - INFO - fire
2021-12-17 11:57:47,961 - Main.MLEngine - INFO - fire
2021-12-17 11:57:48,117 - Main.MLEngine - INFO - fire
2021-12-17 11:57:48,194 - Main.MLEngine - INFO - fire
2021-12-17 11:57:48,229 - Main.MLEngine - INFO - fire
2021-12-17 11:57:48,266 - Main.MLEngine - INFO - fire
2021-12-17 11:57:48,295 - Main.MLEngine - INFO - fire
2021-12-17 11:57:48,324 - Main.MLEngine - INFO - fire
2021-12-17 11:57:48,357 - Main.MLEngine - INFO - fire
2021-12-17 11:57:48,386 - Main.MLEngine - INFO - fire
2021-12-17 11:57:48,417 - Main.MLEngine - INFO - fire
2021-12-17 11:57:48,448 - Main.MLEngine - INFO - fire
2021-12-17 11:57:48,475 - Main.MLEngine - INFO - fire
2021-12-17 11:57:48,502 - Main.MLEngine - INFO - fire
2021-12-17 11:57:48,529 - Main.MLEngine - INFO - fire
2021-12-17 11:57:48,556 - Main.MLEngine - INFO - fire
2021-12-17 11:57:48,582 - Main.MLEngine - INFO - fire
2021-12-17 11:57:48,612 - Main.MLEngine - INFO - fire
2021-12-17 11:57:48,643 - Main.MLEngine - INFO - fire
2021-12-17 11:57:48,678 - Main.MLEngine - INFO - fire
2021-12-17 11:57:48,709 - Main.MLEngine - INFO - fire
2021-12-17 11:57:48,744 - Main.MLEngine - INFO - fire
2021-12-17 11:57:48,777 - Main.MLEngine - INFO - fire
2021-12-17 11:57:48,811 - Main.MLEngine - INFO - fire
2021-12-17 11:57:48,850 - Main.MLEngine - INFO - fire
2021-12-17 11:57:48,885 - Main.MLEngine - INFO - fire
2021-12-17 11:57:48,914 - Main.MLEngine - INFO - fire
2021-12-17 11:57:48,941 - Main.MLEngine - INFO - fire
2021-12-17 11:57:48,969 - Main.MLEngine - INFO - fire
2021-12-17 11:57:48,995 - Main.MLEngine - INFO - fire
2021-12-17 11:57:49,023 - Main.MLEngine - INFO - fire
2021-12-17 11:57:49,050 - Main.MLEngine - INFO - fire
2021-12-17 11:57:49,077 - Main.MLEngine - INFO - fire
2021-12-17 11:57:49,103 - Main.MLEngine - INFO - fire
2021-12-17 11:57:49,130 - Main.MLEngine - INFO - fire
2021-12-17 11:57:49,157 - Main.MLEngine - INFO - fire
2021-12-17 11:57:49,184 - Main.MLEngine - INFO - fire
2021-12-17 11:57:49,211 - Main.MLEngine - INFO - fire
2021-12-17 11:57:49,238 - Main.MLEngine - INFO - fire
2021-12-17 11:57:49,268 - Main.MLEngine - INFO - fire
2021-12-17 11:57:49,294 - Main.MLEngine - INFO - fire
2021-12-17 11:57:49,320 - Main.MLEngine - INFO - fire
2021-12-17 11:57:49,346 - Main.MLEngine - INFO - fire
2021-12-17 11:57:49,372 - Main.MLEngine - INFO - fire
2021-12-17 11:57:49,398 - Main.MLEngine - INFO - fire
2021-12-17 11:57:49,425 - Main.MLEngine - INFO - fire
2021-12-17 11:57:49,453 - Main.MLEngine - INFO - fire
2021-12-17 11:57:49,479 - Main.MLEngine - INFO - fire
2021-12-17 11:57:49,505 - Main.MLEngine - INFO - fire
2021-12-17 11:57:49,531 - Main.MLEngine - INFO - fire
2021-12-17 11:57:49,559 - Main.MLEngine - INFO - fire
2021-12-17 11:57:49,586 - Main.MLEngine - INFO - fire
2021-12-17 11:57:49,612 - Main.MLEngine - INFO - fire
2021-12-17 11:57:49,640 - Main.MLEngine - INFO - fire
2021-12-17 11:57:49,667 - Main.MLEngine - INFO - fire
2021-12-17 11:57:49,720 - Main.MLEngine - INFO - fire
2021-12-17 11:57:49,748 - Main.MLEngine - INFO - fire
2021-12-17 11:57:49,776 - Main.MLEngine - INFO - fire
2021-12-17 11:57:49,804 - Main.MLEngine - INFO - fire
2021-12-17 11:57:49,832 - Main.MLEngine - INFO - fire
2021-12-17 11:57:49,858 - Main.MLEngine - INFO - fire
2021-12-17 11:57:49,884 - Main.MLEngine - INFO - fire
2021-12-17 11:57:49,911 - Main.MLEngine - INFO - fire
2021-12-17 11:57:49,937 - Main.MLEngine - INFO - fire
2021-12-17 11:57:49,964 - Main.MLEngine - INFO - fire
2021-12-17 11:57:49,994 - Main.MLEngine - INFO - fire
2021-12-17 11:57:50,023 - Main.MLEngine - INFO - fire
2021-12-17 11:57:50,051 - Main.MLEngine - INFO - fire
2021-12-17 11:57:50,080 - Main.MLEngine - INFO - fire
2021-12-17 11:57:50,109 - Main.MLEngine - INFO - fire
2021-12-17 11:57:50,139 - Main.MLEngine - INFO - fire
2021-12-17 11:57:50,165 - Main.MLEngine - INFO - fire
2021-12-17 11:57:50,192 - Main.MLEngine - INFO - fire
2021-12-17 11:57:50,220 - Main.MLEngine - INFO - fire
2021-12-17 11:57:50,246 - Main.MLEngine - INFO - fire
2021-12-17 11:57:50,273 - Main.MLEngine - INFO - fire
2021-12-17 11:57:50,300 - Main.MLEngine - INFO - fire
2021-12-17 11:57:50,331 - Main.MLEngine - INFO - fire
2021-12-17 11:57:50,357 - Main.MLEngine - INFO - fire
2021-12-17 11:57:50,383 - Main.MLEngine - INFO - fire
2021-12-17 11:57:50,409 - Main.MLEngine - INFO - fire
2021-12-17 11:57:50,435 - Main.MLEngine - INFO - fire
2021-12-17 11:57:50,461 - Main.MLEngine - INFO - fire
2021-12-17 11:57:50,490 - Main.MLEngine - INFO - fire
2021-12-17 11:57:50,517 - Main.MLEngine - INFO - fire
2021-12-17 11:57:50,544 - Main.MLEngine - INFO - fire
2021-12-17 11:57:50,570 - Main.MLEngine - INFO - fire
2021-12-17 11:57:50,597 - Main.MLEngine - INFO - fire
2021-12-17 11:57:50,623 - Main.MLEngine - INFO - fire
2021-12-17 11:57:50,651 - Main.MLEngine - INFO - fire
2021-12-17 11:57:50,678 - Main.MLEngine - INFO - fire
2021-12-17 11:57:50,705 - Main.MLEngine - INFO - fire
2021-12-17 11:57:50,732 - Main.MLEngine - INFO - fire
2021-12-17 11:57:50,758 - Main.MLEngine - INFO - fire
2021-12-17 11:57:50,785 - Main.MLEngine - INFO - fire
2021-12-17 11:57:50,812 - Main.MLEngine - INFO - fire
2021-12-17 11:57:50,839 - Main.MLEngine - INFO - fire
2021-12-17 11:57:50,865 - Main.MLEngine - INFO - fire
2021-12-17 11:57:50,892 - Main.MLEngine - INFO - fire
2021-12-17 11:57:50,919 - Main.MLEngine - INFO - fire
2021-12-17 11:57:50,960 - Main.MLEngine - INFO - fire
2021-12-17 11:57:50,996 - Main.MLEngine - INFO - fire
2021-12-17 11:57:51,028 - Main.MLEngine - INFO - fire
2021-12-17 11:57:51,056 - Main.MLEngine - INFO - fire
2021-12-17 11:57:51,086 - Main.MLEngine - INFO - fire
2021-12-17 11:57:51,115 - Main.MLEngine - INFO - fire
2021-12-17 11:57:51,141 - Main.MLEngine - INFO - fire
2021-12-17 11:57:51,168 - Main.MLEngine - INFO - fire
2021-12-17 11:59:15,233 - Main.MLEngine - INFO - smoke
2021-12-17 11:59:15,376 - Main.MLEngine - INFO - smoke
2021-12-17 11:59:15,493 - Main.MLEngine - INFO - smoke
2021-12-17 11:59:15,507 - Main.MLEngine - INFO - smoke
2021-12-17 11:59:15,521 - Main.MLEngine - INFO - fire
2021-12-17 11:59:15,624 - Main.MLEngine - INFO - smoke
2021-12-17 11:59:15,639 - Main.MLEngine - INFO - fire
2021-12-17 11:59:15,782 - Main.MLEngine - INFO - smoke
2021-12-17 11:59:15,797 - Main.MLEngine - INFO - smoke
2021-12-17 11:59:15,836 - Main.MLEngine - INFO - smoke
2021-12-17 11:59:15,966 - Main.MLEngine - INFO - smoke
2021-12-17 11:59:15,979 - Main.MLEngine - INFO - smoke
2021-12-17 11:59:16,136 - Main.MLEngine - INFO - smoke
2021-12-17 11:59:16,230 - Main.MLEngine - INFO - smoke
2021-12-17 11:59:16,283 - Main.MLEngine - INFO - smoke
2021-12-17 11:59:16,310 - Main.MLEngine - INFO - smoke
2021-12-17 11:59:16,492 - Main.MLEngine - INFO - smoke
2021-12-17 11:59:16,636 - Main.MLEngine - INFO - fire
2021-12-17 11:59:16,741 - Main.MLEngine - INFO - smoke
2021-12-17 11:59:16,771 - Main.MLEngine - INFO - fire
2021-12-17 11:59:16,825 - Main.MLEngine - INFO - smoke
2021-12-17 11:59:16,867 - Main.MLEngine - INFO - fire
2021-12-17 11:59:17,003 - Main.MLEngine - INFO - smoke
2021-12-17 11:59:17,072 - Main.MLEngine - INFO - smoke
2021-12-17 11:59:17,085 - Main.MLEngine - INFO - fire
2021-12-17 11:59:17,259 - Main.MLEngine - INFO - smoke
2021-12-17 11:59:17,563 - Main.MLEngine - INFO - fire
2021-12-17 11:59:17,671 - Main.MLEngine - INFO - fire
2021-12-17 11:59:17,772 - Main.MLEngine - INFO - fire
2021-12-17 11:59:17,853 - Main.MLEngine - INFO - fire
2021-12-17 11:59:17,905 - Main.MLEngine - INFO - smoke
2021-12-17 11:59:17,921 - Main.MLEngine - INFO - fire
2021-12-17 11:59:17,973 - Main.MLEngine - INFO - smoke
2021-12-17 11:59:17,989 - Main.MLEngine - INFO - fire
2021-12-17 11:59:18,042 - Main.MLEngine - INFO - smoke
2021-12-17 11:59:18,057 - Main.MLEngine - INFO - fire
2021-12-17 11:59:18,084 - Main.MLEngine - INFO - smoke
2021-12-17 11:59:18,099 - Main.MLEngine - INFO - fire
2021-12-17 11:59:18,156 - Main.MLEngine - INFO - fire
2021-12-17 11:59:18,198 - Main.MLEngine - INFO - smoke
2021-12-17 11:59:18,212 - Main.MLEngine - INFO - fire
2021-12-17 11:59:18,279 - Main.MLEngine - INFO - fire
2021-12-17 11:59:18,371 - Main.MLEngine - INFO - fire
2021-12-17 11:59:18,441 - Main.MLEngine - INFO - fire
2021-12-17 11:59:18,484 - Main.MLEngine - INFO - fire
2021-12-17 11:59:18,511 - Main.MLEngine - INFO - smoke
2021-12-17 11:59:18,528 - Main.MLEngine - INFO - fire
2021-12-17 11:59:18,608 - Main.MLEngine - INFO - fire
2021-12-17 11:59:18,689 - Main.MLEngine - INFO - fire
2021-12-17 11:59:18,770 - Main.MLEngine - INFO - fire
2021-12-17 11:59:18,824 - Main.MLEngine - INFO - smoke
2021-12-17 11:59:18,853 - Main.MLEngine - INFO - smoke
2021-12-17 11:59:18,867 - Main.MLEngine - INFO - fire
2021-12-17 11:59:18,947 - Main.MLEngine - INFO - smoke
2021-12-17 11:59:18,962 - Main.MLEngine - INFO - fire
2021-12-17 11:59:19,030 - Main.MLEngine - INFO - fire
2021-12-17 11:59:19,057 - Main.MLEngine - INFO - smoke
2021-12-17 11:59:19,111 - Main.MLEngine - INFO - fire
2021-12-17 11:59:19,192 - Main.MLEngine - INFO - fire
2021-12-17 11:59:19,261 - Main.MLEngine - INFO - fire
2021-12-17 11:59:19,304 - Main.MLEngine - INFO - fire
2021-12-17 11:59:19,346 - Main.MLEngine - INFO - fire
2021-12-17 11:59:19,387 - Main.MLEngine - INFO - fire
2021-12-17 11:59:19,430 - Main.MLEngine - INFO - fire
2021-12-17 11:59:19,471 - Main.MLEngine - INFO - smoke
2021-12-17 11:59:19,486 - Main.MLEngine - INFO - fire
2021-12-17 11:59:19,541 - Main.MLEngine - INFO - fire
2021-12-17 11:59:19,596 - Main.MLEngine - INFO - fire
2021-12-17 11:59:19,666 - Main.MLEngine - INFO - fire
2021-12-17 11:59:19,723 - Main.MLEngine - INFO - fire
2021-12-17 11:59:19,777 - Main.MLEngine - INFO - fire
2021-12-17 11:59:19,832 - Main.MLEngine - INFO - fire
2021-12-17 11:59:19,886 - Main.MLEngine - INFO - fire
2021-12-17 11:59:19,929 - Main.MLEngine - INFO - fire
2021-12-17 11:59:19,982 - Main.MLEngine - INFO - fire
2021-12-17 11:59:20,037 - Main.MLEngine - INFO - fire
2021-12-17 11:59:20,077 - Main.MLEngine - INFO - fire
2021-12-17 11:59:20,108 - Main.MLEngine - INFO - fire
2021-12-17 11:59:20,136 - Main.MLEngine - INFO - fire
2021-12-17 11:59:20,165 - Main.MLEngine - INFO - fire
2021-12-17 11:59:20,193 - Main.MLEngine - INFO - fire
2021-12-17 11:59:20,234 - Main.MLEngine - INFO - fire
2021-12-17 11:59:20,274 - Main.MLEngine - INFO - fire
2021-12-17 11:59:20,314 - Main.MLEngine - INFO - fire
2021-12-17 11:59:20,341 - Main.MLEngine - INFO - fire
2021-12-17 11:59:20,369 - Main.MLEngine - INFO - fire
2021-12-17 11:59:20,397 - Main.MLEngine - INFO - fire
2021-12-17 11:59:20,424 - Main.MLEngine - INFO - fire
2021-12-17 11:59:20,451 - Main.MLEngine - INFO - fire
2021-12-17 11:59:20,478 - Main.MLEngine - INFO - fire
2021-12-17 11:59:20,506 - Main.MLEngine - INFO - fire
2021-12-17 11:59:20,533 - Main.MLEngine - INFO - fire
2021-12-17 11:59:20,561 - Main.MLEngine - INFO - fire
2021-12-17 11:59:20,616 - Main.MLEngine - INFO - fire
2021-12-17 11:59:20,644 - Main.MLEngine - INFO - fire
2021-12-17 11:59:20,722 - Main.MLEngine - INFO - fire
2021-12-17 11:59:20,749 - Main.MLEngine - INFO - fire
2021-12-17 11:59:20,777 - Main.MLEngine - INFO - fire
2021-12-17 11:59:20,803 - Main.MLEngine - INFO - fire
2021-12-17 11:59:20,830 - Main.MLEngine - INFO - fire
2021-12-17 11:59:20,857 - Main.MLEngine - INFO - fire
2021-12-17 11:59:20,887 - Main.MLEngine - INFO - fire
2021-12-17 11:59:20,914 - Main.MLEngine - INFO - fire
2021-12-17 11:59:20,940 - Main.MLEngine - INFO - fire
2021-12-17 11:59:20,967 - Main.MLEngine - INFO - fire
2021-12-17 11:59:20,994 - Main.MLEngine - INFO - fire
2021-12-17 11:59:21,071 - Main.MLEngine - INFO - fire
2021-12-17 11:59:21,097 - Main.MLEngine - INFO - fire
2021-12-17 11:59:21,124 - Main.MLEngine - INFO - fire
2021-12-17 11:59:21,150 - Main.MLEngine - INFO - fire
2021-12-17 11:59:21,178 - Main.MLEngine - INFO - fire
2021-12-17 11:59:21,206 - Main.MLEngine - INFO - fire
2021-12-17 11:59:21,233 - Main.MLEngine - INFO - fire
2021-12-17 11:59:21,259 - Main.MLEngine - INFO - fire
2021-12-17 11:59:21,285 - Main.MLEngine - INFO - fire
2021-12-17 11:59:21,310 - Main.MLEngine - INFO - fire
2021-12-17 11:59:21,336 - Main.MLEngine - INFO - fire
2021-12-17 11:59:21,362 - Main.MLEngine - INFO - fire
2021-12-17 11:59:21,389 - Main.MLEngine - INFO - fire
2021-12-17 11:59:21,413 - Main.MLEngine - INFO - fire
2021-12-17 11:59:21,440 - Main.MLEngine - INFO - fire
2021-12-17 11:59:21,465 - Main.MLEngine - INFO - fire
2021-12-17 11:59:21,492 - Main.MLEngine - INFO - fire
2021-12-17 11:59:21,518 - Main.MLEngine - INFO - fire
2021-12-17 11:59:21,544 - Main.MLEngine - INFO - fire
2021-12-17 11:59:21,569 - Main.MLEngine - INFO - fire
2021-12-17 11:59:21,595 - Main.MLEngine - INFO - fire
2021-12-17 11:59:21,621 - Main.MLEngine - INFO - fire
2021-12-17 11:59:21,647 - Main.MLEngine - INFO - fire
2021-12-17 11:59:21,674 - Main.MLEngine - INFO - fire
2021-12-17 11:59:21,699 - Main.MLEngine - INFO - fire
2021-12-17 11:59:21,725 - Main.MLEngine - INFO - fire
2021-12-17 11:59:21,751 - Main.MLEngine - INFO - fire
2021-12-17 11:59:21,779 - Main.MLEngine - INFO - fire
2021-12-17 11:59:21,804 - Main.MLEngine - INFO - fire
2021-12-17 11:59:21,831 - Main.MLEngine - INFO - fire
2021-12-17 11:59:21,857 - Main.MLEngine - INFO - fire
2021-12-17 11:59:21,885 - Main.MLEngine - INFO - fire
2021-12-17 11:59:21,911 - Main.MLEngine - INFO - fire
2021-12-17 11:59:21,938 - Main.MLEngine - INFO - fire
2021-12-17 11:59:21,965 - Main.MLEngine - INFO - fire
2021-12-17 11:59:21,991 - Main.MLEngine - INFO - fire
2021-12-17 11:59:22,016 - Main.MLEngine - INFO - fire
2021-12-17 11:59:22,042 - Main.MLEngine - INFO - fire
2021-12-17 11:59:22,068 - Main.MLEngine - INFO - fire
2021-12-17 11:59:22,093 - Main.MLEngine - INFO - fire
2021-12-17 11:59:22,120 - Main.MLEngine - INFO - fire
2021-12-17 11:59:22,147 - Main.MLEngine - INFO - fire
2021-12-17 11:59:22,172 - Main.MLEngine - INFO - fire
2021-12-17 11:59:22,199 - Main.MLEngine - INFO - fire
2021-12-17 11:59:22,213 - Main.MLEngine - INFO - fire
2021-12-17 11:59:22,239 - Main.MLEngine - INFO - fire
2021-12-17 11:59:22,253 - Main.MLEngine - INFO - fire
2021-12-17 11:59:22,278 - Main.MLEngine - INFO - fire
2021-12-17 11:59:22,305 - Main.MLEngine - INFO - fire
2021-12-17 11:59:22,331 - Main.MLEngine - INFO - fire
2021-12-17 11:59:22,356 - Main.MLEngine - INFO - fire
2021-12-17 11:59:22,382 - Main.MLEngine - INFO - fire
2021-12-17 11:59:22,408 - Main.MLEngine - INFO - fire
2021-12-17 11:59:22,435 - Main.MLEngine - INFO - fire
2021-12-17 11:59:22,461 - Main.MLEngine - INFO - fire
2021-12-17 11:59:22,488 - Main.MLEngine - INFO - fire
2021-12-17 11:59:22,513 - Main.MLEngine - INFO - fire
2021-12-17 11:59:22,527 - Main.MLEngine - INFO - fire
2021-12-17 11:59:22,552 - Main.MLEngine - INFO - fire
2021-12-17 11:59:22,567 - Main.MLEngine - INFO - fire
2021-12-17 11:59:22,593 - Main.MLEngine - INFO - fire
2021-12-17 11:59:22,621 - Main.MLEngine - INFO - fire
2021-12-17 11:59:22,647 - Main.MLEngine - INFO - fire
2021-12-17 11:59:22,674 - Main.MLEngine - INFO - fire
2021-12-17 11:59:22,699 - Main.MLEngine - INFO - fire
2021-12-17 11:59:22,726 - Main.MLEngine - INFO - fire
2021-12-17 11:59:22,752 - Main.MLEngine - INFO - fire
2021-12-17 11:59:22,778 - Main.MLEngine - INFO - fire
2021-12-17 11:59:22,804 - Main.MLEngine - INFO - fire
2021-12-17 11:59:22,830 - Main.MLEngine - INFO - fire
2021-12-17 11:59:22,856 - Main.MLEngine - INFO - fire
2021-12-17 11:59:22,932 - Main.MLEngine - INFO - fire
2021-12-17 11:59:22,959 - Main.MLEngine - INFO - fire
2021-12-17 11:59:22,985 - Main.MLEngine - INFO - fire
2021-12-17 11:59:23,011 - Main.MLEngine - INFO - fire
2021-12-17 11:59:23,036 - Main.MLEngine - INFO - fire
2021-12-17 11:59:23,062 - Main.MLEngine - INFO - fire
2021-12-17 11:59:23,138 - Main.MLEngine - INFO - fire
2021-12-17 11:59:23,164 - Main.MLEngine - INFO - fire
2021-12-17 11:59:23,190 - Main.MLEngine - INFO - fire
2021-12-17 11:59:23,216 - Main.MLEngine - INFO - fire
2021-12-17 11:59:23,242 - Main.MLEngine - INFO - fire
2021-12-17 11:59:23,293 - Main.MLEngine - INFO - fire
2021-12-17 11:59:23,319 - Main.MLEngine - INFO - fire
2021-12-17 11:59:23,345 - Main.MLEngine - INFO - fire
2021-12-17 11:59:23,373 - Main.MLEngine - INFO - fire
2021-12-17 11:59:23,399 - Main.MLEngine - INFO - fire
2021-12-17 11:59:23,474 - Main.MLEngine - INFO - fire
2021-12-17 11:59:23,500 - Main.MLEngine - INFO - fire
2021-12-17 11:59:23,526 - Main.MLEngine - INFO - fire
2021-12-17 11:59:23,552 - Main.MLEngine - INFO - fire
2021-12-17 11:59:23,577 - Main.MLEngine - INFO - fire
2021-12-17 11:59:23,604 - Main.MLEngine - INFO - fire
2021-12-17 11:59:23,630 - Main.MLEngine - INFO - fire
2021-12-17 11:59:23,655 - Main.MLEngine - INFO - fire
2021-12-17 11:59:23,681 - Main.MLEngine - INFO - fire
2021-12-17 11:59:23,706 - Main.MLEngine - INFO - fire
2021-12-17 11:59:23,732 - Main.MLEngine - INFO - fire
2021-12-17 11:59:23,758 - Main.MLEngine - INFO - fire
2021-12-17 11:59:23,784 - Main.MLEngine - INFO - fire
2021-12-17 11:59:23,813 - Main.MLEngine - INFO - fire
2021-12-17 11:59:23,839 - Main.MLEngine - INFO - fire
2021-12-17 11:59:23,865 - Main.MLEngine - INFO - fire
2021-12-17 11:59:23,891 - Main.MLEngine - INFO - fire
2021-12-17 11:59:23,917 - Main.MLEngine - INFO - fire
2021-12-17 11:59:23,943 - Main.MLEngine - INFO - fire
2021-12-17 11:59:23,969 - Main.MLEngine - INFO - fire
2021-12-17 11:59:23,994 - Main.MLEngine - INFO - fire
2021-12-17 11:59:24,021 - Main.MLEngine - INFO - fire
2021-12-17 11:59:24,046 - Main.MLEngine - INFO - fire
2021-12-17 11:59:24,123 - Main.MLEngine - INFO - fire
2021-12-17 11:59:24,150 - Main.MLEngine - INFO - fire
2021-12-17 11:59:24,223 - Main.MLEngine - INFO - fire
2021-12-17 11:59:24,324 - Main.MLEngine - INFO - fire
2021-12-17 11:59:24,350 - Main.MLEngine - INFO - fire
2021-12-17 11:59:24,376 - Main.MLEngine - INFO - fire
2021-12-17 11:59:24,450 - Main.MLEngine - INFO - fire
2021-12-17 11:59:24,477 - Main.MLEngine - INFO - fire
2021-12-17 11:59:24,502 - Main.MLEngine - INFO - fire
2021-12-17 11:59:24,529 - Main.MLEngine - INFO - fire
2021-12-17 11:59:24,555 - Main.MLEngine - INFO - fire
2021-12-17 11:59:24,605 - Main.MLEngine - INFO - fire
2021-12-17 11:59:24,630 - Main.MLEngine - INFO - fire
2021-12-17 11:59:24,655 - Main.MLEngine - INFO - fire
2021-12-17 11:59:24,681 - Main.MLEngine - INFO - fire
2021-12-17 11:59:24,707 - Main.MLEngine - INFO - fire
2021-12-17 11:59:24,732 - Main.MLEngine - INFO - fire
2021-12-17 11:59:24,758 - Main.MLEngine - INFO - fire
2021-12-17 11:59:24,783 - Main.MLEngine - INFO - fire
2021-12-17 11:59:24,809 - Main.MLEngine - INFO - fire
2021-12-17 11:59:24,835 - Main.MLEngine - INFO - fire
2021-12-17 11:59:24,860 - Main.MLEngine - INFO - fire
2021-12-17 11:59:24,887 - Main.MLEngine - INFO - fire
2021-12-17 11:59:24,913 - Main.MLEngine - INFO - fire
2021-12-17 11:59:24,939 - Main.MLEngine - INFO - fire
2021-12-17 11:59:24,965 - Main.MLEngine - INFO - fire
2021-12-17 11:59:24,990 - Main.MLEngine - INFO - fire
2021-12-17 11:59:25,015 - Main.MLEngine - INFO - fire
2021-12-17 11:59:25,040 - Main.MLEngine - INFO - fire
2021-12-17 11:59:25,066 - Main.MLEngine - INFO - fire
2021-12-17 11:59:25,091 - Main.MLEngine - INFO - fire
2021-12-17 11:59:25,117 - Main.MLEngine - INFO - fire
2021-12-17 11:59:25,144 - Main.MLEngine - INFO - fire
2021-12-17 11:59:25,170 - Main.MLEngine - INFO - fire
2021-12-17 11:59:25,195 - Main.MLEngine - INFO - fire
2021-12-17 11:59:25,221 - Main.MLEngine - INFO - fire
2021-12-17 11:59:25,248 - Main.MLEngine - INFO - fire
2021-12-17 11:59:25,274 - Main.MLEngine - INFO - fire
2021-12-17 11:59:25,299 - Main.MLEngine - INFO - fire
2021-12-17 11:59:25,325 - Main.MLEngine - INFO - fire
2021-12-17 11:59:25,349 - Main.MLEngine - INFO - fire
2021-12-17 11:59:25,376 - Main.MLEngine - INFO - fire
2021-12-17 11:59:25,402 - Main.MLEngine - INFO - fire
2021-12-17 11:59:25,427 - Main.MLEngine - INFO - fire
2021-12-17 11:59:25,452 - Main.MLEngine - INFO - fire
2021-12-17 11:59:25,478 - Main.MLEngine - INFO - fire
2021-12-17 11:59:25,504 - Main.MLEngine - INFO - fire
2021-12-17 11:59:25,529 - Main.MLEngine - INFO - fire
2021-12-17 11:59:25,555 - Main.MLEngine - INFO - fire
2021-12-17 11:59:25,580 - Main.MLEngine - INFO - fire
2021-12-17 11:59:25,611 - Main.MLEngine - INFO - fire
2021-12-17 11:59:25,639 - Main.MLEngine - INFO - fire
2021-12-17 11:59:25,665 - Main.MLEngine - INFO - fire
2021-12-17 11:59:25,691 - Main.MLEngine - INFO - fire
2021-12-17 11:59:25,716 - Main.MLEngine - INFO - fire
2021-12-17 11:59:25,743 - Main.MLEngine - INFO - fire
2021-12-17 11:59:25,768 - Main.MLEngine - INFO - fire
2021-12-17 11:59:25,794 - Main.MLEngine - INFO - fire
2021-12-17 11:59:25,820 - Main.MLEngine - INFO - fire
2021-12-17 11:59:25,847 - Main.MLEngine - INFO - fire
2021-12-17 11:59:25,874 - Main.MLEngine - INFO - fire
2021-12-17 11:59:25,899 - Main.MLEngine - INFO - fire
2021-12-17 11:59:25,925 - Main.MLEngine - INFO - fire
2021-12-17 11:59:25,950 - Main.MLEngine - INFO - fire
2021-12-17 11:59:25,976 - Main.MLEngine - INFO - fire
2021-12-17 11:59:26,002 - Main.MLEngine - INFO - fire
2021-12-17 11:59:26,028 - Main.MLEngine - INFO - fire
2021-12-17 11:59:26,053 - Main.MLEngine - INFO - fire
2021-12-17 11:59:26,078 - Main.MLEngine - INFO - fire
2021-12-17 11:59:26,104 - Main.MLEngine - INFO - fire
2021-12-17 11:59:26,129 - Main.MLEngine - INFO - fire
2021-12-17 11:59:26,155 - Main.MLEngine - INFO - fire
2021-12-17 11:59:26,180 - Main.MLEngine - INFO - fire
2021-12-17 11:59:26,207 - Main.MLEngine - INFO - fire
2021-12-17 11:59:26,232 - Main.MLEngine - INFO - fire
2021-12-17 11:59:26,258 - Main.MLEngine - INFO - fire
2021-12-17 11:59:26,284 - Main.MLEngine - INFO - fire
2021-12-17 11:59:26,309 - Main.MLEngine - INFO - fire
2021-12-17 11:59:26,335 - Main.MLEngine - INFO - fire
2021-12-17 11:59:26,361 - Main.MLEngine - INFO - fire
2021-12-17 11:59:26,387 - Main.MLEngine - INFO - fire
2021-12-17 11:59:26,413 - Main.MLEngine - INFO - fire
2021-12-17 11:59:26,438 - Main.MLEngine - INFO - fire
2021-12-17 11:59:26,464 - Main.MLEngine - INFO - fire
2021-12-17 11:59:26,489 - Main.MLEngine - INFO - fire
2021-12-17 11:59:26,515 - Main.MLEngine - INFO - fire
2021-12-17 11:59:26,540 - Main.MLEngine - INFO - fire
2021-12-17 11:59:26,566 - Main.MLEngine - INFO - fire
2021-12-17 11:59:26,591 - Main.MLEngine - INFO - fire
2021-12-17 11:59:26,617 - Main.MLEngine - INFO - fire
2021-12-17 11:59:26,642 - Main.MLEngine - INFO - fire
2021-12-17 11:59:26,721 - Main.MLEngine - INFO - fire
2021-12-17 11:59:26,748 - Main.MLEngine - INFO - fire
2021-12-17 11:59:26,774 - Main.MLEngine - INFO - fire
2021-12-17 11:59:26,800 - Main.MLEngine - INFO - fire
2021-12-17 11:59:26,855 - Main.MLEngine - INFO - fire
2021-12-17 11:59:26,908 - Main.MLEngine - INFO - fire
2021-12-17 11:59:26,934 - Main.MLEngine - INFO - fire
2021-12-17 11:59:26,959 - Main.MLEngine - INFO - fire
2021-12-17 11:59:26,985 - Main.MLEngine - INFO - fire
2021-12-17 11:59:27,010 - Main.MLEngine - INFO - fire
2021-12-17 11:59:27,035 - Main.MLEngine - INFO - fire
2021-12-17 11:59:27,061 - Main.MLEngine - INFO - fire
2021-12-17 11:59:27,087 - Main.MLEngine - INFO - fire
2021-12-17 11:59:27,113 - Main.MLEngine - INFO - fire
2021-12-17 11:59:27,139 - Main.MLEngine - INFO - fire
2021-12-17 11:59:27,164 - Main.MLEngine - INFO - fire
2021-12-17 11:59:27,190 - Main.MLEngine - INFO - fire
2021-12-17 11:59:27,216 - Main.MLEngine - INFO - fire
2021-12-17 11:59:27,243 - Main.MLEngine - INFO - fire
2021-12-17 11:59:27,269 - Main.MLEngine - INFO - fire
2021-12-17 11:59:27,297 - Main.MLEngine - INFO - fire
2021-12-17 11:59:27,325 - Main.MLEngine - INFO - fire
2021-12-17 11:59:27,351 - Main.MLEngine - INFO - fire
2021-12-17 11:59:27,377 - Main.MLEngine - INFO - fire
2021-12-17 11:59:27,403 - Main.MLEngine - INFO - fire
2021-12-17 11:59:27,429 - Main.MLEngine - INFO - fire
2021-12-17 11:59:27,454 - Main.MLEngine - INFO - fire
2021-12-17 11:59:27,481 - Main.MLEngine - INFO - fire
2021-12-17 11:59:27,507 - Main.MLEngine - INFO - fire
2021-12-17 11:59:27,532 - Main.MLEngine - INFO - fire
2021-12-17 11:59:27,557 - Main.MLEngine - INFO - fire
2021-12-17 11:59:27,608 - Main.MLEngine - INFO - fire
2021-12-17 11:59:27,635 - Main.MLEngine - INFO - fire
2021-12-17 11:59:27,661 - Main.MLEngine - INFO - fire
2021-12-17 11:59:27,687 - Main.MLEngine - INFO - fire
2021-12-17 11:59:27,715 - Main.MLEngine - INFO - fire
2021-12-17 11:59:27,741 - Main.MLEngine - INFO - fire
2021-12-17 11:59:27,766 - Main.MLEngine - INFO - fire
2021-12-17 11:59:27,792 - Main.MLEngine - INFO - fire
2021-12-17 11:59:27,818 - Main.MLEngine - INFO - fire
2021-12-17 11:59:27,844 - Main.MLEngine - INFO - fire
2021-12-17 11:59:27,873 - Main.MLEngine - INFO - fire
2021-12-17 11:59:27,900 - Main.MLEngine - INFO - fire
2021-12-17 11:59:27,925 - Main.MLEngine - INFO - fire
2021-12-17 11:59:27,950 - Main.MLEngine - INFO - fire
2021-12-17 11:59:27,975 - Main.MLEngine - INFO - fire
2021-12-17 11:59:28,001 - Main.MLEngine - INFO - fire
2021-12-17 11:59:28,027 - Main.MLEngine - INFO - fire
2021-12-17 11:59:28,052 - Main.MLEngine - INFO - fire
2021-12-17 11:59:28,079 - Main.MLEngine - INFO - fire
2021-12-17 11:59:28,105 - Main.MLEngine - INFO - fire
2021-12-17 11:59:28,131 - Main.MLEngine - INFO - fire
2021-12-17 11:59:28,157 - Main.MLEngine - INFO - fire
2021-12-17 11:59:28,183 - Main.MLEngine - INFO - fire
2021-12-17 11:59:28,209 - Main.MLEngine - INFO - fire
2021-12-17 11:59:28,234 - Main.MLEngine - INFO - fire
2021-12-17 11:59:28,260 - Main.MLEngine - INFO - fire
2021-12-17 11:59:28,336 - Main.MLEngine - INFO - fire
2021-12-17 11:59:28,362 - Main.MLEngine - INFO - fire
2021-12-17 11:59:28,387 - Main.MLEngine - INFO - fire
2021-12-17 11:59:28,413 - Main.MLEngine - INFO - fire
2021-12-17 11:59:28,440 - Main.MLEngine - INFO - fire
2021-12-17 11:59:28,465 - Main.MLEngine - INFO - fire
2021-12-17 11:59:28,541 - Main.MLEngine - INFO - fire
2021-12-17 11:59:28,568 - Main.MLEngine - INFO - fire
2021-12-17 11:59:28,594 - Main.MLEngine - INFO - fire
2021-12-17 11:59:28,620 - Main.MLEngine - INFO - fire
2021-12-17 11:59:28,646 - Main.MLEngine - INFO - fire
2021-12-17 11:59:28,673 - Main.MLEngine - INFO - fire
2021-12-17 11:59:28,699 - Main.MLEngine - INFO - fire
2021-12-17 11:59:28,726 - Main.MLEngine - INFO - fire
2021-12-17 11:59:28,752 - Main.MLEngine - INFO - fire
2021-12-17 11:59:28,826 - Main.MLEngine - INFO - fire
2021-12-17 11:59:28,852 - Main.MLEngine - INFO - fire
2021-12-17 11:59:28,878 - Main.MLEngine - INFO - fire
2021-12-17 11:59:28,904 - Main.MLEngine - INFO - fire
2021-12-17 11:59:28,929 - Main.MLEngine - INFO - fire
2021-12-17 11:59:28,955 - Main.MLEngine - INFO - fire
2021-12-17 11:59:28,981 - Main.MLEngine - INFO - fire
2021-12-17 11:59:29,007 - Main.MLEngine - INFO - fire
2021-12-17 11:59:29,033 - Main.MLEngine - INFO - fire
2021-12-17 11:59:29,058 - Main.MLEngine - INFO - fire
2021-12-17 11:59:29,084 - Main.MLEngine - INFO - fire
2021-12-17 11:59:29,110 - Main.MLEngine - INFO - fire
2021-12-17 11:59:29,135 - Main.MLEngine - INFO - fire
2021-12-17 11:59:29,160 - Main.MLEngine - INFO - fire
2021-12-17 11:59:29,185 - Main.MLEngine - INFO - fire
2021-12-17 11:59:29,211 - Main.MLEngine - INFO - fire
2021-12-17 11:59:29,236 - Main.MLEngine - INFO - fire
2021-12-17 11:59:29,262 - Main.MLEngine - INFO - fire
2021-12-17 11:59:29,287 - Main.MLEngine - INFO - fire
2021-12-17 11:59:29,340 - Main.MLEngine - INFO - fire
2021-12-17 11:59:29,365 - Main.MLEngine - INFO - fire
2021-12-17 11:59:29,391 - Main.MLEngine - INFO - fire
2021-12-17 11:59:29,417 - Main.MLEngine - INFO - fire
2021-12-17 11:59:29,443 - Main.MLEngine - INFO - fire
2021-12-17 11:59:29,468 - Main.MLEngine - INFO - fire
2021-12-17 11:59:29,495 - Main.MLEngine - INFO - fire
2021-12-17 11:59:29,520 - Main.MLEngine - INFO - fire
2021-12-17 11:59:29,546 - Main.MLEngine - INFO - fire
2021-12-17 11:59:29,572 - Main.MLEngine - INFO - fire
2021-12-17 11:59:29,598 - Main.MLEngine - INFO - fire
2021-12-17 11:59:29,626 - Main.MLEngine - INFO - fire
2021-12-17 11:59:29,650 - Main.MLEngine - INFO - fire
2021-12-17 11:59:29,677 - Main.MLEngine - INFO - fire
2021-12-17 11:59:29,702 - Main.MLEngine - INFO - fire
2021-12-17 11:59:29,727 - Main.MLEngine - INFO - fire
2021-12-17 11:59:29,802 - Main.MLEngine - INFO - fire
2021-12-17 11:59:29,827 - Main.MLEngine - INFO - fire
2021-12-17 11:59:29,853 - Main.MLEngine - INFO - fire
2021-12-17 11:59:29,879 - Main.MLEngine - INFO - fire
2021-12-17 11:59:29,933 - Main.MLEngine - INFO - fire
2021-12-17 11:59:29,958 - Main.MLEngine - INFO - fire
2021-12-17 11:59:29,984 - Main.MLEngine - INFO - fire
2021-12-17 11:59:30,009 - Main.MLEngine - INFO - fire
2021-12-17 11:59:30,034 - Main.MLEngine - INFO - fire
2021-12-17 11:59:30,134 - Main.MLEngine - INFO - fire
2021-12-17 11:59:30,210 - Main.MLEngine - INFO - fire
2021-12-17 11:59:30,235 - Main.MLEngine - INFO - fire
2021-12-17 11:59:30,260 - Main.MLEngine - INFO - fire
2021-12-17 11:59:30,286 - Main.MLEngine - INFO - fire
2021-12-17 11:59:30,312 - Main.MLEngine - INFO - fire
2021-12-17 11:59:30,338 - Main.MLEngine - INFO - fire
2021-12-17 11:59:30,364 - Main.MLEngine - INFO - fire
2021-12-17 11:59:30,388 - Main.MLEngine - INFO - fire
2021-12-17 11:59:30,416 - Main.MLEngine - INFO - fire
2021-12-17 11:59:30,442 - Main.MLEngine - INFO - fire
2021-12-17 11:59:30,467 - Main.MLEngine - INFO - fire
2021-12-17 11:59:30,492 - Main.MLEngine - INFO - fire
2021-12-17 11:59:30,517 - Main.MLEngine - INFO - fire
2021-12-17 11:59:30,543 - Main.MLEngine - INFO - fire
2021-12-17 11:59:30,568 - Main.MLEngine - INFO - fire
2021-12-17 11:59:30,593 - Main.MLEngine - INFO - fire
2021-12-17 11:59:30,619 - Main.MLEngine - INFO - fire
2021-12-17 11:59:30,645 - Main.MLEngine - INFO - fire
2021-12-17 11:59:30,671 - Main.MLEngine - INFO - fire
2021-12-17 11:59:30,696 - Main.MLEngine - INFO - fire
2021-12-17 11:59:30,722 - Main.MLEngine - INFO - fire
2021-12-17 11:59:30,748 - Main.MLEngine - INFO - fire
2021-12-17 11:59:30,774 - Main.MLEngine - INFO - fire
2021-12-17 11:59:30,800 - Main.MLEngine - INFO - fire
2021-12-17 11:59:30,826 - Main.MLEngine - INFO - fire
2021-12-17 11:59:30,852 - Main.MLEngine - INFO - fire
2021-12-17 11:59:30,878 - Main.MLEngine - INFO - fire
2021-12-17 11:59:30,903 - Main.MLEngine - INFO - fire
2021-12-17 11:59:30,928 - Main.MLEngine - INFO - fire
2021-12-17 11:59:30,954 - Main.MLEngine - INFO - fire
2021-12-17 11:59:31,028 - Main.MLEngine - INFO - fire
2021-12-17 11:59:31,054 - Main.MLEngine - INFO - fire
2021-12-17 11:59:31,079 - Main.MLEngine - INFO - fire
2021-12-17 11:59:31,104 - Main.MLEngine - INFO - fire
2021-12-17 11:59:31,129 - Main.MLEngine - INFO - fire
2021-12-17 11:59:31,154 - Main.MLEngine - INFO - fire
2021-12-17 11:59:31,180 - Main.MLEngine - INFO - fire
2021-12-17 11:59:31,205 - Main.MLEngine - INFO - fire
2021-12-17 11:59:31,231 - Main.MLEngine - INFO - fire
2021-12-17 11:59:31,256 - Main.MLEngine - INFO - fire
2021-12-17 11:59:31,282 - Main.MLEngine - INFO - fire
2021-12-17 11:59:31,308 - Main.MLEngine - INFO - fire
2021-12-17 11:59:31,332 - Main.MLEngine - INFO - fire
2021-12-17 11:59:31,358 - Main.MLEngine - INFO - fire
2021-12-17 11:59:31,384 - Main.MLEngine - INFO - fire
2021-12-17 11:59:31,410 - Main.MLEngine - INFO - fire
2021-12-17 11:59:31,436 - Main.MLEngine - INFO - fire
2021-12-17 11:59:31,462 - Main.MLEngine - INFO - fire
2021-12-17 11:59:31,487 - Main.MLEngine - INFO - fire
2021-12-17 11:59:31,513 - Main.MLEngine - INFO - fire
2021-12-17 11:59:31,538 - Main.MLEngine - INFO - fire
2021-12-17 11:59:31,564 - Main.MLEngine - INFO - fire
2021-12-17 11:59:31,590 - Main.MLEngine - INFO - fire
2021-12-17 11:59:31,615 - Main.MLEngine - INFO - fire
2021-12-17 11:59:31,641 - Main.MLEngine - INFO - fire
2021-12-17 11:59:31,666 - Main.MLEngine - INFO - fire
2021-12-17 11:59:31,692 - Main.MLEngine - INFO - fire
2021-12-17 11:59:31,717 - Main.MLEngine - INFO - fire
2021-12-17 11:59:31,743 - Main.MLEngine - INFO - fire
2021-12-17 11:59:31,769 - Main.MLEngine - INFO - fire
2021-12-17 11:59:31,796 - Main.MLEngine - INFO - fire
2021-12-17 11:59:31,822 - Main.MLEngine - INFO - fire
2021-12-17 11:59:31,848 - Main.MLEngine - INFO - fire
2021-12-17 11:59:31,877 - Main.MLEngine - INFO - fire
2021-12-17 11:59:31,904 - Main.MLEngine - INFO - fire
2021-12-17 11:59:31,932 - Main.MLEngine - INFO - fire
2021-12-17 11:59:31,959 - Main.MLEngine - INFO - fire
2021-12-17 11:59:31,985 - Main.MLEngine - INFO - fire
2021-12-17 11:59:32,010 - Main.MLEngine - INFO - fire
2021-12-17 11:59:32,036 - Main.MLEngine - INFO - fire
2021-12-17 11:59:32,064 - Main.MLEngine - INFO - fire
2021-12-17 11:59:32,089 - Main.MLEngine - INFO - fire
2021-12-17 11:59:32,115 - Main.MLEngine - INFO - fire
2021-12-17 11:59:32,140 - Main.MLEngine - INFO - fire
2021-12-17 11:59:32,165 - Main.MLEngine - INFO - fire
2021-12-17 11:59:32,191 - Main.MLEngine - INFO - fire
2021-12-17 11:59:32,216 - Main.MLEngine - INFO - fire
2021-12-17 11:59:32,241 - Main.MLEngine - INFO - fire
2021-12-17 11:59:32,266 - Main.MLEngine - INFO - fire
2021-12-17 11:59:32,292 - Main.MLEngine - INFO - fire
2021-12-17 11:59:32,318 - Main.MLEngine - INFO - fire
2021-12-17 11:59:32,344 - Main.MLEngine - INFO - fire
2021-12-17 11:59:32,371 - Main.MLEngine - INFO - fire
2021-12-17 11:59:32,395 - Main.MLEngine - INFO - fire
2021-12-17 11:59:32,421 - Main.MLEngine - INFO - fire
2021-12-17 11:59:32,446 - Main.MLEngine - INFO - fire
2021-12-17 11:59:32,473 - Main.MLEngine - INFO - fire
2021-12-17 11:59:32,498 - Main.MLEngine - INFO - fire
2021-12-17 11:59:32,525 - Main.MLEngine - INFO - fire
2021-12-17 11:59:32,549 - Main.MLEngine - INFO - fire
2021-12-17 11:59:32,576 - Main.MLEngine - INFO - fire
2021-12-17 11:59:32,601 - Main.MLEngine - INFO - fire
2021-12-17 11:59:32,626 - Main.MLEngine - INFO - fire
2021-12-17 11:59:32,651 - Main.MLEngine - INFO - fire
2021-12-17 11:59:32,676 - Main.MLEngine - INFO - fire
2021-12-17 11:59:32,701 - Main.MLEngine - INFO - fire
2021-12-17 11:59:32,726 - Main.MLEngine - INFO - fire
2021-12-17 11:59:32,752 - Main.MLEngine - INFO - fire
2021-12-17 11:59:32,779 - Main.MLEngine - INFO - fire
2021-12-17 11:59:32,806 - Main.MLEngine - INFO - fire
2021-12-17 11:59:32,832 - Main.MLEngine - INFO - fire
2021-12-17 11:59:32,857 - Main.MLEngine - INFO - fire
2021-12-17 11:59:32,883 - Main.MLEngine - INFO - fire
2021-12-17 11:59:32,909 - Main.MLEngine - INFO - fire
2021-12-17 11:59:32,934 - Main.MLEngine - INFO - fire
2021-12-17 11:59:32,958 - Main.MLEngine - INFO - fire
2021-12-17 11:59:32,983 - Main.MLEngine - INFO - fire
2021-12-17 11:59:33,009 - Main.MLEngine - INFO - fire
2021-12-17 11:59:33,034 - Main.MLEngine - INFO - fire
2021-12-17 11:59:33,059 - Main.MLEngine - INFO - fire
2021-12-17 11:59:33,084 - Main.MLEngine - INFO - fire
2021-12-17 11:59:33,110 - Main.MLEngine - INFO - fire
2021-12-17 11:59:33,135 - Main.MLEngine - INFO - fire
2021-12-17 11:59:33,161 - Main.MLEngine - INFO - fire
2021-12-17 11:59:33,187 - Main.MLEngine - INFO - fire
2021-12-17 11:59:33,211 - Main.MLEngine - INFO - fire
2021-12-17 11:59:33,237 - Main.MLEngine - INFO - fire
2021-12-17 11:59:33,262 - Main.MLEngine - INFO - fire
2021-12-17 11:59:33,288 - Main.MLEngine - INFO - fire
2021-12-17 11:59:33,312 - Main.MLEngine - INFO - fire
2021-12-17 11:59:33,338 - Main.MLEngine - INFO - fire
2021-12-17 11:59:33,364 - Main.MLEngine - INFO - fire
2021-12-17 11:59:33,391 - Main.MLEngine - INFO - fire
2021-12-17 11:59:33,417 - Main.MLEngine - INFO - fire
2021-12-17 11:59:33,443 - Main.MLEngine - INFO - fire
2021-12-17 11:59:33,470 - Main.MLEngine - INFO - fire
2021-12-17 11:59:33,495 - Main.MLEngine - INFO - fire
2021-12-17 11:59:33,522 - Main.MLEngine - INFO - fire
2021-12-17 11:59:33,547 - Main.MLEngine - INFO - fire
2021-12-17 11:59:33,574 - Main.MLEngine - INFO - fire
2021-12-17 11:59:33,599 - Main.MLEngine - INFO - fire
2021-12-17 11:59:33,653 - Main.MLEngine - INFO - fire
2021-12-17 11:59:33,678 - Main.MLEngine - INFO - fire
2021-12-17 11:59:33,705 - Main.MLEngine - INFO - fire
2021-12-17 11:59:33,730 - Main.MLEngine - INFO - fire
2021-12-17 11:59:33,757 - Main.MLEngine - INFO - fire
2021-12-17 11:59:33,783 - Main.MLEngine - INFO - fire
2021-12-17 11:59:33,808 - Main.MLEngine - INFO - fire
2021-12-17 11:59:33,834 - Main.MLEngine - INFO - fire
2021-12-17 11:59:33,861 - Main.MLEngine - INFO - fire
2021-12-17 11:59:33,887 - Main.MLEngine - INFO - fire
2021-12-17 11:59:33,913 - Main.MLEngine - INFO - fire
2021-12-17 11:59:33,939 - Main.MLEngine - INFO - fire
2021-12-17 11:59:33,966 - Main.MLEngine - INFO - fire
2021-12-17 11:59:33,995 - Main.MLEngine - INFO - fire
2021-12-17 11:59:34,022 - Main.MLEngine - INFO - fire
2021-12-17 11:59:34,048 - Main.MLEngine - INFO - fire
2021-12-17 11:59:34,074 - Main.MLEngine - INFO - fire
2021-12-17 11:59:34,100 - Main.MLEngine - INFO - fire
2021-12-17 11:59:34,126 - Main.MLEngine - INFO - fire
2021-12-17 11:59:34,152 - Main.MLEngine - INFO - fire
2021-12-17 11:59:34,177 - Main.MLEngine - INFO - fire
2021-12-17 11:59:34,203 - Main.MLEngine - INFO - fire
2021-12-17 11:59:34,228 - Main.MLEngine - INFO - fire
2021-12-17 11:59:34,254 - Main.MLEngine - INFO - fire
2021-12-17 11:59:34,281 - Main.MLEngine - INFO - fire
2021-12-17 11:59:34,307 - Main.MLEngine - INFO - fire
2021-12-17 11:59:34,333 - Main.MLEngine - INFO - fire
2021-12-17 11:59:34,362 - Main.MLEngine - INFO - fire
2021-12-17 11:59:34,389 - Main.MLEngine - INFO - fire
2021-12-17 11:59:34,416 - Main.MLEngine - INFO - fire
2021-12-17 11:59:51,401 - Main.MLEngine - INFO - smoke
2021-12-17 11:59:51,546 - Main.MLEngine - INFO - smoke
2021-12-17 11:59:51,663 - Main.MLEngine - INFO - smoke
2021-12-17 11:59:51,677 - Main.MLEngine - INFO - smoke
2021-12-17 11:59:51,691 - Main.MLEngine - INFO - fire
2021-12-17 11:59:51,794 - Main.MLEngine - INFO - smoke
2021-12-17 11:59:51,809 - Main.MLEngine - INFO - fire
2021-12-17 11:59:51,951 - Main.MLEngine - INFO - smoke
2021-12-17 11:59:51,965 - Main.MLEngine - INFO - smoke
2021-12-17 11:59:52,005 - Main.MLEngine - INFO - smoke
2021-12-17 11:59:52,139 - Main.MLEngine - INFO - smoke
2021-12-17 11:59:52,153 - Main.MLEngine - INFO - smoke
2021-12-17 11:59:52,310 - Main.MLEngine - INFO - smoke
2021-12-17 11:59:52,404 - Main.MLEngine - INFO - smoke
2021-12-17 11:59:52,459 - Main.MLEngine - INFO - smoke
2021-12-17 11:59:52,487 - Main.MLEngine - INFO - smoke
2021-12-17 11:59:52,670 - Main.MLEngine - INFO - smoke
2021-12-17 11:59:52,815 - Main.MLEngine - INFO - fire
2021-12-17 11:59:52,921 - Main.MLEngine - INFO - smoke
2021-12-17 11:59:52,950 - Main.MLEngine - INFO - fire
2021-12-17 11:59:53,003 - Main.MLEngine - INFO - smoke
2021-12-17 11:59:53,044 - Main.MLEngine - INFO - fire
2021-12-17 11:59:53,178 - Main.MLEngine - INFO - smoke
2021-12-17 11:59:53,245 - Main.MLEngine - INFO - smoke
2021-12-17 11:59:53,259 - Main.MLEngine - INFO - fire
2021-12-17 11:59:53,432 - Main.MLEngine - INFO - smoke
2021-12-17 11:59:53,740 - Main.MLEngine - INFO - fire
2021-12-17 11:59:53,847 - Main.MLEngine - INFO - fire
2021-12-17 11:59:53,943 - Main.MLEngine - INFO - fire
2021-12-17 11:59:54,024 - Main.MLEngine - INFO - fire
2021-12-17 11:59:54,077 - Main.MLEngine - INFO - smoke
2021-12-17 11:59:54,093 - Main.MLEngine - INFO - fire
2021-12-17 11:59:54,146 - Main.MLEngine - INFO - smoke
2021-12-17 11:59:54,162 - Main.MLEngine - INFO - fire
2021-12-17 11:59:54,215 - Main.MLEngine - INFO - smoke
2021-12-17 11:59:54,230 - Main.MLEngine - INFO - fire
2021-12-17 11:59:54,257 - Main.MLEngine - INFO - smoke
2021-12-17 11:59:54,273 - Main.MLEngine - INFO - fire
2021-12-17 11:59:54,329 - Main.MLEngine - INFO - fire
2021-12-17 11:59:54,372 - Main.MLEngine - INFO - smoke
2021-12-17 11:59:54,386 - Main.MLEngine - INFO - fire
2021-12-17 11:59:54,454 - Main.MLEngine - INFO - fire
2021-12-17 11:59:54,546 - Main.MLEngine - INFO - fire
2021-12-17 11:59:54,616 - Main.MLEngine - INFO - fire
2021-12-17 11:59:54,659 - Main.MLEngine - INFO - fire
2021-12-17 11:59:54,685 - Main.MLEngine - INFO - smoke
2021-12-17 11:59:54,702 - Main.MLEngine - INFO - fire
2021-12-17 11:59:54,783 - Main.MLEngine - INFO - fire
2021-12-17 11:59:54,865 - Main.MLEngine - INFO - fire
2021-12-17 11:59:54,948 - Main.MLEngine - INFO - fire
2021-12-17 11:59:55,003 - Main.MLEngine - INFO - smoke
2021-12-17 11:59:55,031 - Main.MLEngine - INFO - smoke
2021-12-17 11:59:55,046 - Main.MLEngine - INFO - fire
2021-12-17 11:59:55,127 - Main.MLEngine - INFO - smoke
2021-12-17 11:59:55,142 - Main.MLEngine - INFO - fire
2021-12-17 11:59:55,210 - Main.MLEngine - INFO - fire
2021-12-17 11:59:55,237 - Main.MLEngine - INFO - smoke
2021-12-17 11:59:55,291 - Main.MLEngine - INFO - fire
2021-12-17 11:59:55,373 - Main.MLEngine - INFO - fire
2021-12-17 11:59:55,443 - Main.MLEngine - INFO - fire
2021-12-17 11:59:55,485 - Main.MLEngine - INFO - fire
2021-12-17 11:59:55,528 - Main.MLEngine - INFO - fire
2021-12-17 11:59:55,570 - Main.MLEngine - INFO - fire
2021-12-17 11:59:55,612 - Main.MLEngine - INFO - fire
2021-12-17 11:59:55,654 - Main.MLEngine - INFO - smoke
2021-12-17 11:59:55,669 - Main.MLEngine - INFO - fire
2021-12-17 11:59:55,723 - Main.MLEngine - INFO - fire
2021-12-17 11:59:55,778 - Main.MLEngine - INFO - fire
2021-12-17 11:59:55,819 - Main.MLEngine - INFO - fire
2021-12-17 11:59:55,873 - Main.MLEngine - INFO - fire
2021-12-17 11:59:55,926 - Main.MLEngine - INFO - fire
2021-12-17 11:59:55,980 - Main.MLEngine - INFO - fire
2021-12-17 11:59:56,035 - Main.MLEngine - INFO - fire
2021-12-17 11:59:56,077 - Main.MLEngine - INFO - fire
2021-12-17 11:59:56,132 - Main.MLEngine - INFO - fire
2021-12-17 11:59:56,187 - Main.MLEngine - INFO - fire
2021-12-17 11:59:56,229 - Main.MLEngine - INFO - fire
2021-12-17 11:59:56,257 - Main.MLEngine - INFO - fire
2021-12-17 11:59:56,284 - Main.MLEngine - INFO - fire
2021-12-17 11:59:56,314 - Main.MLEngine - INFO - fire
2021-12-17 11:59:56,342 - Main.MLEngine - INFO - fire
2021-12-17 11:59:56,385 - Main.MLEngine - INFO - fire
2021-12-17 11:59:56,425 - Main.MLEngine - INFO - fire
2021-12-17 11:59:56,466 - Main.MLEngine - INFO - fire
2021-12-17 11:59:56,494 - Main.MLEngine - INFO - fire
2021-12-17 11:59:56,521 - Main.MLEngine - INFO - fire
2021-12-17 11:59:56,550 - Main.MLEngine - INFO - fire
2021-12-17 11:59:56,577 - Main.MLEngine - INFO - fire
2021-12-17 11:59:56,604 - Main.MLEngine - INFO - fire
2021-12-17 11:59:56,632 - Main.MLEngine - INFO - fire
2021-12-17 11:59:56,659 - Main.MLEngine - INFO - fire
2021-12-17 11:59:56,687 - Main.MLEngine - INFO - fire
2021-12-17 11:59:56,713 - Main.MLEngine - INFO - fire
2021-12-17 11:59:56,769 - Main.MLEngine - INFO - fire
2021-12-17 11:59:56,796 - Main.MLEngine - INFO - fire
2021-12-17 11:59:56,876 - Main.MLEngine - INFO - fire
2021-12-17 11:59:56,902 - Main.MLEngine - INFO - fire
2021-12-17 11:59:56,929 - Main.MLEngine - INFO - fire
2021-12-17 11:59:56,955 - Main.MLEngine - INFO - fire
2021-12-17 11:59:56,982 - Main.MLEngine - INFO - fire
2021-12-17 11:59:57,010 - Main.MLEngine - INFO - fire
2021-12-17 11:59:57,037 - Main.MLEngine - INFO - fire
2021-12-17 11:59:57,064 - Main.MLEngine - INFO - fire
2021-12-17 11:59:57,092 - Main.MLEngine - INFO - fire
2021-12-17 11:59:57,119 - Main.MLEngine - INFO - fire
2021-12-17 11:59:57,146 - Main.MLEngine - INFO - fire
2021-12-17 11:59:57,225 - Main.MLEngine - INFO - fire
2021-12-17 11:59:57,252 - Main.MLEngine - INFO - fire
2021-12-17 11:59:57,279 - Main.MLEngine - INFO - fire
2021-12-17 11:59:57,305 - Main.MLEngine - INFO - fire
2021-12-17 11:59:57,333 - Main.MLEngine - INFO - fire
2021-12-17 11:59:57,359 - Main.MLEngine - INFO - fire
2021-12-17 11:59:57,385 - Main.MLEngine - INFO - fire
2021-12-17 11:59:57,411 - Main.MLEngine - INFO - fire
2021-12-17 11:59:57,439 - Main.MLEngine - INFO - fire
2021-12-17 11:59:57,466 - Main.MLEngine - INFO - fire
2021-12-17 11:59:57,494 - Main.MLEngine - INFO - fire
2021-12-17 11:59:57,522 - Main.MLEngine - INFO - fire
2021-12-17 11:59:57,550 - Main.MLEngine - INFO - fire
2021-12-17 11:59:57,577 - Main.MLEngine - INFO - fire
2021-12-17 11:59:57,604 - Main.MLEngine - INFO - fire
2021-12-17 11:59:57,630 - Main.MLEngine - INFO - fire
2021-12-17 11:59:57,657 - Main.MLEngine - INFO - fire
2021-12-17 11:59:57,684 - Main.MLEngine - INFO - fire
2021-12-17 11:59:57,711 - Main.MLEngine - INFO - fire
2021-12-17 11:59:57,737 - Main.MLEngine - INFO - fire
2021-12-17 11:59:57,763 - Main.MLEngine - INFO - fire
2021-12-17 11:59:57,789 - Main.MLEngine - INFO - fire
2021-12-17 11:59:57,815 - Main.MLEngine - INFO - fire
2021-12-17 11:59:57,841 - Main.MLEngine - INFO - fire
2021-12-17 11:59:57,867 - Main.MLEngine - INFO - fire
2021-12-17 11:59:57,894 - Main.MLEngine - INFO - fire
2021-12-17 11:59:57,920 - Main.MLEngine - INFO - fire
2021-12-17 11:59:57,945 - Main.MLEngine - INFO - fire
2021-12-17 11:59:57,971 - Main.MLEngine - INFO - fire
2021-12-17 11:59:57,997 - Main.MLEngine - INFO - fire
2021-12-17 11:59:58,023 - Main.MLEngine - INFO - fire
2021-12-17 11:59:58,049 - Main.MLEngine - INFO - fire
2021-12-17 11:59:58,076 - Main.MLEngine - INFO - fire
2021-12-17 11:59:58,123 - Main.MLEngine - INFO - fire
2021-12-17 11:59:58,156 - Main.MLEngine - INFO - fire
2021-12-17 11:59:58,182 - Main.MLEngine - INFO - fire
2021-12-17 11:59:58,209 - Main.MLEngine - INFO - fire
2021-12-17 11:59:58,234 - Main.MLEngine - INFO - fire
2021-12-17 11:59:58,260 - Main.MLEngine - INFO - fire
2021-12-17 11:59:58,285 - Main.MLEngine - INFO - fire
2021-12-17 11:59:58,313 - Main.MLEngine - INFO - fire
2021-12-17 11:59:58,338 - Main.MLEngine - INFO - fire
2021-12-17 11:59:58,364 - Main.MLEngine - INFO - fire
2021-12-17 11:59:58,391 - Main.MLEngine - INFO - fire
2021-12-17 11:59:58,405 - Main.MLEngine - INFO - fire
2021-12-17 11:59:58,431 - Main.MLEngine - INFO - fire
2021-12-17 11:59:58,445 - Main.MLEngine - INFO - fire
2021-12-17 11:59:58,471 - Main.MLEngine - INFO - fire
2021-12-17 11:59:58,497 - Main.MLEngine - INFO - fire
2021-12-17 11:59:58,523 - Main.MLEngine - INFO - fire
2021-12-17 11:59:58,548 - Main.MLEngine - INFO - fire
2021-12-17 11:59:58,574 - Main.MLEngine - INFO - fire
2021-12-17 11:59:58,600 - Main.MLEngine - INFO - fire
2021-12-17 11:59:58,627 - Main.MLEngine - INFO - fire
2021-12-17 11:59:58,653 - Main.MLEngine - INFO - fire
2021-12-17 11:59:58,680 - Main.MLEngine - INFO - fire
2021-12-17 11:59:58,707 - Main.MLEngine - INFO - fire
2021-12-17 11:59:58,721 - Main.MLEngine - INFO - fire
2021-12-17 11:59:58,747 - Main.MLEngine - INFO - fire
2021-12-17 11:59:58,761 - Main.MLEngine - INFO - fire
2021-12-17 11:59:58,786 - Main.MLEngine - INFO - fire
2021-12-17 11:59:58,812 - Main.MLEngine - INFO - fire
2021-12-17 11:59:58,838 - Main.MLEngine - INFO - fire
2021-12-17 11:59:58,865 - Main.MLEngine - INFO - fire
2021-12-17 11:59:58,891 - Main.MLEngine - INFO - fire
2021-12-17 11:59:58,916 - Main.MLEngine - INFO - fire
2021-12-17 11:59:58,942 - Main.MLEngine - INFO - fire
2021-12-17 11:59:58,968 - Main.MLEngine - INFO - fire
2021-12-17 11:59:58,994 - Main.MLEngine - INFO - fire
2021-12-17 11:59:59,020 - Main.MLEngine - INFO - fire
2021-12-17 11:59:59,047 - Main.MLEngine - INFO - fire
2021-12-17 11:59:59,123 - Main.MLEngine - INFO - fire
2021-12-17 11:59:59,149 - Main.MLEngine - INFO - fire
2021-12-17 11:59:59,175 - Main.MLEngine - INFO - fire
2021-12-17 11:59:59,200 - Main.MLEngine - INFO - fire
2021-12-17 11:59:59,226 - Main.MLEngine - INFO - fire
2021-12-17 11:59:59,252 - Main.MLEngine - INFO - fire
2021-12-17 11:59:59,329 - Main.MLEngine - INFO - fire
2021-12-17 11:59:59,356 - Main.MLEngine - INFO - fire
2021-12-17 11:59:59,381 - Main.MLEngine - INFO - fire
2021-12-17 11:59:59,408 - Main.MLEngine - INFO - fire
2021-12-17 11:59:59,433 - Main.MLEngine - INFO - fire
2021-12-17 11:59:59,488 - Main.MLEngine - INFO - fire
2021-12-17 11:59:59,515 - Main.MLEngine - INFO - fire
2021-12-17 11:59:59,542 - Main.MLEngine - INFO - fire
2021-12-17 11:59:59,567 - Main.MLEngine - INFO - fire
2021-12-17 11:59:59,596 - Main.MLEngine - INFO - fire
2021-12-17 11:59:59,671 - Main.MLEngine - INFO - fire
2021-12-17 11:59:59,696 - Main.MLEngine - INFO - fire
2021-12-17 11:59:59,722 - Main.MLEngine - INFO - fire
2021-12-17 11:59:59,748 - Main.MLEngine - INFO - fire
2021-12-17 11:59:59,775 - Main.MLEngine - INFO - fire
2021-12-17 11:59:59,800 - Main.MLEngine - INFO - fire
2021-12-17 11:59:59,826 - Main.MLEngine - INFO - fire
2021-12-17 11:59:59,852 - Main.MLEngine - INFO - fire
2021-12-17 11:59:59,879 - Main.MLEngine - INFO - fire
2021-12-17 11:59:59,905 - Main.MLEngine - INFO - fire
2021-12-17 11:59:59,931 - Main.MLEngine - INFO - fire
2021-12-17 11:59:59,958 - Main.MLEngine - INFO - fire
2021-12-17 11:59:59,984 - Main.MLEngine - INFO - fire
2021-12-17 12:00:00,010 - Main.MLEngine - INFO - fire
2021-12-17 12:00:00,037 - Main.MLEngine - INFO - fire
2021-12-17 12:00:00,064 - Main.MLEngine - INFO - fire
2021-12-17 12:00:00,091 - Main.MLEngine - INFO - fire
2021-12-17 12:00:00,118 - Main.MLEngine - INFO - fire
2021-12-17 12:00:00,145 - Main.MLEngine - INFO - fire
2021-12-17 12:00:00,171 - Main.MLEngine - INFO - fire
2021-12-17 12:00:00,197 - Main.MLEngine - INFO - fire
2021-12-17 12:00:00,222 - Main.MLEngine - INFO - fire
2021-12-17 12:00:00,248 - Main.MLEngine - INFO - fire
2021-12-17 12:00:00,326 - Main.MLEngine - INFO - fire
2021-12-17 12:00:00,354 - Main.MLEngine - INFO - fire
2021-12-17 12:00:00,434 - Main.MLEngine - INFO - fire
2021-12-17 12:00:00,533 - Main.MLEngine - INFO - fire
2021-12-17 12:00:00,559 - Main.MLEngine - INFO - fire
2021-12-17 12:00:00,585 - Main.MLEngine - INFO - fire
2021-12-17 12:00:00,661 - Main.MLEngine - INFO - fire
2021-12-17 12:00:00,687 - Main.MLEngine - INFO - fire
2021-12-17 12:00:00,713 - Main.MLEngine - INFO - fire
2021-12-17 12:00:00,740 - Main.MLEngine - INFO - fire
2021-12-17 12:00:00,766 - Main.MLEngine - INFO - fire
2021-12-17 12:00:00,817 - Main.MLEngine - INFO - fire
2021-12-17 12:00:00,843 - Main.MLEngine - INFO - fire
2021-12-17 12:00:00,869 - Main.MLEngine - INFO - fire
2021-12-17 12:00:00,894 - Main.MLEngine - INFO - fire
2021-12-17 12:00:00,921 - Main.MLEngine - INFO - fire
2021-12-17 12:00:00,947 - Main.MLEngine - INFO - fire
2021-12-17 12:00:00,973 - Main.MLEngine - INFO - fire
2021-12-17 12:00:00,998 - Main.MLEngine - INFO - fire
2021-12-17 12:00:01,025 - Main.MLEngine - INFO - fire
2021-12-17 12:00:01,051 - Main.MLEngine - INFO - fire
2021-12-17 12:00:01,075 - Main.MLEngine - INFO - fire
2021-12-17 12:00:01,102 - Main.MLEngine - INFO - fire
2021-12-17 12:00:01,128 - Main.MLEngine - INFO - fire
2021-12-17 12:00:01,154 - Main.MLEngine - INFO - fire
2021-12-17 12:00:01,179 - Main.MLEngine - INFO - fire
2021-12-17 12:00:01,205 - Main.MLEngine - INFO - fire
2021-12-17 12:00:01,231 - Main.MLEngine - INFO - fire
2021-12-17 12:00:01,257 - Main.MLEngine - INFO - fire
2021-12-17 12:00:01,283 - Main.MLEngine - INFO - fire
2021-12-17 12:00:01,309 - Main.MLEngine - INFO - fire
2021-12-17 12:00:01,335 - Main.MLEngine - INFO - fire
2021-12-17 12:00:01,361 - Main.MLEngine - INFO - fire
2021-12-17 12:00:01,387 - Main.MLEngine - INFO - fire
2021-12-17 12:00:01,412 - Main.MLEngine - INFO - fire
2021-12-17 12:00:01,439 - Main.MLEngine - INFO - fire
2021-12-17 12:00:01,466 - Main.MLEngine - INFO - fire
2021-12-17 12:00:01,492 - Main.MLEngine - INFO - fire
2021-12-17 12:00:01,517 - Main.MLEngine - INFO - fire
2021-12-17 12:00:01,542 - Main.MLEngine - INFO - fire
2021-12-17 12:00:01,568 - Main.MLEngine - INFO - fire
2021-12-17 12:00:01,593 - Main.MLEngine - INFO - fire
2021-12-17 12:00:01,620 - Main.MLEngine - INFO - fire
2021-12-17 12:00:01,645 - Main.MLEngine - INFO - fire
2021-12-17 12:00:01,671 - Main.MLEngine - INFO - fire
2021-12-17 12:00:01,697 - Main.MLEngine - INFO - fire
2021-12-17 12:00:01,722 - Main.MLEngine - INFO - fire
2021-12-17 12:00:01,748 - Main.MLEngine - INFO - fire
2021-12-17 12:00:01,773 - Main.MLEngine - INFO - fire
2021-12-17 12:00:01,800 - Main.MLEngine - INFO - fire
2021-12-17 12:00:01,825 - Main.MLEngine - INFO - fire
2021-12-17 12:00:01,852 - Main.MLEngine - INFO - fire
2021-12-17 12:00:01,879 - Main.MLEngine - INFO - fire
2021-12-17 12:00:01,905 - Main.MLEngine - INFO - fire
2021-12-17 12:00:01,932 - Main.MLEngine - INFO - fire
2021-12-17 12:00:01,958 - Main.MLEngine - INFO - fire
2021-12-17 12:00:01,984 - Main.MLEngine - INFO - fire
2021-12-17 12:00:02,009 - Main.MLEngine - INFO - fire
2021-12-17 12:00:02,036 - Main.MLEngine - INFO - fire
2021-12-17 12:00:02,061 - Main.MLEngine - INFO - fire
2021-12-17 12:00:02,087 - Main.MLEngine - INFO - fire
2021-12-17 12:00:02,115 - Main.MLEngine - INFO - fire
2021-12-17 12:00:02,141 - Main.MLEngine - INFO - fire
2021-12-17 12:00:02,168 - Main.MLEngine - INFO - fire
2021-12-17 12:00:02,194 - Main.MLEngine - INFO - fire
2021-12-17 12:00:02,220 - Main.MLEngine - INFO - fire
2021-12-17 12:00:02,246 - Main.MLEngine - INFO - fire
2021-12-17 12:00:02,272 - Main.MLEngine - INFO - fire
2021-12-17 12:00:02,298 - Main.MLEngine - INFO - fire
2021-12-17 12:00:02,325 - Main.MLEngine - INFO - fire
2021-12-17 12:00:02,351 - Main.MLEngine - INFO - fire
2021-12-17 12:00:02,376 - Main.MLEngine - INFO - fire
2021-12-17 12:00:02,402 - Main.MLEngine - INFO - fire
2021-12-17 12:00:02,428 - Main.MLEngine - INFO - fire
2021-12-17 12:00:02,453 - Main.MLEngine - INFO - fire
2021-12-17 12:00:02,481 - Main.MLEngine - INFO - fire
2021-12-17 12:00:02,506 - Main.MLEngine - INFO - fire
2021-12-17 12:00:02,533 - Main.MLEngine - INFO - fire
2021-12-17 12:00:02,559 - Main.MLEngine - INFO - fire
2021-12-17 12:00:02,584 - Main.MLEngine - INFO - fire
2021-12-17 12:00:02,610 - Main.MLEngine - INFO - fire
2021-12-17 12:00:02,635 - Main.MLEngine - INFO - fire
2021-12-17 12:00:02,661 - Main.MLEngine - INFO - fire
2021-12-17 12:00:02,687 - Main.MLEngine - INFO - fire
2021-12-17 12:00:02,713 - Main.MLEngine - INFO - fire
2021-12-17 12:00:02,739 - Main.MLEngine - INFO - fire
2021-12-17 12:00:02,765 - Main.MLEngine - INFO - fire
2021-12-17 12:00:02,791 - Main.MLEngine - INFO - fire
2021-12-17 12:00:02,816 - Main.MLEngine - INFO - fire
2021-12-17 12:00:02,841 - Main.MLEngine - INFO - fire
2021-12-17 12:00:02,867 - Main.MLEngine - INFO - fire
2021-12-17 12:00:02,943 - Main.MLEngine - INFO - fire
2021-12-17 12:00:02,968 - Main.MLEngine - INFO - fire
2021-12-17 12:00:02,995 - Main.MLEngine - INFO - fire
2021-12-17 12:00:03,020 - Main.MLEngine - INFO - fire
2021-12-17 12:00:03,046 - Main.MLEngine - INFO - fire
2021-12-17 12:00:03,096 - Main.MLEngine - INFO - fire
2021-12-17 12:00:03,123 - Main.MLEngine - INFO - fire
2021-12-17 12:00:03,149 - Main.MLEngine - INFO - fire
2021-12-17 12:00:03,174 - Main.MLEngine - INFO - fire
2021-12-17 12:00:03,201 - Main.MLEngine - INFO - fire
2021-12-17 12:00:03,226 - Main.MLEngine - INFO - fire
2021-12-17 12:00:03,253 - Main.MLEngine - INFO - fire
2021-12-17 12:00:03,278 - Main.MLEngine - INFO - fire
2021-12-17 12:00:03,304 - Main.MLEngine - INFO - fire
2021-12-17 12:00:03,330 - Main.MLEngine - INFO - fire
2021-12-17 12:00:03,356 - Main.MLEngine - INFO - fire
2021-12-17 12:00:03,387 - Main.MLEngine - INFO - fire
2021-12-17 12:00:03,412 - Main.MLEngine - INFO - fire
2021-12-17 12:00:03,438 - Main.MLEngine - INFO - fire
2021-12-17 12:00:03,464 - Main.MLEngine - INFO - fire
2021-12-17 12:00:03,490 - Main.MLEngine - INFO - fire
2021-12-17 12:00:03,517 - Main.MLEngine - INFO - fire
2021-12-17 12:00:03,543 - Main.MLEngine - INFO - fire
2021-12-17 12:00:03,569 - Main.MLEngine - INFO - fire
2021-12-17 12:00:03,594 - Main.MLEngine - INFO - fire
2021-12-17 12:00:03,622 - Main.MLEngine - INFO - fire
2021-12-17 12:00:03,650 - Main.MLEngine - INFO - fire
2021-12-17 12:00:03,675 - Main.MLEngine - INFO - fire
2021-12-17 12:00:03,702 - Main.MLEngine - INFO - fire
2021-12-17 12:00:03,728 - Main.MLEngine - INFO - fire
2021-12-17 12:00:03,754 - Main.MLEngine - INFO - fire
2021-12-17 12:00:03,806 - Main.MLEngine - INFO - fire
2021-12-17 12:00:03,832 - Main.MLEngine - INFO - fire
2021-12-17 12:00:03,857 - Main.MLEngine - INFO - fire
2021-12-17 12:00:03,884 - Main.MLEngine - INFO - fire
2021-12-17 12:00:03,910 - Main.MLEngine - INFO - fire
2021-12-17 12:00:03,936 - Main.MLEngine - INFO - fire
2021-12-17 12:00:03,961 - Main.MLEngine - INFO - fire
2021-12-17 12:00:03,986 - Main.MLEngine - INFO - fire
2021-12-17 12:00:04,012 - Main.MLEngine - INFO - fire
2021-12-17 12:00:04,037 - Main.MLEngine - INFO - fire
2021-12-17 12:00:04,063 - Main.MLEngine - INFO - fire
2021-12-17 12:00:04,088 - Main.MLEngine - INFO - fire
2021-12-17 12:00:04,116 - Main.MLEngine - INFO - fire
2021-12-17 12:00:04,143 - Main.MLEngine - INFO - fire
2021-12-17 12:00:04,170 - Main.MLEngine - INFO - fire
2021-12-17 12:00:04,196 - Main.MLEngine - INFO - fire
2021-12-17 12:00:04,222 - Main.MLEngine - INFO - fire
2021-12-17 12:00:04,249 - Main.MLEngine - INFO - fire
2021-12-17 12:00:04,275 - Main.MLEngine - INFO - fire
2021-12-17 12:00:04,301 - Main.MLEngine - INFO - fire
2021-12-17 12:00:04,328 - Main.MLEngine - INFO - fire
2021-12-17 12:00:04,353 - Main.MLEngine - INFO - fire
2021-12-17 12:00:04,379 - Main.MLEngine - INFO - fire
2021-12-17 12:00:04,406 - Main.MLEngine - INFO - fire
2021-12-17 12:00:04,432 - Main.MLEngine - INFO - fire
2021-12-17 12:00:04,457 - Main.MLEngine - INFO - fire
2021-12-17 12:00:04,535 - Main.MLEngine - INFO - fire
2021-12-17 12:00:04,560 - Main.MLEngine - INFO - fire
2021-12-17 12:00:04,586 - Main.MLEngine - INFO - fire
2021-12-17 12:00:04,612 - Main.MLEngine - INFO - fire
2021-12-17 12:00:04,637 - Main.MLEngine - INFO - fire
2021-12-17 12:00:04,663 - Main.MLEngine - INFO - fire
2021-12-17 12:00:04,738 - Main.MLEngine - INFO - fire
2021-12-17 12:00:04,763 - Main.MLEngine - INFO - fire
2021-12-17 12:00:04,789 - Main.MLEngine - INFO - fire
2021-12-17 12:00:04,815 - Main.MLEngine - INFO - fire
2021-12-17 12:00:04,843 - Main.MLEngine - INFO - fire
2021-12-17 12:00:04,869 - Main.MLEngine - INFO - fire
2021-12-17 12:00:04,895 - Main.MLEngine - INFO - fire
2021-12-17 12:00:04,921 - Main.MLEngine - INFO - fire
2021-12-17 12:00:04,947 - Main.MLEngine - INFO - fire
2021-12-17 12:00:05,024 - Main.MLEngine - INFO - fire
2021-12-17 12:00:05,050 - Main.MLEngine - INFO - fire
2021-12-17 12:00:05,075 - Main.MLEngine - INFO - fire
2021-12-17 12:00:05,102 - Main.MLEngine - INFO - fire
2021-12-17 12:00:05,128 - Main.MLEngine - INFO - fire
2021-12-17 12:00:05,154 - Main.MLEngine - INFO - fire
2021-12-17 12:00:05,179 - Main.MLEngine - INFO - fire
2021-12-17 12:00:05,206 - Main.MLEngine - INFO - fire
2021-12-17 12:00:05,231 - Main.MLEngine - INFO - fire
2021-12-17 12:00:05,256 - Main.MLEngine - INFO - fire
2021-12-17 12:00:05,282 - Main.MLEngine - INFO - fire
2021-12-17 12:00:05,307 - Main.MLEngine - INFO - fire
2021-12-17 12:00:05,332 - Main.MLEngine - INFO - fire
2021-12-17 12:00:05,358 - Main.MLEngine - INFO - fire
2021-12-17 12:00:05,412 - Main.MLEngine - INFO - fire
2021-12-17 12:00:05,440 - Main.MLEngine - INFO - fire
2021-12-17 12:00:05,466 - Main.MLEngine - INFO - fire
2021-12-17 12:00:05,490 - Main.MLEngine - INFO - fire
2021-12-17 12:00:05,517 - Main.MLEngine - INFO - fire
2021-12-17 12:00:05,567 - Main.MLEngine - INFO - fire
2021-12-17 12:00:05,593 - Main.MLEngine - INFO - fire
2021-12-17 12:00:05,619 - Main.MLEngine - INFO - fire
2021-12-17 12:00:05,644 - Main.MLEngine - INFO - fire
2021-12-17 12:00:05,671 - Main.MLEngine - INFO - fire
2021-12-17 12:00:05,697 - Main.MLEngine - INFO - fire
2021-12-17 12:00:05,722 - Main.MLEngine - INFO - fire
2021-12-17 12:00:05,747 - Main.MLEngine - INFO - fire
2021-12-17 12:00:05,772 - Main.MLEngine - INFO - fire
2021-12-17 12:00:05,804 - Main.MLEngine - INFO - fire
2021-12-17 12:00:05,855 - Main.MLEngine - INFO - fire
2021-12-17 12:00:05,886 - Main.MLEngine - INFO - fire
2021-12-17 12:00:05,922 - Main.MLEngine - INFO - fire
2021-12-17 12:00:05,955 - Main.MLEngine - INFO - fire
2021-12-17 12:00:05,985 - Main.MLEngine - INFO - fire
2021-12-17 12:00:06,013 - Main.MLEngine - INFO - fire
2021-12-17 12:00:06,097 - Main.MLEngine - INFO - fire
2021-12-17 12:00:06,127 - Main.MLEngine - INFO - fire
2021-12-17 12:00:06,159 - Main.MLEngine - INFO - fire
2021-12-17 12:00:06,185 - Main.MLEngine - INFO - fire
2021-12-17 12:00:06,340 - Main.MLEngine - INFO - fire
2021-12-17 12:00:06,415 - Main.MLEngine - INFO - fire
2021-12-17 12:00:06,442 - Main.MLEngine - INFO - fire
2021-12-17 12:00:06,468 - Main.MLEngine - INFO - fire
2021-12-17 12:00:06,495 - Main.MLEngine - INFO - fire
2021-12-17 12:00:06,614 - Main.MLEngine - INFO - fire
2021-12-17 12:00:06,700 - Main.MLEngine - INFO - fire
2021-12-17 12:00:06,745 - Main.MLEngine - INFO - fire
2021-12-17 12:00:06,785 - Main.MLEngine - INFO - fire
2021-12-17 12:00:06,817 - Main.MLEngine - INFO - fire
2021-12-17 12:00:06,852 - Main.MLEngine - INFO - fire
2021-12-17 12:00:06,881 - Main.MLEngine - INFO - fire
2021-12-17 12:00:06,909 - Main.MLEngine - INFO - fire
2021-12-17 12:00:06,939 - Main.MLEngine - INFO - fire
2021-12-17 12:00:06,968 - Main.MLEngine - INFO - fire
2021-12-17 12:00:06,997 - Main.MLEngine - INFO - fire
2021-12-17 12:00:07,024 - Main.MLEngine - INFO - fire
2021-12-17 12:00:07,051 - Main.MLEngine - INFO - fire
2021-12-17 12:00:07,079 - Main.MLEngine - INFO - fire
2021-12-17 12:00:07,105 - Main.MLEngine - INFO - fire
2021-12-17 12:00:07,134 - Main.MLEngine - INFO - fire
2021-12-17 12:00:07,162 - Main.MLEngine - INFO - fire
2021-12-17 12:00:07,189 - Main.MLEngine - INFO - fire
2021-12-17 12:00:07,222 - Main.MLEngine - INFO - fire
2021-12-17 12:00:07,249 - Main.MLEngine - INFO - fire
2021-12-17 12:00:07,278 - Main.MLEngine - INFO - fire
2021-12-17 12:00:07,310 - Main.MLEngine - INFO - fire
2021-12-17 12:00:07,340 - Main.MLEngine - INFO - fire
2021-12-17 12:00:07,369 - Main.MLEngine - INFO - fire
2021-12-17 12:00:07,395 - Main.MLEngine - INFO - fire
2021-12-17 12:00:07,422 - Main.MLEngine - INFO - fire
2021-12-17 12:00:07,449 - Main.MLEngine - INFO - fire
2021-12-17 12:00:07,475 - Main.MLEngine - INFO - fire
2021-12-17 12:00:07,502 - Main.MLEngine - INFO - fire
2021-12-17 12:00:07,529 - Main.MLEngine - INFO - fire
2021-12-17 12:00:07,556 - Main.MLEngine - INFO - fire
2021-12-17 12:00:07,636 - Main.MLEngine - INFO - fire
2021-12-17 12:00:07,663 - Main.MLEngine - INFO - fire
2021-12-17 12:00:07,690 - Main.MLEngine - INFO - fire
2021-12-17 12:00:07,718 - Main.MLEngine - INFO - fire
2021-12-17 12:00:07,746 - Main.MLEngine - INFO - fire
2021-12-17 12:00:07,775 - Main.MLEngine - INFO - fire
2021-12-17 12:00:07,802 - Main.MLEngine - INFO - fire
2021-12-17 12:00:07,828 - Main.MLEngine - INFO - fire
2021-12-17 12:00:07,854 - Main.MLEngine - INFO - fire
2021-12-17 12:00:07,879 - Main.MLEngine - INFO - fire
2021-12-17 12:00:07,905 - Main.MLEngine - INFO - fire
2021-12-17 12:00:07,932 - Main.MLEngine - INFO - fire
2021-12-17 12:00:07,960 - Main.MLEngine - INFO - fire
2021-12-17 12:00:07,986 - Main.MLEngine - INFO - fire
2021-12-17 12:00:08,011 - Main.MLEngine - INFO - fire
2021-12-17 12:00:08,038 - Main.MLEngine - INFO - fire
2021-12-17 12:00:08,063 - Main.MLEngine - INFO - fire
2021-12-17 12:00:08,089 - Main.MLEngine - INFO - fire
2021-12-17 12:00:08,117 - Main.MLEngine - INFO - fire
2021-12-17 12:00:08,144 - Main.MLEngine - INFO - fire
2021-12-17 12:00:08,169 - Main.MLEngine - INFO - fire
2021-12-17 12:00:08,195 - Main.MLEngine - INFO - fire
2021-12-17 12:00:08,221 - Main.MLEngine - INFO - fire
2021-12-17 12:00:08,247 - Main.MLEngine - INFO - fire
2021-12-17 12:00:08,274 - Main.MLEngine - INFO - fire
2021-12-17 12:00:08,300 - Main.MLEngine - INFO - fire
2021-12-17 12:00:08,327 - Main.MLEngine - INFO - fire
2021-12-17 12:00:08,352 - Main.MLEngine - INFO - fire
2021-12-17 12:00:08,377 - Main.MLEngine - INFO - fire
2021-12-17 12:00:08,404 - Main.MLEngine - INFO - fire
2021-12-17 12:00:08,431 - Main.MLEngine - INFO - fire
2021-12-17 12:00:08,458 - Main.MLEngine - INFO - fire
2021-12-17 12:00:08,485 - Main.MLEngine - INFO - fire
2021-12-17 12:00:08,510 - Main.MLEngine - INFO - fire
2021-12-17 12:00:08,537 - Main.MLEngine - INFO - fire
2021-12-17 12:00:08,564 - Main.MLEngine - INFO - fire
2021-12-17 12:00:08,591 - Main.MLEngine - INFO - fire
2021-12-17 12:00:08,618 - Main.MLEngine - INFO - fire
2021-12-17 12:00:08,644 - Main.MLEngine - INFO - fire
2021-12-17 12:00:08,671 - Main.MLEngine - INFO - fire
2021-12-17 12:00:08,696 - Main.MLEngine - INFO - fire
2021-12-17 12:00:08,722 - Main.MLEngine - INFO - fire
2021-12-17 12:00:08,748 - Main.MLEngine - INFO - fire
2021-12-17 12:00:08,773 - Main.MLEngine - INFO - fire
2021-12-17 12:00:08,800 - Main.MLEngine - INFO - fire
2021-12-17 12:00:08,827 - Main.MLEngine - INFO - fire
2021-12-17 12:00:08,852 - Main.MLEngine - INFO - fire
2021-12-17 12:00:08,880 - Main.MLEngine - INFO - fire
2021-12-17 12:00:08,907 - Main.MLEngine - INFO - fire
2021-12-17 12:00:08,933 - Main.MLEngine - INFO - fire
2021-12-17 12:00:08,959 - Main.MLEngine - INFO - fire
2021-12-17 12:00:08,986 - Main.MLEngine - INFO - fire
2021-12-17 12:00:09,013 - Main.MLEngine - INFO - fire
2021-12-17 12:00:09,039 - Main.MLEngine - INFO - fire
2021-12-17 12:00:09,065 - Main.MLEngine - INFO - fire
2021-12-17 12:00:09,092 - Main.MLEngine - INFO - fire
2021-12-17 12:00:09,120 - Main.MLEngine - INFO - fire
2021-12-17 12:00:09,145 - Main.MLEngine - INFO - fire
2021-12-17 12:00:09,172 - Main.MLEngine - INFO - fire
2021-12-17 12:00:09,199 - Main.MLEngine - INFO - fire
2021-12-17 12:00:09,225 - Main.MLEngine - INFO - fire
2021-12-17 12:00:09,250 - Main.MLEngine - INFO - fire
2021-12-17 12:00:09,277 - Main.MLEngine - INFO - fire
2021-12-17 12:00:09,304 - Main.MLEngine - INFO - fire
2021-12-17 12:00:09,330 - Main.MLEngine - INFO - fire
2021-12-17 12:00:09,356 - Main.MLEngine - INFO - fire
2021-12-17 12:00:09,383 - Main.MLEngine - INFO - fire
2021-12-17 12:00:09,409 - Main.MLEngine - INFO - fire
2021-12-17 12:00:09,434 - Main.MLEngine - INFO - fire
2021-12-17 12:00:09,462 - Main.MLEngine - INFO - fire
2021-12-17 12:00:09,488 - Main.MLEngine - INFO - fire
2021-12-17 12:00:09,515 - Main.MLEngine - INFO - fire
2021-12-17 12:00:09,543 - Main.MLEngine - INFO - fire
2021-12-17 12:00:09,570 - Main.MLEngine - INFO - fire
2021-12-17 12:00:09,596 - Main.MLEngine - INFO - fire
2021-12-17 12:00:09,622 - Main.MLEngine - INFO - fire
2021-12-17 12:00:09,650 - Main.MLEngine - INFO - fire
2021-12-17 12:00:09,677 - Main.MLEngine - INFO - fire
2021-12-17 12:00:09,708 - Main.MLEngine - INFO - fire
2021-12-17 12:00:09,734 - Main.MLEngine - INFO - fire
2021-12-17 12:00:09,760 - Main.MLEngine - INFO - fire
2021-12-17 12:00:09,787 - Main.MLEngine - INFO - fire
2021-12-17 12:00:09,813 - Main.MLEngine - INFO - fire
2021-12-17 12:00:09,840 - Main.MLEngine - INFO - fire
2021-12-17 12:00:09,867 - Main.MLEngine - INFO - fire
2021-12-17 12:00:09,894 - Main.MLEngine - INFO - fire
2021-12-17 12:00:09,921 - Main.MLEngine - INFO - fire
2021-12-17 12:00:09,948 - Main.MLEngine - INFO - fire
2021-12-17 12:00:09,977 - Main.MLEngine - INFO - fire
2021-12-17 12:00:10,011 - Main.MLEngine - INFO - fire
2021-12-17 12:00:10,041 - Main.MLEngine - INFO - fire
2021-12-17 12:00:10,070 - Main.MLEngine - INFO - fire
2021-12-17 12:00:10,103 - Main.MLEngine - INFO - fire
2021-12-17 12:00:10,134 - Main.MLEngine - INFO - fire
2021-12-17 12:00:10,166 - Main.MLEngine - INFO - fire
2021-12-17 12:00:10,198 - Main.MLEngine - INFO - fire
2021-12-17 12:00:10,230 - Main.MLEngine - INFO - fire
2021-12-17 12:00:10,260 - Main.MLEngine - INFO - fire
2021-12-17 12:00:10,293 - Main.MLEngine - INFO - fire
2021-12-17 12:00:10,322 - Main.MLEngine - INFO - fire
2021-12-17 12:00:10,350 - Main.MLEngine - INFO - fire
2021-12-17 12:00:10,376 - Main.MLEngine - INFO - fire
2021-12-17 12:00:10,404 - Main.MLEngine - INFO - fire
2021-12-17 12:00:10,434 - Main.MLEngine - INFO - fire
2021-12-17 12:00:10,462 - Main.MLEngine - INFO - fire
2021-12-17 12:00:10,489 - Main.MLEngine - INFO - fire
2021-12-17 12:00:10,515 - Main.MLEngine - INFO - fire
2021-12-17 12:00:10,542 - Main.MLEngine - INFO - fire
2021-12-17 12:00:10,568 - Main.MLEngine - INFO - fire
2021-12-17 12:00:10,597 - Main.MLEngine - INFO - fire
2021-12-17 12:00:10,624 - Main.MLEngine - INFO - fire
2021-12-17 12:00:10,652 - Main.MLEngine - INFO - fire
2021-12-17 12:00:10,678 - Main.MLEngine - INFO - fire
2021-12-17 12:00:10,706 - Main.MLEngine - INFO - fire
2021-12-17 12:00:10,733 - Main.MLEngine - INFO - fire
2021-12-17 12:00:10,760 - Main.MLEngine - INFO - fire
2021-12-17 12:00:10,786 - Main.MLEngine - INFO - fire
2021-12-17 12:00:10,814 - Main.MLEngine - INFO - fire
2021-12-17 12:00:10,840 - Main.MLEngine - INFO - fire
2021-12-17 12:00:10,867 - Main.MLEngine - INFO - fire
2021-12-17 12:00:10,895 - Main.MLEngine - INFO - fire
2021-12-17 12:00:10,922 - Main.MLEngine - INFO - fire
2021-12-17 12:00:10,948 - Main.MLEngine - INFO - fire
2021-12-17 12:00:10,974 - Main.MLEngine - INFO - fire
2021-12-17 12:00:11,001 - Main.MLEngine - INFO - fire
2021-12-17 12:00:11,028 - Main.MLEngine - INFO - fire
2021-12-17 12:00:11,056 - Main.MLEngine - INFO - fire
2021-12-17 12:00:11,081 - Main.MLEngine - INFO - fire
2021-12-17 12:00:11,108 - Main.MLEngine - INFO - fire
2021-12-17 12:00:11,136 - Main.MLEngine - INFO - fire
2021-12-17 12:00:11,161 - Main.MLEngine - INFO - fire
